[2023-05-09T13:55:37.293+0000][0.013s] Using G1
[2023-05-09T13:55:37.575+0000][0.295s] Version: 17.0.7+7 (release)
[2023-05-09T13:55:37.577+0000][0.297s] CPUs: 4 total, 4 available
[2023-05-09T13:55:37.577+0000][0.297s] Memory: 3933M
[2023-05-09T13:55:37.578+0000][0.298s] Large Page Support: Disabled
[2023-05-09T13:55:37.578+0000][0.298s] NUMA Support: Disabled
[2023-05-09T13:55:37.579+0000][0.299s] Compressed Oops: Enabled (32-bit)
[2023-05-09T13:55:37.579+0000][0.299s] Heap Region Size: 1M
[2023-05-09T13:55:37.579+0000][0.299s] Heap Min Capacity: 512M
[2023-05-09T13:55:37.580+0000][0.300s] Heap Initial Capacity: 512M
[2023-05-09T13:55:37.580+0000][0.300s] Heap Max Capacity: 512M
[2023-05-09T13:55:37.580+0000][0.300s] Pre-touch: Enabled
[2023-05-09T13:55:37.581+0000][0.301s] Parallel Workers: 4
[2023-05-09T13:55:37.581+0000][0.301s] Concurrent Workers: 1
[2023-05-09T13:55:37.581+0000][0.301s] Concurrent Refinement Workers: 4
[2023-05-09T13:55:37.582+0000][0.302s] Periodic GC: Disabled
[2023-05-09T13:55:37.582+0000][0.302s] CDS archive(s) mapped at: [0x0000000800000000-0x0000000800a7b000-0x0000000800a7b000), size 10989568, SharedBaseAddress: 0x0000000800000000, ArchiveRelocationMode: 0.
[2023-05-09T13:55:37.583+0000][0.302s] Compressed class space mapped at: 0x0000000801000000-0x0000000841000000, reserved size: 1073741824
[2023-05-09T13:55:37.583+0000][0.303s] Narrow klass base: 0x0000000800000000, Narrow klass shift: 0, Narrow klass range: 0x100000000
[2023-05-09T13:55:37.938+0000][0.658s] GC(0) Pause Young (Normal) (G1 Evacuation Pause)
[2023-05-09T13:55:37.938+0000][0.658s] GC(0) Using 4 workers of 4 for evacuation
[2023-05-09T13:55:37.941+0000][0.661s] GC(0)   Pre Evacuate Collection Set: 0.1ms
[2023-05-09T13:55:37.942+0000][0.662s] GC(0)   Merge Heap Roots: 0.1ms
[2023-05-09T13:55:37.942+0000][0.662s] GC(0)   Evacuate Collection Set: 1.7ms
[2023-05-09T13:55:37.942+0000][0.662s] GC(0)   Post Evacuate Collection Set: 0.4ms
[2023-05-09T13:55:37.943+0000][0.663s] GC(0)   Other: 1.1ms
[2023-05-09T13:55:37.943+0000][0.663s] GC(0) Eden regions: 25->0(36)
[2023-05-09T13:55:37.943+0000][0.663s] GC(0) Survivor regions: 0->4(4)
[2023-05-09T13:55:37.944+0000][0.664s] GC(0) Old regions: 0->0
[2023-05-09T13:55:37.944+0000][0.664s] GC(0) Archive regions: 2->2
[2023-05-09T13:55:37.944+0000][0.664s] GC(0) Humongous regions: 0->0
[2023-05-09T13:55:37.945+0000][0.665s] GC(0) Metaspace: 9168K(9408K)->9168K(9408K) NonClass: 8049K(8192K)->8049K(8192K) Class: 1119K(1216K)->1119K(1216K)
[2023-05-09T13:55:37.945+0000][0.665s] GC(0) Pause Young (Normal) (G1 Evacuation Pause) 25M->4M(512M) 7.400ms
[2023-05-09T13:55:37.945+0000][0.665s] GC(0) User=0.01s Sys=0.00s Real=0.01s
[2023-05-09T13:55:38.231+0000][0.951s] GC(1) Pause Young (Normal) (G1 Evacuation Pause)
[2023-05-09T13:55:38.231+0000][0.951s] GC(1) Using 4 workers of 4 for evacuation
[2023-05-09T13:55:38.242+0000][0.962s] GC(1)   Pre Evacuate Collection Set: 0.1ms
[2023-05-09T13:55:38.243+0000][0.962s] GC(1)   Merge Heap Roots: 0.0ms
[2023-05-09T13:55:38.243+0000][0.963s] GC(1)   Evacuate Collection Set: 9.6ms
[2023-05-09T13:55:38.243+0000][0.963s] GC(1)   Post Evacuate Collection Set: 0.5ms
[2023-05-09T13:55:38.244+0000][0.964s] GC(1)   Other: 1.2ms
[2023-05-09T13:55:38.244+0000][0.964s] GC(1) Eden regions: 36->0(39)
[2023-05-09T13:55:38.244+0000][0.964s] GC(1) Survivor regions: 4->5(5)
[2023-05-09T13:55:38.245+0000][0.965s] GC(1) Old regions: 0->9
[2023-05-09T13:55:38.245+0000][0.965s] GC(1) Archive regions: 2->2
[2023-05-09T13:55:38.245+0000][0.965s] GC(1) Humongous regions: 4->4
[2023-05-09T13:55:38.246+0000][0.966s] GC(1) Metaspace: 17575K(17856K)->17575K(17856K) NonClass: 15415K(15552K)->15415K(15552K) Class: 2160K(2304K)->2160K(2304K)
[2023-05-09T13:55:38.246+0000][0.966s] GC(1) Pause Young (Normal) (G1 Evacuation Pause) 44M->18M(512M) 15.249ms
[2023-05-09T13:55:38.246+0000][0.966s] GC(1) User=0.02s Sys=0.00s Real=0.02s
[2023-05-09T13:55:38.428+0000][1.148s] GC(2) Pause Young (Normal) (G1 Evacuation Pause)
[2023-05-09T13:55:38.429+0000][1.149s] GC(2) Using 4 workers of 4 for evacuation
[2023-05-09T13:55:38.437+0000][1.157s] GC(2)   Pre Evacuate Collection Set: 0.1ms
[2023-05-09T13:55:38.438+0000][1.158s] GC(2)   Merge Heap Roots: 0.1ms
[2023-05-09T13:55:38.438+0000][1.158s] GC(2)   Evacuate Collection Set: 7.0ms
[2023-05-09T13:55:38.438+0000][1.158s] GC(2)   Post Evacuate Collection Set: 0.2ms
[2023-05-09T13:55:38.439+0000][1.159s] GC(2)   Other: 1.5ms
[2023-05-09T13:55:38.439+0000][1.159s] GC(2) Eden regions: 39->0(302)
[2023-05-09T13:55:38.439+0000][1.159s] GC(2) Survivor regions: 5->5(6)
[2023-05-09T13:55:38.440+0000][1.160s] GC(2) Old regions: 9->14
[2023-05-09T13:55:38.440+0000][1.160s] GC(2) Archive regions: 2->2
[2023-05-09T13:55:38.440+0000][1.160s] GC(2) Humongous regions: 4->4
[2023-05-09T13:55:38.441+0000][1.160s] GC(2) Metaspace: 19611K(19968K)->19611K(19968K) NonClass: 17246K(17408K)->17246K(17408K) Class: 2365K(2560K)->2365K(2560K)
[2023-05-09T13:55:38.441+0000][1.161s] GC(2) Pause Young (Normal) (G1 Evacuation Pause) 57M->22M(512M) 12.689ms
[2023-05-09T13:55:38.441+0000][1.161s] GC(2) User=0.03s Sys=0.01s Real=0.01s
[2023-05-09T13:55:38.499+0000][1.219s] GC(3) Pause Young (Concurrent Start) (Metadata GC Threshold)
[2023-05-09T13:55:38.500+0000][1.220s] GC(3) Using 4 workers of 4 for evacuation
[2023-05-09T13:55:38.502+0000][1.222s] GC(3)   Pre Evacuate Collection Set: 0.1ms
[2023-05-09T13:55:38.503+0000][1.223s] GC(3)   Merge Heap Roots: 0.0ms
[2023-05-09T13:55:38.503+0000][1.223s] GC(3)   Evacuate Collection Set: 1.6ms
[2023-05-09T13:55:38.504+0000][1.224s] GC(3)   Post Evacuate Collection Set: 0.4ms
[2023-05-09T13:55:38.504+0000][1.224s] GC(3)   Other: 1.2ms
[2023-05-09T13:55:38.504+0000][1.224s] GC(3) Eden regions: 12->0(301)
[2023-05-09T13:55:38.505+0000][1.225s] GC(3) Survivor regions: 5->6(39)
[2023-05-09T13:55:38.505+0000][1.225s] GC(3) Old regions: 14->14
[2023-05-09T13:55:38.505+0000][1.225s] GC(3) Archive regions: 2->2
[2023-05-09T13:55:38.506+0000][1.226s] GC(3) Humongous regions: 5->4
[2023-05-09T13:55:38.506+0000][1.226s] GC(3) Metaspace: 21149K(21504K)->21149K(21504K) NonClass: 18590K(18752K)->18590K(18752K) Class: 2558K(2752K)->2558K(2752K)
[2023-05-09T13:55:38.506+0000][1.226s] GC(3) Pause Young (Concurrent Start) (Metadata GC Threshold) 35M->24M(512M) 7.161ms
[2023-05-09T13:55:38.507+0000][1.227s] GC(3) User=0.01s Sys=0.00s Real=0.01s
[2023-05-09T13:55:38.507+0000][1.227s] GC(4) Concurrent Mark Cycle
[2023-05-09T13:55:38.507+0000][1.227s] GC(4) Concurrent Clear Claimed Marks
[2023-05-09T13:55:38.508+0000][1.228s] GC(4) Concurrent Clear Claimed Marks 0.446ms
[2023-05-09T13:55:38.508+0000][1.228s] GC(4) Concurrent Scan Root Regions
[2023-05-09T13:55:38.509+0000][1.229s] GC(4) Concurrent Scan Root Regions 1.145ms
[2023-05-09T13:55:38.510+0000][1.230s] GC(4) Concurrent Mark
[2023-05-09T13:55:38.510+0000][1.230s] GC(4) Concurrent Mark From Roots
[2023-05-09T13:55:38.511+0000][1.231s] GC(4) Using 1 workers of 1 for marking
[2023-05-09T13:55:38.523+0000][1.242s] GC(4) Concurrent Mark From Roots 12.210ms
[2023-05-09T13:55:38.523+0000][1.243s] GC(4) Concurrent Preclean
[2023-05-09T13:55:38.524+0000][1.244s] GC(4) Concurrent Preclean 0.529ms
[2023-05-09T13:55:38.524+0000][1.244s] GC(4) Pause Remark
[2023-05-09T13:55:38.526+0000][1.246s] GC(4) Pause Remark 26M->26M(512M) 1.687ms
[2023-05-09T13:55:38.526+0000][1.246s] GC(4) User=0.01s Sys=0.00s Real=0.00s
[2023-05-09T13:55:38.527+0000][1.246s] GC(4) Concurrent Mark 16.553ms
[2023-05-09T13:55:38.527+0000][1.247s] GC(4) Concurrent Rebuild Remembered Sets
[2023-05-09T13:55:38.535+0000][1.254s] GC(4) Concurrent Rebuild Remembered Sets 7.646ms
[2023-05-09T13:55:38.536+0000][1.255s] GC(4) Pause Cleanup
[2023-05-09T13:55:38.536+0000][1.256s] GC(4) Pause Cleanup 27M->27M(512M) 0.487ms
[2023-05-09T13:55:38.536+0000][1.256s] GC(4) User=0.00s Sys=0.00s Real=0.00s
[2023-05-09T13:55:38.537+0000][1.257s] GC(4) Concurrent Cleanup for Next Mark
[2023-05-09T13:55:38.538+0000][1.258s] GC(4) Concurrent Cleanup for Next Mark 1.028ms
[2023-05-09T13:55:38.538+0000][1.258s] GC(4) Concurrent Mark Cycle 31.223ms
[2023-05-09T13:55:39.237+0000][1.957s] GC(5) Pause Young (Concurrent Start) (Metadata GC Threshold)
[2023-05-09T13:55:39.237+0000][1.957s] GC(5) Using 4 workers of 4 for evacuation
[2023-05-09T13:55:39.242+0000][1.961s] GC(5)   Pre Evacuate Collection Set: 0.1ms
[2023-05-09T13:55:39.242+0000][1.962s] GC(5)   Merge Heap Roots: 0.1ms
[2023-05-09T13:55:39.243+0000][1.962s] GC(5)   Evacuate Collection Set: 3.0ms
[2023-05-09T13:55:39.243+0000][1.963s] GC(5)   Post Evacuate Collection Set: 0.5ms
[2023-05-09T13:55:39.243+0000][1.963s] GC(5)   Other: 1.3ms
[2023-05-09T13:55:39.244+0000][1.964s] GC(5) Eden regions: 110->0(295)
[2023-05-09T13:55:39.244+0000][1.964s] GC(5) Survivor regions: 6->12(39)
[2023-05-09T13:55:39.244+0000][1.964s] GC(5) Old regions: 14->14
[2023-05-09T13:55:39.245+0000][1.965s] GC(5) Archive regions: 2->2
[2023-05-09T13:55:39.245+0000][1.965s] GC(5) Humongous regions: 4->4
[2023-05-09T13:55:39.245+0000][1.965s] GC(5) Metaspace: 35790K(36160K)->35790K(36160K) NonClass: 31364K(31552K)->31364K(31552K) Class: 4425K(4608K)->4425K(4608K)
[2023-05-09T13:55:39.246+0000][1.966s] GC(5) Pause Young (Concurrent Start) (Metadata GC Threshold) 133M->30M(512M) 8.971ms
[2023-05-09T13:55:39.246+0000][1.966s] GC(5) User=0.01s Sys=0.00s Real=0.01s
[2023-05-09T13:55:39.246+0000][1.966s] GC(6) Concurrent Mark Cycle
[2023-05-09T13:55:39.247+0000][1.967s] GC(6) Concurrent Clear Claimed Marks
[2023-05-09T13:55:39.247+0000][1.967s] GC(6) Concurrent Clear Claimed Marks 0.475ms
[2023-05-09T13:55:39.247+0000][1.967s] GC(6) Concurrent Scan Root Regions
[2023-05-09T13:55:39.251+0000][1.971s] GC(6) Concurrent Scan Root Regions 3.445ms
[2023-05-09T13:55:39.252+0000][1.972s] GC(6) Concurrent Mark
[2023-05-09T13:55:39.252+0000][1.972s] GC(6) Concurrent Mark From Roots
[2023-05-09T13:55:39.253+0000][1.973s] GC(6) Using 1 workers of 1 for marking
[2023-05-09T13:55:39.265+0000][1.985s] GC(6) Concurrent Mark From Roots 12.676ms
[2023-05-09T13:55:39.265+0000][1.985s] GC(6) Concurrent Preclean
[2023-05-09T13:55:39.266+0000][1.986s] GC(6) Concurrent Preclean 0.408ms
[2023-05-09T13:55:39.266+0000][1.986s] GC(6) Pause Remark
[2023-05-09T13:55:39.269+0000][1.989s] GC(6) Pause Remark 33M->33M(512M) 2.627ms
[2023-05-09T13:55:39.269+0000][1.989s] GC(6) User=0.01s Sys=0.00s Real=0.00s
[2023-05-09T13:55:39.270+0000][1.989s] GC(6) Concurrent Mark 17.885ms
[2023-05-09T13:55:39.270+0000][1.990s] GC(6) Concurrent Rebuild Remembered Sets
[2023-05-09T13:55:39.281+0000][2.001s] GC(6) Concurrent Rebuild Remembered Sets 10.738ms
[2023-05-09T13:55:39.282+0000][2.002s] GC(6) Pause Cleanup
[2023-05-09T13:55:39.282+0000][2.002s] GC(6) Pause Cleanup 34M->34M(512M) 0.458ms
[2023-05-09T13:55:39.283+0000][2.003s] GC(6) User=0.00s Sys=0.00s Real=0.00s
[2023-05-09T13:55:39.283+0000][2.003s] GC(6) Concurrent Cleanup for Next Mark
[2023-05-09T13:55:39.284+0000][2.004s] GC(6) Concurrent Cleanup for Next Mark 0.593ms
[2023-05-09T13:55:39.284+0000][2.004s] GC(6) Concurrent Mark Cycle 37.996ms
[2023-05-09T13:59:07.912+0000][210.633s] Heap
[2023-05-09T13:59:07.913+0000][210.634s]  garbage-first heap   total 524288K, used 197648K [0x00000000e0000000, 0x0000000100000000)
[2023-05-09T13:59:07.913+0000][210.634s]   region size 1024K, 176 young (180224K), 12 survivors (12288K)
[2023-05-09T13:59:07.914+0000][210.635s]  Metaspace       used 54386K, committed 54912K, reserved 1114112K
[2023-05-09T13:59:07.914+0000][210.635s]   class space    used 6987K, committed 7232K, reserved 1048576K
