[2023-05-09T13:33:06.441+0000][0.009s] Using G1
[2023-05-09T13:33:06.546+0000][0.114s] Version: 17.0.7+7 (release)
[2023-05-09T13:33:06.547+0000][0.115s] CPUs: 4 total, 4 available
[2023-05-09T13:33:06.547+0000][0.115s] Memory: 3933M
[2023-05-09T13:33:06.548+0000][0.116s] Large Page Support: Disabled
[2023-05-09T13:33:06.548+0000][0.116s] NUMA Support: Disabled
[2023-05-09T13:33:06.548+0000][0.116s] Compressed Oops: Enabled (32-bit)
[2023-05-09T13:33:06.549+0000][0.117s] Heap Region Size: 1M
[2023-05-09T13:33:06.549+0000][0.117s] Heap Min Capacity: 512M
[2023-05-09T13:33:06.549+0000][0.117s] Heap Initial Capacity: 512M
[2023-05-09T13:33:06.550+0000][0.118s] Heap Max Capacity: 512M
[2023-05-09T13:33:06.550+0000][0.118s] Pre-touch: Enabled
[2023-05-09T13:33:06.550+0000][0.118s] Parallel Workers: 4
[2023-05-09T13:33:06.551+0000][0.118s] Concurrent Workers: 1
[2023-05-09T13:33:06.551+0000][0.119s] Concurrent Refinement Workers: 4
[2023-05-09T13:33:06.551+0000][0.119s] Periodic GC: Disabled
[2023-05-09T13:33:06.552+0000][0.120s] CDS archive(s) mapped at: [0x0000000800000000-0x0000000800a7b000-0x0000000800a7b000), size 10989568, SharedBaseAddress: 0x0000000800000000, ArchiveRelocationMode: 0.
[2023-05-09T13:33:06.552+0000][0.120s] Compressed class space mapped at: 0x0000000801000000-0x0000000841000000, reserved size: 1073741824
[2023-05-09T13:33:06.552+0000][0.120s] Narrow klass base: 0x0000000800000000, Narrow klass shift: 0, Narrow klass range: 0x100000000
[2023-05-09T13:33:06.874+0000][0.441s] GC(0) Pause Young (Normal) (G1 Evacuation Pause)
[2023-05-09T13:33:06.874+0000][0.442s] GC(0) Using 4 workers of 4 for evacuation
[2023-05-09T13:33:06.877+0000][0.445s] GC(0)   Pre Evacuate Collection Set: 0.1ms
[2023-05-09T13:33:06.877+0000][0.445s] GC(0)   Merge Heap Roots: 0.1ms
[2023-05-09T13:33:06.878+0000][0.446s] GC(0)   Evacuate Collection Set: 1.8ms
[2023-05-09T13:33:06.878+0000][0.446s] GC(0)   Post Evacuate Collection Set: 0.3ms
[2023-05-09T13:33:06.878+0000][0.446s] GC(0)   Other: 1.1ms
[2023-05-09T13:33:06.879+0000][0.447s] GC(0) Eden regions: 25->0(36)
[2023-05-09T13:33:06.879+0000][0.447s] GC(0) Survivor regions: 0->4(4)
[2023-05-09T13:33:06.879+0000][0.447s] GC(0) Old regions: 0->0
[2023-05-09T13:33:06.880+0000][0.448s] GC(0) Archive regions: 2->2
[2023-05-09T13:33:06.880+0000][0.448s] GC(0) Humongous regions: 0->0
[2023-05-09T13:33:06.880+0000][0.448s] GC(0) Metaspace: 9171K(9408K)->9171K(9408K) NonClass: 8050K(8192K)->8050K(8192K) Class: 1120K(1216K)->1120K(1216K)
[2023-05-09T13:33:06.881+0000][0.449s] GC(0) Pause Young (Normal) (G1 Evacuation Pause) 25M->4M(512M) 7.233ms
[2023-05-09T13:33:06.881+0000][0.449s] GC(0) User=0.01s Sys=0.01s Real=0.00s
[2023-05-09T13:33:07.176+0000][0.744s] GC(1) Pause Young (Normal) (G1 Evacuation Pause)
[2023-05-09T13:33:07.177+0000][0.745s] GC(1) Using 4 workers of 4 for evacuation
[2023-05-09T13:33:07.186+0000][0.754s] GC(1)   Pre Evacuate Collection Set: 0.1ms
[2023-05-09T13:33:07.187+0000][0.755s] GC(1)   Merge Heap Roots: 0.1ms
[2023-05-09T13:33:07.187+0000][0.755s] GC(1)   Evacuate Collection Set: 8.8ms
[2023-05-09T13:33:07.188+0000][0.756s] GC(1)   Post Evacuate Collection Set: 0.4ms
[2023-05-09T13:33:07.188+0000][0.756s] GC(1)   Other: 1.0ms
[2023-05-09T13:33:07.188+0000][0.756s] GC(1) Eden regions: 36->0(39)
[2023-05-09T13:33:07.189+0000][0.757s] GC(1) Survivor regions: 4->5(5)
[2023-05-09T13:33:07.190+0000][0.758s] GC(1) Old regions: 0->10
[2023-05-09T13:33:07.190+0000][0.758s] GC(1) Archive regions: 2->2
[2023-05-09T13:33:07.190+0000][0.758s] GC(1) Humongous regions: 4->4
[2023-05-09T13:33:07.191+0000][0.759s] GC(1) Metaspace: 17517K(17792K)->17517K(17792K) NonClass: 15361K(15488K)->15361K(15488K) Class: 2156K(2304K)->2156K(2304K)
[2023-05-09T13:33:07.191+0000][0.759s] GC(1) Pause Young (Normal) (G1 Evacuation Pause) 44M->18M(512M) 14.793ms
[2023-05-09T13:33:07.191+0000][0.759s] GC(1) User=0.03s Sys=0.00s Real=0.01s
[2023-05-09T13:33:07.360+0000][0.928s] GC(2) Pause Young (Normal) (G1 Evacuation Pause)
[2023-05-09T13:33:07.361+0000][0.928s] GC(2) Using 4 workers of 4 for evacuation
[2023-05-09T13:33:07.366+0000][0.934s] GC(2)   Pre Evacuate Collection Set: 0.1ms
[2023-05-09T13:33:07.366+0000][0.934s] GC(2)   Merge Heap Roots: 0.0ms
[2023-05-09T13:33:07.367+0000][0.935s] GC(2)   Evacuate Collection Set: 4.1ms
[2023-05-09T13:33:07.367+0000][0.935s] GC(2)   Post Evacuate Collection Set: 0.3ms
[2023-05-09T13:33:07.367+0000][0.935s] GC(2)   Other: 1.4ms
[2023-05-09T13:33:07.368+0000][0.936s] GC(2) Eden regions: 39->0(302)
[2023-05-09T13:33:07.368+0000][0.936s] GC(2) Survivor regions: 5->5(6)
[2023-05-09T13:33:07.368+0000][0.936s] GC(2) Old regions: 10->14
[2023-05-09T13:33:07.369+0000][0.937s] GC(2) Archive regions: 2->2
[2023-05-09T13:33:07.369+0000][0.937s] GC(2) Humongous regions: 4->4
[2023-05-09T13:33:07.369+0000][0.937s] GC(2) Metaspace: 19296K(19648K)->19296K(19648K) NonClass: 16963K(17088K)->16963K(17088K) Class: 2333K(2560K)->2333K(2560K)
[2023-05-09T13:33:07.370+0000][0.938s] GC(2) Pause Young (Normal) (G1 Evacuation Pause) 57M->23M(512M) 9.587ms
[2023-05-09T13:33:07.370+0000][0.938s] GC(2) User=0.01s Sys=0.00s Real=0.01s
[2023-05-09T13:33:07.451+0000][1.019s] GC(3) Pause Young (Concurrent Start) (Metadata GC Threshold)
[2023-05-09T13:33:07.452+0000][1.020s] GC(3) Using 4 workers of 4 for evacuation
[2023-05-09T13:33:07.455+0000][1.023s] GC(3)   Pre Evacuate Collection Set: 0.1ms
[2023-05-09T13:33:07.456+0000][1.024s] GC(3)   Merge Heap Roots: 0.1ms
[2023-05-09T13:33:07.456+0000][1.024s] GC(3)   Evacuate Collection Set: 2.0ms
[2023-05-09T13:33:07.457+0000][1.025s] GC(3)   Post Evacuate Collection Set: 0.5ms
[2023-05-09T13:33:07.457+0000][1.025s] GC(3)   Other: 1.5ms
[2023-05-09T13:33:07.457+0000][1.025s] GC(3) Eden regions: 14->0(301)
[2023-05-09T13:33:07.458+0000][1.026s] GC(3) Survivor regions: 5->6(39)
[2023-05-09T13:33:07.458+0000][1.026s] GC(3) Old regions: 14->14
[2023-05-09T13:33:07.458+0000][1.026s] GC(3) Archive regions: 2->2
[2023-05-09T13:33:07.459+0000][1.027s] GC(3) Humongous regions: 5->4
[2023-05-09T13:33:07.459+0000][1.027s] GC(3) Metaspace: 21222K(21504K)->21222K(21504K) NonClass: 18639K(18752K)->18639K(18752K) Class: 2582K(2752K)->2582K(2752K)
[2023-05-09T13:33:07.460+0000][1.028s] GC(3) Pause Young (Concurrent Start) (Metadata GC Threshold) 38M->24M(512M) 8.618ms
[2023-05-09T13:33:07.460+0000][1.028s] GC(3) User=0.01s Sys=0.00s Real=0.01s
[2023-05-09T13:33:07.461+0000][1.029s] GC(4) Concurrent Mark Cycle
[2023-05-09T13:33:07.461+0000][1.029s] GC(4) Concurrent Clear Claimed Marks
[2023-05-09T13:33:07.462+0000][1.030s] GC(4) Concurrent Clear Claimed Marks 0.479ms
[2023-05-09T13:33:07.463+0000][1.031s] GC(4) Concurrent Scan Root Regions
[2023-05-09T13:33:07.464+0000][1.032s] GC(4) Concurrent Scan Root Regions 1.301ms
[2023-05-09T13:33:07.464+0000][1.032s] GC(4) Concurrent Mark
[2023-05-09T13:33:07.465+0000][1.032s] GC(4) Concurrent Mark From Roots
[2023-05-09T13:33:07.465+0000][1.033s] GC(4) Using 1 workers of 1 for marking
[2023-05-09T13:33:07.478+0000][1.046s] GC(4) Concurrent Mark From Roots 13.523ms
[2023-05-09T13:33:07.479+0000][1.047s] GC(4) Concurrent Preclean
[2023-05-09T13:33:07.479+0000][1.047s] GC(4) Concurrent Preclean 0.561ms
[2023-05-09T13:33:07.480+0000][1.048s] GC(4) Pause Remark
[2023-05-09T13:33:07.482+0000][1.050s] GC(4) Pause Remark 27M->27M(512M) 2.163ms
[2023-05-09T13:33:07.482+0000][1.050s] GC(4) User=0.00s Sys=0.00s Real=0.01s
[2023-05-09T13:33:07.483+0000][1.051s] GC(4) Concurrent Mark 18.603ms
[2023-05-09T13:33:07.483+0000][1.051s] GC(4) Concurrent Rebuild Remembered Sets
[2023-05-09T13:33:07.492+0000][1.059s] GC(4) Concurrent Rebuild Remembered Sets 8.346ms
[2023-05-09T13:33:07.492+0000][1.060s] GC(4) Pause Cleanup
[2023-05-09T13:33:07.493+0000][1.061s] GC(4) Pause Cleanup 29M->29M(512M) 0.444ms
[2023-05-09T13:33:07.493+0000][1.061s] GC(4) User=0.00s Sys=0.00s Real=0.00s
[2023-05-09T13:33:07.493+0000][1.061s] GC(4) Concurrent Cleanup for Next Mark
[2023-05-09T13:33:07.494+0000][1.062s] GC(4) Concurrent Cleanup for Next Mark 0.692ms
[2023-05-09T13:33:07.495+0000][1.062s] GC(4) Concurrent Mark Cycle 33.719ms
[2023-05-09T13:33:08.153+0000][1.721s] GC(5) Pause Young (Prepare Mixed) (Metadata GC Threshold)
[2023-05-09T13:33:08.154+0000][1.722s] GC(5) Using 4 workers of 4 for evacuation
[2023-05-09T13:33:08.159+0000][1.727s] GC(5)   Pre Evacuate Collection Set: 0.1ms
[2023-05-09T13:33:08.159+0000][1.727s] GC(5)   Merge Heap Roots: 0.1ms
[2023-05-09T13:33:08.160+0000][1.728s] GC(5)   Evacuate Collection Set: 3.5ms
[2023-05-09T13:33:08.160+0000][1.728s] GC(5)   Post Evacuate Collection Set: 0.5ms
[2023-05-09T13:33:08.160+0000][1.728s] GC(5)   Other: 1.3ms
[2023-05-09T13:33:08.160+0000][1.728s] GC(5) Eden regions: 91->0(13)
[2023-05-09T13:33:08.161+0000][1.729s] GC(5) Survivor regions: 6->12(39)
[2023-05-09T13:33:08.161+0000][1.729s] GC(5) Old regions: 14->14
[2023-05-09T13:33:08.161+0000][1.729s] GC(5) Archive regions: 2->2
[2023-05-09T13:33:08.162+0000][1.730s] GC(5) Humongous regions: 4->4
[2023-05-09T13:33:08.162+0000][1.730s] GC(5) Metaspace: 36337K(36736K)->36337K(36736K) NonClass: 31831K(32064K)->31831K(32064K) Class: 4505K(4672K)->4505K(4672K)
[2023-05-09T13:33:08.162+0000][1.730s] GC(5) Pause Young (Prepare Mixed) (Metadata GC Threshold) 115M->30M(512M) 9.085ms
[2023-05-09T13:33:08.163+0000][1.731s] GC(5) User=0.02s Sys=0.01s Real=0.01s
[2023-05-09T13:33:08.177+0000][1.745s] GC(6) Pause Young (Mixed) (Metadata GC Threshold)
[2023-05-09T13:33:08.177+0000][1.745s] GC(6) Using 4 workers of 4 for evacuation
[2023-05-09T13:33:08.182+0000][1.750s] GC(6)   Pre Evacuate Collection Set: 0.1ms
[2023-05-09T13:33:08.183+0000][1.751s] GC(6)   Merge Heap Roots: 0.1ms
[2023-05-09T13:33:08.183+0000][1.751s] GC(6)   Evacuate Collection Set: 4.4ms
[2023-05-09T13:33:08.184+0000][1.752s] GC(6)   Post Evacuate Collection Set: 0.4ms
[2023-05-09T13:33:08.184+0000][1.752s] GC(6)   Other: 0.8ms
[2023-05-09T13:33:08.184+0000][1.752s] GC(6) Eden regions: 3->0(306)
[2023-05-09T13:33:08.185+0000][1.752s] GC(6) Survivor regions: 12->1(4)
[2023-05-09T13:33:08.185+0000][1.753s] GC(6) Old regions: 14->25
[2023-05-09T13:33:08.185+0000][1.753s] GC(6) Archive regions: 2->2
[2023-05-09T13:33:08.186+0000][1.754s] GC(6) Humongous regions: 4->4
[2023-05-09T13:33:08.191+0000][1.759s] GC(6) Metaspace: 36711K(37056K)->36711K(37056K) NonClass: 32157K(32320K)->32157K(32320K) Class: 4554K(4736K)->4554K(4736K)
[2023-05-09T13:33:08.191+0000][1.759s] GC(6) Pause Young (Mixed) (Metadata GC Threshold) 32M->30M(512M) 14.574ms
[2023-05-09T13:33:08.192+0000][1.759s] GC(6) User=0.02s Sys=0.00s Real=0.01s
[2023-05-09T13:33:08.198+0000][1.766s] GC(7) Pause Young (Concurrent Start) (Metadata GC Threshold)
[2023-05-09T13:33:08.199+0000][1.767s] GC(7) Using 4 workers of 4 for evacuation
[2023-05-09T13:33:08.201+0000][1.769s] GC(7)   Pre Evacuate Collection Set: 0.1ms
[2023-05-09T13:33:08.201+0000][1.769s] GC(7)   Merge Heap Roots: 0.0ms
[2023-05-09T13:33:08.201+0000][1.769s] GC(7)   Evacuate Collection Set: 0.9ms
[2023-05-09T13:33:08.202+0000][1.770s] GC(7)   Post Evacuate Collection Set: 0.1ms
[2023-05-09T13:33:08.202+0000][1.770s] GC(7)   Other: 1.1ms
[2023-05-09T13:33:08.202+0000][1.770s] GC(7) Eden regions: 3->0(306)
[2023-05-09T13:33:08.203+0000][1.771s] GC(7) Survivor regions: 1->1(39)
[2023-05-09T13:33:08.203+0000][1.771s] GC(7) Old regions: 25->25
[2023-05-09T13:33:08.204+0000][1.772s] GC(7) Archive regions: 2->2
[2023-05-09T13:33:08.204+0000][1.772s] GC(7) Humongous regions: 4->4
[2023-05-09T13:33:08.204+0000][1.772s] GC(7) Metaspace: 37005K(37376K)->37005K(37376K) NonClass: 32421K(32576K)->32421K(32576K) Class: 4584K(4800K)->4584K(4800K)
[2023-05-09T13:33:08.205+0000][1.773s] GC(7) Pause Young (Concurrent Start) (Metadata GC Threshold) 33M->30M(512M) 6.145ms
[2023-05-09T13:33:08.205+0000][1.773s] GC(7) User=0.00s Sys=0.00s Real=0.01s
[2023-05-09T13:33:08.205+0000][1.773s] GC(8) Concurrent Mark Cycle
[2023-05-09T13:33:08.206+0000][1.773s] GC(8) Concurrent Clear Claimed Marks
[2023-05-09T13:33:08.206+0000][1.774s] GC(8) Concurrent Clear Claimed Marks 0.380ms
[2023-05-09T13:33:08.206+0000][1.774s] GC(8) Concurrent Scan Root Regions
[2023-05-09T13:33:08.207+0000][1.775s] GC(8) Concurrent Scan Root Regions 0.885ms
[2023-05-09T13:33:08.208+0000][1.776s] GC(8) Concurrent Mark
[2023-05-09T13:33:08.208+0000][1.776s] GC(8) Concurrent Mark From Roots
[2023-05-09T13:33:08.208+0000][1.776s] GC(8) Using 1 workers of 1 for marking
[2023-05-09T13:33:08.228+0000][1.796s] GC(8) Concurrent Mark From Roots 19.801ms
[2023-05-09T13:33:08.229+0000][1.796s] GC(8) Concurrent Preclean
[2023-05-09T13:33:08.229+0000][1.797s] GC(8) Concurrent Preclean 0.420ms
[2023-05-09T13:33:08.230+0000][1.797s] GC(8) Pause Remark
[2023-05-09T13:33:08.232+0000][1.800s] GC(8) Pause Remark 34M->34M(512M) 2.188ms
[2023-05-09T13:33:08.232+0000][1.800s] GC(8) User=0.00s Sys=0.00s Real=0.00s
[2023-05-09T13:33:08.232+0000][1.800s] GC(8) Concurrent Mark 24.652ms
[2023-05-09T13:33:08.233+0000][1.801s] GC(8) Concurrent Rebuild Remembered Sets
[2023-05-09T13:33:08.233+0000][1.801s] GC(8) Concurrent Rebuild Remembered Sets 0.399ms
[2023-05-09T13:33:08.234+0000][1.802s] GC(8) Pause Cleanup
[2023-05-09T13:33:08.234+0000][1.802s] GC(8) Pause Cleanup 34M->34M(512M) 0.287ms
[2023-05-09T13:33:08.234+0000][1.802s] GC(8) User=0.00s Sys=0.00s Real=0.00s
[2023-05-09T13:33:08.235+0000][1.803s] GC(8) Concurrent Cleanup for Next Mark
[2023-05-09T13:33:08.235+0000][1.803s] GC(8) Concurrent Cleanup for Next Mark 0.557ms
[2023-05-09T13:33:08.235+0000][1.803s] GC(8) Concurrent Mark Cycle 30.265ms
[2023-05-09T13:55:27.394+0000][1340.992s] Heap
[2023-05-09T13:55:27.395+0000][1340.992s]  garbage-first heap   total 524288K, used 326369K [0x00000000e0000000, 0x0000000100000000)
[2023-05-09T13:55:27.395+0000][1340.993s]   region size 1024K, 290 young (296960K), 1 survivors (1024K)
[2023-05-09T13:55:27.396+0000][1340.993s]  Metaspace       used 55934K, committed 56448K, reserved 1114112K
[2023-05-09T13:55:27.396+0000][1340.993s]   class space    used 7157K, committed 7360K, reserved 1048576K
