[2023-05-09T13:59:11.613+0000][0.012s] Using G1
[2023-05-09T13:59:11.694+0000][0.093s] Version: 17.0.7+7 (release)
[2023-05-09T13:59:11.695+0000][0.094s] CPUs: 4 total, 4 available
[2023-05-09T13:59:11.695+0000][0.094s] Memory: 3933M
[2023-05-09T13:59:11.696+0000][0.095s] Large Page Support: Disabled
[2023-05-09T13:59:11.696+0000][0.095s] NUMA Support: Disabled
[2023-05-09T13:59:11.696+0000][0.095s] Compressed Oops: Enabled (32-bit)
[2023-05-09T13:59:11.696+0000][0.096s] Heap Region Size: 1M
[2023-05-09T13:59:11.697+0000][0.096s] Heap Min Capacity: 512M
[2023-05-09T13:59:11.697+0000][0.096s] Heap Initial Capacity: 512M
[2023-05-09T13:59:11.698+0000][0.097s] Heap Max Capacity: 512M
[2023-05-09T13:59:11.698+0000][0.097s] Pre-touch: Enabled
[2023-05-09T13:59:11.698+0000][0.097s] Parallel Workers: 4
[2023-05-09T13:59:11.699+0000][0.098s] Concurrent Workers: 1
[2023-05-09T13:59:11.699+0000][0.098s] Concurrent Refinement Workers: 4
[2023-05-09T13:59:11.699+0000][0.098s] Periodic GC: Disabled
[2023-05-09T13:59:11.700+0000][0.099s] CDS archive(s) mapped at: [0x0000000800000000-0x0000000800a7b000-0x0000000800a7b000), size 10989568, SharedBaseAddress: 0x0000000800000000, ArchiveRelocationMode: 0.
[2023-05-09T13:59:11.700+0000][0.099s] Compressed class space mapped at: 0x0000000801000000-0x0000000841000000, reserved size: 1073741824
[2023-05-09T13:59:11.701+0000][0.100s] Narrow klass base: 0x0000000800000000, Narrow klass shift: 0, Narrow klass range: 0x100000000
[2023-05-09T13:59:11.996+0000][0.395s] GC(0) Pause Young (Normal) (G1 Evacuation Pause)
[2023-05-09T13:59:11.997+0000][0.396s] GC(0) Using 4 workers of 4 for evacuation
[2023-05-09T13:59:11.999+0000][0.398s] GC(0)   Pre Evacuate Collection Set: 0.1ms
[2023-05-09T13:59:12.000+0000][0.399s] GC(0)   Merge Heap Roots: 0.1ms
[2023-05-09T13:59:12.000+0000][0.399s] GC(0)   Evacuate Collection Set: 1.6ms
[2023-05-09T13:59:12.001+0000][0.400s] GC(0)   Post Evacuate Collection Set: 0.3ms
[2023-05-09T13:59:12.001+0000][0.400s] GC(0)   Other: 1.1ms
[2023-05-09T13:59:12.001+0000][0.400s] GC(0) Eden regions: 25->0(36)
[2023-05-09T13:59:12.002+0000][0.401s] GC(0) Survivor regions: 0->4(4)
[2023-05-09T13:59:12.002+0000][0.401s] GC(0) Old regions: 0->0
[2023-05-09T13:59:12.002+0000][0.401s] GC(0) Archive regions: 2->2
[2023-05-09T13:59:12.003+0000][0.402s] GC(0) Humongous regions: 0->0
[2023-05-09T13:59:12.003+0000][0.402s] GC(0) Metaspace: 9165K(9408K)->9165K(9408K) NonClass: 8045K(8192K)->8045K(8192K) Class: 1119K(1216K)->1119K(1216K)
[2023-05-09T13:59:12.003+0000][0.402s] GC(0) Pause Young (Normal) (G1 Evacuation Pause) 25M->4M(512M) 6.971ms
[2023-05-09T13:59:12.003+0000][0.402s] GC(0) User=0.00s Sys=0.00s Real=0.01s
[2023-05-09T13:59:12.266+0000][0.665s] GC(1) Pause Young (Normal) (G1 Evacuation Pause)
[2023-05-09T13:59:12.266+0000][0.666s] GC(1) Using 4 workers of 4 for evacuation
[2023-05-09T13:59:12.273+0000][0.672s] GC(1)   Pre Evacuate Collection Set: 0.1ms
[2023-05-09T13:59:12.274+0000][0.673s] GC(1)   Merge Heap Roots: 0.1ms
[2023-05-09T13:59:12.274+0000][0.673s] GC(1)   Evacuate Collection Set: 5.6ms
[2023-05-09T13:59:12.275+0000][0.674s] GC(1)   Post Evacuate Collection Set: 0.5ms
[2023-05-09T13:59:12.275+0000][0.674s] GC(1)   Other: 1.3ms
[2023-05-09T13:59:12.275+0000][0.674s] GC(1) Eden regions: 36->0(38)
[2023-05-09T13:59:12.275+0000][0.675s] GC(1) Survivor regions: 4->5(5)
[2023-05-09T13:59:12.276+0000][0.675s] GC(1) Old regions: 0->9
[2023-05-09T13:59:12.276+0000][0.675s] GC(1) Archive regions: 2->2
[2023-05-09T13:59:12.276+0000][0.675s] GC(1) Humongous regions: 4->4
[2023-05-09T13:59:12.277+0000][0.676s] GC(1) Metaspace: 17552K(17856K)->17552K(17856K) NonClass: 15393K(15552K)->15393K(15552K) Class: 2159K(2304K)->2159K(2304K)
[2023-05-09T13:59:12.277+0000][0.676s] GC(1) Pause Young (Normal) (G1 Evacuation Pause) 44M->18M(512M) 11.386ms
[2023-05-09T13:59:12.277+0000][0.677s] GC(1) User=0.02s Sys=0.00s Real=0.01s
[2023-05-09T13:59:12.406+0000][0.805s] GC(2) Pause Young (Normal) (G1 Evacuation Pause)
[2023-05-09T13:59:12.407+0000][0.806s] GC(2) Using 4 workers of 4 for evacuation
[2023-05-09T13:59:12.411+0000][0.811s] GC(2)   Pre Evacuate Collection Set: 0.1ms
[2023-05-09T13:59:12.412+0000][0.811s] GC(2)   Merge Heap Roots: 0.0ms
[2023-05-09T13:59:12.412+0000][0.811s] GC(2)   Evacuate Collection Set: 3.4ms
[2023-05-09T13:59:12.413+0000][0.812s] GC(2)   Post Evacuate Collection Set: 0.3ms
[2023-05-09T13:59:12.413+0000][0.812s] GC(2)   Other: 1.3ms
[2023-05-09T13:59:12.413+0000][0.812s] GC(2) Eden regions: 38->0(302)
[2023-05-09T13:59:12.414+0000][0.813s] GC(2) Survivor regions: 5->5(6)
[2023-05-09T13:59:12.414+0000][0.813s] GC(2) Old regions: 9->14
[2023-05-09T13:59:12.414+0000][0.813s] GC(2) Archive regions: 2->2
[2023-05-09T13:59:12.414+0000][0.814s] GC(2) Humongous regions: 4->4
[2023-05-09T13:59:12.415+0000][0.814s] GC(2) Metaspace: 18959K(19264K)->18959K(19264K) NonClass: 16671K(16832K)->16671K(16832K) Class: 2287K(2432K)->2287K(2432K)
[2023-05-09T13:59:12.415+0000][0.814s] GC(2) Pause Young (Normal) (G1 Evacuation Pause) 56M->23M(512M) 8.830ms
[2023-05-09T13:59:12.415+0000][0.815s] GC(2) User=0.02s Sys=0.00s Real=0.01s
[2023-05-09T13:59:12.497+0000][0.896s] GC(3) Pause Young (Concurrent Start) (Metadata GC Threshold)
[2023-05-09T13:59:12.497+0000][0.896s] GC(3) Using 4 workers of 4 for evacuation
[2023-05-09T13:59:12.499+0000][0.899s] GC(3)   Pre Evacuate Collection Set: 0.1ms
[2023-05-09T13:59:12.500+0000][0.899s] GC(3)   Merge Heap Roots: 0.0ms
[2023-05-09T13:59:12.500+0000][0.899s] GC(3)   Evacuate Collection Set: 1.5ms
[2023-05-09T13:59:12.501+0000][0.900s] GC(3)   Post Evacuate Collection Set: 0.3ms
[2023-05-09T13:59:12.501+0000][0.900s] GC(3)   Other: 1.1ms
[2023-05-09T13:59:12.501+0000][0.900s] GC(3) Eden regions: 15->0(301)
[2023-05-09T13:59:12.502+0000][0.901s] GC(3) Survivor regions: 5->6(39)
[2023-05-09T13:59:12.502+0000][0.901s] GC(3) Old regions: 14->14
[2023-05-09T13:59:12.502+0000][0.901s] GC(3) Archive regions: 2->2
[2023-05-09T13:59:12.502+0000][0.902s] GC(3) Humongous regions: 5->4
[2023-05-09T13:59:12.503+0000][0.902s] GC(3) Metaspace: 21213K(21504K)->21213K(21504K) NonClass: 18642K(18752K)->18642K(18752K) Class: 2570K(2752K)->2570K(2752K)
[2023-05-09T13:59:12.503+0000][0.902s] GC(3) Pause Young (Concurrent Start) (Metadata GC Threshold) 38M->24M(512M) 6.672ms
[2023-05-09T13:59:12.504+0000][0.903s] GC(3) User=0.00s Sys=0.00s Real=0.01s
[2023-05-09T13:59:12.504+0000][0.903s] GC(4) Concurrent Mark Cycle
[2023-05-09T13:59:12.504+0000][0.903s] GC(4) Concurrent Clear Claimed Marks
[2023-05-09T13:59:12.505+0000][0.904s] GC(4) Concurrent Clear Claimed Marks 0.432ms
[2023-05-09T13:59:12.505+0000][0.904s] GC(4) Concurrent Scan Root Regions
[2023-05-09T13:59:12.506+0000][0.905s] GC(4) Concurrent Scan Root Regions 1.025ms
[2023-05-09T13:59:12.507+0000][0.906s] GC(4) Concurrent Mark
[2023-05-09T13:59:12.507+0000][0.906s] GC(4) Concurrent Mark From Roots
[2023-05-09T13:59:12.508+0000][0.907s] GC(4) Using 1 workers of 1 for marking
[2023-05-09T13:59:12.519+0000][0.918s] GC(4) Concurrent Mark From Roots 12.390ms
[2023-05-09T13:59:12.520+0000][0.919s] GC(4) Concurrent Preclean
[2023-05-09T13:59:12.521+0000][0.920s] GC(4) Concurrent Preclean 0.501ms
[2023-05-09T13:59:12.521+0000][0.920s] GC(4) Pause Remark
[2023-05-09T13:59:12.523+0000][0.922s] GC(4) Pause Remark 27M->27M(512M) 1.896ms
[2023-05-09T13:59:12.523+0000][0.922s] GC(4) User=0.00s Sys=0.00s Real=0.01s
[2023-05-09T13:59:12.524+0000][0.923s] GC(4) Concurrent Mark 17.013ms
[2023-05-09T13:59:12.524+0000][0.923s] GC(4) Concurrent Rebuild Remembered Sets
[2023-05-09T13:59:12.533+0000][0.933s] GC(4) Concurrent Rebuild Remembered Sets 9.475ms
[2023-05-09T13:59:12.534+0000][0.933s] GC(4) Pause Cleanup
[2023-05-09T13:59:12.535+0000][0.934s] GC(4) Pause Cleanup 28M->28M(512M) 0.461ms
[2023-05-09T13:59:12.535+0000][0.934s] GC(4) User=0.00s Sys=0.00s Real=0.00s
[2023-05-09T13:59:12.535+0000][0.935s] GC(4) Concurrent Cleanup for Next Mark
[2023-05-09T13:59:12.536+0000][0.935s] GC(4) Concurrent Cleanup for Next Mark 0.624ms
[2023-05-09T13:59:12.536+0000][0.935s] GC(4) Concurrent Mark Cycle 32.449ms
[2023-05-09T13:59:13.152+0000][1.551s] GC(5) Pause Young (Prepare Mixed) (Metadata GC Threshold)
[2023-05-09T13:59:13.153+0000][1.552s] GC(5) Using 4 workers of 4 for evacuation
[2023-05-09T13:59:13.158+0000][1.557s] GC(5)   Pre Evacuate Collection Set: 0.1ms
[2023-05-09T13:59:13.159+0000][1.558s] GC(5)   Merge Heap Roots: 0.1ms
[2023-05-09T13:59:13.159+0000][1.558s] GC(5)   Evacuate Collection Set: 3.5ms
[2023-05-09T13:59:13.159+0000][1.558s] GC(5)   Post Evacuate Collection Set: 0.6ms
[2023-05-09T13:59:13.160+0000][1.559s] GC(5)   Other: 1.4ms
[2023-05-09T13:59:13.160+0000][1.559s] GC(5) Eden regions: 89->0(13)
[2023-05-09T13:59:13.160+0000][1.559s] GC(5) Survivor regions: 6->12(39)
[2023-05-09T13:59:13.160+0000][1.559s] GC(5) Old regions: 14->14
[2023-05-09T13:59:13.161+0000][1.560s] GC(5) Archive regions: 2->2
[2023-05-09T13:59:13.161+0000][1.560s] GC(5) Humongous regions: 4->4
[2023-05-09T13:59:13.161+0000][1.560s] GC(5) Metaspace: 36107K(36480K)->36107K(36480K) NonClass: 31630K(31808K)->31630K(31808K) Class: 4476K(4672K)->4476K(4672K)
[2023-05-09T13:59:13.162+0000][1.561s] GC(5) Pause Young (Prepare Mixed) (Metadata GC Threshold) 113M->30M(512M) 9.400ms
[2023-05-09T13:59:13.162+0000][1.561s] GC(5) User=0.01s Sys=0.00s Real=0.01s
[2023-05-09T13:59:13.170+0000][1.569s] GC(6) Pause Young (Mixed) (Metadata GC Threshold)
[2023-05-09T13:59:13.170+0000][1.569s] GC(6) Using 4 workers of 4 for evacuation
[2023-05-09T13:59:13.175+0000][1.574s] GC(6)   Pre Evacuate Collection Set: 0.1ms
[2023-05-09T13:59:13.175+0000][1.574s] GC(6)   Merge Heap Roots: 0.1ms
[2023-05-09T13:59:13.175+0000][1.575s] GC(6)   Evacuate Collection Set: 3.5ms
[2023-05-09T13:59:13.176+0000][1.575s] GC(6)   Post Evacuate Collection Set: 0.3ms
[2023-05-09T13:59:13.176+0000][1.575s] GC(6)   Other: 1.1ms
[2023-05-09T13:59:13.176+0000][1.575s] GC(6) Eden regions: 2->0(306)
[2023-05-09T13:59:13.177+0000][1.576s] GC(6) Survivor regions: 12->1(4)
[2023-05-09T13:59:13.177+0000][1.576s] GC(6) Old regions: 14->25
[2023-05-09T13:59:13.177+0000][1.576s] GC(6) Archive regions: 2->2
[2023-05-09T13:59:13.178+0000][1.577s] GC(6) Humongous regions: 4->4
[2023-05-09T13:59:13.178+0000][1.577s] GC(6) Metaspace: 36425K(36800K)->36425K(36800K) NonClass: 31903K(32064K)->31903K(32064K) Class: 4522K(4736K)->4522K(4736K)
[2023-05-09T13:59:13.178+0000][1.577s] GC(6) Pause Young (Mixed) (Metadata GC Threshold) 32M->30M(512M) 8.697ms
[2023-05-09T13:59:13.179+0000][1.578s] GC(6) User=0.01s Sys=0.00s Real=0.01s
[2023-05-09T13:59:13.189+0000][1.588s] GC(7) Pause Young (Concurrent Start) (Metadata GC Threshold)
[2023-05-09T13:59:13.189+0000][1.588s] GC(7) Using 4 workers of 4 for evacuation
[2023-05-09T13:59:13.191+0000][1.590s] GC(7)   Pre Evacuate Collection Set: 0.1ms
[2023-05-09T13:59:13.191+0000][1.590s] GC(7)   Merge Heap Roots: 0.1ms
[2023-05-09T13:59:13.191+0000][1.590s] GC(7)   Evacuate Collection Set: 0.5ms
[2023-05-09T13:59:13.192+0000][1.591s] GC(7)   Post Evacuate Collection Set: 0.3ms
[2023-05-09T13:59:13.192+0000][1.591s] GC(7)   Other: 0.9ms
[2023-05-09T13:59:13.192+0000][1.591s] GC(7) Eden regions: 2->0(306)
[2023-05-09T13:59:13.193+0000][1.592s] GC(7) Survivor regions: 1->1(39)
[2023-05-09T13:59:13.193+0000][1.592s] GC(7) Old regions: 25->25
[2023-05-09T13:59:13.193+0000][1.592s] GC(7) Archive regions: 2->2
[2023-05-09T13:59:13.194+0000][1.593s] GC(7) Humongous regions: 4->4
[2023-05-09T13:59:13.194+0000][1.593s] GC(7) Metaspace: 36753K(37120K)->36753K(37120K) NonClass: 32194K(32384K)->32194K(32384K) Class: 4559K(4736K)->4559K(4736K)
[2023-05-09T13:59:13.194+0000][1.593s] GC(7) Pause Young (Concurrent Start) (Metadata GC Threshold) 32M->30M(512M) 5.338ms
[2023-05-09T13:59:13.194+0000][1.593s] GC(7) User=0.00s Sys=0.00s Real=0.01s
[2023-05-09T13:59:13.195+0000][1.594s] GC(8) Concurrent Mark Cycle
[2023-05-09T13:59:13.195+0000][1.594s] GC(8) Concurrent Clear Claimed Marks
[2023-05-09T13:59:13.195+0000][1.594s] GC(8) Concurrent Clear Claimed Marks 0.302ms
[2023-05-09T13:59:13.196+0000][1.595s] GC(8) Concurrent Scan Root Regions
[2023-05-09T13:59:13.196+0000][1.596s] GC(8) Concurrent Scan Root Regions 0.798ms
[2023-05-09T13:59:13.197+0000][1.596s] GC(8) Concurrent Mark
[2023-05-09T13:59:13.198+0000][1.597s] GC(8) Concurrent Mark From Roots
[2023-05-09T13:59:13.198+0000][1.597s] GC(8) Using 1 workers of 1 for marking
[2023-05-09T13:59:13.220+0000][1.619s] GC(8) Concurrent Mark From Roots 22.440ms
[2023-05-09T13:59:13.221+0000][1.620s] GC(8) Concurrent Preclean
[2023-05-09T13:59:13.221+0000][1.620s] GC(8) Concurrent Preclean 0.478ms
[2023-05-09T13:59:13.222+0000][1.621s] GC(8) Pause Remark
[2023-05-09T13:59:13.224+0000][1.623s] GC(8) Pause Remark 34M->34M(512M) 2.436ms
[2023-05-09T13:59:13.225+0000][1.624s] GC(8) User=0.00s Sys=0.00s Real=0.00s
[2023-05-09T13:59:13.225+0000][1.624s] GC(8) Concurrent Mark 28.133ms
[2023-05-09T13:59:13.226+0000][1.625s] GC(8) Concurrent Rebuild Remembered Sets
[2023-05-09T13:59:13.251+0000][1.650s] GC(8) Concurrent Rebuild Remembered Sets 25.070ms
[2023-05-09T13:59:13.251+0000][1.650s] GC(8) Pause Cleanup
[2023-05-09T13:59:13.252+0000][1.651s] GC(8) Pause Cleanup 39M->39M(512M) 0.478ms
[2023-05-09T13:59:13.252+0000][1.651s] GC(8) User=0.00s Sys=0.00s Real=0.01s
[2023-05-09T13:59:13.253+0000][1.652s] GC(8) Concurrent Cleanup for Next Mark
[2023-05-09T13:59:13.253+0000][1.652s] GC(8) Concurrent Cleanup for Next Mark 0.538ms
[2023-05-09T13:59:13.253+0000][1.652s] GC(8) Concurrent Mark Cycle 58.733ms
[2023-05-09T15:35:42.001+0000][5790.275s] GC(9) Pause Young (Concurrent Start) (G1 Evacuation Pause)
[2023-05-09T15:35:42.004+0000][5790.278s] GC(9) Using 4 workers of 4 for evacuation
[2023-05-09T15:35:42.066+0000][5790.339s] GC(9)   Pre Evacuate Collection Set: 2.3ms
[2023-05-09T15:35:42.066+0000][5790.340s] GC(9)   Merge Heap Roots: 0.5ms
[2023-05-09T15:35:42.067+0000][5790.341s] GC(9)   Evacuate Collection Set: 54.4ms
[2023-05-09T15:35:42.067+0000][5790.341s] GC(9)   Post Evacuate Collection Set: 1.5ms
[2023-05-09T15:35:42.067+0000][5790.341s] GC(9)   Other: 5.6ms
[2023-05-09T15:35:42.068+0000][5790.342s] GC(9) Eden regions: 306->0(294)
[2023-05-09T15:35:42.068+0000][5790.342s] GC(9) Survivor regions: 1->13(39)
[2023-05-09T15:35:42.069+0000][5790.342s] GC(9) Old regions: 25->25
[2023-05-09T15:35:42.069+0000][5790.343s] GC(9) Archive regions: 2->2
[2023-05-09T15:35:42.069+0000][5790.343s] GC(9) Humongous regions: 4->4
[2023-05-09T15:35:42.070+0000][5790.344s] GC(9) Metaspace: 57010K(57536K)->57010K(57536K) NonClass: 49808K(50112K)->49808K(50112K) Class: 7201K(7424K)->7201K(7424K)
[2023-05-09T15:35:42.070+0000][5790.344s] GC(9) Pause Young (Concurrent Start) (G1 Evacuation Pause) 336M->42M(512M) 68.819ms
[2023-05-09T15:35:42.071+0000][5790.345s] GC(9) User=0.23s Sys=0.00s Real=0.07s
[2023-05-09T15:35:42.072+0000][5790.346s] GC(10) Concurrent Mark Cycle
[2023-05-09T15:35:42.073+0000][5790.347s] GC(10) Concurrent Clear Claimed Marks
[2023-05-09T15:35:42.074+0000][5790.348s] GC(10) Concurrent Clear Claimed Marks 0.998ms
[2023-05-09T15:35:42.077+0000][5790.351s] GC(10) Concurrent Scan Root Regions
[2023-05-09T15:35:42.094+0000][5790.368s] GC(10) Concurrent Scan Root Regions 16.654ms
[2023-05-09T15:35:42.094+0000][5790.368s] GC(10) Concurrent Mark
[2023-05-09T15:35:42.095+0000][5790.369s] GC(10) Concurrent Mark From Roots
[2023-05-09T15:35:42.095+0000][5790.369s] GC(10) Using 1 workers of 1 for marking
[2023-05-09T15:35:42.139+0000][5790.412s] GC(10) Concurrent Mark From Roots 43.849ms
[2023-05-09T15:35:42.139+0000][5790.413s] GC(10) Concurrent Preclean
[2023-05-09T15:35:42.140+0000][5790.414s] GC(10) Concurrent Preclean 0.453ms
[2023-05-09T15:35:42.140+0000][5790.414s] GC(10) Pause Remark
[2023-05-09T15:35:42.160+0000][5790.434s] GC(10) Pause Remark 44M->44M(512M) 20.455ms
[2023-05-09T15:35:42.161+0000][5790.435s] GC(10) User=0.07s Sys=0.00s Real=0.02s
[2023-05-09T15:35:42.161+0000][5790.435s] GC(10) Concurrent Mark 66.934ms
[2023-05-09T15:35:42.162+0000][5790.436s] GC(10) Concurrent Rebuild Remembered Sets
[2023-05-09T15:35:42.172+0000][5790.446s] GC(10) Concurrent Rebuild Remembered Sets 10.625ms
[2023-05-09T15:35:42.173+0000][5790.447s] GC(10) Pause Cleanup
[2023-05-09T15:35:42.173+0000][5790.447s] GC(10) Pause Cleanup 44M->44M(512M) 0.355ms
[2023-05-09T15:35:42.174+0000][5790.448s] GC(10) User=0.00s Sys=0.00s Real=0.00s
[2023-05-09T15:35:42.174+0000][5790.448s] GC(10) Concurrent Cleanup for Next Mark
[2023-05-09T15:35:42.176+0000][5790.450s] GC(10) Concurrent Cleanup for Next Mark 2.037ms
[2023-05-09T15:35:42.177+0000][5790.451s] GC(10) Concurrent Mark Cycle 104.634ms
[2023-05-09T19:12:21.953+0000][18790.369s] Heap
[2023-05-09T19:12:21.954+0000][18790.369s]  garbage-first heap   total 524288K, used 90307K [0x00000000e0000000, 0x0000000100000000)
[2023-05-09T19:12:21.954+0000][18790.370s]   region size 1024K, 59 young (60416K), 13 survivors (13312K)
[2023-05-09T19:12:21.955+0000][18790.370s]  Metaspace       used 57461K, committed 57920K, reserved 1114112K
[2023-05-09T19:12:21.955+0000][18790.370s]   class space    used 7216K, committed 7424K, reserved 1048576K
