[2023-05-09T19:12:24.218+0000][0.016s] Using G1
[2023-05-09T19:12:24.311+0000][0.110s] Version: 17.0.7+7 (release)
[2023-05-09T19:12:24.312+0000][0.110s] CPUs: 4 total, 4 available
[2023-05-09T19:12:24.312+0000][0.111s] Memory: 3933M
[2023-05-09T19:12:24.313+0000][0.111s] Large Page Support: Disabled
[2023-05-09T19:12:24.313+0000][0.111s] NUMA Support: Disabled
[2023-05-09T19:12:24.313+0000][0.112s] Compressed Oops: Enabled (32-bit)
[2023-05-09T19:12:24.313+0000][0.112s] Heap Region Size: 1M
[2023-05-09T19:12:24.314+0000][0.112s] Heap Min Capacity: 512M
[2023-05-09T19:12:24.314+0000][0.112s] Heap Initial Capacity: 512M
[2023-05-09T19:12:24.314+0000][0.113s] Heap Max Capacity: 512M
[2023-05-09T19:12:24.315+0000][0.113s] Pre-touch: Enabled
[2023-05-09T19:12:24.315+0000][0.113s] Parallel Workers: 4
[2023-05-09T19:12:24.315+0000][0.113s] Concurrent Workers: 1
[2023-05-09T19:12:24.315+0000][0.114s] Concurrent Refinement Workers: 4
[2023-05-09T19:12:24.316+0000][0.114s] Periodic GC: Disabled
[2023-05-09T19:12:24.316+0000][0.115s] CDS archive(s) mapped at: [0x0000000800000000-0x0000000800a7b000-0x0000000800a7b000), size 10989568, SharedBaseAddress: 0x0000000800000000, ArchiveRelocationMode: 0.
[2023-05-09T19:12:24.317+0000][0.115s] Compressed class space mapped at: 0x0000000801000000-0x0000000841000000, reserved size: 1073741824
[2023-05-09T19:12:24.317+0000][0.115s] Narrow klass base: 0x0000000800000000, Narrow klass shift: 0, Narrow klass range: 0x100000000
[2023-05-09T19:12:24.651+0000][0.450s] GC(0) Pause Young (Normal) (G1 Evacuation Pause)
[2023-05-09T19:12:24.652+0000][0.450s] GC(0) Using 4 workers of 4 for evacuation
[2023-05-09T19:12:24.655+0000][0.453s] GC(0)   Pre Evacuate Collection Set: 0.1ms
[2023-05-09T19:12:24.655+0000][0.454s] GC(0)   Merge Heap Roots: 0.1ms
[2023-05-09T19:12:24.656+0000][0.454s] GC(0)   Evacuate Collection Set: 2.3ms
[2023-05-09T19:12:24.656+0000][0.454s] GC(0)   Post Evacuate Collection Set: 0.3ms
[2023-05-09T19:12:24.656+0000][0.455s] GC(0)   Other: 1.1ms
[2023-05-09T19:12:24.656+0000][0.455s] GC(0) Eden regions: 25->0(36)
[2023-05-09T19:12:24.657+0000][0.455s] GC(0) Survivor regions: 0->4(4)
[2023-05-09T19:12:24.657+0000][0.455s] GC(0) Old regions: 0->0
[2023-05-09T19:12:24.657+0000][0.456s] GC(0) Archive regions: 2->2
[2023-05-09T19:12:24.658+0000][0.456s] GC(0) Humongous regions: 0->0
[2023-05-09T19:12:24.658+0000][0.456s] GC(0) Metaspace: 9173K(9408K)->9173K(9408K) NonClass: 8054K(8192K)->8054K(8192K) Class: 1119K(1216K)->1119K(1216K)
[2023-05-09T19:12:24.658+0000][0.457s] GC(0) Pause Young (Normal) (G1 Evacuation Pause) 25M->4M(512M) 6.995ms
[2023-05-09T19:12:24.658+0000][0.457s] GC(0) User=0.01s Sys=0.00s Real=0.01s
[2023-05-09T19:12:24.958+0000][0.756s] GC(1) Pause Young (Normal) (G1 Evacuation Pause)
[2023-05-09T19:12:24.959+0000][0.757s] GC(1) Using 4 workers of 4 for evacuation
[2023-05-09T19:12:24.967+0000][0.766s] GC(1)   Pre Evacuate Collection Set: 0.1ms
[2023-05-09T19:12:24.968+0000][0.766s] GC(1)   Merge Heap Roots: 0.1ms
[2023-05-09T19:12:24.968+0000][0.767s] GC(1)   Evacuate Collection Set: 7.2ms
[2023-05-09T19:12:24.969+0000][0.767s] GC(1)   Post Evacuate Collection Set: 0.5ms
[2023-05-09T19:12:24.969+0000][0.767s] GC(1)   Other: 1.3ms
[2023-05-09T19:12:24.969+0000][0.768s] GC(1) Eden regions: 34->0(40)
[2023-05-09T19:12:24.970+0000][0.768s] GC(1) Survivor regions: 4->5(5)
[2023-05-09T19:12:24.970+0000][0.768s] GC(1) Old regions: 0->9
[2023-05-09T19:12:24.970+0000][0.768s] GC(1) Archive regions: 2->2
[2023-05-09T19:12:24.971+0000][0.769s] GC(1) Humongous regions: 4->4
[2023-05-09T19:12:24.971+0000][0.769s] GC(1) Metaspace: 17583K(17856K)->17583K(17856K) NonClass: 15424K(15552K)->15424K(15552K) Class: 2159K(2304K)->2159K(2304K)
[2023-05-09T19:12:24.971+0000][0.770s] GC(1) Pause Young (Normal) (G1 Evacuation Pause) 42M->18M(512M) 13.080ms
[2023-05-09T19:12:24.972+0000][0.770s] GC(1) User=0.02s Sys=0.01s Real=0.01s
[2023-05-09T19:12:25.129+0000][0.927s] GC(2) Pause Young (Normal) (G1 Evacuation Pause)
[2023-05-09T19:12:25.129+0000][0.928s] GC(2) Using 4 workers of 4 for evacuation
[2023-05-09T19:12:25.134+0000][0.932s] GC(2)   Pre Evacuate Collection Set: 0.1ms
[2023-05-09T19:12:25.135+0000][0.933s] GC(2)   Merge Heap Roots: 0.0ms
[2023-05-09T19:12:25.135+0000][0.933s] GC(2)   Evacuate Collection Set: 3.5ms
[2023-05-09T19:12:25.135+0000][0.934s] GC(2)   Post Evacuate Collection Set: 0.4ms
[2023-05-09T19:12:25.136+0000][0.934s] GC(2)   Other: 1.6ms
[2023-05-09T19:12:25.136+0000][0.934s] GC(2) Eden regions: 40->0(302)
[2023-05-09T19:12:25.136+0000][0.934s] GC(2) Survivor regions: 5->5(6)
[2023-05-09T19:12:25.136+0000][0.935s] GC(2) Old regions: 9->14
[2023-05-09T19:12:25.137+0000][0.935s] GC(2) Archive regions: 2->2
[2023-05-09T19:12:25.137+0000][0.935s] GC(2) Humongous regions: 4->4
[2023-05-09T19:12:25.137+0000][0.936s] GC(2) Metaspace: 19128K(19456K)->19128K(19456K) NonClass: 16827K(16960K)->16827K(16960K) Class: 2301K(2496K)->2301K(2496K)
[2023-05-09T19:12:25.137+0000][0.936s] GC(2) Pause Young (Normal) (G1 Evacuation Pause) 58M->23M(512M) 8.922ms
[2023-05-09T19:12:25.138+0000][0.936s] GC(2) User=0.02s Sys=0.00s Real=0.01s
[2023-05-09T19:12:25.237+0000][1.035s] GC(3) Pause Young (Concurrent Start) (Metadata GC Threshold)
[2023-05-09T19:12:25.238+0000][1.036s] GC(3) Using 4 workers of 4 for evacuation
[2023-05-09T19:12:25.240+0000][1.038s] GC(3)   Pre Evacuate Collection Set: 0.1ms
[2023-05-09T19:12:25.241+0000][1.039s] GC(3)   Merge Heap Roots: 0.0ms
[2023-05-09T19:12:25.241+0000][1.039s] GC(3)   Evacuate Collection Set: 1.4ms
[2023-05-09T19:12:25.241+0000][1.040s] GC(3)   Post Evacuate Collection Set: 0.4ms
[2023-05-09T19:12:25.242+0000][1.040s] GC(3)   Other: 1.3ms
[2023-05-09T19:12:25.242+0000][1.040s] GC(3) Eden regions: 13->0(301)
[2023-05-09T19:12:25.242+0000][1.041s] GC(3) Survivor regions: 5->6(39)
[2023-05-09T19:12:25.243+0000][1.041s] GC(3) Old regions: 14->14
[2023-05-09T19:12:25.243+0000][1.041s] GC(3) Archive regions: 2->2
[2023-05-09T19:12:25.243+0000][1.042s] GC(3) Humongous regions: 5->4
[2023-05-09T19:12:25.243+0000][1.042s] GC(3) Metaspace: 21151K(21504K)->21151K(21504K) NonClass: 18592K(18752K)->18592K(18752K) Class: 2558K(2752K)->2558K(2752K)
[2023-05-09T19:12:25.244+0000][1.042s] GC(3) Pause Young (Concurrent Start) (Metadata GC Threshold) 37M->24M(512M) 6.965ms
[2023-05-09T19:12:25.244+0000][1.043s] GC(3) User=0.01s Sys=0.00s Real=0.00s
[2023-05-09T19:12:25.245+0000][1.043s] GC(4) Concurrent Mark Cycle
[2023-05-09T19:12:25.245+0000][1.043s] GC(4) Concurrent Clear Claimed Marks
[2023-05-09T19:12:25.245+0000][1.044s] GC(4) Concurrent Clear Claimed Marks 0.267ms
[2023-05-09T19:12:25.246+0000][1.044s] GC(4) Concurrent Scan Root Regions
[2023-05-09T19:12:25.247+0000][1.045s] GC(4) Concurrent Scan Root Regions 1.109ms
[2023-05-09T19:12:25.247+0000][1.045s] GC(4) Concurrent Mark
[2023-05-09T19:12:25.247+0000][1.046s] GC(4) Concurrent Mark From Roots
[2023-05-09T19:12:25.248+0000][1.046s] GC(4) Using 1 workers of 1 for marking
[2023-05-09T19:12:25.260+0000][1.059s] GC(4) Concurrent Mark From Roots 12.754ms
[2023-05-09T19:12:25.261+0000][1.060s] GC(4) Concurrent Preclean
[2023-05-09T19:12:25.262+0000][1.060s] GC(4) Concurrent Preclean 0.472ms
[2023-05-09T19:12:25.262+0000][1.061s] GC(4) Pause Remark
[2023-05-09T19:12:25.264+0000][1.063s] GC(4) Pause Remark 26M->26M(512M) 1.957ms
[2023-05-09T19:12:25.265+0000][1.063s] GC(4) User=0.00s Sys=0.00s Real=0.00s
[2023-05-09T19:12:25.265+0000][1.063s] GC(4) Concurrent Mark 17.787ms
[2023-05-09T19:12:25.265+0000][1.064s] GC(4) Concurrent Rebuild Remembered Sets
[2023-05-09T19:12:25.274+0000][1.072s] GC(4) Concurrent Rebuild Remembered Sets 8.312ms
[2023-05-09T19:12:25.274+0000][1.073s] GC(4) Pause Cleanup
[2023-05-09T19:12:25.275+0000][1.073s] GC(4) Pause Cleanup 28M->28M(512M) 0.439ms
[2023-05-09T19:12:25.275+0000][1.073s] GC(4) User=0.00s Sys=0.00s Real=0.00s
[2023-05-09T19:12:25.275+0000][1.074s] GC(4) Concurrent Cleanup for Next Mark
[2023-05-09T19:12:25.276+0000][1.075s] GC(4) Concurrent Cleanup for Next Mark 0.906ms
[2023-05-09T19:12:25.277+0000][1.075s] GC(4) Concurrent Mark Cycle 32.248ms
[2023-05-09T19:12:25.940+0000][1.739s] GC(5) Pause Young (Prepare Mixed) (Metadata GC Threshold)
[2023-05-09T19:12:25.941+0000][1.740s] GC(5) Using 4 workers of 4 for evacuation
[2023-05-09T19:12:25.948+0000][1.746s] GC(5)   Pre Evacuate Collection Set: 0.2ms
[2023-05-09T19:12:25.948+0000][1.747s] GC(5)   Merge Heap Roots: 0.0ms
[2023-05-09T19:12:25.949+0000][1.747s] GC(5)   Evacuate Collection Set: 5.4ms
[2023-05-09T19:12:25.949+0000][1.748s] GC(5)   Post Evacuate Collection Set: 0.5ms
[2023-05-09T19:12:25.950+0000][1.748s] GC(5)   Other: 1.4ms
[2023-05-09T19:12:25.950+0000][1.748s] GC(5) Eden regions: 84->0(13)
[2023-05-09T19:12:25.950+0000][1.748s] GC(5) Survivor regions: 6->12(39)
[2023-05-09T19:12:25.950+0000][1.749s] GC(5) Old regions: 14->14
[2023-05-09T19:12:25.951+0000][1.749s] GC(5) Archive regions: 2->2
[2023-05-09T19:12:25.951+0000][1.749s] GC(5) Humongous regions: 4->4
[2023-05-09T19:12:25.951+0000][1.750s] GC(5) Metaspace: 35803K(36160K)->35803K(36160K) NonClass: 31377K(31552K)->31377K(31552K) Class: 4425K(4608K)->4425K(4608K)
[2023-05-09T19:12:25.952+0000][1.750s] GC(5) Pause Young (Prepare Mixed) (Metadata GC Threshold) 108M->30M(512M) 11.114ms
[2023-05-09T19:12:25.952+0000][1.751s] GC(5) User=0.02s Sys=0.00s Real=0.01s
[2023-05-09T19:12:25.958+0000][1.756s] GC(6) Pause Young (Mixed) (Metadata GC Threshold)
[2023-05-09T19:12:25.958+0000][1.757s] GC(6) Using 4 workers of 4 for evacuation
[2023-05-09T19:12:25.965+0000][1.763s] GC(6)   Pre Evacuate Collection Set: 0.1ms
[2023-05-09T19:12:25.965+0000][1.763s] GC(6)   Merge Heap Roots: 0.0ms
[2023-05-09T19:12:25.965+0000][1.764s] GC(6)   Evacuate Collection Set: 5.3ms
[2023-05-09T19:12:25.966+0000][1.764s] GC(6)   Post Evacuate Collection Set: 0.4ms
[2023-05-09T19:12:25.966+0000][1.764s] GC(6)   Other: 0.8ms
[2023-05-09T19:12:25.966+0000][1.765s] GC(6) Eden regions: 2->0(305)
[2023-05-09T19:12:25.967+0000][1.765s] GC(6) Survivor regions: 12->2(4)
[2023-05-09T19:12:25.967+0000][1.765s] GC(6) Old regions: 14->25
[2023-05-09T19:12:25.967+0000][1.766s] GC(6) Archive regions: 2->2
[2023-05-09T19:12:25.968+0000][1.766s] GC(6) Humongous regions: 4->4
[2023-05-09T19:12:25.968+0000][1.766s] GC(6) Metaspace: 36110K(36480K)->36110K(36480K) NonClass: 31645K(31808K)->31645K(31808K) Class: 4464K(4672K)->4464K(4672K)
[2023-05-09T19:12:25.968+0000][1.767s] GC(6) Pause Young (Mixed) (Metadata GC Threshold) 31M->31M(512M) 10.558ms
[2023-05-09T19:12:25.969+0000][1.767s] GC(6) User=0.02s Sys=0.00s Real=0.01s
[2023-05-09T19:12:25.978+0000][1.776s] GC(7) Pause Young (Concurrent Start) (Metadata GC Threshold)
[2023-05-09T19:12:25.979+0000][1.777s] GC(7) Using 4 workers of 4 for evacuation
[2023-05-09T19:12:25.980+0000][1.778s] GC(7)   Pre Evacuate Collection Set: 0.1ms
[2023-05-09T19:12:25.980+0000][1.779s] GC(7)   Merge Heap Roots: 0.0ms
[2023-05-09T19:12:25.981+0000][1.779s] GC(7)   Evacuate Collection Set: 0.6ms
[2023-05-09T19:12:25.981+0000][1.779s] GC(7)   Post Evacuate Collection Set: 0.1ms
[2023-05-09T19:12:25.981+0000][1.780s] GC(7)   Other: 1.1ms
[2023-05-09T19:12:25.982+0000][1.780s] GC(7) Eden regions: 2->0(306)
[2023-05-09T19:12:25.982+0000][1.780s] GC(7) Survivor regions: 2->1(39)
[2023-05-09T19:12:25.982+0000][1.781s] GC(7) Old regions: 25->25
[2023-05-09T19:12:25.982+0000][1.781s] GC(7) Archive regions: 2->2
[2023-05-09T19:12:25.983+0000][1.781s] GC(7) Humongous regions: 4->4
[2023-05-09T19:12:25.983+0000][1.781s] GC(7) Metaspace: 36360K(36800K)->36360K(36800K) NonClass: 31856K(32064K)->31856K(32064K) Class: 4503K(4736K)->4503K(4736K)
[2023-05-09T19:12:25.983+0000][1.782s] GC(7) Pause Young (Concurrent Start) (Metadata GC Threshold) 33M->30M(512M) 5.500ms
[2023-05-09T19:12:25.984+0000][1.782s] GC(7) User=0.01s Sys=0.00s Real=0.00s
[2023-05-09T19:12:25.984+0000][1.783s] GC(8) Concurrent Mark Cycle
[2023-05-09T19:12:25.985+0000][1.783s] GC(8) Concurrent Clear Claimed Marks
[2023-05-09T19:12:25.985+0000][1.783s] GC(8) Concurrent Clear Claimed Marks 0.332ms
[2023-05-09T19:12:25.985+0000][1.784s] GC(8) Concurrent Scan Root Regions
[2023-05-09T19:12:25.986+0000][1.784s] GC(8) Concurrent Scan Root Regions 0.610ms
[2023-05-09T19:12:25.986+0000][1.785s] GC(8) Concurrent Mark
[2023-05-09T19:12:25.987+0000][1.785s] GC(8) Concurrent Mark From Roots
[2023-05-09T19:12:25.987+0000][1.785s] GC(8) Using 1 workers of 1 for marking
[2023-05-09T19:12:26.006+0000][1.804s] GC(8) Concurrent Mark From Roots 19.185ms
[2023-05-09T19:12:26.006+0000][1.804s] GC(8) Concurrent Preclean
[2023-05-09T19:12:26.007+0000][1.805s] GC(8) Concurrent Preclean 0.699ms
[2023-05-09T19:12:26.007+0000][1.806s] GC(8) Pause Remark
[2023-05-09T19:12:26.010+0000][1.808s] GC(8) Pause Remark 33M->33M(512M) 2.676ms
[2023-05-09T19:12:26.010+0000][1.809s] GC(8) User=0.00s Sys=0.00s Real=0.00s
[2023-05-09T19:12:26.011+0000][1.809s] GC(8) Concurrent Mark 24.561ms
[2023-05-09T19:12:26.011+0000][1.809s] GC(8) Concurrent Rebuild Remembered Sets
[2023-05-09T19:12:26.022+0000][1.821s] GC(8) Concurrent Rebuild Remembered Sets 11.357ms
[2023-05-09T19:12:26.023+0000][1.822s] GC(8) Pause Cleanup
[2023-05-09T19:12:26.024+0000][1.822s] GC(8) Pause Cleanup 34M->34M(512M) 0.455ms
[2023-05-09T19:12:26.024+0000][1.822s] GC(8) User=0.00s Sys=0.00s Real=0.00s
[2023-05-09T19:12:26.024+0000][1.823s] GC(8) Concurrent Cleanup for Next Mark
[2023-05-09T19:12:26.026+0000][1.825s] GC(8) Concurrent Cleanup for Next Mark 2.034ms
[2023-05-09T19:12:26.027+0000][1.825s] GC(8) Concurrent Mark Cycle 42.597ms
[2023-05-09T19:12:37.342+0000][13.140s] Heap
[2023-05-09T19:12:37.343+0000][13.141s]  garbage-first heap   total 524288K, used 95337K [0x00000000e0000000, 0x0000000100000000)
[2023-05-09T19:12:37.343+0000][13.141s]   region size 1024K, 64 young (65536K), 1 survivors (1024K)
[2023-05-09T19:12:37.344+0000][13.142s]  Metaspace       used 43535K, committed 43968K, reserved 1114112K
[2023-05-09T19:12:37.344+0000][13.142s]   class space    used 5551K, committed 5760K, reserved 1048576K
