[2023-05-11T20:49:18.898+0000][0.013s] Using G1
[2023-05-11T20:49:19.221+0000][0.337s] Version: 17.0.7+7 (release)
[2023-05-11T20:49:19.222+0000][0.338s] CPUs: 4 total, 4 available
[2023-05-11T20:49:19.223+0000][0.338s] Memory: 3933M
[2023-05-11T20:49:19.223+0000][0.339s] Large Page Support: Disabled
[2023-05-11T20:49:19.224+0000][0.339s] NUMA Support: Disabled
[2023-05-11T20:49:19.224+0000][0.340s] Compressed Oops: Enabled (32-bit)
[2023-05-11T20:49:19.224+0000][0.340s] Heap Region Size: 1M
[2023-05-11T20:49:19.225+0000][0.340s] Heap Min Capacity: 512M
[2023-05-11T20:49:19.225+0000][0.341s] Heap Initial Capacity: 512M
[2023-05-11T20:49:19.226+0000][0.341s] Heap Max Capacity: 512M
[2023-05-11T20:49:19.226+0000][0.341s] Pre-touch: Enabled
[2023-05-11T20:49:19.226+0000][0.342s] Parallel Workers: 4
[2023-05-11T20:49:19.227+0000][0.342s] Concurrent Workers: 1
[2023-05-11T20:49:19.227+0000][0.343s] Concurrent Refinement Workers: 4
[2023-05-11T20:49:19.228+0000][0.343s] Periodic GC: Disabled
[2023-05-11T20:49:19.229+0000][0.344s] CDS archive(s) mapped at: [0x0000000800000000-0x0000000800a7b000-0x0000000800a7b000), size 10989568, SharedBaseAddress: 0x0000000800000000, ArchiveRelocationMode: 0.
[2023-05-11T20:49:19.229+0000][0.345s] Compressed class space mapped at: 0x0000000801000000-0x0000000841000000, reserved size: 1073741824
[2023-05-11T20:49:19.230+0000][0.345s] Narrow klass base: 0x0000000800000000, Narrow klass shift: 0, Narrow klass range: 0x100000000
[2023-05-11T20:49:19.567+0000][0.682s] GC(0) Pause Young (Normal) (G1 Evacuation Pause)
[2023-05-11T20:49:19.567+0000][0.683s] GC(0) Using 4 workers of 4 for evacuation
[2023-05-11T20:49:19.570+0000][0.685s] GC(0)   Pre Evacuate Collection Set: 0.1ms
[2023-05-11T20:49:19.570+0000][0.686s] GC(0)   Merge Heap Roots: 0.1ms
[2023-05-11T20:49:19.571+0000][0.686s] GC(0)   Evacuate Collection Set: 1.6ms
[2023-05-11T20:49:19.571+0000][0.687s] GC(0)   Post Evacuate Collection Set: 0.4ms
[2023-05-11T20:49:19.572+0000][0.687s] GC(0)   Other: 1.3ms
[2023-05-11T20:49:19.572+0000][0.688s] GC(0) Eden regions: 25->0(36)
[2023-05-11T20:49:19.572+0000][0.688s] GC(0) Survivor regions: 0->4(4)
[2023-05-11T20:49:19.573+0000][0.688s] GC(0) Old regions: 0->0
[2023-05-11T20:49:19.573+0000][0.689s] GC(0) Archive regions: 2->2
[2023-05-11T20:49:19.573+0000][0.689s] GC(0) Humongous regions: 0->0
[2023-05-11T20:49:19.574+0000][0.689s] GC(0) Metaspace: 9193K(9408K)->9193K(9408K) NonClass: 8072K(8192K)->8072K(8192K) Class: 1120K(1216K)->1120K(1216K)
[2023-05-11T20:49:19.574+0000][0.690s] GC(0) Pause Young (Normal) (G1 Evacuation Pause) 25M->4M(512M) 7.563ms
[2023-05-11T20:49:19.574+0000][0.690s] GC(0) User=0.01s Sys=0.00s Real=0.01s
[2023-05-11T20:49:19.861+0000][0.977s] GC(1) Pause Young (Normal) (G1 Evacuation Pause)
[2023-05-11T20:49:19.862+0000][0.978s] GC(1) Using 4 workers of 4 for evacuation
[2023-05-11T20:49:19.869+0000][0.984s] GC(1)   Pre Evacuate Collection Set: 0.1ms
[2023-05-11T20:49:19.869+0000][0.985s] GC(1)   Merge Heap Roots: 0.0ms
[2023-05-11T20:49:19.870+0000][0.985s] GC(1)   Evacuate Collection Set: 5.9ms
[2023-05-11T20:49:19.870+0000][0.986s] GC(1)   Post Evacuate Collection Set: 0.4ms
[2023-05-11T20:49:19.870+0000][0.986s] GC(1)   Other: 1.2ms
[2023-05-11T20:49:19.871+0000][0.986s] GC(1) Eden regions: 36->0(39)
[2023-05-11T20:49:19.871+0000][0.987s] GC(1) Survivor regions: 4->5(5)
[2023-05-11T20:49:19.871+0000][0.987s] GC(1) Old regions: 0->9
[2023-05-11T20:49:19.872+0000][0.987s] GC(1) Archive regions: 2->2
[2023-05-11T20:49:19.872+0000][0.988s] GC(1) Humongous regions: 4->4
[2023-05-11T20:49:19.873+0000][0.988s] GC(1) Metaspace: 17549K(17856K)->17549K(17856K) NonClass: 15389K(15552K)->15389K(15552K) Class: 2159K(2304K)->2159K(2304K)
[2023-05-11T20:49:19.873+0000][0.988s] GC(1) Pause Young (Normal) (G1 Evacuation Pause) 44M->18M(512M) 11.545ms
[2023-05-11T20:49:19.873+0000][0.989s] GC(1) User=0.02s Sys=0.00s Real=0.02s
[2023-05-11T20:49:20.047+0000][1.163s] GC(2) Pause Young (Normal) (G1 Evacuation Pause)
[2023-05-11T20:49:20.048+0000][1.163s] GC(2) Using 4 workers of 4 for evacuation
[2023-05-11T20:49:20.053+0000][1.168s] GC(2)   Pre Evacuate Collection Set: 0.1ms
[2023-05-11T20:49:20.053+0000][1.169s] GC(2)   Merge Heap Roots: 0.0ms
[2023-05-11T20:49:20.053+0000][1.169s] GC(2)   Evacuate Collection Set: 3.4ms
[2023-05-11T20:49:20.054+0000][1.169s] GC(2)   Post Evacuate Collection Set: 0.3ms
[2023-05-11T20:49:20.054+0000][1.170s] GC(2)   Other: 1.5ms
[2023-05-11T20:49:20.054+0000][1.170s] GC(2) Eden regions: 39->0(302)
[2023-05-11T20:49:20.055+0000][1.170s] GC(2) Survivor regions: 5->5(6)
[2023-05-11T20:49:20.055+0000][1.171s] GC(2) Old regions: 9->14
[2023-05-11T20:49:20.055+0000][1.171s] GC(2) Archive regions: 2->2
[2023-05-11T20:49:20.056+0000][1.171s] GC(2) Humongous regions: 4->4
[2023-05-11T20:49:20.056+0000][1.172s] GC(2) Metaspace: 19374K(19712K)->19374K(19712K) NonClass: 17035K(17152K)->17035K(17152K) Class: 2339K(2560K)->2339K(2560K)
[2023-05-11T20:49:20.056+0000][1.172s] GC(2) Pause Young (Normal) (G1 Evacuation Pause) 57M->23M(512M) 9.159ms
[2023-05-11T20:49:20.057+0000][1.172s] GC(2) User=0.02s Sys=0.00s Real=0.01s
[2023-05-11T20:49:20.126+0000][1.241s] GC(3) Pause Young (Concurrent Start) (Metadata GC Threshold)
[2023-05-11T20:49:20.126+0000][1.242s] GC(3) Using 4 workers of 4 for evacuation
[2023-05-11T20:49:20.129+0000][1.245s] GC(3)   Pre Evacuate Collection Set: 0.1ms
[2023-05-11T20:49:20.130+0000][1.246s] GC(3)   Merge Heap Roots: 0.1ms
[2023-05-11T20:49:20.130+0000][1.246s] GC(3)   Evacuate Collection Set: 2.4ms
[2023-05-11T20:49:20.131+0000][1.246s] GC(3)   Post Evacuate Collection Set: 0.3ms
[2023-05-11T20:49:20.131+0000][1.247s] GC(3)   Other: 1.0ms
[2023-05-11T20:49:20.131+0000][1.247s] GC(3) Eden regions: 13->0(301)
[2023-05-11T20:49:20.132+0000][1.247s] GC(3) Survivor regions: 5->6(39)
[2023-05-11T20:49:20.132+0000][1.248s] GC(3) Old regions: 14->14
[2023-05-11T20:49:20.132+0000][1.248s] GC(3) Archive regions: 2->2
[2023-05-11T20:49:20.133+0000][1.248s] GC(3) Humongous regions: 5->4
[2023-05-11T20:49:20.133+0000][1.249s] GC(3) Metaspace: 21202K(21504K)->21202K(21504K) NonClass: 18630K(18752K)->18630K(18752K) Class: 2572K(2752K)->2572K(2752K)
[2023-05-11T20:49:20.133+0000][1.249s] GC(3) Pause Young (Concurrent Start) (Metadata GC Threshold) 37M->23M(512M) 7.886ms
[2023-05-11T20:49:20.134+0000][1.249s] GC(3) User=0.00s Sys=0.00s Real=0.01s
[2023-05-11T20:49:20.134+0000][1.250s] GC(4) Concurrent Mark Cycle
[2023-05-11T20:49:20.134+0000][1.250s] GC(4) Concurrent Clear Claimed Marks
[2023-05-11T20:49:20.135+0000][1.250s] GC(4) Concurrent Clear Claimed Marks 0.408ms
[2023-05-11T20:49:20.135+0000][1.251s] GC(4) Concurrent Scan Root Regions
[2023-05-11T20:49:20.136+0000][1.252s] GC(4) Concurrent Scan Root Regions 1.105ms
[2023-05-11T20:49:20.137+0000][1.252s] GC(4) Concurrent Mark
[2023-05-11T20:49:20.137+0000][1.252s] GC(4) Concurrent Mark From Roots
[2023-05-11T20:49:20.137+0000][1.253s] GC(4) Using 1 workers of 1 for marking
[2023-05-11T20:49:20.149+0000][1.265s] GC(4) Concurrent Mark From Roots 12.376ms
[2023-05-11T20:49:20.150+0000][1.265s] GC(4) Concurrent Preclean
[2023-05-11T20:49:20.150+0000][1.266s] GC(4) Concurrent Preclean 0.424ms
[2023-05-11T20:49:20.151+0000][1.266s] GC(4) Pause Remark
[2023-05-11T20:49:20.152+0000][1.268s] GC(4) Pause Remark 26M->26M(512M) 1.657ms
[2023-05-11T20:49:20.153+0000][1.268s] GC(4) User=0.01s Sys=0.00s Real=0.01s
[2023-05-11T20:49:20.153+0000][1.269s] GC(4) Concurrent Mark 16.497ms
[2023-05-11T20:49:20.154+0000][1.269s] GC(4) Concurrent Rebuild Remembered Sets
[2023-05-11T20:49:20.162+0000][1.277s] GC(4) Concurrent Rebuild Remembered Sets 7.927ms
[2023-05-11T20:49:20.162+0000][1.278s] GC(4) Pause Cleanup
[2023-05-11T20:49:20.163+0000][1.278s] GC(4) Pause Cleanup 28M->28M(512M) 0.410ms
[2023-05-11T20:49:20.163+0000][1.279s] GC(4) User=0.00s Sys=0.00s Real=0.01s
[2023-05-11T20:49:20.163+0000][1.279s] GC(4) Concurrent Cleanup for Next Mark
[2023-05-11T20:49:20.164+0000][1.279s] GC(4) Concurrent Cleanup for Next Mark 0.550ms
[2023-05-11T20:49:20.164+0000][1.280s] GC(4) Concurrent Mark Cycle 30.069ms
[2023-05-11T20:49:20.802+0000][1.918s] GC(5) Pause Young (Concurrent Start) (Metadata GC Threshold)
[2023-05-11T20:49:20.803+0000][1.919s] GC(5) Using 4 workers of 4 for evacuation
[2023-05-11T20:49:20.807+0000][1.923s] GC(5)   Pre Evacuate Collection Set: 0.1ms
[2023-05-11T20:49:20.808+0000][1.924s] GC(5)   Merge Heap Roots: 0.1ms
[2023-05-11T20:49:20.808+0000][1.924s] GC(5)   Evacuate Collection Set: 3.5ms
[2023-05-11T20:49:20.808+0000][1.924s] GC(5)   Post Evacuate Collection Set: 0.5ms
[2023-05-11T20:49:20.808+0000][1.925s] GC(5)   Other: 1.3ms
[2023-05-11T20:49:20.809+0000][1.925s] GC(5) Eden regions: 91->0(295)
[2023-05-11T20:49:20.809+0000][1.925s] GC(5) Survivor regions: 6->12(39)
[2023-05-11T20:49:20.809+0000][1.926s] GC(5) Old regions: 14->14
[2023-05-11T20:49:20.810+0000][1.926s] GC(5) Archive regions: 2->2
[2023-05-11T20:49:20.810+0000][1.926s] GC(5) Humongous regions: 4->4
[2023-05-11T20:49:20.810+0000][1.927s] GC(5) Metaspace: 36272K(36608K)->36272K(36608K) NonClass: 31778K(31936K)->31778K(31936K) Class: 4494K(4672K)->4494K(4672K)
[2023-05-11T20:49:20.811+0000][1.927s] GC(5) Pause Young (Concurrent Start) (Metadata GC Threshold) 114M->30M(512M) 9.080ms
[2023-05-11T20:49:20.811+0000][1.927s] GC(5) User=0.02s Sys=0.00s Real=0.01s
[2023-05-11T20:49:20.812+0000][1.928s] GC(6) Concurrent Mark Cycle
[2023-05-11T20:49:20.812+0000][1.928s] GC(6) Concurrent Clear Claimed Marks
[2023-05-11T20:49:20.813+0000][1.929s] GC(6) Concurrent Clear Claimed Marks 0.425ms
[2023-05-11T20:49:20.813+0000][1.929s] GC(6) Concurrent Scan Root Regions
[2023-05-11T20:49:20.817+0000][1.933s] GC(6) Concurrent Scan Root Regions 3.617ms
[2023-05-11T20:49:20.817+0000][1.933s] GC(6) Concurrent Mark
[2023-05-11T20:49:20.818+0000][1.935s] GC(6) Concurrent Mark From Roots
[2023-05-11T20:49:20.819+0000][1.935s] GC(6) Using 1 workers of 1 for marking
[2023-05-11T20:49:20.832+0000][1.948s] GC(6) Concurrent Mark From Roots 13.978ms
[2023-05-11T20:49:20.833+0000][1.949s] GC(6) Concurrent Preclean
[2023-05-11T20:49:20.834+0000][1.950s] GC(6) Concurrent Preclean 0.544ms
[2023-05-11T20:49:20.834+0000][1.950s] GC(6) Pause Remark
[2023-05-11T20:49:20.837+0000][1.953s] GC(6) Pause Remark 32M->32M(512M) 2.605ms
[2023-05-11T20:49:20.837+0000][1.954s] GC(6) User=0.01s Sys=0.00s Real=0.00s
[2023-05-11T20:49:20.838+0000][1.954s] GC(6) Concurrent Mark 20.697ms
[2023-05-11T20:49:20.839+0000][1.955s] GC(6) Concurrent Rebuild Remembered Sets
[2023-05-11T20:49:20.851+0000][1.967s] GC(6) Concurrent Rebuild Remembered Sets 12.443ms
[2023-05-11T20:49:20.852+0000][1.968s] GC(6) Pause Cleanup
[2023-05-11T20:49:20.852+0000][1.969s] GC(6) Pause Cleanup 34M->34M(512M) 0.457ms
[2023-05-11T20:49:20.853+0000][1.969s] GC(6) User=0.00s Sys=0.00s Real=0.00s
[2023-05-11T20:49:20.853+0000][1.969s] GC(6) Concurrent Cleanup for Next Mark
[2023-05-11T20:49:20.854+0000][1.970s] GC(6) Concurrent Cleanup for Next Mark 0.692ms
[2023-05-11T20:49:20.854+0000][1.970s] GC(6) Concurrent Mark Cycle 42.341ms
[2023-05-11T20:50:04.421+0000][45.537s] GC(7) Pause Young (Concurrent Start) (G1 Evacuation Pause)
[2023-05-11T20:50:04.422+0000][45.538s] GC(7) Using 4 workers of 4 for evacuation
[2023-05-11T20:50:04.463+0000][45.579s] GC(7)   Pre Evacuate Collection Set: 0.4ms
[2023-05-11T20:50:04.463+0000][45.580s] GC(7)   Merge Heap Roots: 0.1ms
[2023-05-11T20:50:04.464+0000][45.580s] GC(7)   Evacuate Collection Set: 38.2ms
[2023-05-11T20:50:04.464+0000][45.580s] GC(7)   Post Evacuate Collection Set: 1.3ms
[2023-05-11T20:50:04.464+0000][45.581s] GC(7)   Other: 1.9ms
[2023-05-11T20:50:04.465+0000][45.581s] GC(7) Eden regions: 295->0(260)
[2023-05-11T20:50:04.465+0000][45.581s] GC(7) Survivor regions: 12->31(39)
[2023-05-11T20:50:04.465+0000][45.582s] GC(7) Old regions: 14->14
[2023-05-11T20:50:04.466+0000][45.582s] GC(7) Archive regions: 2->2
[2023-05-11T20:50:04.466+0000][45.582s] GC(7) Humongous regions: 4->4
[2023-05-11T20:50:04.466+0000][45.583s] GC(7) Metaspace: 55437K(55936K)->55437K(55936K) NonClass: 48457K(48704K)->48457K(48704K) Class: 6980K(7232K)->6980K(7232K)
[2023-05-11T20:50:04.467+0000][45.583s] GC(7) Pause Young (Concurrent Start) (G1 Evacuation Pause) 325M->49M(512M) 45.940ms
[2023-05-11T20:50:04.467+0000][45.584s] GC(7) User=0.16s Sys=0.00s Real=0.05s
[2023-05-11T20:50:04.468+0000][45.584s] GC(8) Concurrent Mark Cycle
[2023-05-11T20:50:04.468+0000][45.584s] GC(8) Concurrent Clear Claimed Marks
[2023-05-11T20:50:04.469+0000][45.585s] GC(8) Concurrent Clear Claimed Marks 0.540ms
[2023-05-11T20:50:04.469+0000][45.586s] GC(8) Concurrent Scan Root Regions
[2023-05-11T20:50:04.477+0000][45.594s] GC(8) Concurrent Scan Root Regions 8.186ms
[2023-05-11T20:50:04.479+0000][45.595s] GC(8) Concurrent Mark
[2023-05-11T20:50:04.479+0000][45.596s] GC(8) Concurrent Mark From Roots
[2023-05-11T20:50:04.480+0000][45.596s] GC(8) Using 1 workers of 1 for marking
[2023-05-11T20:50:04.496+0000][45.613s] GC(8) Concurrent Mark From Roots 17.027ms
[2023-05-11T20:50:04.497+0000][45.613s] GC(8) Concurrent Preclean
[2023-05-11T20:50:04.497+0000][45.613s] GC(8) Concurrent Preclean 0.347ms
[2023-05-11T20:50:04.498+0000][45.614s] GC(8) Pause Remark
[2023-05-11T20:50:04.500+0000][45.617s] GC(8) Pause Remark 59M->59M(512M) 2.812ms
[2023-05-11T20:50:04.501+0000][45.617s] GC(8) User=0.01s Sys=0.00s Real=0.00s
[2023-05-11T20:50:04.501+0000][45.618s] GC(8) Concurrent Mark 22.454ms
[2023-05-11T20:50:04.502+0000][45.618s] GC(8) Concurrent Rebuild Remembered Sets
[2023-05-11T20:50:04.509+0000][45.625s] GC(8) Concurrent Rebuild Remembered Sets 7.467ms
[2023-05-11T20:50:04.510+0000][45.626s] GC(8) Pause Cleanup
[2023-05-11T20:50:04.510+0000][45.627s] GC(8) Pause Cleanup 64M->64M(512M) 0.375ms
[2023-05-11T20:50:04.511+0000][45.627s] GC(8) User=0.00s Sys=0.00s Real=0.00s
[2023-05-11T20:50:04.511+0000][45.627s] GC(8) Concurrent Cleanup for Next Mark
[2023-05-11T20:50:04.513+0000][45.629s] GC(8) Concurrent Cleanup for Next Mark 2.052ms
[2023-05-11T20:50:04.513+0000][45.630s] GC(8) Concurrent Mark Cycle 45.542ms
[2023-05-11T20:50:05.017+0000][46.134s] GC(9) Pause Young (Normal) (G1 Evacuation Pause)
[2023-05-11T20:50:05.018+0000][46.134s] GC(9) Using 4 workers of 4 for evacuation
[2023-05-11T20:50:05.028+0000][46.144s] GC(9)   Pre Evacuate Collection Set: 0.1ms
[2023-05-11T20:50:05.028+0000][46.144s] GC(9)   Merge Heap Roots: 0.1ms
[2023-05-11T20:50:05.028+0000][46.145s] GC(9)   Evacuate Collection Set: 8.8ms
[2023-05-11T20:50:05.029+0000][46.145s] GC(9)   Post Evacuate Collection Set: 0.6ms
[2023-05-11T20:50:05.029+0000][46.146s] GC(9)   Other: 0.8ms
[2023-05-11T20:50:05.030+0000][46.146s] GC(9) Eden regions: 276->0(277)
[2023-05-11T20:50:05.030+0000][46.146s] GC(9) Survivor regions: 31->30(39)
[2023-05-11T20:50:05.030+0000][46.147s] GC(9) Old regions: 14->25
[2023-05-11T20:50:05.031+0000][46.147s] GC(9) Archive regions: 2->2
[2023-05-11T20:50:05.031+0000][46.147s] GC(9) Humongous regions: 4->4
[2023-05-11T20:50:05.031+0000][46.148s] GC(9) Metaspace: 55453K(56000K)->55453K(56000K) NonClass: 48472K(48768K)->48472K(48768K) Class: 6980K(7232K)->6980K(7232K)
[2023-05-11T20:50:05.031+0000][46.148s] GC(9) Pause Young (Normal) (G1 Evacuation Pause) 325M->59M(512M) 14.170ms
[2023-05-11T20:50:05.032+0000][46.148s] GC(9) User=0.03s Sys=0.00s Real=0.01s
[2023-05-11T20:50:05.864+0000][46.980s] GC(10) Pause Young (Normal) (G1 Evacuation Pause)
[2023-05-11T20:50:05.864+0000][46.980s] GC(10) Using 4 workers of 4 for evacuation
[2023-05-11T20:50:05.876+0000][46.992s] GC(10)   Pre Evacuate Collection Set: 0.1ms
[2023-05-11T20:50:05.876+0000][46.993s] GC(10)   Merge Heap Roots: 0.1ms
[2023-05-11T20:50:05.877+0000][46.993s] GC(10)   Evacuate Collection Set: 10.4ms
[2023-05-11T20:50:05.877+0000][46.993s] GC(10)   Post Evacuate Collection Set: 0.5ms
[2023-05-11T20:50:05.877+0000][46.994s] GC(10)   Other: 1.2ms
[2023-05-11T20:50:05.878+0000][46.994s] GC(10) Eden regions: 277->0(284)
[2023-05-11T20:50:05.878+0000][46.994s] GC(10) Survivor regions: 30->23(39)
[2023-05-11T20:50:05.879+0000][46.995s] GC(10) Old regions: 25->42
[2023-05-11T20:50:05.879+0000][46.996s] GC(10) Archive regions: 2->2
[2023-05-11T20:50:05.880+0000][46.996s] GC(10) Humongous regions: 6->6
[2023-05-11T20:50:05.880+0000][46.996s] GC(10) Metaspace: 55458K(56000K)->55458K(56000K) NonClass: 48477K(48768K)->48477K(48768K) Class: 6980K(7232K)->6980K(7232K)
[2023-05-11T20:50:05.881+0000][46.997s] GC(10) Pause Young (Normal) (G1 Evacuation Pause) 338M->71M(512M) 17.062ms
[2023-05-11T20:50:05.881+0000][46.997s] GC(10) User=0.04s Sys=0.00s Real=0.01s
[2023-05-11T20:50:06.348+0000][47.464s] GC(11) Pause Young (Normal) (G1 Evacuation Pause)
[2023-05-11T20:50:06.348+0000][47.464s] GC(11) Using 4 workers of 4 for evacuation
[2023-05-11T20:50:06.355+0000][47.471s] GC(11)   Pre Evacuate Collection Set: 0.1ms
[2023-05-11T20:50:06.355+0000][47.472s] GC(11)   Merge Heap Roots: 0.0ms
[2023-05-11T20:50:06.356+0000][47.472s] GC(11)   Evacuate Collection Set: 5.8ms
[2023-05-11T20:50:06.356+0000][47.472s] GC(11)   Post Evacuate Collection Set: 0.4ms
[2023-05-11T20:50:06.356+0000][47.473s] GC(11)   Other: 0.8ms
[2023-05-11T20:50:06.357+0000][47.473s] GC(11) Eden regions: 284->0(280)
[2023-05-11T20:50:06.357+0000][47.473s] GC(11) Survivor regions: 23->27(39)
[2023-05-11T20:50:06.357+0000][47.474s] GC(11) Old regions: 42->51
[2023-05-11T20:50:06.358+0000][47.474s] GC(11) Archive regions: 2->2
[2023-05-11T20:50:06.358+0000][47.474s] GC(11) Humongous regions: 6->6
[2023-05-11T20:50:06.358+0000][47.474s] GC(11) Metaspace: 55460K(56000K)->55460K(56000K) NonClass: 48479K(48768K)->48479K(48768K) Class: 6980K(7232K)->6980K(7232K)
[2023-05-11T20:50:06.359+0000][47.475s] GC(11) Pause Young (Normal) (G1 Evacuation Pause) 355M->83M(512M) 10.756ms
[2023-05-11T20:50:06.359+0000][47.475s] GC(11) User=0.02s Sys=0.00s Real=0.01s
[2023-05-11T20:50:06.822+0000][47.939s] GC(12) Pause Young (Normal) (G1 Evacuation Pause)
[2023-05-11T20:50:06.823+0000][47.939s] GC(12) Using 4 workers of 4 for evacuation
[2023-05-11T20:50:06.830+0000][47.946s] GC(12)   Pre Evacuate Collection Set: 0.1ms
[2023-05-11T20:50:06.830+0000][47.947s] GC(12)   Merge Heap Roots: 0.1ms
[2023-05-11T20:50:06.831+0000][47.947s] GC(12)   Evacuate Collection Set: 6.2ms
[2023-05-11T20:50:06.831+0000][47.947s] GC(12)   Post Evacuate Collection Set: 0.4ms
[2023-05-11T20:50:06.831+0000][47.947s] GC(12)   Other: 0.8ms
[2023-05-11T20:50:06.831+0000][47.948s] GC(12) Eden regions: 280->0(278)
[2023-05-11T20:50:06.832+0000][47.948s] GC(12) Survivor regions: 27->29(39)
[2023-05-11T20:50:06.832+0000][47.948s] GC(12) Old regions: 51->60
[2023-05-11T20:50:06.832+0000][47.949s] GC(12) Archive regions: 2->2
[2023-05-11T20:50:06.833+0000][47.949s] GC(12) Humongous regions: 6->6
[2023-05-11T20:50:06.833+0000][47.949s] GC(12) Metaspace: 55473K(56000K)->55473K(56000K) NonClass: 48492K(48768K)->48492K(48768K) Class: 6980K(7232K)->6980K(7232K)
[2023-05-11T20:50:06.833+0000][47.950s] GC(12) Pause Young (Normal) (G1 Evacuation Pause) 363M->95M(512M) 11.057ms
[2023-05-11T20:50:06.834+0000][47.950s] GC(12) User=0.02s Sys=0.00s Real=0.01s
[2023-05-11T20:50:07.392+0000][48.509s] GC(13) Pause Young (Normal) (G1 Evacuation Pause)
[2023-05-11T20:50:07.393+0000][48.509s] GC(13) Using 4 workers of 4 for evacuation
[2023-05-11T20:50:07.402+0000][48.518s] GC(13)   Pre Evacuate Collection Set: 0.1ms
[2023-05-11T20:50:07.402+0000][48.519s] GC(13)   Merge Heap Roots: 0.1ms
[2023-05-11T20:50:07.403+0000][48.519s] GC(13)   Evacuate Collection Set: 8.3ms
[2023-05-11T20:50:07.403+0000][48.519s] GC(13)   Post Evacuate Collection Set: 0.4ms
[2023-05-11T20:50:07.403+0000][48.520s] GC(13)   Other: 0.7ms
[2023-05-11T20:50:07.404+0000][48.520s] GC(13) Eden regions: 278->0(280)
[2023-05-11T20:50:07.404+0000][48.520s] GC(13) Survivor regions: 29->27(39)
[2023-05-11T20:50:07.404+0000][48.520s] GC(13) Old regions: 60->71
[2023-05-11T20:50:07.404+0000][48.521s] GC(13) Archive regions: 2->2
[2023-05-11T20:50:07.405+0000][48.521s] GC(13) Humongous regions: 12->11
[2023-05-11T20:50:07.405+0000][48.521s] GC(13) Metaspace: 55493K(56000K)->55493K(56000K) NonClass: 48512K(48768K)->48512K(48768K) Class: 6981K(7232K)->6981K(7232K)
[2023-05-11T20:50:07.405+0000][48.522s] GC(13) Pause Young (Normal) (G1 Evacuation Pause) 379M->108M(512M) 12.753ms
[2023-05-11T20:50:07.406+0000][48.522s] GC(13) User=0.01s Sys=0.00s Real=0.01s
[2023-05-11T20:50:07.970+0000][49.087s] GC(14) Pause Young (Normal) (G1 Evacuation Pause)
[2023-05-11T20:50:07.971+0000][49.087s] GC(14) Using 4 workers of 4 for evacuation
[2023-05-11T20:50:07.978+0000][49.094s] GC(14)   Pre Evacuate Collection Set: 0.1ms
[2023-05-11T20:50:07.978+0000][49.095s] GC(14)   Merge Heap Roots: 0.1ms
[2023-05-11T20:50:07.979+0000][49.095s] GC(14)   Evacuate Collection Set: 6.3ms
[2023-05-11T20:50:07.979+0000][49.095s] GC(14)   Post Evacuate Collection Set: 0.4ms
[2023-05-11T20:50:07.979+0000][49.096s] GC(14)   Other: 0.6ms
[2023-05-11T20:50:07.980+0000][49.096s] GC(14) Eden regions: 280->0(280)
[2023-05-11T20:50:07.980+0000][49.096s] GC(14) Survivor regions: 27->27(39)
[2023-05-11T20:50:07.980+0000][49.097s] GC(14) Old regions: 71->80
[2023-05-11T20:50:07.981+0000][49.097s] GC(14) Archive regions: 2->2
[2023-05-11T20:50:07.981+0000][49.097s] GC(14) Humongous regions: 14->14
[2023-05-11T20:50:07.981+0000][49.097s] GC(14) Metaspace: 55507K(56064K)->55507K(56064K) NonClass: 48526K(48832K)->48526K(48832K) Class: 6981K(7232K)->6981K(7232K)
[2023-05-11T20:50:07.981+0000][49.098s] GC(14) Pause Young (Normal) (G1 Evacuation Pause) 391M->121M(512M) 11.071ms
[2023-05-11T20:50:07.982+0000][49.098s] GC(14) User=0.02s Sys=0.00s Real=0.01s
[2023-05-11T20:50:08.479+0000][49.596s] GC(15) Pause Young (Normal) (G1 Evacuation Pause)
[2023-05-11T20:50:08.480+0000][49.596s] GC(15) Using 4 workers of 4 for evacuation
[2023-05-11T20:50:08.487+0000][49.603s] GC(15)   Pre Evacuate Collection Set: 0.1ms
[2023-05-11T20:50:08.488+0000][49.604s] GC(15)   Merge Heap Roots: 0.2ms
[2023-05-11T20:50:08.488+0000][49.604s] GC(15)   Evacuate Collection Set: 6.0ms
[2023-05-11T20:50:08.488+0000][49.605s] GC(15)   Post Evacuate Collection Set: 0.5ms
[2023-05-11T20:50:08.489+0000][49.605s] GC(15)   Other: 1.0ms
[2023-05-11T20:50:08.489+0000][49.605s] GC(15) Eden regions: 280->0(274)
[2023-05-11T20:50:08.489+0000][49.606s] GC(15) Survivor regions: 27->27(39)
[2023-05-11T20:50:08.490+0000][49.606s] GC(15) Old regions: 80->89
[2023-05-11T20:50:08.490+0000][49.606s] GC(15) Archive regions: 2->2
[2023-05-11T20:50:08.490+0000][49.606s] GC(15) Humongous regions: 15->15
[2023-05-11T20:50:08.490+0000][49.607s] GC(15) Metaspace: 55514K(56064K)->55514K(56064K) NonClass: 48533K(48832K)->48533K(48832K) Class: 6981K(7232K)->6981K(7232K)
[2023-05-11T20:50:08.491+0000][49.607s] GC(15) Pause Young (Normal) (G1 Evacuation Pause) 402M->131M(512M) 11.378ms
[2023-05-11T20:50:08.491+0000][49.607s] GC(15) User=0.02s Sys=0.00s Real=0.01s
[2023-05-11T20:50:09.036+0000][50.152s] GC(16) Pause Young (Normal) (G1 Evacuation Pause)
[2023-05-11T20:50:09.036+0000][50.153s] GC(16) Using 4 workers of 4 for evacuation
[2023-05-11T20:50:09.045+0000][50.161s] GC(16)   Pre Evacuate Collection Set: 0.1ms
[2023-05-11T20:50:09.046+0000][50.162s] GC(16)   Merge Heap Roots: 0.2ms
[2023-05-11T20:50:09.046+0000][50.162s] GC(16)   Evacuate Collection Set: 7.7ms
[2023-05-11T20:50:09.046+0000][50.163s] GC(16)   Post Evacuate Collection Set: 0.5ms
[2023-05-11T20:50:09.047+0000][50.163s] GC(16)   Other: 0.7ms
[2023-05-11T20:50:09.047+0000][50.163s] GC(16) Eden regions: 274->0(260)
[2023-05-11T20:50:09.047+0000][50.164s] GC(16) Survivor regions: 27->29(38)
[2023-05-11T20:50:09.047+0000][50.164s] GC(16) Old regions: 89->97
[2023-05-11T20:50:09.048+0000][50.164s] GC(16) Archive regions: 2->2
[2023-05-11T20:50:09.048+0000][50.164s] GC(16) Humongous regions: 18->18
[2023-05-11T20:50:09.048+0000][50.165s] GC(16) Metaspace: 55521K(56064K)->55521K(56064K) NonClass: 48539K(48832K)->48539K(48832K) Class: 6981K(7232K)->6981K(7232K)
[2023-05-11T20:50:09.049+0000][50.165s] GC(16) Pause Young (Normal) (G1 Evacuation Pause) 408M->144M(512M) 12.573ms
[2023-05-11T20:50:09.049+0000][50.165s] GC(16) User=0.02s Sys=0.00s Real=0.01s
[2023-05-11T20:50:09.696+0000][50.812s] GC(17) Pause Young (Normal) (G1 Evacuation Pause)
[2023-05-11T20:50:09.696+0000][50.812s] GC(17) Using 4 workers of 4 for evacuation
[2023-05-11T20:50:09.703+0000][50.820s] GC(17)   Pre Evacuate Collection Set: 0.1ms
[2023-05-11T20:50:09.704+0000][50.820s] GC(17)   Merge Heap Roots: 0.2ms
[2023-05-11T20:50:09.705+0000][50.821s] GC(17)   Evacuate Collection Set: 6.1ms
[2023-05-11T20:50:09.705+0000][50.821s] GC(17)   Post Evacuate Collection Set: 0.5ms
[2023-05-11T20:50:09.705+0000][50.821s] GC(17)   Other: 1.0ms
[2023-05-11T20:50:09.705+0000][50.822s] GC(17) Eden regions: 260->0(252)
[2023-05-11T20:50:09.706+0000][50.822s] GC(17) Survivor regions: 29->28(37)
[2023-05-11T20:50:09.706+0000][50.822s] GC(17) Old regions: 97->106
[2023-05-11T20:50:09.706+0000][50.823s] GC(17) Archive regions: 2->2
[2023-05-11T20:50:09.706+0000][50.823s] GC(17) Humongous regions: 20->19
[2023-05-11T20:50:09.707+0000][50.823s] GC(17) Metaspace: 55535K(56064K)->55535K(56064K) NonClass: 48553K(48832K)->48553K(48832K) Class: 6981K(7232K)->6981K(7232K)
[2023-05-11T20:50:09.707+0000][50.823s] GC(17) Pause Young (Normal) (G1 Evacuation Pause) 406M->153M(512M) 11.515ms
[2023-05-11T20:50:09.707+0000][50.824s] GC(17) User=0.03s Sys=0.00s Real=0.01s
[2023-05-11T20:50:10.118+0000][51.234s] GC(18) Pause Young (Normal) (G1 Evacuation Pause)
[2023-05-11T20:50:10.118+0000][51.235s] GC(18) Using 4 workers of 4 for evacuation
[2023-05-11T20:50:10.126+0000][51.242s] GC(18)   Pre Evacuate Collection Set: 0.2ms
[2023-05-11T20:50:10.127+0000][51.243s] GC(18)   Merge Heap Roots: 0.2ms
[2023-05-11T20:50:10.127+0000][51.243s] GC(18)   Evacuate Collection Set: 6.7ms
[2023-05-11T20:50:10.127+0000][51.244s] GC(18)   Post Evacuate Collection Set: 0.5ms
[2023-05-11T20:50:10.128+0000][51.244s] GC(18)   Other: 0.7ms
[2023-05-11T20:50:10.128+0000][51.244s] GC(18) Eden regions: 252->0(240)
[2023-05-11T20:50:10.128+0000][51.244s] GC(18) Survivor regions: 28->29(35)
[2023-05-11T20:50:10.129+0000][51.245s] GC(18) Old regions: 106->113
[2023-05-11T20:50:10.129+0000][51.245s] GC(18) Archive regions: 2->2
[2023-05-11T20:50:10.129+0000][51.245s] GC(18) Humongous regions: 21->21
[2023-05-11T20:50:10.129+0000][51.246s] GC(18) Metaspace: 55560K(56064K)->55560K(56064K) NonClass: 48579K(48832K)->48579K(48832K) Class: 6981K(7232K)->6981K(7232K)
[2023-05-11T20:50:10.130+0000][51.246s] GC(18) Pause Young (Normal) (G1 Evacuation Pause) 407M->163M(512M) 11.701ms
[2023-05-11T20:50:10.130+0000][51.246s] GC(18) User=0.02s Sys=0.00s Real=0.01s
[2023-05-11T20:50:12.584+0000][53.700s] GC(19) Pause Young (Normal) (G1 Evacuation Pause)
[2023-05-11T20:50:12.584+0000][53.701s] GC(19) Using 4 workers of 4 for evacuation
[2023-05-11T20:50:12.603+0000][53.719s] GC(19)   Pre Evacuate Collection Set: 0.1ms
[2023-05-11T20:50:12.604+0000][53.720s] GC(19)   Merge Heap Roots: 0.2ms
[2023-05-11T20:50:12.604+0000][53.720s] GC(19)   Evacuate Collection Set: 16.1ms
[2023-05-11T20:50:12.604+0000][53.721s] GC(19)   Post Evacuate Collection Set: 1.5ms
[2023-05-11T20:50:12.605+0000][53.721s] GC(19)   Other: 1.6ms
[2023-05-11T20:50:12.605+0000][53.722s] GC(19) Eden regions: 240->0(241)
[2023-05-11T20:50:12.606+0000][53.722s] GC(19) Survivor regions: 29->24(34)
[2023-05-11T20:50:12.606+0000][53.722s] GC(19) Old regions: 113->123
[2023-05-11T20:50:12.606+0000][53.723s] GC(19) Archive regions: 2->2
[2023-05-11T20:50:12.607+0000][53.723s] GC(19) Humongous regions: 27->24
[2023-05-11T20:50:12.607+0000][53.723s] GC(19) Metaspace: 56457K(56960K)->56457K(56960K) NonClass: 49410K(49664K)->49410K(49664K) Class: 7047K(7296K)->7047K(7296K)
[2023-05-11T20:50:12.607+0000][53.724s] GC(19) Pause Young (Normal) (G1 Evacuation Pause) 409M->171M(512M) 23.838ms
[2023-05-11T20:50:12.608+0000][53.724s] GC(19) User=0.06s Sys=0.00s Real=0.02s
[2023-05-11T20:50:13.319+0000][54.435s] GC(20) Pause Young (Normal) (G1 Evacuation Pause)
[2023-05-11T20:50:13.319+0000][54.435s] GC(20) Using 4 workers of 4 for evacuation
[2023-05-11T20:50:13.326+0000][54.442s] GC(20)   Pre Evacuate Collection Set: 0.1ms
[2023-05-11T20:50:13.327+0000][54.443s] GC(20)   Merge Heap Roots: 0.1ms
[2023-05-11T20:50:13.327+0000][54.443s] GC(20)   Evacuate Collection Set: 6.3ms
[2023-05-11T20:50:13.327+0000][54.443s] GC(20)   Post Evacuate Collection Set: 0.5ms
[2023-05-11T20:50:13.327+0000][54.444s] GC(20)   Other: 0.6ms
[2023-05-11T20:50:13.328+0000][54.444s] GC(20) Eden regions: 241->0(249)
[2023-05-11T20:50:13.329+0000][54.445s] GC(20) Survivor regions: 24->6(34)
[2023-05-11T20:50:13.330+0000][54.446s] GC(20) Old regions: 123->142
[2023-05-11T20:50:13.330+0000][54.447s] GC(20) Archive regions: 2->2
[2023-05-11T20:50:13.331+0000][54.447s] GC(20) Humongous regions: 24->24
[2023-05-11T20:50:13.331+0000][54.447s] GC(20) Metaspace: 56465K(56960K)->56465K(56960K) NonClass: 49418K(49664K)->49418K(49664K) Class: 7047K(7296K)->7047K(7296K)
[2023-05-11T20:50:13.331+0000][54.448s] GC(20) Pause Young (Normal) (G1 Evacuation Pause) 412M->172M(512M) 12.671ms
[2023-05-11T20:50:13.332+0000][54.448s] GC(20) User=0.02s Sys=0.00s Real=0.01s
[2023-05-11T20:50:14.276+0000][55.393s] GC(21) Pause Young (Normal) (G1 Evacuation Pause)
[2023-05-11T20:50:14.277+0000][55.393s] GC(21) Using 4 workers of 4 for evacuation
[2023-05-11T20:50:14.282+0000][55.398s] GC(21)   Pre Evacuate Collection Set: 0.1ms
[2023-05-11T20:50:14.283+0000][55.399s] GC(21)   Merge Heap Roots: 0.2ms
[2023-05-11T20:50:14.283+0000][55.399s] GC(21)   Evacuate Collection Set: 4.1ms
[2023-05-11T20:50:14.283+0000][55.400s] GC(21)   Post Evacuate Collection Set: 0.6ms
[2023-05-11T20:50:14.284+0000][55.400s] GC(21)   Other: 0.9ms
[2023-05-11T20:50:14.284+0000][55.400s] GC(21) Eden regions: 249->0(250)
[2023-05-11T20:50:14.284+0000][55.401s] GC(21) Survivor regions: 6->9(32)
[2023-05-11T20:50:14.285+0000][55.401s] GC(21) Old regions: 142->142
[2023-05-11T20:50:14.285+0000][55.401s] GC(21) Archive regions: 2->2
[2023-05-11T20:50:14.285+0000][55.402s] GC(21) Humongous regions: 24->24
[2023-05-11T20:50:14.286+0000][55.402s] GC(21) Metaspace: 56515K(57024K)->56515K(57024K) NonClass: 49465K(49728K)->49465K(49728K) Class: 7050K(7296K)->7050K(7296K)
[2023-05-11T20:50:14.286+0000][55.402s] GC(21) Pause Young (Normal) (G1 Evacuation Pause) 421M->175M(512M) 9.600ms
[2023-05-11T20:50:14.286+0000][55.402s] GC(21) User=0.01s Sys=0.00s Real=0.01s
[2023-05-11T20:50:14.653+0000][55.769s] GC(22) Pause Young (Normal) (G1 Evacuation Pause)
[2023-05-11T20:50:14.654+0000][55.770s] GC(22) Using 4 workers of 4 for evacuation
[2023-05-11T20:50:14.662+0000][55.779s] GC(22)   Pre Evacuate Collection Set: 0.1ms
[2023-05-11T20:50:14.663+0000][55.779s] GC(22)   Merge Heap Roots: 0.1ms
[2023-05-11T20:50:14.663+0000][55.780s] GC(22)   Evacuate Collection Set: 7.7ms
[2023-05-11T20:50:14.664+0000][55.780s] GC(22)   Post Evacuate Collection Set: 0.5ms
[2023-05-11T20:50:14.664+0000][55.780s] GC(22)   Other: 0.9ms
[2023-05-11T20:50:14.664+0000][55.780s] GC(22) Eden regions: 250->0(243)
[2023-05-11T20:50:14.664+0000][55.781s] GC(22) Survivor regions: 9->17(33)
[2023-05-11T20:50:14.665+0000][55.781s] GC(22) Old regions: 142->142
[2023-05-11T20:50:14.665+0000][55.781s] GC(22) Archive regions: 2->2
[2023-05-11T20:50:14.665+0000][55.782s] GC(22) Humongous regions: 24->24
[2023-05-11T20:50:14.666+0000][55.782s] GC(22) Metaspace: 56519K(57024K)->56519K(57024K) NonClass: 49469K(49728K)->49469K(49728K) Class: 7050K(7296K)->7050K(7296K)
[2023-05-11T20:50:14.666+0000][55.782s] GC(22) Pause Young (Normal) (G1 Evacuation Pause) 425M->183M(512M) 12.999ms
[2023-05-11T20:50:14.666+0000][55.783s] GC(22) User=0.02s Sys=0.00s Real=0.01s
[2023-05-11T20:50:15.047+0000][56.163s] GC(23) Pause Young (Normal) (G1 Evacuation Pause)
[2023-05-11T20:50:15.047+0000][56.164s] GC(23) Using 4 workers of 4 for evacuation
[2023-05-11T20:50:15.074+0000][56.190s] GC(23)   Pre Evacuate Collection Set: 0.1ms
[2023-05-11T20:50:15.075+0000][56.191s] GC(23)   Merge Heap Roots: 0.1ms
[2023-05-11T20:50:15.076+0000][56.192s] GC(23)   Evacuate Collection Set: 24.5ms
[2023-05-11T20:50:15.076+0000][56.192s] GC(23)   Post Evacuate Collection Set: 0.9ms
[2023-05-11T20:50:15.077+0000][56.193s] GC(23)   Other: 1.1ms
[2023-05-11T20:50:15.077+0000][56.194s] GC(23) Eden regions: 243->0(233)
[2023-05-11T20:50:15.078+0000][56.194s] GC(23) Survivor regions: 17->26(33)
[2023-05-11T20:50:15.078+0000][56.195s] GC(23) Old regions: 142->142
[2023-05-11T20:50:15.079+0000][56.195s] GC(23) Archive regions: 2->2
[2023-05-11T20:50:15.080+0000][56.196s] GC(23) Humongous regions: 24->24
[2023-05-11T20:50:15.080+0000][56.197s] GC(23) Metaspace: 56524K(57024K)->56524K(57024K) NonClass: 49473K(49728K)->49473K(49728K) Class: 7050K(7296K)->7050K(7296K)
[2023-05-11T20:50:15.081+0000][56.197s] GC(23) Pause Young (Normal) (G1 Evacuation Pause) 426M->192M(512M) 34.059ms
[2023-05-11T20:50:15.081+0000][56.198s] GC(23) User=0.10s Sys=0.00s Real=0.03s
[2023-05-11T20:50:15.475+0000][56.591s] GC(24) Pause Young (Normal) (G1 Evacuation Pause)
[2023-05-11T20:50:15.475+0000][56.592s] GC(24) Using 4 workers of 4 for evacuation
[2023-05-11T20:50:15.485+0000][56.601s] GC(24)   Pre Evacuate Collection Set: 0.1ms
[2023-05-11T20:50:15.485+0000][56.602s] GC(24)   Merge Heap Roots: 0.1ms
[2023-05-11T20:50:15.486+0000][56.602s] GC(24)   Evacuate Collection Set: 8.4ms
[2023-05-11T20:50:15.486+0000][56.602s] GC(24)   Post Evacuate Collection Set: 0.4ms
[2023-05-11T20:50:15.486+0000][56.603s] GC(24)   Other: 0.8ms
[2023-05-11T20:50:15.487+0000][56.603s] GC(24) Eden regions: 233->0(221)
[2023-05-11T20:50:15.487+0000][56.603s] GC(24) Survivor regions: 26->22(33)
[2023-05-11T20:50:15.487+0000][56.604s] GC(24) Old regions: 142->155
[2023-05-11T20:50:15.488+0000][56.604s] GC(24) Archive regions: 2->2
[2023-05-11T20:50:15.488+0000][56.604s] GC(24) Humongous regions: 25->25
[2023-05-11T20:50:15.488+0000][56.604s] GC(24) Metaspace: 56534K(57024K)->56534K(57024K) NonClass: 49484K(49728K)->49484K(49728K) Class: 7050K(7296K)->7050K(7296K)
[2023-05-11T20:50:15.488+0000][56.605s] GC(24) Pause Young (Normal) (G1 Evacuation Pause) 426M->202M(512M) 13.327ms
[2023-05-11T20:50:15.489+0000][56.605s] GC(24) User=0.03s Sys=0.00s Real=0.01s
[2023-05-11T20:50:15.875+0000][56.991s] GC(25) Pause Young (Normal) (G1 Evacuation Pause)
[2023-05-11T20:50:15.875+0000][56.991s] GC(25) Using 4 workers of 4 for evacuation
[2023-05-11T20:50:15.881+0000][56.998s] GC(25)   Pre Evacuate Collection Set: 0.1ms
[2023-05-11T20:50:15.882+0000][56.998s] GC(25)   Merge Heap Roots: 0.1ms
[2023-05-11T20:50:15.882+0000][56.999s] GC(25)   Evacuate Collection Set: 5.7ms
[2023-05-11T20:50:15.883+0000][56.999s] GC(25)   Post Evacuate Collection Set: 0.4ms
[2023-05-11T20:50:15.883+0000][56.999s] GC(25)   Other: 0.6ms
[2023-05-11T20:50:15.883+0000][57.000s] GC(25) Eden regions: 221->0(211)
[2023-05-11T20:50:15.884+0000][57.000s] GC(25) Survivor regions: 22->22(31)
[2023-05-11T20:50:15.884+0000][57.000s] GC(25) Old regions: 155->163
[2023-05-11T20:50:15.884+0000][57.000s] GC(25) Archive regions: 2->2
[2023-05-11T20:50:15.884+0000][57.001s] GC(25) Humongous regions: 25->25
[2023-05-11T20:50:15.885+0000][57.001s] GC(25) Metaspace: 56556K(57024K)->56556K(57024K) NonClass: 49506K(49728K)->49506K(49728K) Class: 7050K(7296K)->7050K(7296K)
[2023-05-11T20:50:15.885+0000][57.001s] GC(25) Pause Young (Normal) (G1 Evacuation Pause) 423M->210M(512M) 10.473ms
[2023-05-11T20:50:15.885+0000][57.002s] GC(25) User=0.03s Sys=0.00s Real=0.01s
[2023-05-11T20:50:16.211+0000][57.328s] GC(26) Pause Young (Normal) (G1 Evacuation Pause)
[2023-05-11T20:50:16.212+0000][57.328s] GC(26) Using 4 workers of 4 for evacuation
[2023-05-11T20:50:16.219+0000][57.335s] GC(26)   Pre Evacuate Collection Set: 0.1ms
[2023-05-11T20:50:16.220+0000][57.336s] GC(26)   Merge Heap Roots: 0.1ms
[2023-05-11T20:50:16.220+0000][57.336s] GC(26)   Evacuate Collection Set: 6.3ms
[2023-05-11T20:50:16.220+0000][57.337s] GC(26)   Post Evacuate Collection Set: 0.4ms
[2023-05-11T20:50:16.221+0000][57.337s] GC(26)   Other: 0.8ms
[2023-05-11T20:50:16.221+0000][57.337s] GC(26) Eden regions: 211->0(200)
[2023-05-11T20:50:16.221+0000][57.338s] GC(26) Survivor regions: 22->22(30)
[2023-05-11T20:50:16.221+0000][57.338s] GC(26) Old regions: 163->172
[2023-05-11T20:50:16.222+0000][57.338s] GC(26) Archive regions: 2->2
[2023-05-11T20:50:16.222+0000][57.338s] GC(26) Humongous regions: 28->27
[2023-05-11T20:50:16.222+0000][57.339s] GC(26) Metaspace: 56558K(57024K)->56558K(57024K) NonClass: 49507K(49728K)->49507K(49728K) Class: 7050K(7296K)->7050K(7296K)
[2023-05-11T20:50:16.223+0000][57.339s] GC(26) Pause Young (Normal) (G1 Evacuation Pause) 424M->221M(512M) 11.581ms
[2023-05-11T20:50:16.223+0000][57.340s] GC(26) User=0.02s Sys=0.00s Real=0.02s
[2023-05-11T20:50:16.542+0000][57.659s] GC(27) Pause Young (Normal) (G1 Evacuation Pause)
[2023-05-11T20:50:16.543+0000][57.659s] GC(27) Using 4 workers of 4 for evacuation
[2023-05-11T20:50:16.551+0000][57.668s] GC(27)   Pre Evacuate Collection Set: 0.1ms
[2023-05-11T20:50:16.552+0000][57.668s] GC(27)   Merge Heap Roots: 0.2ms
[2023-05-11T20:50:16.552+0000][57.669s] GC(27)   Evacuate Collection Set: 7.4ms
[2023-05-11T20:50:16.553+0000][57.669s] GC(27)   Post Evacuate Collection Set: 0.4ms
[2023-05-11T20:50:16.553+0000][57.669s] GC(27)   Other: 0.9ms
[2023-05-11T20:50:16.553+0000][57.669s] GC(27) Eden regions: 200->0(187)
[2023-05-11T20:50:16.553+0000][57.670s] GC(27) Survivor regions: 22->21(28)
[2023-05-11T20:50:16.554+0000][57.670s] GC(27) Old regions: 172->180
[2023-05-11T20:50:16.554+0000][57.670s] GC(27) Archive regions: 2->2
[2023-05-11T20:50:16.554+0000][57.671s] GC(27) Humongous regions: 33->33
[2023-05-11T20:50:16.555+0000][57.671s] GC(27) Metaspace: 56560K(57024K)->56560K(57024K) NonClass: 49510K(49728K)->49510K(49728K) Class: 7050K(7296K)->7050K(7296K)
[2023-05-11T20:50:16.555+0000][57.671s] GC(27) Pause Young (Normal) (G1 Evacuation Pause) 427M->233M(512M) 12.513ms
[2023-05-11T20:50:16.555+0000][57.672s] GC(27) User=0.02s Sys=0.00s Real=0.01s
[2023-05-11T20:50:17.095+0000][58.211s] GC(28) Pause Young (Normal) (G1 Evacuation Pause)
[2023-05-11T20:50:17.096+0000][58.212s] GC(28) Using 4 workers of 4 for evacuation
[2023-05-11T20:50:17.103+0000][58.219s] GC(28)   Pre Evacuate Collection Set: 0.1ms
[2023-05-11T20:50:17.103+0000][58.220s] GC(28)   Merge Heap Roots: 0.1ms
[2023-05-11T20:50:17.104+0000][58.220s] GC(28)   Evacuate Collection Set: 5.9ms
[2023-05-11T20:50:17.104+0000][58.220s] GC(28)   Post Evacuate Collection Set: 0.6ms
[2023-05-11T20:50:17.104+0000][58.220s] GC(28)   Other: 0.8ms
[2023-05-11T20:50:17.104+0000][58.221s] GC(28) Eden regions: 187->0(177)
[2023-05-11T20:50:17.105+0000][58.221s] GC(28) Survivor regions: 21->21(26)
[2023-05-11T20:50:17.105+0000][58.221s] GC(28) Old regions: 180->186
[2023-05-11T20:50:17.105+0000][58.221s] GC(28) Archive regions: 2->2
[2023-05-11T20:50:17.105+0000][58.222s] GC(28) Humongous regions: 35->35
[2023-05-11T20:50:17.106+0000][58.222s] GC(28) Metaspace: 56561K(57024K)->56561K(57024K) NonClass: 49510K(49728K)->49510K(49728K) Class: 7050K(7296K)->7050K(7296K)
[2023-05-11T20:50:17.106+0000][58.222s] GC(28) Pause Young (Normal) (G1 Evacuation Pause) 422M->242M(512M) 10.969ms
[2023-05-11T20:50:17.106+0000][58.223s] GC(28) User=0.02s Sys=0.00s Real=0.01s
[2023-05-11T20:50:17.630+0000][58.746s] GC(29) Pause Young (Normal) (G1 Evacuation Pause)
[2023-05-11T20:50:17.630+0000][58.747s] GC(29) Using 4 workers of 4 for evacuation
[2023-05-11T20:50:17.637+0000][58.754s] GC(29)   Pre Evacuate Collection Set: 0.1ms
[2023-05-11T20:50:17.638+0000][58.754s] GC(29)   Merge Heap Roots: 0.1ms
[2023-05-11T20:50:17.638+0000][58.755s] GC(29)   Evacuate Collection Set: 6.1ms
[2023-05-11T20:50:17.639+0000][58.755s] GC(29)   Post Evacuate Collection Set: 0.4ms
[2023-05-11T20:50:17.639+0000][58.755s] GC(29)   Other: 0.7ms
[2023-05-11T20:50:17.639+0000][58.756s] GC(29) Eden regions: 177->0(168)
[2023-05-11T20:50:17.639+0000][58.756s] GC(29) Survivor regions: 21->24(25)
[2023-05-11T20:50:17.640+0000][58.756s] GC(29) Old regions: 186->192
[2023-05-11T20:50:17.640+0000][58.756s] GC(29) Archive regions: 2->2
[2023-05-11T20:50:17.640+0000][58.757s] GC(29) Humongous regions: 36->36
[2023-05-11T20:50:17.641+0000][58.757s] GC(29) Metaspace: 56562K(57024K)->56562K(57024K) NonClass: 49511K(49728K)->49511K(49728K) Class: 7050K(7296K)->7050K(7296K)
[2023-05-11T20:50:17.641+0000][58.757s] GC(29) Pause Young (Normal) (G1 Evacuation Pause) 420M->252M(512M) 10.833ms
[2023-05-11T20:50:17.641+0000][58.757s] GC(29) User=0.02s Sys=0.00s Real=0.01s
[2023-05-11T20:50:17.767+0000][58.883s] GC(30) Pause Young (Concurrent Start) (G1 Humongous Allocation)
[2023-05-11T20:50:17.767+0000][58.884s] GC(30) Using 4 workers of 4 for evacuation
[2023-05-11T20:50:17.774+0000][58.890s] GC(30)   Pre Evacuate Collection Set: 0.2ms
[2023-05-11T20:50:17.774+0000][58.891s] GC(30)   Merge Heap Roots: 0.1ms
[2023-05-11T20:50:17.775+0000][58.891s] GC(30)   Evacuate Collection Set: 5.6ms
[2023-05-11T20:50:17.775+0000][58.891s] GC(30)   Post Evacuate Collection Set: 0.4ms
[2023-05-11T20:50:17.775+0000][58.892s] GC(30)   Other: 1.1ms
[2023-05-11T20:50:17.776+0000][58.892s] GC(30) Eden regions: 64->0(167)
[2023-05-11T20:50:17.776+0000][58.892s] GC(30) Survivor regions: 24->20(24)
[2023-05-11T20:50:17.776+0000][58.892s] GC(30) Old regions: 192->198
[2023-05-11T20:50:17.776+0000][58.893s] GC(30) Archive regions: 2->2
[2023-05-11T20:50:17.777+0000][58.893s] GC(30) Humongous regions: 36->36
[2023-05-11T20:50:17.777+0000][58.893s] GC(30) Metaspace: 56562K(57024K)->56562K(57024K) NonClass: 49511K(49728K)->49511K(49728K) Class: 7050K(7296K)->7050K(7296K)
[2023-05-11T20:50:17.777+0000][58.894s] GC(30) Pause Young (Concurrent Start) (G1 Humongous Allocation) 316M->254M(512M) 10.732ms
[2023-05-11T20:50:17.778+0000][58.894s] GC(30) User=0.02s Sys=0.00s Real=0.01s
[2023-05-11T20:50:17.778+0000][58.894s] GC(31) Concurrent Mark Cycle
[2023-05-11T20:50:17.778+0000][58.895s] GC(31) Concurrent Clear Claimed Marks
[2023-05-11T20:50:17.779+0000][58.895s] GC(31) Concurrent Clear Claimed Marks 0.411ms
[2023-05-11T20:50:17.779+0000][58.895s] GC(31) Concurrent Scan Root Regions
[2023-05-11T20:50:17.782+0000][58.898s] GC(31) Concurrent Scan Root Regions 2.629ms
[2023-05-11T20:50:17.782+0000][58.898s] GC(31) Concurrent Mark
[2023-05-11T20:50:17.782+0000][58.899s] GC(31) Concurrent Mark From Roots
[2023-05-11T20:50:17.783+0000][58.899s] GC(31) Using 1 workers of 1 for marking
[2023-05-11T20:50:17.841+0000][58.957s] GC(31) Concurrent Mark From Roots 58.223ms
[2023-05-11T20:50:17.841+0000][58.957s] GC(31) Concurrent Preclean
[2023-05-11T20:50:17.842+0000][58.958s] GC(31) Concurrent Preclean 0.547ms
[2023-05-11T20:50:17.842+0000][58.959s] GC(31) Pause Remark
[2023-05-11T20:50:17.848+0000][58.964s] GC(31) Pause Remark 286M->227M(512M) 5.519ms
[2023-05-11T20:50:17.848+0000][58.965s] GC(31) User=0.01s Sys=0.00s Real=0.00s
[2023-05-11T20:50:17.849+0000][58.965s] GC(31) Concurrent Mark 66.506ms
[2023-05-11T20:50:17.849+0000][58.965s] GC(31) Concurrent Rebuild Remembered Sets
[2023-05-11T20:50:17.883+0000][58.999s] GC(31) Concurrent Rebuild Remembered Sets 33.614ms
[2023-05-11T20:50:17.883+0000][58.999s] GC(31) Pause Cleanup
[2023-05-11T20:50:17.884+0000][59.000s] GC(31) Pause Cleanup 246M->246M(512M) 0.462ms
[2023-05-11T20:50:17.884+0000][59.000s] GC(31) User=0.00s Sys=0.00s Real=0.00s
[2023-05-11T20:50:17.884+0000][59.001s] GC(31) Concurrent Cleanup for Next Mark
[2023-05-11T20:50:17.887+0000][59.003s] GC(31) Concurrent Cleanup for Next Mark 2.554ms
[2023-05-11T20:50:17.887+0000][59.003s] GC(31) Concurrent Mark Cycle 109.124ms
[2023-05-11T20:50:18.257+0000][59.374s] GC(32) Pause Young (Prepare Mixed) (G1 Evacuation Pause)
[2023-05-11T20:50:18.258+0000][59.374s] GC(32) Using 4 workers of 4 for evacuation
[2023-05-11T20:50:18.265+0000][59.381s] GC(32)   Pre Evacuate Collection Set: 0.1ms
[2023-05-11T20:50:18.265+0000][59.382s] GC(32)   Merge Heap Roots: 0.1ms
[2023-05-11T20:50:18.266+0000][59.382s] GC(32)   Evacuate Collection Set: 6.3ms
[2023-05-11T20:50:18.266+0000][59.382s] GC(32)   Post Evacuate Collection Set: 0.4ms
[2023-05-11T20:50:18.266+0000][59.382s] GC(32)   Other: 0.7ms
[2023-05-11T20:50:18.267+0000][59.383s] GC(32) Eden regions: 167->0(10)
[2023-05-11T20:50:18.267+0000][59.383s] GC(32) Survivor regions: 20->15(24)
[2023-05-11T20:50:18.267+0000][59.384s] GC(32) Old regions: 158->168
[2023-05-11T20:50:18.268+0000][59.384s] GC(32) Archive regions: 2->2
[2023-05-11T20:50:18.268+0000][59.384s] GC(32) Humongous regions: 18->18
[2023-05-11T20:50:18.268+0000][59.384s] GC(32) Metaspace: 56565K(57024K)->56565K(57024K) NonClass: 49515K(49728K)->49515K(49728K) Class: 7050K(7296K)->7050K(7296K)
[2023-05-11T20:50:18.269+0000][59.385s] GC(32) Pause Young (Prepare Mixed) (G1 Evacuation Pause) 363M->200M(512M) 11.572ms
[2023-05-11T20:50:18.269+0000][59.385s] GC(32) User=0.02s Sys=0.00s Real=0.01s
[2023-05-11T20:50:18.285+0000][59.401s] GC(33) Pause Young (Mixed) (G1 Evacuation Pause)
[2023-05-11T20:50:18.285+0000][59.402s] GC(33) Using 4 workers of 4 for evacuation
[2023-05-11T20:50:18.292+0000][59.409s] GC(33)   Pre Evacuate Collection Set: 0.1ms
[2023-05-11T20:50:18.293+0000][59.409s] GC(33)   Merge Heap Roots: 0.1ms
[2023-05-11T20:50:18.293+0000][59.410s] GC(33)   Evacuate Collection Set: 5.5ms
[2023-05-11T20:50:18.294+0000][59.410s] GC(33)   Post Evacuate Collection Set: 1.1ms
[2023-05-11T20:50:18.294+0000][59.410s] GC(33)   Other: 0.7ms
[2023-05-11T20:50:18.294+0000][59.411s] GC(33) Eden regions: 10->0(241)
[2023-05-11T20:50:18.295+0000][59.411s] GC(33) Survivor regions: 15->2(4)
[2023-05-11T20:50:18.295+0000][59.411s] GC(33) Old regions: 168->154
[2023-05-11T20:50:18.295+0000][59.412s] GC(33) Archive regions: 2->2
[2023-05-11T20:50:18.296+0000][59.412s] GC(33) Humongous regions: 18->18
[2023-05-11T20:50:18.296+0000][59.412s] GC(33) Metaspace: 56565K(57024K)->56565K(57024K) NonClass: 49515K(49728K)->49515K(49728K) Class: 7050K(7296K)->7050K(7296K)
[2023-05-11T20:50:18.296+0000][59.412s] GC(33) Pause Young (Mixed) (G1 Evacuation Pause) 210M->173M(512M) 11.034ms
[2023-05-11T20:50:18.296+0000][59.413s] GC(33) User=0.02s Sys=0.00s Real=0.01s
[2023-05-11T20:50:18.789+0000][59.905s] GC(34) Pause Young (Normal) (G1 Evacuation Pause)
[2023-05-11T20:50:18.789+0000][59.905s] GC(34) Using 4 workers of 4 for evacuation
[2023-05-11T20:50:18.795+0000][59.911s] GC(34)   Pre Evacuate Collection Set: 0.1ms
[2023-05-11T20:50:18.795+0000][59.912s] GC(34)   Merge Heap Roots: 0.1ms
[2023-05-11T20:50:18.796+0000][59.912s] GC(34)   Evacuate Collection Set: 5.0ms
[2023-05-11T20:50:18.796+0000][59.912s] GC(34)   Post Evacuate Collection Set: 0.5ms
[2023-05-11T20:50:18.796+0000][59.913s] GC(34)   Other: 0.6ms
[2023-05-11T20:50:18.797+0000][59.913s] GC(34) Eden regions: 241->0(228)
[2023-05-11T20:50:18.797+0000][59.913s] GC(34) Survivor regions: 2->16(31)
[2023-05-11T20:50:18.797+0000][59.914s] GC(34) Old regions: 154->154
[2023-05-11T20:50:18.798+0000][59.914s] GC(34) Archive regions: 2->2
[2023-05-11T20:50:18.798+0000][59.914s] GC(34) Humongous regions: 18->18
[2023-05-11T20:50:18.798+0000][59.915s] GC(34) Metaspace: 56579K(57088K)->56579K(57088K) NonClass: 49528K(49792K)->49528K(49792K) Class: 7051K(7296K)->7051K(7296K)
[2023-05-11T20:50:18.799+0000][59.915s] GC(34) Pause Young (Normal) (G1 Evacuation Pause) 414M->187M(512M) 9.916ms
[2023-05-11T20:50:18.799+0000][59.915s] GC(34) User=0.01s Sys=0.00s Real=0.01s
[2023-05-11T20:50:19.202+0000][60.318s] GC(35) Pause Young (Normal) (G1 Evacuation Pause)
[2023-05-11T20:50:19.202+0000][60.318s] GC(35) Using 4 workers of 4 for evacuation
[2023-05-11T20:50:19.207+0000][60.323s] GC(35)   Pre Evacuate Collection Set: 0.1ms
[2023-05-11T20:50:19.207+0000][60.323s] GC(35)   Merge Heap Roots: 0.1ms
[2023-05-11T20:50:19.208+0000][60.324s] GC(35)   Evacuate Collection Set: 3.8ms
[2023-05-11T20:50:19.208+0000][60.324s] GC(35)   Post Evacuate Collection Set: 0.5ms
[2023-05-11T20:50:19.208+0000][60.324s] GC(35)   Other: 0.6ms
[2023-05-11T20:50:19.208+0000][60.325s] GC(35) Eden regions: 228->0(221)
[2023-05-11T20:50:19.209+0000][60.325s] GC(35) Survivor regions: 16->25(31)
[2023-05-11T20:50:19.209+0000][60.325s] GC(35) Old regions: 154->154
[2023-05-11T20:50:19.209+0000][60.326s] GC(35) Archive regions: 2->2
[2023-05-11T20:50:19.210+0000][60.326s] GC(35) Humongous regions: 18->18
[2023-05-11T20:50:19.210+0000][60.326s] GC(35) Metaspace: 56581K(57088K)->56581K(57088K) NonClass: 49530K(49792K)->49530K(49792K) Class: 7051K(7296K)->7051K(7296K)
[2023-05-11T20:50:19.210+0000][60.326s] GC(35) Pause Young (Normal) (G1 Evacuation Pause) 415M->197M(512M) 8.508ms
[2023-05-11T20:50:19.210+0000][60.327s] GC(35) User=0.01s Sys=0.00s Real=0.01s
[2023-05-11T20:50:19.798+0000][60.914s] GC(36) Pause Young (Normal) (G1 Evacuation Pause)
[2023-05-11T20:50:19.799+0000][60.915s] GC(36) Using 4 workers of 4 for evacuation
[2023-05-11T20:50:19.807+0000][60.923s] GC(36)   Pre Evacuate Collection Set: 0.1ms
[2023-05-11T20:50:19.807+0000][60.923s] GC(36)   Merge Heap Roots: 0.1ms
[2023-05-11T20:50:19.807+0000][60.924s] GC(36)   Evacuate Collection Set: 6.8ms
[2023-05-11T20:50:19.808+0000][60.924s] GC(36)   Post Evacuate Collection Set: 0.5ms
[2023-05-11T20:50:19.808+0000][60.924s] GC(36)   Other: 1.2ms
[2023-05-11T20:50:19.808+0000][60.925s] GC(36) Eden regions: 221->0(213)
[2023-05-11T20:50:19.809+0000][60.925s] GC(36) Survivor regions: 25->20(31)
[2023-05-11T20:50:19.809+0000][60.925s] GC(36) Old regions: 154->167
[2023-05-11T20:50:19.809+0000][60.926s] GC(36) Archive regions: 2->2
[2023-05-11T20:50:19.810+0000][60.926s] GC(36) Humongous regions: 19->19
[2023-05-11T20:50:19.810+0000][60.926s] GC(36) Metaspace: 56613K(57152K)->56613K(57152K) NonClass: 49561K(49856K)->49561K(49856K) Class: 7051K(7296K)->7051K(7296K)
[2023-05-11T20:50:19.810+0000][60.927s] GC(36) Pause Young (Normal) (G1 Evacuation Pause) 419M->206M(512M) 12.318ms
[2023-05-11T20:50:19.811+0000][60.927s] GC(36) User=0.03s Sys=0.00s Real=0.01s
[2023-05-11T20:50:20.011+0000][61.127s] GC(37) Pause Young (Normal) (G1 Evacuation Pause)
[2023-05-11T20:50:20.011+0000][61.128s] GC(37) Using 4 workers of 4 for evacuation
[2023-05-11T20:50:20.017+0000][61.134s] GC(37)   Pre Evacuate Collection Set: 0.1ms
[2023-05-11T20:50:20.018+0000][61.134s] GC(37)   Merge Heap Roots: 0.1ms
[2023-05-11T20:50:20.018+0000][61.135s] GC(37)   Evacuate Collection Set: 4.6ms
[2023-05-11T20:50:20.019+0000][61.135s] GC(37)   Post Evacuate Collection Set: 0.6ms
[2023-05-11T20:50:20.019+0000][61.135s] GC(37)   Other: 1.1ms
[2023-05-11T20:50:20.019+0000][61.135s] GC(37) Eden regions: 213->0(214)
[2023-05-11T20:50:20.019+0000][61.136s] GC(37) Survivor regions: 20->15(30)
[2023-05-11T20:50:20.020+0000][61.136s] GC(37) Old regions: 167->175
[2023-05-11T20:50:20.020+0000][61.136s] GC(37) Archive regions: 2->2
[2023-05-11T20:50:20.020+0000][61.137s] GC(37) Humongous regions: 19->19
[2023-05-11T20:50:20.021+0000][61.137s] GC(37) Metaspace: 56614K(57152K)->56614K(57152K) NonClass: 49563K(49856K)->49563K(49856K) Class: 7051K(7296K)->7051K(7296K)
[2023-05-11T20:50:20.021+0000][61.137s] GC(37) Pause Young (Normal) (G1 Evacuation Pause) 419M->208M(512M) 9.988ms
[2023-05-11T20:50:20.021+0000][61.138s] GC(37) User=0.02s Sys=0.00s Real=0.01s
[2023-05-11T20:50:20.235+0000][61.351s] GC(38) Pause Young (Normal) (G1 Evacuation Pause)
[2023-05-11T20:50:20.235+0000][61.352s] GC(38) Using 4 workers of 4 for evacuation
[2023-05-11T20:50:20.239+0000][61.355s] GC(38)   Pre Evacuate Collection Set: 0.1ms
[2023-05-11T20:50:20.239+0000][61.356s] GC(38)   Merge Heap Roots: 0.1ms
[2023-05-11T20:50:20.240+0000][61.356s] GC(38)   Evacuate Collection Set: 2.4ms
[2023-05-11T20:50:20.240+0000][61.356s] GC(38)   Post Evacuate Collection Set: 0.5ms
[2023-05-11T20:50:20.240+0000][61.356s] GC(38)   Other: 0.6ms
[2023-05-11T20:50:20.240+0000][61.357s] GC(38) Eden regions: 214->0(211)
[2023-05-11T20:50:20.241+0000][61.357s] GC(38) Survivor regions: 15->19(29)
[2023-05-11T20:50:20.241+0000][61.357s] GC(38) Old regions: 175->175
[2023-05-11T20:50:20.241+0000][61.358s] GC(38) Archive regions: 2->2
[2023-05-11T20:50:20.242+0000][61.358s] GC(38) Humongous regions: 19->19
[2023-05-11T20:50:20.242+0000][61.358s] GC(38) Metaspace: 56615K(57152K)->56615K(57152K) NonClass: 49564K(49856K)->49564K(49856K) Class: 7051K(7296K)->7051K(7296K)
[2023-05-11T20:50:20.242+0000][61.358s] GC(38) Pause Young (Normal) (G1 Evacuation Pause) 422M->212M(512M) 6.988ms
[2023-05-11T20:50:20.242+0000][61.359s] GC(38) User=0.01s Sys=0.00s Real=0.01s
[2023-05-11T20:50:20.541+0000][61.659s] GC(39) Pause Young (Normal) (G1 Evacuation Pause)
[2023-05-11T20:50:20.542+0000][61.659s] GC(39) Using 4 workers of 4 for evacuation
[2023-05-11T20:50:20.548+0000][61.665s] GC(39)   Pre Evacuate Collection Set: 0.1ms
[2023-05-11T20:50:20.548+0000][61.665s] GC(39)   Merge Heap Roots: 0.1ms
[2023-05-11T20:50:20.549+0000][61.666s] GC(39)   Evacuate Collection Set: 5.0ms
[2023-05-11T20:50:20.549+0000][61.667s] GC(39)   Post Evacuate Collection Set: 0.5ms
[2023-05-11T20:50:20.550+0000][61.667s] GC(39)   Other: 0.7ms
[2023-05-11T20:50:20.550+0000][61.668s] GC(39) Eden regions: 211->0(203)
[2023-05-11T20:50:20.551+0000][61.668s] GC(39) Survivor regions: 19->19(29)
[2023-05-11T20:50:20.551+0000][61.668s] GC(39) Old regions: 175->182
[2023-05-11T20:50:20.551+0000][61.669s] GC(39) Archive regions: 2->2
[2023-05-11T20:50:20.552+0000][61.669s] GC(39) Humongous regions: 19->19
[2023-05-11T20:50:20.552+0000][61.669s] GC(39) Metaspace: 56622K(57152K)->56622K(57152K) NonClass: 49571K(49856K)->49571K(49856K) Class: 7051K(7296K)->7051K(7296K)
[2023-05-11T20:50:20.552+0000][61.670s] GC(39) Pause Young (Normal) (G1 Evacuation Pause) 423M->219M(512M) 10.997ms
[2023-05-11T20:50:20.553+0000][61.670s] GC(39) User=0.01s Sys=0.00s Real=0.01s
[2023-05-11T20:50:20.768+0000][61.885s] GC(40) Pause Young (Normal) (G1 Evacuation Pause)
[2023-05-11T20:50:20.768+0000][61.885s] GC(40) Using 4 workers of 4 for evacuation
[2023-05-11T20:50:20.773+0000][61.891s] GC(40)   Pre Evacuate Collection Set: 0.1ms
[2023-05-11T20:50:20.774+0000][61.891s] GC(40)   Merge Heap Roots: 0.1ms
[2023-05-11T20:50:20.774+0000][61.891s] GC(40)   Evacuate Collection Set: 4.5ms
[2023-05-11T20:50:20.775+0000][61.892s] GC(40)   Post Evacuate Collection Set: 0.4ms
[2023-05-11T20:50:20.775+0000][61.892s] GC(40)   Other: 0.6ms
[2023-05-11T20:50:20.775+0000][61.892s] GC(40) Eden regions: 203->0(203)
[2023-05-11T20:50:20.776+0000][61.893s] GC(40) Survivor regions: 19->16(28)
[2023-05-11T20:50:20.776+0000][61.893s] GC(40) Old regions: 182->188
[2023-05-11T20:50:20.776+0000][61.893s] GC(40) Archive regions: 2->2
[2023-05-11T20:50:20.776+0000][61.893s] GC(40) Humongous regions: 19->19
[2023-05-11T20:50:20.776+0000][61.894s] GC(40) Metaspace: 56631K(57152K)->56631K(57152K) NonClass: 49579K(49856K)->49579K(49856K) Class: 7051K(7296K)->7051K(7296K)
[2023-05-11T20:50:20.777+0000][61.894s] GC(40) Pause Young (Normal) (G1 Evacuation Pause) 422M->223M(512M) 9.044ms
[2023-05-11T20:50:20.777+0000][61.894s] GC(40) User=0.01s Sys=0.00s Real=0.01s
[2023-05-11T20:50:20.994+0000][62.111s] GC(41) Pause Young (Normal) (G1 Evacuation Pause)
[2023-05-11T20:50:20.994+0000][62.111s] GC(41) Using 4 workers of 4 for evacuation
[2023-05-11T20:50:20.999+0000][62.116s] GC(41)   Pre Evacuate Collection Set: 0.1ms
[2023-05-11T20:50:20.999+0000][62.116s] GC(41)   Merge Heap Roots: 0.1ms
[2023-05-11T20:50:20.999+0000][62.117s] GC(41)   Evacuate Collection Set: 3.7ms
[2023-05-11T20:50:21.000+0000][62.117s] GC(41)   Post Evacuate Collection Set: 0.4ms
[2023-05-11T20:50:21.000+0000][62.117s] GC(41)   Other: 0.7ms
[2023-05-11T20:50:21.000+0000][62.118s] GC(41) Eden regions: 203->0(195)
[2023-05-11T20:50:21.001+0000][62.118s] GC(41) Survivor regions: 16->15(28)
[2023-05-11T20:50:21.001+0000][62.118s] GC(41) Old regions: 188->195
[2023-05-11T20:50:21.001+0000][62.119s] GC(41) Archive regions: 2->2
[2023-05-11T20:50:21.002+0000][62.119s] GC(41) Humongous regions: 19->19
[2023-05-11T20:50:21.002+0000][62.119s] GC(41) Metaspace: 56632K(57152K)->56632K(57152K) NonClass: 49581K(49856K)->49581K(49856K) Class: 7051K(7296K)->7051K(7296K)
[2023-05-11T20:50:21.002+0000][62.119s] GC(41) Pause Young (Normal) (G1 Evacuation Pause) 426M->228M(512M) 8.595ms
[2023-05-11T20:50:21.003+0000][62.120s] GC(41) User=0.02s Sys=0.00s Real=0.01s
[2023-05-11T20:50:21.582+0000][62.699s] GC(42) Pause Young (Normal) (G1 Evacuation Pause)
[2023-05-11T20:50:21.582+0000][62.699s] GC(42) Using 4 workers of 4 for evacuation
[2023-05-11T20:50:21.588+0000][62.705s] GC(42)   Pre Evacuate Collection Set: 0.1ms
[2023-05-11T20:50:21.589+0000][62.706s] GC(42)   Merge Heap Roots: 0.1ms
[2023-05-11T20:50:21.589+0000][62.706s] GC(42)   Evacuate Collection Set: 5.3ms
[2023-05-11T20:50:21.589+0000][62.706s] GC(42)   Post Evacuate Collection Set: 0.5ms
[2023-05-11T20:50:21.589+0000][62.707s] GC(42)   Other: 0.7ms
[2023-05-11T20:50:21.590+0000][62.707s] GC(42) Eden regions: 195->0(187)
[2023-05-11T20:50:21.590+0000][62.708s] GC(42) Survivor regions: 15->21(27)
[2023-05-11T20:50:21.591+0000][62.708s] GC(42) Old regions: 195->198
[2023-05-11T20:50:21.591+0000][62.708s] GC(42) Archive regions: 2->2
[2023-05-11T20:50:21.591+0000][62.708s] GC(42) Humongous regions: 20->20
[2023-05-11T20:50:21.591+0000][62.709s] GC(42) Metaspace: 56665K(57216K)->56665K(57216K) NonClass: 49612K(49920K)->49612K(49920K) Class: 7052K(7296K)->7052K(7296K)
[2023-05-11T20:50:21.592+0000][62.709s] GC(42) Pause Young (Normal) (G1 Evacuation Pause) 424M->238M(512M) 10.167ms
[2023-05-11T20:50:21.592+0000][62.709s] GC(42) User=0.01s Sys=0.00s Real=0.01s
[2023-05-11T20:50:21.951+0000][63.069s] GC(43) Pause Young (Normal) (G1 Evacuation Pause)
[2023-05-11T20:50:21.952+0000][63.069s] GC(43) Using 4 workers of 4 for evacuation
[2023-05-11T20:50:21.957+0000][63.074s] GC(43)   Pre Evacuate Collection Set: 0.1ms
[2023-05-11T20:50:21.957+0000][63.075s] GC(43)   Merge Heap Roots: 0.1ms
[2023-05-11T20:50:21.958+0000][63.075s] GC(43)   Evacuate Collection Set: 4.3ms
[2023-05-11T20:50:21.958+0000][63.075s] GC(43)   Post Evacuate Collection Set: 0.4ms
[2023-05-11T20:50:21.958+0000][63.076s] GC(43)   Other: 0.6ms
[2023-05-11T20:50:21.959+0000][63.076s] GC(43) Eden regions: 187->0(184)
[2023-05-11T20:50:21.959+0000][63.076s] GC(43) Survivor regions: 21->15(26)
[2023-05-11T20:50:21.959+0000][63.077s] GC(43) Old regions: 198->209
[2023-05-11T20:50:21.960+0000][63.077s] GC(43) Archive regions: 2->2
[2023-05-11T20:50:21.960+0000][63.077s] GC(43) Humongous regions: 21->21
[2023-05-11T20:50:21.960+0000][63.077s] GC(43) Metaspace: 56676K(57216K)->56676K(57216K) NonClass: 49623K(49920K)->49623K(49920K) Class: 7052K(7296K)->7052K(7296K)
[2023-05-11T20:50:21.960+0000][63.078s] GC(43) Pause Young (Normal) (G1 Evacuation Pause) 426M->244M(512M) 8.825ms
[2023-05-11T20:50:21.961+0000][63.078s] GC(43) User=0.01s Sys=0.00s Real=0.00s
[2023-05-11T20:50:22.174+0000][63.291s] GC(44) Pause Young (Concurrent Start) (G1 Evacuation Pause)
[2023-05-11T20:50:22.174+0000][63.292s] GC(44) Using 4 workers of 4 for evacuation
[2023-05-11T20:50:22.179+0000][63.296s] GC(44)   Pre Evacuate Collection Set: 0.2ms
[2023-05-11T20:50:22.179+0000][63.297s] GC(44)   Merge Heap Roots: 0.1ms
[2023-05-11T20:50:22.180+0000][63.297s] GC(44)   Evacuate Collection Set: 3.3ms
[2023-05-11T20:50:22.180+0000][63.297s] GC(44)   Post Evacuate Collection Set: 0.5ms
[2023-05-11T20:50:22.180+0000][63.297s] GC(44)   Other: 0.7ms
[2023-05-11T20:50:22.181+0000][63.298s] GC(44) Eden regions: 184->0(184)
[2023-05-11T20:50:22.181+0000][63.298s] GC(44) Survivor regions: 15->11(25)
[2023-05-11T20:50:22.181+0000][63.298s] GC(44) Old regions: 209->216
[2023-05-11T20:50:22.181+0000][63.299s] GC(44) Archive regions: 2->2
[2023-05-11T20:50:22.182+0000][63.299s] GC(44) Humongous regions: 21->21
[2023-05-11T20:50:22.182+0000][63.299s] GC(44) Metaspace: 56680K(57216K)->56680K(57216K) NonClass: 49627K(49920K)->49627K(49920K) Class: 7052K(7296K)->7052K(7296K)
[2023-05-11T20:50:22.182+0000][63.300s] GC(44) Pause Young (Concurrent Start) (G1 Evacuation Pause) 428M->247M(512M) 8.148ms
[2023-05-11T20:50:22.183+0000][63.300s] GC(44) User=0.01s Sys=0.00s Real=0.01s
[2023-05-11T20:50:22.183+0000][63.300s] GC(45) Concurrent Mark Cycle
[2023-05-11T20:50:22.183+0000][63.301s] GC(45) Concurrent Clear Claimed Marks
[2023-05-11T20:50:22.184+0000][63.301s] GC(45) Concurrent Clear Claimed Marks 0.309ms
[2023-05-11T20:50:22.184+0000][63.301s] GC(45) Concurrent Scan Root Regions
[2023-05-11T20:50:22.185+0000][63.303s] GC(45) Concurrent Scan Root Regions 1.574ms
[2023-05-11T20:50:22.186+0000][63.303s] GC(45) Concurrent Mark
[2023-05-11T20:50:22.186+0000][63.303s] GC(45) Concurrent Mark From Roots
[2023-05-11T20:50:22.186+0000][63.304s] GC(45) Using 1 workers of 1 for marking
[2023-05-11T20:50:22.253+0000][63.371s] GC(45) Concurrent Mark From Roots 67.449ms
[2023-05-11T20:50:22.254+0000][63.371s] GC(45) Concurrent Preclean
[2023-05-11T20:50:22.254+0000][63.372s] GC(45) Concurrent Preclean 0.446ms
[2023-05-11T20:50:22.255+0000][63.372s] GC(45) Pause Remark
[2023-05-11T20:50:22.258+0000][63.375s] GC(45) Pause Remark 305M->273M(512M) 3.383ms
[2023-05-11T20:50:22.259+0000][63.376s] GC(45) User=0.01s Sys=0.00s Real=0.00s
[2023-05-11T20:50:22.259+0000][63.376s] GC(45) Concurrent Mark 73.368ms
[2023-05-11T20:50:22.259+0000][63.377s] GC(45) Concurrent Rebuild Remembered Sets
[2023-05-11T20:50:22.297+0000][63.415s] GC(45) Concurrent Rebuild Remembered Sets 37.926ms
[2023-05-11T20:50:22.298+0000][63.415s] GC(45) Pause Cleanup
[2023-05-11T20:50:22.298+0000][63.416s] GC(45) Pause Cleanup 304M->304M(512M) 0.391ms
[2023-05-11T20:50:22.299+0000][63.416s] GC(45) User=0.00s Sys=0.00s Real=0.00s
[2023-05-11T20:50:22.299+0000][63.416s] GC(45) Concurrent Cleanup for Next Mark
[2023-05-11T20:50:22.301+0000][63.418s] GC(45) Concurrent Cleanup for Next Mark 1.781ms
[2023-05-11T20:50:22.301+0000][63.419s] GC(45) Concurrent Mark Cycle 118.427ms
[2023-05-11T20:50:22.401+0000][63.519s] GC(46) Pause Young (Prepare Mixed) (G1 Evacuation Pause)
[2023-05-11T20:50:22.402+0000][63.519s] GC(46) Using 4 workers of 4 for evacuation
[2023-05-11T20:50:22.405+0000][63.522s] GC(46)   Pre Evacuate Collection Set: 0.1ms
[2023-05-11T20:50:22.406+0000][63.523s] GC(46)   Merge Heap Roots: 0.2ms
[2023-05-11T20:50:22.406+0000][63.523s] GC(46)   Evacuate Collection Set: 2.4ms
[2023-05-11T20:50:22.406+0000][63.524s] GC(46)   Post Evacuate Collection Set: 0.6ms
[2023-05-11T20:50:22.407+0000][63.524s] GC(46)   Other: 0.6ms
[2023-05-11T20:50:22.407+0000][63.524s] GC(46) Eden regions: 184->0(10)
[2023-05-11T20:50:22.407+0000][63.524s] GC(46) Survivor regions: 11->15(25)
[2023-05-11T20:50:22.408+0000][63.525s] GC(46) Old regions: 196->196
[2023-05-11T20:50:22.408+0000][63.525s] GC(46) Archive regions: 2->2
[2023-05-11T20:50:22.408+0000][63.526s] GC(46) Humongous regions: 9->9
[2023-05-11T20:50:22.409+0000][63.526s] GC(46) Metaspace: 56689K(57216K)->56689K(57216K) NonClass: 49636K(49920K)->49636K(49920K) Class: 7052K(7296K)->7052K(7296K)
[2023-05-11T20:50:22.409+0000][63.526s] GC(46) Pause Young (Prepare Mixed) (G1 Evacuation Pause) 399M->220M(512M) 7.405ms
[2023-05-11T20:50:22.409+0000][63.526s] GC(46) User=0.01s Sys=0.00s Real=0.00s
[2023-05-11T20:50:22.423+0000][63.540s] GC(47) Pause Young (Mixed) (G1 Evacuation Pause)
[2023-05-11T20:50:22.423+0000][63.540s] GC(47) Using 4 workers of 4 for evacuation
[2023-05-11T20:50:22.433+0000][63.550s] GC(47)   Pre Evacuate Collection Set: 0.1ms
[2023-05-11T20:50:22.433+0000][63.550s] GC(47)   Merge Heap Roots: 0.1ms
[2023-05-11T20:50:22.433+0000][63.551s] GC(47)   Evacuate Collection Set: 8.6ms
[2023-05-11T20:50:22.434+0000][63.551s] GC(47)   Post Evacuate Collection Set: 0.4ms
[2023-05-11T20:50:22.434+0000][63.551s] GC(47)   Other: 0.7ms
[2023-05-11T20:50:22.434+0000][63.551s] GC(47) Eden regions: 10->0(24)
[2023-05-11T20:50:22.435+0000][63.552s] GC(47) Survivor regions: 15->1(4)
[2023-05-11T20:50:22.435+0000][63.552s] GC(47) Old regions: 196->166
[2023-05-11T20:50:22.435+0000][63.552s] GC(47) Archive regions: 2->2
[2023-05-11T20:50:22.435+0000][63.553s] GC(47) Humongous regions: 9->9
[2023-05-11T20:50:22.436+0000][63.553s] GC(47) Metaspace: 56689K(57216K)->56689K(57216K) NonClass: 49636K(49920K)->49636K(49920K) Class: 7052K(7296K)->7052K(7296K)
[2023-05-11T20:50:22.436+0000][63.553s] GC(47) Pause Young (Mixed) (G1 Evacuation Pause) 230M->176M(512M) 13.341ms
[2023-05-11T20:50:22.436+0000][63.554s] GC(47) User=0.03s Sys=0.00s Real=0.01s
[2023-05-11T20:50:22.461+0000][63.578s] GC(48) Pause Young (Mixed) (G1 Evacuation Pause)
[2023-05-11T20:50:22.461+0000][63.578s] GC(48) Using 4 workers of 4 for evacuation
[2023-05-11T20:50:22.465+0000][63.582s] GC(48)   Pre Evacuate Collection Set: 0.1ms
[2023-05-11T20:50:22.465+0000][63.582s] GC(48)   Merge Heap Roots: 0.1ms
[2023-05-11T20:50:22.465+0000][63.583s] GC(48)   Evacuate Collection Set: 2.8ms
[2023-05-11T20:50:22.466+0000][63.583s] GC(48)   Post Evacuate Collection Set: 0.3ms
[2023-05-11T20:50:22.466+0000][63.583s] GC(48)   Other: 0.6ms
[2023-05-11T20:50:22.466+0000][63.584s] GC(48) Eden regions: 24->0(262)
[2023-05-11T20:50:22.467+0000][63.584s] GC(48) Survivor regions: 1->1(4)
[2023-05-11T20:50:22.467+0000][63.584s] GC(48) Old regions: 166->157
[2023-05-11T20:50:22.467+0000][63.585s] GC(48) Archive regions: 2->2
[2023-05-11T20:50:22.468+0000][63.585s] GC(48) Humongous regions: 9->9
[2023-05-11T20:50:22.468+0000][63.585s] GC(48) Metaspace: 56690K(57216K)->56690K(57216K) NonClass: 49637K(49920K)->49637K(49920K) Class: 7052K(7296K)->7052K(7296K)
[2023-05-11T20:50:22.468+0000][63.585s] GC(48) Pause Young (Mixed) (G1 Evacuation Pause) 200M->167M(512M) 7.586ms
[2023-05-11T20:50:22.469+0000][63.586s] GC(48) User=0.02s Sys=0.00s Real=0.01s
[2023-05-11T20:50:22.846+0000][63.963s] GC(49) Pause Young (Normal) (G1 Evacuation Pause)
[2023-05-11T20:50:22.846+0000][63.963s] GC(49) Using 4 workers of 4 for evacuation
[2023-05-11T20:50:22.851+0000][63.968s] GC(49)   Pre Evacuate Collection Set: 0.1ms
[2023-05-11T20:50:22.851+0000][63.968s] GC(49)   Merge Heap Roots: 0.1ms
[2023-05-11T20:50:22.851+0000][63.969s] GC(49)   Evacuate Collection Set: 3.6ms
[2023-05-11T20:50:22.852+0000][63.969s] GC(49)   Post Evacuate Collection Set: 0.5ms
[2023-05-11T20:50:22.852+0000][63.969s] GC(49)   Other: 0.7ms
[2023-05-11T20:50:22.852+0000][63.970s] GC(49) Eden regions: 262->0(246)
[2023-05-11T20:50:22.853+0000][63.970s] GC(49) Survivor regions: 1->13(33)
[2023-05-11T20:50:22.853+0000][63.970s] GC(49) Old regions: 157->157
[2023-05-11T20:50:22.853+0000][63.971s] GC(49) Archive regions: 2->2
[2023-05-11T20:50:22.854+0000][63.971s] GC(49) Humongous regions: 10->10
[2023-05-11T20:50:22.854+0000][63.971s] GC(49) Metaspace: 56701K(57216K)->56701K(57216K) NonClass: 49648K(49920K)->49648K(49920K) Class: 7053K(7296K)->7053K(7296K)
[2023-05-11T20:50:22.854+0000][63.972s] GC(49) Pause Young (Normal) (G1 Evacuation Pause) 430M->180M(512M) 8.680ms
[2023-05-11T20:50:22.855+0000][63.972s] GC(49) User=0.02s Sys=0.00s Real=0.01s
[2023-05-11T20:50:23.219+0000][64.336s] GC(50) Pause Young (Normal) (G1 Evacuation Pause)
[2023-05-11T20:50:23.219+0000][64.336s] GC(50) Using 4 workers of 4 for evacuation
[2023-05-11T20:50:23.224+0000][64.341s] GC(50)   Pre Evacuate Collection Set: 0.1ms
[2023-05-11T20:50:23.224+0000][64.341s] GC(50)   Merge Heap Roots: 0.1ms
[2023-05-11T20:50:23.224+0000][64.342s] GC(50)   Evacuate Collection Set: 3.8ms
[2023-05-11T20:50:23.225+0000][64.342s] GC(50)   Post Evacuate Collection Set: 0.5ms
[2023-05-11T20:50:23.225+0000][64.342s] GC(50)   Other: 0.7ms
[2023-05-11T20:50:23.225+0000][64.343s] GC(50) Eden regions: 246->0(232)
[2023-05-11T20:50:23.226+0000][64.343s] GC(50) Survivor regions: 13->23(33)
[2023-05-11T20:50:23.226+0000][64.343s] GC(50) Old regions: 157->157
[2023-05-11T20:50:23.226+0000][64.344s] GC(50) Archive regions: 2->2
[2023-05-11T20:50:23.227+0000][64.344s] GC(50) Humongous regions: 10->10
[2023-05-11T20:50:23.227+0000][64.344s] GC(50) Metaspace: 56706K(57216K)->56706K(57216K) NonClass: 49653K(49920K)->49653K(49920K) Class: 7053K(7296K)->7053K(7296K)
[2023-05-11T20:50:23.227+0000][64.344s] GC(50) Pause Young (Normal) (G1 Evacuation Pause) 426M->190M(512M) 8.594ms
[2023-05-11T20:50:23.227+0000][64.345s] GC(50) User=0.02s Sys=0.00s Real=0.01s
[2023-05-11T20:50:23.778+0000][64.895s] GC(51) Pause Young (Normal) (G1 Evacuation Pause)
[2023-05-11T20:50:23.779+0000][64.896s] GC(51) Using 4 workers of 4 for evacuation
[2023-05-11T20:50:23.786+0000][64.903s] GC(51)   Pre Evacuate Collection Set: 0.1ms
[2023-05-11T20:50:23.786+0000][64.904s] GC(51)   Merge Heap Roots: 0.1ms
[2023-05-11T20:50:23.787+0000][64.904s] GC(51)   Evacuate Collection Set: 5.6ms
[2023-05-11T20:50:23.787+0000][64.904s] GC(51)   Post Evacuate Collection Set: 0.4ms
[2023-05-11T20:50:23.787+0000][64.904s] GC(51)   Other: 1.5ms
[2023-05-11T20:50:23.788+0000][64.905s] GC(51) Eden regions: 232->0(219)
[2023-05-11T20:50:23.788+0000][64.905s] GC(51) Survivor regions: 23->24(32)
[2023-05-11T20:50:23.788+0000][64.906s] GC(51) Old regions: 157->165
[2023-05-11T20:50:23.789+0000][64.906s] GC(51) Archive regions: 2->2
[2023-05-11T20:50:23.789+0000][64.906s] GC(51) Humongous regions: 11->11
[2023-05-11T20:50:23.789+0000][64.907s] GC(51) Metaspace: 56712K(57216K)->56712K(57216K) NonClass: 49658K(49920K)->49658K(49920K) Class: 7053K(7296K)->7053K(7296K)
[2023-05-11T20:50:23.790+0000][64.907s] GC(51) Pause Young (Normal) (G1 Evacuation Pause) 423M->199M(512M) 11.644ms
[2023-05-11T20:50:23.790+0000][64.907s] GC(51) User=0.02s Sys=0.00s Real=0.01s
[2023-05-11T20:50:24.166+0000][65.284s] GC(52) Pause Young (Normal) (G1 Evacuation Pause)
[2023-05-11T20:50:24.167+0000][65.284s] GC(52) Using 4 workers of 4 for evacuation
[2023-05-11T20:50:24.172+0000][65.290s] GC(52)   Pre Evacuate Collection Set: 0.1ms
[2023-05-11T20:50:24.173+0000][65.290s] GC(52)   Merge Heap Roots: 0.1ms
[2023-05-11T20:50:24.173+0000][65.290s] GC(52)   Evacuate Collection Set: 4.8ms
[2023-05-11T20:50:24.174+0000][65.291s] GC(52)   Post Evacuate Collection Set: 0.4ms
[2023-05-11T20:50:24.174+0000][65.291s] GC(52)   Other: 0.6ms
[2023-05-11T20:50:24.174+0000][65.292s] GC(52) Eden regions: 219->0(210)
[2023-05-11T20:50:24.175+0000][65.292s] GC(52) Survivor regions: 24->22(31)
[2023-05-11T20:50:24.175+0000][65.292s] GC(52) Old regions: 165->173
[2023-05-11T20:50:24.175+0000][65.292s] GC(52) Archive regions: 2->2
[2023-05-11T20:50:24.176+0000][65.293s] GC(52) Humongous regions: 14->13
[2023-05-11T20:50:24.176+0000][65.293s] GC(52) Metaspace: 56713K(57216K)->56713K(57216K) NonClass: 49659K(49920K)->49659K(49920K) Class: 7053K(7296K)->7053K(7296K)
[2023-05-11T20:50:24.176+0000][65.293s] GC(52) Pause Young (Normal) (G1 Evacuation Pause) 421M->208M(512M) 9.722ms
[2023-05-11T20:50:24.176+0000][65.294s] GC(52) User=0.02s Sys=0.00s Real=0.01s
[2023-05-11T20:50:24.533+0000][65.650s] GC(53) Pause Young (Normal) (G1 Evacuation Pause)
[2023-05-11T20:50:24.533+0000][65.650s] GC(53) Using 4 workers of 4 for evacuation
[2023-05-11T20:50:24.539+0000][65.657s] GC(53)   Pre Evacuate Collection Set: 0.1ms
[2023-05-11T20:50:24.540+0000][65.657s] GC(53)   Merge Heap Roots: 0.1ms
[2023-05-11T20:50:24.540+0000][65.657s] GC(53)   Evacuate Collection Set: 5.3ms
[2023-05-11T20:50:24.540+0000][65.658s] GC(53)   Post Evacuate Collection Set: 0.4ms
[2023-05-11T20:50:24.541+0000][65.658s] GC(53)   Other: 0.8ms
[2023-05-11T20:50:24.541+0000][65.658s] GC(53) Eden regions: 210->0(197)
[2023-05-11T20:50:24.541+0000][65.659s] GC(53) Survivor regions: 22->21(29)
[2023-05-11T20:50:24.542+0000][65.659s] GC(53) Old regions: 173->182
[2023-05-11T20:50:24.542+0000][65.659s] GC(53) Archive regions: 2->2
[2023-05-11T20:50:24.542+0000][65.659s] GC(53) Humongous regions: 17->17
[2023-05-11T20:50:24.542+0000][65.660s] GC(53) Metaspace: 56713K(57216K)->56713K(57216K) NonClass: 49659K(49920K)->49659K(49920K) Class: 7053K(7296K)->7053K(7296K)
[2023-05-11T20:50:24.543+0000][65.660s] GC(53) Pause Young (Normal) (G1 Evacuation Pause) 422M->220M(512M) 10.132ms
[2023-05-11T20:50:24.543+0000][65.660s] GC(53) User=0.01s Sys=0.00s Real=0.01s
[2023-05-11T20:50:24.884+0000][66.001s] GC(54) Pause Young (Normal) (G1 Evacuation Pause)
[2023-05-11T20:50:24.885+0000][66.002s] GC(54) Using 4 workers of 4 for evacuation
[2023-05-11T20:50:24.892+0000][66.009s] GC(54)   Pre Evacuate Collection Set: 0.1ms
[2023-05-11T20:50:24.893+0000][66.010s] GC(54)   Merge Heap Roots: 0.1ms
[2023-05-11T20:50:24.893+0000][66.010s] GC(54)   Evacuate Collection Set: 6.6ms
[2023-05-11T20:50:24.893+0000][66.011s] GC(54)   Post Evacuate Collection Set: 0.4ms
[2023-05-11T20:50:24.894+0000][66.011s] GC(54)   Other: 0.8ms
[2023-05-11T20:50:24.894+0000][66.011s] GC(54) Eden regions: 197->0(187)
[2023-05-11T20:50:24.894+0000][66.012s] GC(54) Survivor regions: 21->21(28)
[2023-05-11T20:50:24.895+0000][66.012s] GC(54) Old regions: 182->188
[2023-05-11T20:50:24.895+0000][66.012s] GC(54) Archive regions: 2->2
[2023-05-11T20:50:24.895+0000][66.012s] GC(54) Humongous regions: 19->19
[2023-05-11T20:50:24.895+0000][66.013s] GC(54) Metaspace: 56716K(57216K)->56716K(57216K) NonClass: 49662K(49920K)->49662K(49920K) Class: 7053K(7296K)->7053K(7296K)
[2023-05-11T20:50:24.896+0000][66.013s] GC(54) Pause Young (Normal) (G1 Evacuation Pause) 419M->228M(512M) 11.432ms
[2023-05-11T20:50:24.896+0000][66.014s] GC(54) User=0.02s Sys=0.00s Real=0.01s
[2023-05-11T20:50:25.144+0000][66.261s] GC(55) Pause Young (Normal) (G1 Evacuation Pause)
[2023-05-11T20:50:25.144+0000][66.261s] GC(55) Using 4 workers of 4 for evacuation
[2023-05-11T20:50:25.152+0000][66.269s] GC(55)   Pre Evacuate Collection Set: 0.1ms
[2023-05-11T20:50:25.152+0000][66.269s] GC(55)   Merge Heap Roots: 0.1ms
[2023-05-11T20:50:25.152+0000][66.270s] GC(55)   Evacuate Collection Set: 6.5ms
[2023-05-11T20:50:25.153+0000][66.270s] GC(55)   Post Evacuate Collection Set: 0.4ms
[2023-05-11T20:50:25.153+0000][66.270s] GC(55)   Other: 0.8ms
[2023-05-11T20:50:25.153+0000][66.271s] GC(55) Eden regions: 187->0(181)
[2023-05-11T20:50:25.154+0000][66.271s] GC(55) Survivor regions: 21->11(26)
[2023-05-11T20:50:25.154+0000][66.271s] GC(55) Old regions: 188->206
[2023-05-11T20:50:25.154+0000][66.272s] GC(55) Archive regions: 2->2
[2023-05-11T20:50:25.155+0000][66.272s] GC(55) Humongous regions: 20->20
[2023-05-11T20:50:25.155+0000][66.272s] GC(55) Metaspace: 56718K(57216K)->56718K(57216K) NonClass: 49665K(49920K)->49665K(49920K) Class: 7053K(7296K)->7053K(7296K)
[2023-05-11T20:50:25.155+0000][66.273s] GC(55) Pause Young (Normal) (G1 Evacuation Pause) 416M->236M(512M) 11.612ms
[2023-05-11T20:50:25.156+0000][66.273s] GC(55) User=0.02s Sys=0.00s Real=0.01s
[2023-05-11T20:50:25.563+0000][66.680s] GC(56) Pause Young (Normal) (G1 Evacuation Pause)
[2023-05-11T20:50:25.564+0000][66.681s] GC(56) Using 4 workers of 4 for evacuation
[2023-05-11T20:50:25.570+0000][66.687s] GC(56)   Pre Evacuate Collection Set: 0.1ms
[2023-05-11T20:50:25.570+0000][66.688s] GC(56)   Merge Heap Roots: 0.1ms
[2023-05-11T20:50:25.571+0000][66.688s] GC(56)   Evacuate Collection Set: 4.7ms
[2023-05-11T20:50:25.571+0000][66.688s] GC(56)   Post Evacuate Collection Set: 0.4ms
[2023-05-11T20:50:25.571+0000][66.689s] GC(56)   Other: 1.4ms
[2023-05-11T20:50:25.572+0000][66.689s] GC(56) Eden regions: 181->0(175)
[2023-05-11T20:50:25.572+0000][66.689s] GC(56) Survivor regions: 11->19(24)
[2023-05-11T20:50:25.572+0000][66.690s] GC(56) Old regions: 206->206
[2023-05-11T20:50:25.573+0000][66.690s] GC(56) Archive regions: 2->2
[2023-05-11T20:50:25.573+0000][66.690s] GC(56) Humongous regions: 20->20
[2023-05-11T20:50:25.573+0000][66.691s] GC(56) Metaspace: 56719K(57216K)->56719K(57216K) NonClass: 49666K(49920K)->49666K(49920K) Class: 7053K(7296K)->7053K(7296K)
[2023-05-11T20:50:25.574+0000][66.691s] GC(56) Pause Young (Normal) (G1 Evacuation Pause) 417M->245M(512M) 10.480ms
[2023-05-11T20:50:25.574+0000][66.691s] GC(56) User=0.02s Sys=0.00s Real=0.01s
[2023-05-11T20:50:25.839+0000][66.956s] GC(57) Pause Young (Concurrent Start) (G1 Humongous Allocation)
[2023-05-11T20:50:25.839+0000][66.956s] GC(57) Using 4 workers of 4 for evacuation
[2023-05-11T20:50:25.844+0000][66.961s] GC(57)   Pre Evacuate Collection Set: 0.1ms
[2023-05-11T20:50:25.845+0000][66.962s] GC(57)   Merge Heap Roots: 0.1ms
[2023-05-11T20:50:25.845+0000][66.962s] GC(57)   Evacuate Collection Set: 4.0ms
[2023-05-11T20:50:25.845+0000][66.963s] GC(57)   Post Evacuate Collection Set: 0.3ms
[2023-05-11T20:50:25.846+0000][66.963s] GC(57)   Other: 0.9ms
[2023-05-11T20:50:25.846+0000][66.963s] GC(57) Eden regions: 78->0(172)
[2023-05-11T20:50:25.846+0000][66.964s] GC(57) Survivor regions: 19->17(25)
[2023-05-11T20:50:25.847+0000][66.964s] GC(57) Old regions: 206->210
[2023-05-11T20:50:25.847+0000][66.964s] GC(57) Archive regions: 2->2
[2023-05-11T20:50:25.847+0000][66.965s] GC(57) Humongous regions: 22->22
[2023-05-11T20:50:25.848+0000][66.965s] GC(57) Metaspace: 56721K(57216K)->56721K(57216K) NonClass: 49668K(49920K)->49668K(49920K) Class: 7053K(7296K)->7053K(7296K)
[2023-05-11T20:50:25.848+0000][66.965s] GC(57) Pause Young (Concurrent Start) (G1 Humongous Allocation) 324M->249M(512M) 9.229ms
[2023-05-11T20:50:25.848+0000][66.966s] GC(57) User=0.01s Sys=0.00s Real=0.01s
[2023-05-11T20:50:25.849+0000][66.966s] GC(58) Concurrent Mark Cycle
[2023-05-11T20:50:25.849+0000][66.966s] GC(58) Concurrent Clear Claimed Marks
[2023-05-11T20:50:25.850+0000][66.967s] GC(58) Concurrent Clear Claimed Marks 0.971ms
[2023-05-11T20:50:25.851+0000][66.968s] GC(58) Concurrent Scan Root Regions
[2023-05-11T20:50:25.853+0000][66.970s] GC(58) Concurrent Scan Root Regions 2.485ms
[2023-05-11T20:50:25.854+0000][66.971s] GC(58) Concurrent Mark
[2023-05-11T20:50:25.854+0000][66.971s] GC(58) Concurrent Mark From Roots
[2023-05-11T20:50:25.855+0000][66.972s] GC(58) Using 1 workers of 1 for marking
[2023-05-11T20:50:25.908+0000][67.025s] GC(58) Concurrent Mark From Roots 54.058ms
[2023-05-11T20:50:25.909+0000][67.026s] GC(58) Concurrent Preclean
[2023-05-11T20:50:25.909+0000][67.026s] GC(58) Concurrent Preclean 0.421ms
[2023-05-11T20:50:25.909+0000][67.027s] GC(58) Pause Remark
[2023-05-11T20:50:25.913+0000][67.031s] GC(58) Pause Remark 275M->244M(512M) 3.987ms
[2023-05-11T20:50:25.914+0000][67.031s] GC(58) User=0.01s Sys=0.00s Real=0.01s
[2023-05-11T20:50:25.914+0000][67.032s] GC(58) Concurrent Mark 60.777ms
[2023-05-11T20:50:25.915+0000][67.032s] GC(58) Concurrent Rebuild Remembered Sets
[2023-05-11T20:50:25.945+0000][67.062s] GC(58) Concurrent Rebuild Remembered Sets 30.212ms
[2023-05-11T20:50:25.946+0000][67.063s] GC(58) Pause Cleanup
[2023-05-11T20:50:25.946+0000][67.063s] GC(58) Pause Cleanup 259M->259M(512M) 0.427ms
[2023-05-11T20:50:25.946+0000][67.063s] GC(58) User=0.00s Sys=0.00s Real=0.00s
[2023-05-11T20:50:25.947+0000][67.064s] GC(58) Concurrent Cleanup for Next Mark
[2023-05-11T20:50:25.948+0000][67.065s] GC(58) Concurrent Cleanup for Next Mark 1.576ms
[2023-05-11T20:50:25.949+0000][67.066s] GC(58) Concurrent Mark Cycle 99.788ms
[2023-05-11T20:50:26.157+0000][67.274s] GC(59) Pause Young (Prepare Mixed) (G1 Evacuation Pause)
[2023-05-11T20:50:26.158+0000][67.275s] GC(59) Using 4 workers of 4 for evacuation
[2023-05-11T20:50:26.165+0000][67.282s] GC(59)   Pre Evacuate Collection Set: 0.1ms
[2023-05-11T20:50:26.165+0000][67.283s] GC(59)   Merge Heap Roots: 0.2ms
[2023-05-11T20:50:26.166+0000][67.283s] GC(59)   Evacuate Collection Set: 6.1ms
[2023-05-11T20:50:26.166+0000][67.283s] GC(59)   Post Evacuate Collection Set: 0.4ms
[2023-05-11T20:50:26.166+0000][67.284s] GC(59)   Other: 0.9ms
[2023-05-11T20:50:26.167+0000][67.284s] GC(59) Eden regions: 172->0(4)
[2023-05-11T20:50:26.167+0000][67.284s] GC(59) Survivor regions: 17->21(24)
[2023-05-11T20:50:26.167+0000][67.284s] GC(59) Old regions: 183->190
[2023-05-11T20:50:26.167+0000][67.285s] GC(59) Archive regions: 2->2
[2023-05-11T20:50:26.168+0000][67.285s] GC(59) Humongous regions: 19->19
[2023-05-11T20:50:26.168+0000][67.285s] GC(59) Metaspace: 56725K(57216K)->56725K(57216K) NonClass: 49672K(49920K)->49672K(49920K) Class: 7053K(7296K)->7053K(7296K)
[2023-05-11T20:50:26.168+0000][67.285s] GC(59) Pause Young (Prepare Mixed) (G1 Evacuation Pause) 391M->230M(512M) 11.003ms
[2023-05-11T20:50:26.168+0000][67.286s] GC(59) User=0.02s Sys=0.00s Real=0.01s
[2023-05-11T20:50:26.175+0000][67.292s] GC(60) Pause Young (Mixed) (G1 Evacuation Pause)
[2023-05-11T20:50:26.175+0000][67.292s] GC(60) Using 4 workers of 4 for evacuation
[2023-05-11T20:50:26.180+0000][67.297s] GC(60)   Pre Evacuate Collection Set: 0.1ms
[2023-05-11T20:50:26.181+0000][67.298s] GC(60)   Merge Heap Roots: 0.1ms
[2023-05-11T20:50:26.181+0000][67.298s] GC(60)   Evacuate Collection Set: 4.4ms
[2023-05-11T20:50:26.181+0000][67.298s] GC(60)   Post Evacuate Collection Set: 0.4ms
[2023-05-11T20:50:26.182+0000][67.299s] GC(60)   Other: 0.7ms
[2023-05-11T20:50:26.182+0000][67.299s] GC(60) Eden regions: 4->0(24)
[2023-05-11T20:50:26.182+0000][67.299s] GC(60) Survivor regions: 21->1(4)
[2023-05-11T20:50:26.182+0000][67.300s] GC(60) Old regions: 190->161
[2023-05-11T20:50:26.183+0000][67.300s] GC(60) Archive regions: 2->2
[2023-05-11T20:50:26.183+0000][67.300s] GC(60) Humongous regions: 19->19
[2023-05-11T20:50:26.183+0000][67.300s] GC(60) Metaspace: 56725K(57216K)->56725K(57216K) NonClass: 49672K(49920K)->49672K(49920K) Class: 7053K(7296K)->7053K(7296K)
[2023-05-11T20:50:26.183+0000][67.301s] GC(60) Pause Young (Mixed) (G1 Evacuation Pause) 234M->180M(512M) 8.718ms
[2023-05-11T20:50:26.184+0000][67.301s] GC(60) User=0.01s Sys=0.00s Real=0.01s
[2023-05-11T20:50:26.229+0000][67.346s] GC(61) Pause Young (Mixed) (G1 Evacuation Pause)
[2023-05-11T20:50:26.229+0000][67.346s] GC(61) Using 4 workers of 4 for evacuation
[2023-05-11T20:50:26.232+0000][67.349s] GC(61)   Pre Evacuate Collection Set: 0.1ms
[2023-05-11T20:50:26.232+0000][67.350s] GC(61)   Merge Heap Roots: 0.1ms
[2023-05-11T20:50:26.233+0000][67.350s] GC(61)   Evacuate Collection Set: 1.8ms
[2023-05-11T20:50:26.233+0000][67.350s] GC(61)   Post Evacuate Collection Set: 0.3ms
[2023-05-11T20:50:26.233+0000][67.351s] GC(61)   Other: 0.7ms
[2023-05-11T20:50:26.234+0000][67.351s] GC(61) Eden regions: 24->0(218)
[2023-05-11T20:50:26.234+0000][67.351s] GC(61) Survivor regions: 1->1(4)
[2023-05-11T20:50:26.234+0000][67.351s] GC(61) Old regions: 161->157
[2023-05-11T20:50:26.235+0000][67.352s] GC(61) Archive regions: 2->2
[2023-05-11T20:50:26.235+0000][67.352s] GC(61) Humongous regions: 19->19
[2023-05-11T20:50:26.235+0000][67.352s] GC(61) Metaspace: 56725K(57216K)->56725K(57216K) NonClass: 49672K(49920K)->49672K(49920K) Class: 7053K(7296K)->7053K(7296K)
[2023-05-11T20:50:26.236+0000][67.353s] GC(61) Pause Young (Mixed) (G1 Evacuation Pause) 204M->176M(512M) 6.530ms
[2023-05-11T20:50:26.236+0000][67.353s] GC(61) User=0.01s Sys=0.00s Real=0.01s
[2023-05-11T20:50:26.577+0000][67.694s] GC(62) Pause Young (Normal) (G1 Evacuation Pause)
[2023-05-11T20:50:26.577+0000][67.694s] GC(62) Using 4 workers of 4 for evacuation
[2023-05-11T20:50:26.584+0000][67.701s] GC(62)   Pre Evacuate Collection Set: 0.1ms
[2023-05-11T20:50:26.584+0000][67.701s] GC(62)   Merge Heap Roots: 0.1ms
[2023-05-11T20:50:26.584+0000][67.702s] GC(62)   Evacuate Collection Set: 5.4ms
[2023-05-11T20:50:26.585+0000][67.702s] GC(62)   Post Evacuate Collection Set: 0.5ms
[2023-05-11T20:50:26.585+0000][67.702s] GC(62)   Other: 0.8ms
[2023-05-11T20:50:26.585+0000][67.703s] GC(62) Eden regions: 218->0(210)
[2023-05-11T20:50:26.586+0000][67.703s] GC(62) Survivor regions: 1->15(28)
[2023-05-11T20:50:26.586+0000][67.703s] GC(62) Old regions: 157->157
[2023-05-11T20:50:26.586+0000][67.704s] GC(62) Archive regions: 2->2
[2023-05-11T20:50:26.587+0000][67.704s] GC(62) Humongous regions: 19->19
[2023-05-11T20:50:26.587+0000][67.704s] GC(62) Metaspace: 56728K(57216K)->56728K(57216K) NonClass: 49674K(49920K)->49674K(49920K) Class: 7053K(7296K)->7053K(7296K)
[2023-05-11T20:50:26.587+0000][67.704s] GC(62) Pause Young (Normal) (G1 Evacuation Pause) 394M->190M(512M) 10.586ms
[2023-05-11T20:50:26.588+0000][67.705s] GC(62) User=0.02s Sys=0.00s Real=0.01s
[2023-05-11T20:50:26.941+0000][68.058s] GC(63) Pause Young (Normal) (G1 Evacuation Pause)
[2023-05-11T20:50:26.941+0000][68.059s] GC(63) Using 4 workers of 4 for evacuation
[2023-05-11T20:50:26.948+0000][68.065s] GC(63)   Pre Evacuate Collection Set: 0.1ms
[2023-05-11T20:50:26.948+0000][68.066s] GC(63)   Merge Heap Roots: 0.1ms
[2023-05-11T20:50:26.949+0000][68.066s] GC(63)   Evacuate Collection Set: 5.4ms
[2023-05-11T20:50:26.949+0000][68.066s] GC(63)   Post Evacuate Collection Set: 0.4ms
[2023-05-11T20:50:26.949+0000][68.067s] GC(63)   Other: 0.7ms
[2023-05-11T20:50:26.950+0000][68.067s] GC(63) Eden regions: 210->0(205)
[2023-05-11T20:50:26.950+0000][68.067s] GC(63) Survivor regions: 15->26(29)
[2023-05-11T20:50:26.950+0000][68.067s] GC(63) Old regions: 157->157
[2023-05-11T20:50:26.951+0000][68.068s] GC(63) Archive regions: 2->2
[2023-05-11T20:50:26.951+0000][68.068s] GC(63) Humongous regions: 20->20
[2023-05-11T20:50:26.951+0000][68.068s] GC(63) Metaspace: 56731K(57280K)->56731K(57280K) NonClass: 49678K(49984K)->49678K(49984K) Class: 7053K(7296K)->7053K(7296K)
[2023-05-11T20:50:26.951+0000][68.069s] GC(63) Pause Young (Normal) (G1 Evacuation Pause) 401M->203M(512M) 10.406ms
[2023-05-11T20:50:26.952+0000][68.069s] GC(63) User=0.02s Sys=0.01s Real=0.01s
[2023-05-11T20:50:28.616+0000][69.733s] GC(64) Pause Young (Normal) (G1 Evacuation Pause)
[2023-05-11T20:50:28.616+0000][69.733s] GC(64) Using 4 workers of 4 for evacuation
[2023-05-11T20:50:28.624+0000][69.742s] GC(64)   Pre Evacuate Collection Set: 0.1ms
[2023-05-11T20:50:28.625+0000][69.742s] GC(64)   Merge Heap Roots: 0.1ms
[2023-05-11T20:50:28.625+0000][69.742s] GC(64)   Evacuate Collection Set: 7.0ms
[2023-05-11T20:50:28.626+0000][69.743s] GC(64)   Post Evacuate Collection Set: 0.5ms
[2023-05-11T20:50:28.626+0000][69.743s] GC(64)   Other: 0.8ms
[2023-05-11T20:50:28.626+0000][69.744s] GC(64) Eden regions: 205->0(207)
[2023-05-11T20:50:28.627+0000][69.744s] GC(64) Survivor regions: 26->16(29)
[2023-05-11T20:50:28.627+0000][69.744s] GC(64) Old regions: 157->169
[2023-05-11T20:50:28.627+0000][69.745s] GC(64) Archive regions: 2->2
[2023-05-11T20:50:28.628+0000][69.745s] GC(64) Humongous regions: 26->23
[2023-05-11T20:50:28.628+0000][69.745s] GC(64) Metaspace: 56741K(57280K)->56741K(57280K) NonClass: 49688K(49984K)->49688K(49984K) Class: 7053K(7296K)->7053K(7296K)
[2023-05-11T20:50:28.628+0000][69.745s] GC(64) Pause Young (Normal) (G1 Evacuation Pause) 414M->207M(512M) 12.250ms
[2023-05-11T20:50:28.628+0000][69.746s] GC(64) User=0.02s Sys=0.00s Real=0.01s
[2023-05-11T20:50:28.932+0000][70.050s] GC(65) Pause Young (Normal) (G1 Evacuation Pause)
[2023-05-11T20:50:28.933+0000][70.050s] GC(65) Using 4 workers of 4 for evacuation
[2023-05-11T20:50:28.938+0000][70.055s] GC(65)   Pre Evacuate Collection Set: 0.1ms
[2023-05-11T20:50:28.939+0000][70.056s] GC(65)   Merge Heap Roots: 0.1ms
[2023-05-11T20:50:28.939+0000][70.056s] GC(65)   Evacuate Collection Set: 4.3ms
[2023-05-11T20:50:28.940+0000][70.057s] GC(65)   Post Evacuate Collection Set: 0.5ms
[2023-05-11T20:50:28.940+0000][70.057s] GC(65)   Other: 0.7ms
[2023-05-11T20:50:28.940+0000][70.057s] GC(65) Eden regions: 207->0(213)
[2023-05-11T20:50:28.941+0000][70.058s] GC(65) Survivor regions: 16->4(28)
[2023-05-11T20:50:28.941+0000][70.058s] GC(65) Old regions: 169->181
[2023-05-11T20:50:28.941+0000][70.058s] GC(65) Archive regions: 2->2
[2023-05-11T20:50:28.941+0000][70.059s] GC(65) Humongous regions: 23->23
[2023-05-11T20:50:28.942+0000][70.059s] GC(65) Metaspace: 56741K(57280K)->56741K(57280K) NonClass: 49688K(49984K)->49688K(49984K) Class: 7053K(7296K)->7053K(7296K)
[2023-05-11T20:50:28.942+0000][70.059s] GC(65) Pause Young (Normal) (G1 Evacuation Pause) 414M->208M(512M) 9.385ms
[2023-05-11T20:50:28.942+0000][70.059s] GC(65) User=0.01s Sys=0.00s Real=0.01s
[2023-05-11T20:50:29.739+0000][70.856s] GC(66) Pause Young (Concurrent Start) (G1 Evacuation Pause)
[2023-05-11T20:50:29.739+0000][70.856s] GC(66) Using 4 workers of 4 for evacuation
[2023-05-11T20:50:29.742+0000][70.859s] GC(66)   Pre Evacuate Collection Set: 0.1ms
[2023-05-11T20:50:29.742+0000][70.860s] GC(66)   Merge Heap Roots: 0.1ms
[2023-05-11T20:50:29.743+0000][70.860s] GC(66)   Evacuate Collection Set: 1.9ms
[2023-05-11T20:50:29.743+0000][70.860s] GC(66)   Post Evacuate Collection Set: 0.5ms
[2023-05-11T20:50:29.743+0000][70.861s] GC(66)   Other: 0.7ms
[2023-05-11T20:50:29.744+0000][70.861s] GC(66) Eden regions: 213->0(219)
[2023-05-11T20:50:29.744+0000][70.862s] GC(66) Survivor regions: 4->4(28)
[2023-05-11T20:50:29.745+0000][70.862s] GC(66) Old regions: 181->181
[2023-05-11T20:50:29.745+0000][70.862s] GC(66) Archive regions: 2->2
[2023-05-11T20:50:29.745+0000][70.863s] GC(66) Humongous regions: 23->23
[2023-05-11T20:50:29.746+0000][70.863s] GC(66) Metaspace: 56743K(57280K)->56743K(57280K) NonClass: 49689K(49984K)->49689K(49984K) Class: 7053K(7296K)->7053K(7296K)
[2023-05-11T20:50:29.746+0000][70.863s] GC(66) Pause Young (Concurrent Start) (G1 Evacuation Pause) 421M->208M(512M) 7.318ms
[2023-05-11T20:50:29.746+0000][70.864s] GC(66) User=0.01s Sys=0.00s Real=0.01s
[2023-05-11T20:50:29.747+0000][70.864s] GC(67) Concurrent Mark Cycle
[2023-05-11T20:50:29.747+0000][70.864s] GC(67) Concurrent Clear Claimed Marks
[2023-05-11T20:50:29.747+0000][70.864s] GC(67) Concurrent Clear Claimed Marks 0.322ms
[2023-05-11T20:50:29.747+0000][70.865s] GC(67) Concurrent Scan Root Regions
[2023-05-11T20:50:29.749+0000][70.866s] GC(67) Concurrent Scan Root Regions 1.285ms
[2023-05-11T20:50:29.749+0000][70.866s] GC(67) Concurrent Mark
[2023-05-11T20:50:29.750+0000][70.867s] GC(67) Concurrent Mark From Roots
[2023-05-11T20:50:29.750+0000][70.867s] GC(67) Using 1 workers of 1 for marking
[2023-05-11T20:50:29.803+0000][70.921s] GC(67) Concurrent Mark From Roots 53.706ms
[2023-05-11T20:50:29.804+0000][70.921s] GC(67) Concurrent Preclean
[2023-05-11T20:50:29.804+0000][70.921s] GC(67) Concurrent Preclean 0.494ms
[2023-05-11T20:50:29.805+0000][70.922s] GC(67) Pause Remark
[2023-05-11T20:50:29.807+0000][70.925s] GC(67) Pause Remark 223M->211M(512M) 2.839ms
[2023-05-11T20:50:29.808+0000][70.925s] GC(67) User=0.00s Sys=0.00s Real=0.00s
[2023-05-11T20:50:29.808+0000][70.925s] GC(67) Concurrent Mark 59.156ms
[2023-05-11T20:50:29.809+0000][70.926s] GC(67) Concurrent Rebuild Remembered Sets
[2023-05-11T20:50:29.841+0000][70.958s] GC(67) Concurrent Rebuild Remembered Sets 32.389ms
[2023-05-11T20:50:29.842+0000][70.959s] GC(67) Pause Cleanup
[2023-05-11T20:50:29.842+0000][70.959s] GC(67) Pause Cleanup 216M->216M(512M) 0.375ms
[2023-05-11T20:50:29.842+0000][70.959s] GC(67) User=0.00s Sys=0.00s Real=0.00s
[2023-05-11T20:50:29.843+0000][70.960s] GC(67) Concurrent Cleanup for Next Mark
[2023-05-11T20:50:29.843+0000][70.961s] GC(67) Concurrent Cleanup for Next Mark 0.734ms
[2023-05-11T20:50:29.844+0000][70.961s] GC(67) Concurrent Mark Cycle 96.979ms
[2023-05-11T20:50:30.120+0000][71.237s] GC(68) Pause Young (Prepare Mixed) (G1 Evacuation Pause)
[2023-05-11T20:50:30.120+0000][71.237s] GC(68) Using 4 workers of 4 for evacuation
[2023-05-11T20:50:30.125+0000][71.243s] GC(68)   Pre Evacuate Collection Set: 0.1ms
[2023-05-11T20:50:30.126+0000][71.243s] GC(68)   Merge Heap Roots: 0.1ms
[2023-05-11T20:50:30.126+0000][71.243s] GC(68)   Evacuate Collection Set: 4.1ms
[2023-05-11T20:50:30.126+0000][71.244s] GC(68)   Post Evacuate Collection Set: 0.5ms
[2023-05-11T20:50:30.127+0000][71.244s] GC(68)   Other: 0.7ms
[2023-05-11T20:50:30.127+0000][71.244s] GC(68) Eden regions: 219->0(15)
[2023-05-11T20:50:30.127+0000][71.244s] GC(68) Survivor regions: 4->10(28)
[2023-05-11T20:50:30.127+0000][71.245s] GC(68) Old regions: 175->175
[2023-05-11T20:50:30.128+0000][71.245s] GC(68) Archive regions: 2->2
[2023-05-11T20:50:30.128+0000][71.245s] GC(68) Humongous regions: 17->17
[2023-05-11T20:50:30.128+0000][71.245s] GC(68) Metaspace: 56748K(57280K)->56748K(57280K) NonClass: 49694K(49984K)->49694K(49984K) Class: 7053K(7296K)->7053K(7296K)
[2023-05-11T20:50:30.129+0000][71.246s] GC(68) Pause Young (Prepare Mixed) (G1 Evacuation Pause) 415M->201M(512M) 8.646ms
[2023-05-11T20:50:30.129+0000][71.246s] GC(68) User=0.02s Sys=0.00s Real=0.01s
[2023-05-11T20:50:30.150+0000][71.267s] GC(69) Pause Young (Mixed) (G1 Evacuation Pause)
[2023-05-11T20:50:30.150+0000][71.267s] GC(69) Using 4 workers of 4 for evacuation
[2023-05-11T20:50:30.156+0000][71.274s] GC(69)   Pre Evacuate Collection Set: 0.1ms
[2023-05-11T20:50:30.157+0000][71.274s] GC(69)   Merge Heap Roots: 0.1ms
[2023-05-11T20:50:30.157+0000][71.274s] GC(69)   Evacuate Collection Set: 5.2ms
[2023-05-11T20:50:30.157+0000][71.275s] GC(69)   Post Evacuate Collection Set: 0.4ms
[2023-05-11T20:50:30.158+0000][71.275s] GC(69)   Other: 0.6ms
[2023-05-11T20:50:30.158+0000][71.275s] GC(69) Eden regions: 15->0(236)
[2023-05-11T20:50:30.158+0000][71.276s] GC(69) Survivor regions: 10->1(4)
[2023-05-11T20:50:30.159+0000][71.276s] GC(69) Old regions: 175->169
[2023-05-11T20:50:30.159+0000][71.276s] GC(69) Archive regions: 2->2
[2023-05-11T20:50:30.159+0000][71.276s] GC(69) Humongous regions: 17->17
[2023-05-11T20:50:30.159+0000][71.277s] GC(69) Metaspace: 56748K(57280K)->56748K(57280K) NonClass: 49694K(49984K)->49694K(49984K) Class: 7053K(7296K)->7053K(7296K)
[2023-05-11T20:50:30.160+0000][71.277s] GC(69) Pause Young (Mixed) (G1 Evacuation Pause) 216M->187M(512M) 9.807ms
[2023-05-11T20:50:30.160+0000][71.277s] GC(69) User=0.02s Sys=0.00s Real=0.01s
[2023-05-11T20:50:30.886+0000][72.003s] GC(70) Pause Young (Normal) (G1 Evacuation Pause)
[2023-05-11T20:50:30.887+0000][72.004s] GC(70) Using 4 workers of 4 for evacuation
[2023-05-11T20:50:30.892+0000][72.009s] GC(70)   Pre Evacuate Collection Set: 0.1ms
[2023-05-11T20:50:30.893+0000][72.010s] GC(70)   Merge Heap Roots: 0.1ms
[2023-05-11T20:50:30.893+0000][72.010s] GC(70)   Evacuate Collection Set: 4.4ms
[2023-05-11T20:50:30.893+0000][72.011s] GC(70)   Post Evacuate Collection Set: 0.5ms
[2023-05-11T20:50:30.894+0000][72.011s] GC(70)   Other: 1.4ms
[2023-05-11T20:50:30.894+0000][72.011s] GC(70) Eden regions: 236->0(224)
[2023-05-11T20:50:30.894+0000][72.012s] GC(70) Survivor regions: 1->12(30)
[2023-05-11T20:50:30.895+0000][72.012s] GC(70) Old regions: 169->169
[2023-05-11T20:50:30.895+0000][72.012s] GC(70) Archive regions: 2->2
[2023-05-11T20:50:30.895+0000][72.012s] GC(70) Humongous regions: 19->19
[2023-05-11T20:50:30.896+0000][72.013s] GC(70) Metaspace: 56757K(57280K)->56757K(57280K) NonClass: 49704K(49984K)->49704K(49984K) Class: 7053K(7296K)->7053K(7296K)
[2023-05-11T20:50:30.896+0000][72.013s] GC(70) Pause Young (Normal) (G1 Evacuation Pause) 425M->200M(512M) 10.352ms
[2023-05-11T20:50:30.896+0000][72.013s] GC(70) User=0.01s Sys=0.00s Real=0.01s
[2023-05-11T20:50:31.391+0000][72.509s] GC(71) Pause Young (Normal) (G1 Evacuation Pause)
[2023-05-11T20:50:31.392+0000][72.509s] GC(71) Using 4 workers of 4 for evacuation
[2023-05-11T20:50:31.397+0000][72.514s] GC(71)   Pre Evacuate Collection Set: 0.1ms
[2023-05-11T20:50:31.397+0000][72.514s] GC(71)   Merge Heap Roots: 0.1ms
[2023-05-11T20:50:31.397+0000][72.515s] GC(71)   Evacuate Collection Set: 3.9ms
[2023-05-11T20:50:31.398+0000][72.515s] GC(71)   Post Evacuate Collection Set: 0.4ms
[2023-05-11T20:50:31.398+0000][72.515s] GC(71)   Other: 0.7ms
[2023-05-11T20:50:31.398+0000][72.516s] GC(71) Eden regions: 224->0(214)
[2023-05-11T20:50:31.399+0000][72.516s] GC(71) Survivor regions: 12->20(30)
[2023-05-11T20:50:31.399+0000][72.516s] GC(71) Old regions: 169->169
[2023-05-11T20:50:31.399+0000][72.517s] GC(71) Archive regions: 2->2
[2023-05-11T20:50:31.400+0000][72.517s] GC(71) Humongous regions: 21->21
[2023-05-11T20:50:31.400+0000][72.517s] GC(71) Metaspace: 56774K(57280K)->56774K(57280K) NonClass: 49720K(49984K)->49720K(49984K) Class: 7053K(7296K)->7053K(7296K)
[2023-05-11T20:50:31.400+0000][72.518s] GC(71) Pause Young (Normal) (G1 Evacuation Pause) 426M->209M(512M) 8.814ms
[2023-05-11T20:50:31.401+0000][72.518s] GC(71) User=0.01s Sys=0.00s Real=0.00s
[2023-05-11T20:50:31.763+0000][72.881s] GC(72) Pause Young (Normal) (G1 Evacuation Pause)
[2023-05-11T20:50:31.764+0000][72.881s] GC(72) Using 4 workers of 4 for evacuation
[2023-05-11T20:50:31.771+0000][72.888s] GC(72)   Pre Evacuate Collection Set: 0.1ms
[2023-05-11T20:50:31.772+0000][72.889s] GC(72)   Merge Heap Roots: 0.1ms
[2023-05-11T20:50:31.772+0000][72.889s] GC(72)   Evacuate Collection Set: 6.3ms
[2023-05-11T20:50:31.772+0000][72.890s] GC(72)   Post Evacuate Collection Set: 0.4ms
[2023-05-11T20:50:31.773+0000][72.890s] GC(72)   Other: 0.8ms
[2023-05-11T20:50:31.773+0000][72.890s] GC(72) Eden regions: 214->0(205)
[2023-05-11T20:50:31.773+0000][72.890s] GC(72) Survivor regions: 20->21(30)
[2023-05-11T20:50:31.774+0000][72.891s] GC(72) Old regions: 169->176
[2023-05-11T20:50:31.774+0000][72.891s] GC(72) Archive regions: 2->2
[2023-05-11T20:50:31.774+0000][72.891s] GC(72) Humongous regions: 21->21
[2023-05-11T20:50:31.774+0000][72.891s] GC(72) Metaspace: 56777K(57280K)->56777K(57280K) NonClass: 49723K(49984K)->49723K(49984K) Class: 7053K(7296K)->7053K(7296K)
[2023-05-11T20:50:31.775+0000][72.892s] GC(72) Pause Young (Normal) (G1 Evacuation Pause) 423M->218M(512M) 11.067ms
[2023-05-11T20:50:31.775+0000][72.892s] GC(72) User=0.03s Sys=0.00s Real=0.01s
[2023-05-11T20:50:32.102+0000][73.219s] GC(73) Pause Young (Concurrent Start) (G1 Evacuation Pause)
[2023-05-11T20:50:32.102+0000][73.220s] GC(73) Using 4 workers of 4 for evacuation
[2023-05-11T20:50:32.110+0000][73.228s] GC(73)   Pre Evacuate Collection Set: 0.1ms
[2023-05-11T20:50:32.111+0000][73.228s] GC(73)   Merge Heap Roots: 0.1ms
[2023-05-11T20:50:32.111+0000][73.228s] GC(73)   Evacuate Collection Set: 6.9ms
[2023-05-11T20:50:32.111+0000][73.229s] GC(73)   Post Evacuate Collection Set: 0.4ms
[2023-05-11T20:50:32.112+0000][73.229s] GC(73)   Other: 0.8ms
[2023-05-11T20:50:32.112+0000][73.230s] GC(73) Eden regions: 205->0(198)
[2023-05-11T20:50:32.113+0000][73.230s] GC(73) Survivor regions: 21->21(29)
[2023-05-11T20:50:32.113+0000][73.230s] GC(73) Old regions: 176->183
[2023-05-11T20:50:32.113+0000][73.231s] GC(73) Archive regions: 2->2
[2023-05-11T20:50:32.114+0000][73.231s] GC(73) Humongous regions: 21->21
[2023-05-11T20:50:32.114+0000][73.231s] GC(73) Metaspace: 56791K(57280K)->56791K(57280K) NonClass: 49738K(49984K)->49738K(49984K) Class: 7053K(7296K)->7053K(7296K)
[2023-05-11T20:50:32.114+0000][73.231s] GC(73) Pause Young (Concurrent Start) (G1 Evacuation Pause) 423M->225M(512M) 12.165ms
[2023-05-11T20:50:32.115+0000][73.232s] GC(73) User=0.03s Sys=0.00s Real=0.01s
[2023-05-11T20:50:32.115+0000][73.232s] GC(74) Concurrent Mark Cycle
[2023-05-11T20:50:32.115+0000][73.232s] GC(74) Concurrent Clear Claimed Marks
[2023-05-11T20:50:32.116+0000][73.233s] GC(74) Concurrent Clear Claimed Marks 0.354ms
[2023-05-11T20:50:32.116+0000][73.233s] GC(74) Concurrent Scan Root Regions
[2023-05-11T20:50:32.119+0000][73.236s] GC(74) Concurrent Scan Root Regions 2.618ms
[2023-05-11T20:50:32.119+0000][73.236s] GC(74) Concurrent Mark
[2023-05-11T20:50:32.119+0000][73.237s] GC(74) Concurrent Mark From Roots
[2023-05-11T20:50:32.120+0000][73.237s] GC(74) Using 1 workers of 1 for marking
[2023-05-11T20:50:32.165+0000][73.282s] GC(74) Concurrent Mark From Roots 45.363ms
[2023-05-11T20:50:32.165+0000][73.282s] GC(74) Concurrent Preclean
[2023-05-11T20:50:32.166+0000][73.283s] GC(74) Concurrent Preclean 0.437ms
[2023-05-11T20:50:32.166+0000][73.283s] GC(74) Pause Remark
[2023-05-11T20:50:32.172+0000][73.290s] GC(74) Pause Remark 248M->219M(512M) 6.393ms
[2023-05-11T20:50:32.173+0000][73.290s] GC(74) User=0.01s Sys=0.01s Real=0.01s
[2023-05-11T20:50:32.173+0000][73.290s] GC(74) Concurrent Mark 54.109ms
[2023-05-11T20:50:32.173+0000][73.291s] GC(74) Concurrent Rebuild Remembered Sets
[2023-05-11T20:50:32.203+0000][73.320s] GC(74) Concurrent Rebuild Remembered Sets 29.624ms
[2023-05-11T20:50:32.204+0000][73.321s] GC(74) Pause Cleanup
[2023-05-11T20:50:32.204+0000][73.321s] GC(74) Pause Cleanup 238M->238M(512M) 0.407ms
[2023-05-11T20:50:32.204+0000][73.322s] GC(74) User=0.00s Sys=0.00s Real=0.00s
[2023-05-11T20:50:32.205+0000][73.322s] GC(74) Concurrent Cleanup for Next Mark
[2023-05-11T20:50:32.205+0000][73.322s] GC(74) Concurrent Cleanup for Next Mark 0.450ms
[2023-05-11T20:50:32.206+0000][73.323s] GC(74) Concurrent Mark Cycle 90.780ms
[2023-05-11T20:50:32.466+0000][73.583s] GC(75) Pause Young (Prepare Mixed) (G1 Evacuation Pause)
[2023-05-11T20:50:32.466+0000][73.583s] GC(75) Using 4 workers of 4 for evacuation
[2023-05-11T20:50:32.473+0000][73.591s] GC(75)   Pre Evacuate Collection Set: 0.1ms
[2023-05-11T20:50:32.474+0000][73.591s] GC(75)   Merge Heap Roots: 0.2ms
[2023-05-11T20:50:32.474+0000][73.592s] GC(75)   Evacuate Collection Set: 6.3ms
[2023-05-11T20:50:32.475+0000][73.592s] GC(75)   Post Evacuate Collection Set: 0.5ms
[2023-05-11T20:50:32.475+0000][73.592s] GC(75)   Other: 0.7ms
[2023-05-11T20:50:32.475+0000][73.593s] GC(75) Eden regions: 198->0(6)
[2023-05-11T20:50:32.476+0000][73.593s] GC(75) Survivor regions: 21->19(28)
[2023-05-11T20:50:32.476+0000][73.594s] GC(75) Old regions: 166->176
[2023-05-11T20:50:32.477+0000][73.594s] GC(75) Archive regions: 2->2
[2023-05-11T20:50:32.477+0000][73.594s] GC(75) Humongous regions: 9->9
[2023-05-11T20:50:32.477+0000][73.595s] GC(75) Metaspace: 56804K(57280K)->56804K(57280K) NonClass: 49750K(49984K)->49750K(49984K) Class: 7053K(7296K)->7053K(7296K)
[2023-05-11T20:50:32.478+0000][73.595s] GC(75) Pause Young (Prepare Mixed) (G1 Evacuation Pause) 394M->203M(512M) 11.942ms
[2023-05-11T20:50:32.478+0000][73.595s] GC(75) User=0.02s Sys=0.01s Real=0.01s
[2023-05-11T20:50:32.489+0000][73.606s] GC(76) Pause Young (Mixed) (G1 Evacuation Pause)
[2023-05-11T20:50:32.490+0000][73.607s] GC(76) Using 4 workers of 4 for evacuation
[2023-05-11T20:50:32.495+0000][73.613s] GC(76)   Pre Evacuate Collection Set: 0.1ms
[2023-05-11T20:50:32.496+0000][73.613s] GC(76)   Merge Heap Roots: 0.1ms
[2023-05-11T20:50:32.497+0000][73.614s] GC(76)   Evacuate Collection Set: 4.9ms
[2023-05-11T20:50:32.497+0000][73.614s] GC(76)   Post Evacuate Collection Set: 0.4ms
[2023-05-11T20:50:32.497+0000][73.615s] GC(76)   Other: 0.6ms
[2023-05-11T20:50:32.498+0000][73.615s] GC(76) Eden regions: 6->0(23)
[2023-05-11T20:50:32.498+0000][73.615s] GC(76) Survivor regions: 19->2(4)
[2023-05-11T20:50:32.498+0000][73.615s] GC(76) Old regions: 176->145
[2023-05-11T20:50:32.499+0000][73.616s] GC(76) Archive regions: 2->2
[2023-05-11T20:50:32.499+0000][73.616s] GC(76) Humongous regions: 9->9
[2023-05-11T20:50:32.499+0000][73.616s] GC(76) Metaspace: 56804K(57280K)->56804K(57280K) NonClass: 49750K(49984K)->49750K(49984K) Class: 7053K(7296K)->7053K(7296K)
[2023-05-11T20:50:32.499+0000][73.617s] GC(76) Pause Young (Mixed) (G1 Evacuation Pause) 209M->155M(512M) 10.110ms
[2023-05-11T20:50:32.500+0000][73.617s] GC(76) User=0.02s Sys=0.00s Real=0.01s
[2023-05-11T20:50:32.533+0000][73.651s] GC(77) Pause Young (Mixed) (G1 Evacuation Pause)
[2023-05-11T20:50:32.534+0000][73.651s] GC(77) Using 4 workers of 4 for evacuation
[2023-05-11T20:50:32.538+0000][73.655s] GC(77)   Pre Evacuate Collection Set: 0.1ms
[2023-05-11T20:50:32.538+0000][73.655s] GC(77)   Merge Heap Roots: 0.1ms
[2023-05-11T20:50:32.538+0000][73.656s] GC(77)   Evacuate Collection Set: 2.8ms
[2023-05-11T20:50:32.539+0000][73.656s] GC(77)   Post Evacuate Collection Set: 0.3ms
[2023-05-11T20:50:32.539+0000][73.656s] GC(77)   Other: 0.8ms
[2023-05-11T20:50:32.539+0000][73.656s] GC(77) Eden regions: 23->0(263)
[2023-05-11T20:50:32.539+0000][73.657s] GC(77) Survivor regions: 2->3(4)
[2023-05-11T20:50:32.540+0000][73.657s] GC(77) Old regions: 145->136
[2023-05-11T20:50:32.540+0000][73.657s] GC(77) Archive regions: 2->2
[2023-05-11T20:50:32.540+0000][73.658s] GC(77) Humongous regions: 9->9
[2023-05-11T20:50:32.541+0000][73.658s] GC(77) Metaspace: 56804K(57280K)->56804K(57280K) NonClass: 49750K(49984K)->49750K(49984K) Class: 7053K(7296K)->7053K(7296K)
[2023-05-11T20:50:32.541+0000][73.658s] GC(77) Pause Young (Mixed) (G1 Evacuation Pause) 178M->148M(512M) 7.521ms
[2023-05-11T20:50:32.541+0000][73.658s] GC(77) User=0.01s Sys=0.00s Real=0.01s
[2023-05-11T20:50:33.037+0000][74.154s] GC(78) Pause Young (Normal) (G1 Evacuation Pause)
[2023-05-11T20:50:33.037+0000][74.154s] GC(78) Using 4 workers of 4 for evacuation
[2023-05-11T20:50:33.045+0000][74.162s] GC(78)   Pre Evacuate Collection Set: 0.1ms
[2023-05-11T20:50:33.045+0000][74.162s] GC(78)   Merge Heap Roots: 0.1ms
[2023-05-11T20:50:33.046+0000][74.163s] GC(78)   Evacuate Collection Set: 6.6ms
[2023-05-11T20:50:33.046+0000][74.163s] GC(78)   Post Evacuate Collection Set: 0.5ms
[2023-05-11T20:50:33.046+0000][74.163s] GC(78)   Other: 0.8ms
[2023-05-11T20:50:33.047+0000][74.164s] GC(78) Eden regions: 263->0(244)
[2023-05-11T20:50:33.047+0000][74.164s] GC(78) Survivor regions: 3->17(34)
[2023-05-11T20:50:33.047+0000][74.164s] GC(78) Old regions: 136->136
[2023-05-11T20:50:33.048+0000][74.165s] GC(78) Archive regions: 2->2
[2023-05-11T20:50:33.048+0000][74.165s] GC(78) Humongous regions: 14->14
[2023-05-11T20:50:33.048+0000][74.165s] GC(78) Metaspace: 56807K(57280K)->56807K(57280K) NonClass: 49753K(49984K)->49753K(49984K) Class: 7053K(7296K)->7053K(7296K)
[2023-05-11T20:50:33.049+0000][74.166s] GC(78) Pause Young (Normal) (G1 Evacuation Pause) 416M->167M(512M) 11.805ms
[2023-05-11T20:50:33.049+0000][74.166s] GC(78) User=0.02s Sys=0.00s Real=0.01s
[2023-05-11T20:50:33.894+0000][75.012s] GC(79) Pause Young (Normal) (G1 Evacuation Pause)
[2023-05-11T20:50:33.895+0000][75.012s] GC(79) Using 4 workers of 4 for evacuation
[2023-05-11T20:50:33.908+0000][75.026s] GC(79)   Pre Evacuate Collection Set: 0.1ms
[2023-05-11T20:50:33.909+0000][75.026s] GC(79)   Merge Heap Roots: 0.1ms
[2023-05-11T20:50:33.909+0000][75.027s] GC(79)   Evacuate Collection Set: 12.3ms
[2023-05-11T20:50:33.910+0000][75.027s] GC(79)   Post Evacuate Collection Set: 0.7ms
[2023-05-11T20:50:33.910+0000][75.028s] GC(79)   Other: 0.8ms
[2023-05-11T20:50:33.911+0000][75.028s] GC(79) Eden regions: 244->0(230)
[2023-05-11T20:50:33.911+0000][75.028s] GC(79) Survivor regions: 17->28(33)
[2023-05-11T20:50:33.912+0000][75.029s] GC(79) Old regions: 136->136
[2023-05-11T20:50:33.912+0000][75.029s] GC(79) Archive regions: 2->2
[2023-05-11T20:50:33.912+0000][75.030s] GC(79) Humongous regions: 18->17
[2023-05-11T20:50:33.913+0000][75.030s] GC(79) Metaspace: 56811K(57280K)->56811K(57280K) NonClass: 49757K(49984K)->49757K(49984K) Class: 7053K(7296K)->7053K(7296K)
[2023-05-11T20:50:33.913+0000][75.030s] GC(79) Pause Young (Normal) (G1 Evacuation Pause) 415M->181M(512M) 18.680ms
[2023-05-11T20:50:33.913+0000][75.031s] GC(79) User=0.05s Sys=0.00s Real=0.02s
[2023-05-11T20:50:34.893+0000][76.010s] GC(80) Pause Young (Normal) (G1 Evacuation Pause)
[2023-05-11T20:50:34.893+0000][76.010s] GC(80) Using 4 workers of 4 for evacuation
[2023-05-11T20:50:34.920+0000][76.037s] GC(80)   Pre Evacuate Collection Set: 0.3ms
[2023-05-11T20:50:34.921+0000][76.038s] GC(80)   Merge Heap Roots: 0.1ms
[2023-05-11T20:50:34.921+0000][76.039s] GC(80)   Evacuate Collection Set: 24.7ms
[2023-05-11T20:50:34.922+0000][76.039s] GC(80)   Post Evacuate Collection Set: 1.4ms
[2023-05-11T20:50:34.923+0000][76.040s] GC(80)   Other: 1.1ms
[2023-05-11T20:50:34.923+0000][76.041s] GC(80) Eden regions: 230->0(220)
[2023-05-11T20:50:34.924+0000][76.041s] GC(80) Survivor regions: 28->28(33)
[2023-05-11T20:50:34.924+0000][76.041s] GC(80) Old regions: 136->147
[2023-05-11T20:50:34.925+0000][76.042s] GC(80) Archive regions: 2->2
[2023-05-11T20:50:34.925+0000][76.042s] GC(80) Humongous regions: 18->18
[2023-05-11T20:50:34.925+0000][76.043s] GC(80) Metaspace: 56816K(57280K)->56816K(57280K) NonClass: 49762K(49984K)->49762K(49984K) Class: 7053K(7296K)->7053K(7296K)
[2023-05-11T20:50:34.926+0000][76.043s] GC(80) Pause Young (Normal) (G1 Evacuation Pause) 412M->193M(512M) 33.063ms
[2023-05-11T20:50:34.926+0000][76.043s] GC(80) User=0.08s Sys=0.00s Real=0.03s
[2023-05-11T20:50:35.146+0000][76.263s] GC(81) Pause Young (Normal) (G1 Evacuation Pause)
[2023-05-11T20:50:35.146+0000][76.263s] GC(81) Using 4 workers of 4 for evacuation
[2023-05-11T20:50:35.153+0000][76.271s] GC(81)   Pre Evacuate Collection Set: 0.1ms
[2023-05-11T20:50:35.154+0000][76.271s] GC(81)   Merge Heap Roots: 0.1ms
[2023-05-11T20:50:35.154+0000][76.272s] GC(81)   Evacuate Collection Set: 6.4ms
[2023-05-11T20:50:35.155+0000][76.272s] GC(81)   Post Evacuate Collection Set: 0.5ms
[2023-05-11T20:50:35.155+0000][76.272s] GC(81)   Other: 0.8ms
[2023-05-11T20:50:35.156+0000][76.273s] GC(81) Eden regions: 220->0(223)
[2023-05-11T20:50:35.156+0000][76.273s] GC(81) Survivor regions: 28->16(31)
[2023-05-11T20:50:35.156+0000][76.273s] GC(81) Old regions: 147->161
[2023-05-11T20:50:35.156+0000][76.274s] GC(81) Archive regions: 2->2
[2023-05-11T20:50:35.157+0000][76.274s] GC(81) Humongous regions: 18->18
[2023-05-11T20:50:35.157+0000][76.274s] GC(81) Metaspace: 56827K(57344K)->56827K(57344K) NonClass: 49773K(50048K)->49773K(50048K) Class: 7053K(7296K)->7053K(7296K)
[2023-05-11T20:50:35.157+0000][76.275s] GC(81) Pause Young (Normal) (G1 Evacuation Pause) 413M->195M(512M) 11.818ms
[2023-05-11T20:50:35.158+0000][76.275s] GC(81) User=0.02s Sys=0.00s Real=0.01s
[2023-05-11T20:50:35.480+0000][76.597s] GC(82) Pause Young (Normal) (G1 Evacuation Pause)
[2023-05-11T20:50:35.480+0000][76.598s] GC(82) Using 4 workers of 4 for evacuation
[2023-05-11T20:50:35.486+0000][76.604s] GC(82)   Pre Evacuate Collection Set: 0.1ms
[2023-05-11T20:50:35.487+0000][76.604s] GC(82)   Merge Heap Roots: 0.1ms
[2023-05-11T20:50:35.487+0000][76.604s] GC(82)   Evacuate Collection Set: 5.0ms
[2023-05-11T20:50:35.488+0000][76.605s] GC(82)   Post Evacuate Collection Set: 0.6ms
[2023-05-11T20:50:35.488+0000][76.605s] GC(82)   Other: 0.6ms
[2023-05-11T20:50:35.488+0000][76.605s] GC(82) Eden regions: 223->0(220)
[2023-05-11T20:50:35.488+0000][76.606s] GC(82) Survivor regions: 16->12(30)
[2023-05-11T20:50:35.489+0000][76.606s] GC(82) Old regions: 161->170
[2023-05-11T20:50:35.489+0000][76.606s] GC(82) Archive regions: 2->2
[2023-05-11T20:50:35.489+0000][76.607s] GC(82) Humongous regions: 18->18
[2023-05-11T20:50:35.490+0000][76.607s] GC(82) Metaspace: 56830K(57344K)->56830K(57344K) NonClass: 49776K(50048K)->49776K(50048K) Class: 7053K(7296K)->7053K(7296K)
[2023-05-11T20:50:35.490+0000][76.607s] GC(82) Pause Young (Normal) (G1 Evacuation Pause) 418M->200M(512M) 9.877ms
[2023-05-11T20:50:35.490+0000][76.607s] GC(82) User=0.02s Sys=0.00s Real=0.01s
[2023-05-11T20:50:35.977+0000][77.095s] GC(83) Pause Young (Normal) (G1 Evacuation Pause)
[2023-05-11T20:50:35.978+0000][77.095s] GC(83) Using 4 workers of 4 for evacuation
[2023-05-11T20:50:35.983+0000][77.100s] GC(83)   Pre Evacuate Collection Set: 0.1ms
[2023-05-11T20:50:35.983+0000][77.101s] GC(83)   Merge Heap Roots: 0.1ms
[2023-05-11T20:50:35.984+0000][77.101s] GC(83)   Evacuate Collection Set: 3.7ms
[2023-05-11T20:50:35.984+0000][77.101s] GC(83)   Post Evacuate Collection Set: 0.4ms
[2023-05-11T20:50:35.984+0000][77.101s] GC(83)   Other: 1.2ms
[2023-05-11T20:50:35.984+0000][77.102s] GC(83) Eden regions: 220->0(217)
[2023-05-11T20:50:35.985+0000][77.102s] GC(83) Survivor regions: 12->16(29)
[2023-05-11T20:50:35.985+0000][77.102s] GC(83) Old regions: 170->170
[2023-05-11T20:50:35.985+0000][77.102s] GC(83) Archive regions: 2->2
[2023-05-11T20:50:35.985+0000][77.103s] GC(83) Humongous regions: 19->19
[2023-05-11T20:50:35.986+0000][77.103s] GC(83) Metaspace: 56832K(57344K)->56832K(57344K) NonClass: 49778K(50048K)->49778K(50048K) Class: 7053K(7296K)->7053K(7296K)
[2023-05-11T20:50:35.986+0000][77.103s] GC(83) Pause Young (Normal) (G1 Evacuation Pause) 421M->205M(512M) 8.640ms
[2023-05-11T20:50:35.986+0000][77.103s] GC(83) User=0.01s Sys=0.00s Real=0.01s
[2023-05-11T20:50:36.375+0000][77.492s] GC(84) Pause Young (Normal) (G1 Evacuation Pause)
[2023-05-11T20:50:36.375+0000][77.493s] GC(84) Using 4 workers of 4 for evacuation
[2023-05-11T20:50:36.381+0000][77.498s] GC(84)   Pre Evacuate Collection Set: 0.1ms
[2023-05-11T20:50:36.382+0000][77.499s] GC(84)   Merge Heap Roots: 0.1ms
[2023-05-11T20:50:36.382+0000][77.499s] GC(84)   Evacuate Collection Set: 4.6ms
[2023-05-11T20:50:36.382+0000][77.500s] GC(84)   Post Evacuate Collection Set: 0.6ms
[2023-05-11T20:50:36.383+0000][77.500s] GC(84)   Other: 0.7ms
[2023-05-11T20:50:36.383+0000][77.501s] GC(84) Eden regions: 217->0(211)
[2023-05-11T20:50:36.384+0000][77.502s] GC(84) Survivor regions: 16->21(30)
[2023-05-11T20:50:36.385+0000][77.503s] GC(84) Old regions: 170->174
[2023-05-11T20:50:36.386+0000][77.503s] GC(84) Archive regions: 2->2
[2023-05-11T20:50:36.387+0000][77.504s] GC(84) Humongous regions: 19->19
[2023-05-11T20:50:36.387+0000][77.504s] GC(84) Metaspace: 56858K(57344K)->56858K(57344K) NonClass: 49804K(50048K)->49804K(50048K) Class: 7053K(7296K)->7053K(7296K)
[2023-05-11T20:50:36.388+0000][77.505s] GC(84) Pause Young (Normal) (G1 Evacuation Pause) 422M->213M(512M) 12.569ms
[2023-05-11T20:50:36.388+0000][77.505s] GC(84) User=0.01s Sys=0.00s Real=0.01s
[2023-05-11T20:50:36.796+0000][77.914s] GC(85) Pause Young (Normal) (G1 Evacuation Pause)
[2023-05-11T20:50:36.797+0000][77.914s] GC(85) Using 4 workers of 4 for evacuation
[2023-05-11T20:50:36.804+0000][77.921s] GC(85)   Pre Evacuate Collection Set: 0.1ms
[2023-05-11T20:50:36.804+0000][77.922s] GC(85)   Merge Heap Roots: 0.1ms
[2023-05-11T20:50:36.805+0000][77.922s] GC(85)   Evacuate Collection Set: 5.4ms
[2023-05-11T20:50:36.805+0000][77.923s] GC(85)   Post Evacuate Collection Set: 0.6ms
[2023-05-11T20:50:36.806+0000][77.923s] GC(85)   Other: 1.2ms
[2023-05-11T20:50:36.806+0000][77.923s] GC(85) Eden regions: 211->0(206)
[2023-05-11T20:50:36.807+0000][77.924s] GC(85) Survivor regions: 21->17(29)
[2023-05-11T20:50:36.807+0000][77.924s] GC(85) Old regions: 174->185
[2023-05-11T20:50:36.808+0000][77.925s] GC(85) Archive regions: 2->2
[2023-05-11T20:50:36.809+0000][77.926s] GC(85) Humongous regions: 19->19
[2023-05-11T20:50:36.809+0000][77.926s] GC(85) Metaspace: 56861K(57344K)->56861K(57344K) NonClass: 49807K(50048K)->49807K(50048K) Class: 7053K(7296K)->7053K(7296K)
[2023-05-11T20:50:36.810+0000][77.927s] GC(85) Pause Young (Normal) (G1 Evacuation Pause) 424M->221M(512M) 13.716ms
[2023-05-11T20:50:36.811+0000][77.928s] GC(85) User=0.02s Sys=0.00s Real=0.01s
[2023-05-11T20:50:37.182+0000][78.299s] GC(86) Pause Young (Concurrent Start) (G1 Evacuation Pause)
[2023-05-11T20:50:37.182+0000][78.299s] GC(86) Using 4 workers of 4 for evacuation
[2023-05-11T20:50:37.195+0000][78.313s] GC(86)   Pre Evacuate Collection Set: 0.4ms
[2023-05-11T20:50:37.196+0000][78.313s] GC(86)   Merge Heap Roots: 0.1ms
[2023-05-11T20:50:37.197+0000][78.314s] GC(86)   Evacuate Collection Set: 11.3ms
[2023-05-11T20:50:37.197+0000][78.315s] GC(86)   Post Evacuate Collection Set: 0.7ms
[2023-05-11T20:50:37.198+0000][78.316s] GC(86)   Other: 1.2ms
[2023-05-11T20:50:37.199+0000][78.316s] GC(86) Eden regions: 206->0(201)
[2023-05-11T20:50:37.200+0000][78.317s] GC(86) Survivor regions: 17->16(28)
[2023-05-11T20:50:37.200+0000][78.317s] GC(86) Old regions: 185->192
[2023-05-11T20:50:37.201+0000][78.318s] GC(86) Archive regions: 2->2
[2023-05-11T20:50:37.202+0000][78.319s] GC(86) Humongous regions: 19->19
[2023-05-11T20:50:37.203+0000][78.320s] GC(86) Metaspace: 56861K(57344K)->56861K(57344K) NonClass: 49807K(50048K)->49807K(50048K) Class: 7053K(7296K)->7053K(7296K)
[2023-05-11T20:50:37.203+0000][78.321s] GC(86) Pause Young (Concurrent Start) (G1 Evacuation Pause) 427M->226M(512M) 21.758ms
[2023-05-11T20:50:37.204+0000][78.321s] GC(86) User=0.04s Sys=0.00s Real=0.02s
[2023-05-11T20:50:37.205+0000][78.322s] GC(87) Concurrent Mark Cycle
[2023-05-11T20:50:37.205+0000][78.323s] GC(87) Concurrent Clear Claimed Marks
[2023-05-11T20:50:37.206+0000][78.323s] GC(87) Concurrent Clear Claimed Marks 0.478ms
[2023-05-11T20:50:37.207+0000][78.324s] GC(87) Concurrent Scan Root Regions
[2023-05-11T20:50:37.214+0000][78.331s] GC(87) Concurrent Scan Root Regions 7.763ms
[2023-05-11T20:50:37.215+0000][78.332s] GC(87) Concurrent Mark
[2023-05-11T20:50:37.215+0000][78.333s] GC(87) Concurrent Mark From Roots
[2023-05-11T20:50:37.216+0000][78.333s] GC(87) Using 1 workers of 1 for marking
[2023-05-11T20:50:37.341+0000][78.458s] GC(87) Concurrent Mark From Roots 125.155ms
[2023-05-11T20:50:37.341+0000][78.458s] GC(87) Concurrent Preclean
[2023-05-11T20:50:37.342+0000][78.459s] GC(87) Concurrent Preclean 0.888ms
[2023-05-11T20:50:37.344+0000][78.461s] GC(87) Pause Remark
[2023-05-11T20:50:37.355+0000][78.472s] GC(87) Pause Remark 267M->246M(512M) 11.261ms
[2023-05-11T20:50:37.356+0000][78.473s] GC(87) User=0.04s Sys=0.00s Real=0.01s
[2023-05-11T20:50:37.357+0000][78.474s] GC(87) Concurrent Mark 141.648ms
[2023-05-11T20:50:37.357+0000][78.474s] GC(87) Concurrent Rebuild Remembered Sets
[2023-05-11T20:50:37.414+0000][78.531s] GC(87) Concurrent Rebuild Remembered Sets 56.390ms
[2023-05-11T20:50:37.414+0000][78.531s] GC(87) Pause Cleanup
[2023-05-11T20:50:37.414+0000][78.532s] GC(87) Pause Cleanup 269M->269M(512M) 0.454ms
[2023-05-11T20:50:37.415+0000][78.532s] GC(87) User=0.00s Sys=0.00s Real=0.00s
[2023-05-11T20:50:37.415+0000][78.533s] GC(87) Concurrent Cleanup for Next Mark
[2023-05-11T20:50:37.430+0000][78.547s] GC(87) Concurrent Cleanup for Next Mark 14.488ms
[2023-05-11T20:50:37.431+0000][78.548s] GC(87) Concurrent Mark Cycle 226.229ms
[2023-05-11T20:50:37.897+0000][79.014s] GC(88) Pause Young (Prepare Mixed) (G1 Evacuation Pause)
[2023-05-11T20:50:37.900+0000][79.017s] GC(88) Using 4 workers of 4 for evacuation
[2023-05-11T20:50:37.908+0000][79.026s] GC(88)   Pre Evacuate Collection Set: 0.3ms
[2023-05-11T20:50:37.909+0000][79.026s] GC(88)   Merge Heap Roots: 0.2ms
[2023-05-11T20:50:37.910+0000][79.027s] GC(88)   Evacuate Collection Set: 5.9ms
[2023-05-11T20:50:37.910+0000][79.027s] GC(88)   Post Evacuate Collection Set: 0.9ms
[2023-05-11T20:50:37.911+0000][79.028s] GC(88)   Other: 4.4ms
[2023-05-11T20:50:37.911+0000][79.029s] GC(88) Eden regions: 201->0(5)
[2023-05-11T20:50:37.912+0000][79.029s] GC(88) Survivor regions: 16->20(28)
[2023-05-11T20:50:37.913+0000][79.030s] GC(88) Old regions: 182->182
[2023-05-11T20:50:37.914+0000][79.031s] GC(88) Archive regions: 2->2
[2023-05-11T20:50:37.915+0000][79.032s] GC(88) Humongous regions: 9->9
[2023-05-11T20:50:37.915+0000][79.032s] GC(88) Metaspace: 56865K(57408K)->56865K(57408K) NonClass: 49811K(50112K)->49811K(50112K) Class: 7053K(7296K)->7053K(7296K)
[2023-05-11T20:50:37.916+0000][79.033s] GC(88) Pause Young (Prepare Mixed) (G1 Evacuation Pause) 407M->211M(512M) 19.017ms
[2023-05-11T20:50:37.916+0000][79.033s] GC(88) User=0.03s Sys=0.00s Real=0.02s
[2023-05-11T20:50:37.941+0000][79.058s] GC(89) Pause Young (Mixed) (G1 Evacuation Pause)
[2023-05-11T20:50:37.943+0000][79.060s] GC(89) Using 4 workers of 4 for evacuation
[2023-05-11T20:50:37.975+0000][79.092s] GC(89)   Pre Evacuate Collection Set: 0.1ms
[2023-05-11T20:50:37.975+0000][79.093s] GC(89)   Merge Heap Roots: 0.2ms
[2023-05-11T20:50:37.976+0000][79.093s] GC(89)   Evacuate Collection Set: 26.3ms
[2023-05-11T20:50:37.977+0000][79.094s] GC(89)   Post Evacuate Collection Set: 1.0ms
[2023-05-11T20:50:37.977+0000][79.095s] GC(89)   Other: 6.1ms
[2023-05-11T20:50:37.978+0000][79.095s] GC(89) Eden regions: 5->0(23)
[2023-05-11T20:50:37.979+0000][79.096s] GC(89) Survivor regions: 20->2(4)
[2023-05-11T20:50:37.979+0000][79.097s] GC(89) Old regions: 182->157
[2023-05-11T20:50:37.980+0000][79.097s] GC(89) Archive regions: 2->2
[2023-05-11T20:50:37.981+0000][79.098s] GC(89) Humongous regions: 9->9
[2023-05-11T20:50:37.981+0000][79.098s] GC(89) Metaspace: 56865K(57408K)->56865K(57408K) NonClass: 49811K(50112K)->49811K(50112K) Class: 7053K(7296K)->7053K(7296K)
[2023-05-11T20:50:37.982+0000][79.099s] GC(89) Pause Young (Mixed) (G1 Evacuation Pause) 216M->168M(512M) 40.789ms
[2023-05-11T20:50:37.983+0000][79.100s] GC(89) User=0.10s Sys=0.01s Real=0.04s
[2023-05-11T20:50:38.083+0000][79.200s] GC(90) Pause Young (Mixed) (G1 Evacuation Pause)
[2023-05-11T20:50:38.088+0000][79.205s] GC(90) Using 4 workers of 4 for evacuation
[2023-05-11T20:50:38.095+0000][79.212s] GC(90)   Pre Evacuate Collection Set: 0.1ms
[2023-05-11T20:50:38.095+0000][79.213s] GC(90)   Merge Heap Roots: 0.1ms
[2023-05-11T20:50:38.096+0000][79.213s] GC(90)   Evacuate Collection Set: 5.5ms
[2023-05-11T20:50:38.096+0000][79.213s] GC(90)   Post Evacuate Collection Set: 0.6ms
[2023-05-11T20:50:38.096+0000][79.214s] GC(90)   Other: 5.4ms
[2023-05-11T20:50:38.097+0000][79.214s] GC(90) Eden regions: 23->0(259)
[2023-05-11T20:50:38.097+0000][79.214s] GC(90) Survivor regions: 2->2(4)
[2023-05-11T20:50:38.097+0000][79.215s] GC(90) Old regions: 157->150
[2023-05-11T20:50:38.098+0000][79.215s] GC(90) Archive regions: 2->2
[2023-05-11T20:50:38.098+0000][79.216s] GC(90) Humongous regions: 9->9
[2023-05-11T20:50:38.099+0000][79.216s] GC(90) Metaspace: 56887K(57408K)->56887K(57408K) NonClass: 49833K(50112K)->49833K(50112K) Class: 7053K(7296K)->7053K(7296K)
[2023-05-11T20:50:38.099+0000][79.216s] GC(90) Pause Young (Mixed) (G1 Evacuation Pause) 191M->161M(512M) 16.148ms
[2023-05-11T20:50:38.100+0000][79.217s] GC(90) User=0.02s Sys=0.00s Real=0.01s
[2023-05-11T20:50:39.310+0000][80.427s] GC(91) Pause Young (Normal) (G1 Evacuation Pause)
[2023-05-11T20:50:39.310+0000][80.428s] GC(91) Using 4 workers of 4 for evacuation
[2023-05-11T20:50:39.330+0000][80.447s] GC(91)   Pre Evacuate Collection Set: 0.3ms
[2023-05-11T20:50:39.330+0000][80.448s] GC(91)   Merge Heap Roots: 0.2ms
[2023-05-11T20:50:39.331+0000][80.448s] GC(91)   Evacuate Collection Set: 16.8ms
[2023-05-11T20:50:39.331+0000][80.448s] GC(91)   Post Evacuate Collection Set: 1.6ms
[2023-05-11T20:50:39.332+0000][80.449s] GC(91)   Other: 1.2ms
[2023-05-11T20:50:39.332+0000][80.449s] GC(91) Eden regions: 259->0(244)
[2023-05-11T20:50:39.332+0000][80.450s] GC(91) Survivor regions: 2->15(33)
[2023-05-11T20:50:39.333+0000][80.450s] GC(91) Old regions: 150->150
[2023-05-11T20:50:39.333+0000][80.450s] GC(91) Archive regions: 2->2
[2023-05-11T20:50:39.333+0000][80.451s] GC(91) Humongous regions: 10->10
[2023-05-11T20:50:39.334+0000][80.451s] GC(91) Metaspace: 56898K(57408K)->56898K(57408K) NonClass: 49844K(50112K)->49844K(50112K) Class: 7053K(7296K)->7053K(7296K)
[2023-05-11T20:50:39.334+0000][80.451s] GC(91) Pause Young (Normal) (G1 Evacuation Pause) 421M->175M(512M) 24.531ms
[2023-05-11T20:50:39.335+0000][80.452s] GC(91) User=0.06s Sys=0.01s Real=0.03s
[2023-05-11T20:50:40.599+0000][81.716s] GC(92) Pause Young (Normal) (G1 Evacuation Pause)
[2023-05-11T20:50:40.600+0000][81.717s] GC(92) Using 4 workers of 4 for evacuation
[2023-05-11T20:50:40.613+0000][81.730s] GC(92)   Pre Evacuate Collection Set: 0.1ms
[2023-05-11T20:50:40.613+0000][81.730s] GC(92)   Merge Heap Roots: 0.2ms
[2023-05-11T20:50:40.614+0000][81.731s] GC(92)   Evacuate Collection Set: 11.5ms
[2023-05-11T20:50:40.614+0000][81.731s] GC(92)   Post Evacuate Collection Set: 0.7ms
[2023-05-11T20:50:40.614+0000][81.731s] GC(92)   Other: 1.3ms
[2023-05-11T20:50:40.615+0000][81.732s] GC(92) Eden regions: 244->0(235)
[2023-05-11T20:50:40.615+0000][81.732s] GC(92) Survivor regions: 15->23(33)
[2023-05-11T20:50:40.615+0000][81.732s] GC(92) Old regions: 150->150
[2023-05-11T20:50:40.615+0000][81.733s] GC(92) Archive regions: 2->2
[2023-05-11T20:50:40.616+0000][81.733s] GC(92) Humongous regions: 10->10
[2023-05-11T20:50:40.616+0000][81.733s] GC(92) Metaspace: 56907K(57408K)->56907K(57408K) NonClass: 49853K(50112K)->49853K(50112K) Class: 7053K(7296K)->7053K(7296K)
[2023-05-11T20:50:40.617+0000][81.734s] GC(92) Pause Young (Normal) (G1 Evacuation Pause) 419M->183M(512M) 17.658ms
[2023-05-11T20:50:40.617+0000][81.734s] GC(92) User=0.03s Sys=0.00s Real=0.02s
[2023-05-11T20:50:41.016+0000][82.133s] GC(93) Pause Young (Normal) (G1 Evacuation Pause)
[2023-05-11T20:50:41.017+0000][82.134s] GC(93) Using 4 workers of 4 for evacuation
[2023-05-11T20:50:41.024+0000][82.141s] GC(93)   Pre Evacuate Collection Set: 0.1ms
[2023-05-11T20:50:41.025+0000][82.142s] GC(93)   Merge Heap Roots: 0.1ms
[2023-05-11T20:50:41.025+0000][82.142s] GC(93)   Evacuate Collection Set: 6.7ms
[2023-05-11T20:50:41.026+0000][82.143s] GC(93)   Post Evacuate Collection Set: 0.4ms
[2023-05-11T20:50:41.026+0000][82.143s] GC(93)   Other: 1.0ms
[2023-05-11T20:50:41.026+0000][82.143s] GC(93) Eden regions: 235->0(227)
[2023-05-11T20:50:41.026+0000][82.144s] GC(93) Survivor regions: 23->21(33)
[2023-05-11T20:50:41.027+0000][82.144s] GC(93) Old regions: 150->160
[2023-05-11T20:50:41.027+0000][82.144s] GC(93) Archive regions: 2->2
[2023-05-11T20:50:41.028+0000][82.145s] GC(93) Humongous regions: 10->10
[2023-05-11T20:50:41.028+0000][82.145s] GC(93) Metaspace: 56916K(57408K)->56916K(57408K) NonClass: 49862K(50112K)->49862K(50112K) Class: 7053K(7296K)->7053K(7296K)
[2023-05-11T20:50:41.028+0000][82.145s] GC(93) Pause Young (Normal) (G1 Evacuation Pause) 418M->190M(512M) 12.088ms
[2023-05-11T20:50:41.028+0000][82.146s] GC(93) User=0.02s Sys=0.00s Real=0.01s
[2023-05-11T20:50:41.407+0000][82.524s] GC(94) Pause Young (Normal) (G1 Evacuation Pause)
[2023-05-11T20:50:41.407+0000][82.524s] GC(94) Using 4 workers of 4 for evacuation
[2023-05-11T20:50:41.419+0000][82.536s] GC(94)   Pre Evacuate Collection Set: 0.1ms
[2023-05-11T20:50:41.419+0000][82.536s] GC(94)   Merge Heap Roots: 0.1ms
[2023-05-11T20:50:41.419+0000][82.537s] GC(94)   Evacuate Collection Set: 10.3ms
[2023-05-11T20:50:41.420+0000][82.537s] GC(94)   Post Evacuate Collection Set: 0.4ms
[2023-05-11T20:50:41.420+0000][82.537s] GC(94)   Other: 0.8ms
[2023-05-11T20:50:41.420+0000][82.538s] GC(94) Eden regions: 227->0(217)
[2023-05-11T20:50:41.421+0000][82.538s] GC(94) Survivor regions: 21->20(31)
[2023-05-11T20:50:41.421+0000][82.538s] GC(94) Old regions: 160->168
[2023-05-11T20:50:41.421+0000][82.538s] GC(94) Archive regions: 2->2
[2023-05-11T20:50:41.421+0000][82.539s] GC(94) Humongous regions: 14->14
[2023-05-11T20:50:41.422+0000][82.539s] GC(94) Metaspace: 56916K(57408K)->56916K(57408K) NonClass: 49862K(50112K)->49862K(50112K) Class: 7053K(7296K)->7053K(7296K)
[2023-05-11T20:50:41.422+0000][82.539s] GC(94) Pause Young (Normal) (G1 Evacuation Pause) 421M->202M(512M) 15.180ms
[2023-05-11T20:50:41.422+0000][82.540s] GC(94) User=0.02s Sys=0.00s Real=0.02s
[2023-05-11T20:50:41.768+0000][82.886s] GC(95) Pause Young (Concurrent Start) (G1 Evacuation Pause)
[2023-05-11T20:50:41.769+0000][82.886s] GC(95) Using 4 workers of 4 for evacuation
[2023-05-11T20:50:41.776+0000][82.894s] GC(95)   Pre Evacuate Collection Set: 0.4ms
[2023-05-11T20:50:41.777+0000][82.894s] GC(95)   Merge Heap Roots: 0.1ms
[2023-05-11T20:50:41.777+0000][82.895s] GC(95)   Evacuate Collection Set: 5.9ms
[2023-05-11T20:50:41.778+0000][82.895s] GC(95)   Post Evacuate Collection Set: 0.4ms
[2023-05-11T20:50:41.778+0000][82.895s] GC(95)   Other: 1.1ms
[2023-05-11T20:50:41.778+0000][82.896s] GC(95) Eden regions: 217->0(207)
[2023-05-11T20:50:41.779+0000][82.896s] GC(95) Survivor regions: 20->21(30)
[2023-05-11T20:50:41.779+0000][82.896s] GC(95) Old regions: 168->175
[2023-05-11T20:50:41.779+0000][82.896s] GC(95) Archive regions: 2->2
[2023-05-11T20:50:41.780+0000][82.897s] GC(95) Humongous regions: 17->17
[2023-05-11T20:50:41.780+0000][82.897s] GC(95) Metaspace: 56916K(57408K)->56916K(57408K) NonClass: 49862K(50112K)->49862K(50112K) Class: 7053K(7296K)->7053K(7296K)
[2023-05-11T20:50:41.780+0000][82.897s] GC(95) Pause Young (Concurrent Start) (G1 Evacuation Pause) 422M->212M(512M) 11.705ms
[2023-05-11T20:50:41.781+0000][82.898s] GC(95) User=0.02s Sys=0.01s Real=0.01s
[2023-05-11T20:50:41.781+0000][82.898s] GC(96) Concurrent Mark Cycle
[2023-05-11T20:50:41.781+0000][82.898s] GC(96) Concurrent Clear Claimed Marks
[2023-05-11T20:50:41.782+0000][82.899s] GC(96) Concurrent Clear Claimed Marks 0.389ms
[2023-05-11T20:50:41.782+0000][82.899s] GC(96) Concurrent Scan Root Regions
[2023-05-11T20:50:41.787+0000][82.904s] GC(96) Concurrent Scan Root Regions 4.696ms
[2023-05-11T20:50:41.787+0000][82.904s] GC(96) Concurrent Mark
[2023-05-11T20:50:41.787+0000][82.904s] GC(96) Concurrent Mark From Roots
[2023-05-11T20:50:41.787+0000][82.905s] GC(96) Using 1 workers of 1 for marking
[2023-05-11T20:50:41.852+0000][82.969s] GC(96) Concurrent Mark From Roots 64.532ms
[2023-05-11T20:50:41.852+0000][82.969s] GC(96) Concurrent Preclean
[2023-05-11T20:50:41.853+0000][82.970s] GC(96) Concurrent Preclean 0.458ms
[2023-05-11T20:50:41.853+0000][82.970s] GC(96) Pause Remark
[2023-05-11T20:50:41.861+0000][82.978s] GC(96) Pause Remark 239M->216M(512M) 7.714ms
[2023-05-11T20:50:41.861+0000][82.979s] GC(96) User=0.02s Sys=0.00s Real=0.01s
[2023-05-11T20:50:41.862+0000][82.979s] GC(96) Concurrent Mark 74.867ms
[2023-05-11T20:50:41.862+0000][82.979s] GC(96) Concurrent Rebuild Remembered Sets
[2023-05-11T20:50:41.891+0000][83.008s] GC(96) Concurrent Rebuild Remembered Sets 28.974ms
[2023-05-11T20:50:41.892+0000][83.009s] GC(96) Pause Cleanup
[2023-05-11T20:50:41.892+0000][83.010s] GC(96) Pause Cleanup 223M->223M(512M) 0.503ms
[2023-05-11T20:50:41.893+0000][83.010s] GC(96) User=0.00s Sys=0.00s Real=0.00s
[2023-05-11T20:50:41.893+0000][83.010s] GC(96) Concurrent Cleanup for Next Mark
[2023-05-11T20:50:41.895+0000][83.013s] GC(96) Concurrent Cleanup for Next Mark 2.387ms
[2023-05-11T20:50:41.896+0000][83.013s] GC(96) Concurrent Mark Cycle 114.930ms
[2023-05-11T20:50:42.322+0000][83.440s] GC(97) Pause Young (Prepare Mixed) (G1 Evacuation Pause)
[2023-05-11T20:50:42.323+0000][83.440s] GC(97) Using 4 workers of 4 for evacuation
[2023-05-11T20:50:42.330+0000][83.447s] GC(97)   Pre Evacuate Collection Set: 0.2ms
[2023-05-11T20:50:42.331+0000][83.448s] GC(97)   Merge Heap Roots: 0.1ms
[2023-05-11T20:50:42.331+0000][83.448s] GC(97)   Evacuate Collection Set: 6.5ms
[2023-05-11T20:50:42.331+0000][83.449s] GC(97)   Post Evacuate Collection Set: 0.5ms
[2023-05-11T20:50:42.332+0000][83.449s] GC(97)   Other: 0.7ms
[2023-05-11T20:50:42.332+0000][83.449s] GC(97) Eden regions: 207->0(4)
[2023-05-11T20:50:42.332+0000][83.450s] GC(97) Survivor regions: 21->21(29)
[2023-05-11T20:50:42.333+0000][83.450s] GC(97) Old regions: 156->162
[2023-05-11T20:50:42.333+0000][83.450s] GC(97) Archive regions: 2->2
[2023-05-11T20:50:42.333+0000][83.450s] GC(97) Humongous regions: 16->15
[2023-05-11T20:50:42.334+0000][83.451s] GC(97) Metaspace: 56917K(57408K)->56917K(57408K) NonClass: 49863K(50112K)->49863K(50112K) Class: 7053K(7296K)->7053K(7296K)
[2023-05-11T20:50:42.334+0000][83.451s] GC(97) Pause Young (Prepare Mixed) (G1 Evacuation Pause) 399M->198M(512M) 11.776ms
[2023-05-11T20:50:42.334+0000][83.452s] GC(97) User=0.03s Sys=0.00s Real=0.01s
[2023-05-11T20:50:42.342+0000][83.459s] GC(98) Pause Young (Mixed) (G1 Evacuation Pause)
[2023-05-11T20:50:42.342+0000][83.460s] GC(98) Using 4 workers of 4 for evacuation
[2023-05-11T20:50:42.354+0000][83.471s] GC(98)   Pre Evacuate Collection Set: 0.1ms
[2023-05-11T20:50:42.354+0000][83.472s] GC(98)   Merge Heap Roots: 0.1ms
[2023-05-11T20:50:42.355+0000][83.472s] GC(98)   Evacuate Collection Set: 10.6ms
[2023-05-11T20:50:42.355+0000][83.472s] GC(98)   Post Evacuate Collection Set: 0.4ms
[2023-05-11T20:50:42.355+0000][83.473s] GC(98)   Other: 0.7ms
[2023-05-11T20:50:42.356+0000][83.473s] GC(98) Eden regions: 4->0(264)
[2023-05-11T20:50:42.356+0000][83.473s] GC(98) Survivor regions: 21->1(4)
[2023-05-11T20:50:42.356+0000][83.474s] GC(98) Old regions: 162->134
[2023-05-11T20:50:42.357+0000][83.474s] GC(98) Archive regions: 2->2
[2023-05-11T20:50:42.357+0000][83.474s] GC(98) Humongous regions: 15->15
[2023-05-11T20:50:42.357+0000][83.475s] GC(98) Metaspace: 56917K(57408K)->56917K(57408K) NonClass: 49863K(50112K)->49863K(50112K) Class: 7053K(7296K)->7053K(7296K)
[2023-05-11T20:50:42.358+0000][83.475s] GC(98) Pause Young (Mixed) (G1 Evacuation Pause) 202M->149M(512M) 15.545ms
[2023-05-11T20:50:42.358+0000][83.475s] GC(98) User=0.03s Sys=0.00s Real=0.01s
[2023-05-11T20:50:42.789+0000][83.907s] GC(99) Pause Young (Normal) (G1 Evacuation Pause)
[2023-05-11T20:50:42.790+0000][83.907s] GC(99) Using 4 workers of 4 for evacuation
[2023-05-11T20:50:42.796+0000][83.914s] GC(99)   Pre Evacuate Collection Set: 0.1ms
[2023-05-11T20:50:42.797+0000][83.914s] GC(99)   Merge Heap Roots: 0.1ms
[2023-05-11T20:50:42.797+0000][83.914s] GC(99)   Evacuate Collection Set: 5.6ms
[2023-05-11T20:50:42.798+0000][83.915s] GC(99)   Post Evacuate Collection Set: 0.5ms
[2023-05-11T20:50:42.798+0000][83.915s] GC(99)   Other: 0.6ms
[2023-05-11T20:50:42.798+0000][83.916s] GC(99) Eden regions: 264->0(247)
[2023-05-11T20:50:42.799+0000][83.916s] GC(99) Survivor regions: 1->15(34)
[2023-05-11T20:50:42.799+0000][83.916s] GC(99) Old regions: 134->134
[2023-05-11T20:50:42.799+0000][83.917s] GC(99) Archive regions: 2->2
[2023-05-11T20:50:42.800+0000][83.917s] GC(99) Humongous regions: 17->17
[2023-05-11T20:50:42.800+0000][83.917s] GC(99) Metaspace: 56918K(57408K)->56918K(57408K) NonClass: 49865K(50112K)->49865K(50112K) Class: 7053K(7296K)->7053K(7296K)
[2023-05-11T20:50:42.801+0000][83.918s] GC(99) Pause Young (Normal) (G1 Evacuation Pause) 415M->165M(512M) 11.281ms
[2023-05-11T20:50:42.801+0000][83.918s] GC(99) User=0.02s Sys=0.00s Real=0.02s
[2023-05-11T20:50:43.143+0000][84.260s] GC(100) Pause Young (Normal) (G1 Evacuation Pause)
[2023-05-11T20:50:43.143+0000][84.260s] GC(100) Using 4 workers of 4 for evacuation
[2023-05-11T20:50:43.150+0000][84.267s] GC(100)   Pre Evacuate Collection Set: 0.1ms
[2023-05-11T20:50:43.150+0000][84.267s] GC(100)   Merge Heap Roots: 0.1ms
[2023-05-11T20:50:43.151+0000][84.268s] GC(100)   Evacuate Collection Set: 5.6ms
[2023-05-11T20:50:43.151+0000][84.268s] GC(100)   Post Evacuate Collection Set: 0.4ms
[2023-05-11T20:50:43.151+0000][84.268s] GC(100)   Other: 0.8ms
[2023-05-11T20:50:43.152+0000][84.269s] GC(100) Eden regions: 247->0(235)
[2023-05-11T20:50:43.152+0000][84.269s] GC(100) Survivor regions: 15->25(33)
[2023-05-11T20:50:43.152+0000][84.269s] GC(100) Old regions: 134->134
[2023-05-11T20:50:43.152+0000][84.270s] GC(100) Archive regions: 2->2
[2023-05-11T20:50:43.153+0000][84.270s] GC(100) Humongous regions: 18->18
[2023-05-11T20:50:43.153+0000][84.270s] GC(100) Metaspace: 56920K(57408K)->56920K(57408K) NonClass: 49866K(50112K)->49866K(50112K) Class: 7053K(7296K)->7053K(7296K)
[2023-05-11T20:50:43.153+0000][84.271s] GC(100) Pause Young (Normal) (G1 Evacuation Pause) 413M->176M(512M) 10.575ms
[2023-05-11T20:50:43.154+0000][84.271s] GC(100) User=0.02s Sys=0.00s Real=0.01s
[2023-05-11T20:50:43.525+0000][84.642s] GC(101) Pause Young (Normal) (G1 Evacuation Pause)
[2023-05-11T20:50:43.525+0000][84.643s] GC(101) Using 4 workers of 4 for evacuation
[2023-05-11T20:50:43.534+0000][84.651s] GC(101)   Pre Evacuate Collection Set: 0.1ms
[2023-05-11T20:50:43.535+0000][84.652s] GC(101)   Merge Heap Roots: 0.1ms
[2023-05-11T20:50:43.535+0000][84.652s] GC(101)   Evacuate Collection Set: 7.5ms
[2023-05-11T20:50:43.535+0000][84.652s] GC(101)   Post Evacuate Collection Set: 0.5ms
[2023-05-11T20:50:43.536+0000][84.653s] GC(101)   Other: 1.1ms
[2023-05-11T20:50:43.536+0000][84.653s] GC(101) Eden regions: 235->0(224)
[2023-05-11T20:50:43.536+0000][84.653s] GC(101) Survivor regions: 25->25(33)
[2023-05-11T20:50:43.536+0000][84.654s] GC(101) Old regions: 134->141
[2023-05-11T20:50:43.537+0000][84.654s] GC(101) Archive regions: 2->2
[2023-05-11T20:50:43.537+0000][84.654s] GC(101) Humongous regions: 19->19
[2023-05-11T20:50:43.537+0000][84.655s] GC(101) Metaspace: 56920K(57408K)->56920K(57408K) NonClass: 49866K(50112K)->49866K(50112K) Class: 7053K(7296K)->7053K(7296K)
[2023-05-11T20:50:43.538+0000][84.655s] GC(101) Pause Young (Normal) (G1 Evacuation Pause) 412M->185M(512M) 12.828ms
[2023-05-11T20:50:43.538+0000][84.655s] GC(101) User=0.03s Sys=0.00s Real=0.01s
[2023-05-11T20:50:44.147+0000][85.265s] GC(102) Pause Young (Normal) (G1 Evacuation Pause)
[2023-05-11T20:50:44.148+0000][85.265s] GC(102) Using 4 workers of 4 for evacuation
[2023-05-11T20:50:44.157+0000][85.274s] GC(102)   Pre Evacuate Collection Set: 0.1ms
[2023-05-11T20:50:44.158+0000][85.275s] GC(102)   Merge Heap Roots: 0.1ms
[2023-05-11T20:50:44.158+0000][85.275s] GC(102)   Evacuate Collection Set: 8.4ms
[2023-05-11T20:50:44.158+0000][85.275s] GC(102)   Post Evacuate Collection Set: 0.4ms
[2023-05-11T20:50:44.159+0000][85.276s] GC(102)   Other: 0.7ms
[2023-05-11T20:50:44.159+0000][85.276s] GC(102) Eden regions: 224->0(211)
[2023-05-11T20:50:44.159+0000][85.276s] GC(102) Survivor regions: 25->28(32)
[2023-05-11T20:50:44.159+0000][85.277s] GC(102) Old regions: 141->148
[2023-05-11T20:50:44.160+0000][85.277s] GC(102) Archive regions: 2->2
[2023-05-11T20:50:44.160+0000][85.277s] GC(102) Humongous regions: 25->22
[2023-05-11T20:50:44.160+0000][85.278s] GC(102) Metaspace: 56921K(57408K)->56921K(57408K) NonClass: 49867K(50112K)->49867K(50112K) Class: 7053K(7296K)->7053K(7296K)
[2023-05-11T20:50:44.161+0000][85.278s] GC(102) Pause Young (Normal) (G1 Evacuation Pause) 415M->197M(512M) 13.404ms
[2023-05-11T20:50:44.161+0000][85.278s] GC(102) User=0.02s Sys=0.00s Real=0.02s
[2023-05-11T20:50:46.138+0000][87.255s] GC(103) Pause Young (Normal) (G1 Evacuation Pause)
[2023-05-11T20:50:46.138+0000][87.255s] GC(103) Using 4 workers of 4 for evacuation
[2023-05-11T20:50:46.170+0000][87.288s] GC(103)   Pre Evacuate Collection Set: 0.3ms
[2023-05-11T20:50:46.171+0000][87.288s] GC(103)   Merge Heap Roots: 0.4ms
[2023-05-11T20:50:46.171+0000][87.288s] GC(103)   Evacuate Collection Set: 30.4ms
[2023-05-11T20:50:46.172+0000][87.289s] GC(103)   Post Evacuate Collection Set: 1.1ms
[2023-05-11T20:50:46.172+0000][87.289s] GC(103)   Other: 0.9ms
[2023-05-11T20:50:46.172+0000][87.289s] GC(103) Eden regions: 211->0(212)
[2023-05-11T20:50:46.173+0000][87.290s] GC(103) Survivor regions: 28->24(30)
[2023-05-11T20:50:46.173+0000][87.290s] GC(103) Old regions: 148->155
[2023-05-11T20:50:46.173+0000][87.290s] GC(103) Archive regions: 2->2
[2023-05-11T20:50:46.173+0000][87.291s] GC(103) Humongous regions: 23->23
[2023-05-11T20:50:46.174+0000][87.291s] GC(103) Metaspace: 56933K(57472K)->56933K(57472K) NonClass: 49879K(50176K)->49879K(50176K) Class: 7053K(7296K)->7053K(7296K)
[2023-05-11T20:50:46.174+0000][87.291s] GC(103) Pause Young (Normal) (G1 Evacuation Pause) 409M->201M(512M) 36.482ms
[2023-05-11T20:50:46.174+0000][87.292s] GC(103) User=0.09s Sys=0.00s Real=0.04s
[2023-05-11T20:50:46.602+0000][87.719s] GC(104) Pause Young (Normal) (G1 Evacuation Pause)
[2023-05-11T20:50:46.602+0000][87.720s] GC(104) Using 4 workers of 4 for evacuation
[2023-05-11T20:50:46.610+0000][87.727s] GC(104)   Pre Evacuate Collection Set: 0.1ms
[2023-05-11T20:50:46.611+0000][87.728s] GC(104)   Merge Heap Roots: 0.1ms
[2023-05-11T20:50:46.611+0000][87.728s] GC(104)   Evacuate Collection Set: 6.2ms
[2023-05-11T20:50:46.611+0000][87.728s] GC(104)   Post Evacuate Collection Set: 0.5ms
[2023-05-11T20:50:46.612+0000][87.729s] GC(104)   Other: 0.7ms
[2023-05-11T20:50:46.612+0000][87.729s] GC(104) Eden regions: 212->0(220)
[2023-05-11T20:50:46.612+0000][87.729s] GC(104) Survivor regions: 24->8(30)
[2023-05-11T20:50:46.612+0000][87.730s] GC(104) Old regions: 155->171
[2023-05-11T20:50:46.613+0000][87.730s] GC(104) Archive regions: 2->2
[2023-05-11T20:50:46.613+0000][87.730s] GC(104) Humongous regions: 23->23
[2023-05-11T20:50:46.613+0000][87.730s] GC(104) Metaspace: 56933K(57472K)->56933K(57472K) NonClass: 49879K(50176K)->49879K(50176K) Class: 7053K(7296K)->7053K(7296K)
[2023-05-11T20:50:46.614+0000][87.731s] GC(104) Pause Young (Normal) (G1 Evacuation Pause) 413M->201M(512M) 11.314ms
[2023-05-11T20:50:46.614+0000][87.731s] GC(104) User=0.02s Sys=0.00s Real=0.01s
[2023-05-11T20:50:47.661+0000][88.778s] GC(105) Pause Young (Concurrent Start) (G1 Evacuation Pause)
[2023-05-11T20:50:47.661+0000][88.778s] GC(105) Using 4 workers of 4 for evacuation
[2023-05-11T20:50:47.665+0000][88.782s] GC(105)   Pre Evacuate Collection Set: 0.1ms
[2023-05-11T20:50:47.665+0000][88.782s] GC(105)   Merge Heap Roots: 0.1ms
[2023-05-11T20:50:47.666+0000][88.783s] GC(105)   Evacuate Collection Set: 2.7ms
[2023-05-11T20:50:47.666+0000][88.783s] GC(105)   Post Evacuate Collection Set: 0.3ms
[2023-05-11T20:50:47.666+0000][88.783s] GC(105)   Other: 0.8ms
[2023-05-11T20:50:47.666+0000][88.783s] GC(105) Eden regions: 220->0(228)
[2023-05-11T20:50:47.666+0000][88.784s] GC(105) Survivor regions: 8->7(29)
[2023-05-11T20:50:47.667+0000][88.784s] GC(105) Old regions: 171->171
[2023-05-11T20:50:47.667+0000][88.784s] GC(105) Archive regions: 2->2
[2023-05-11T20:50:47.667+0000][88.784s] GC(105) Humongous regions: 23->23
[2023-05-11T20:50:47.667+0000][88.785s] GC(105) Metaspace: 56935K(57472K)->56935K(57472K) NonClass: 49881K(50176K)->49881K(50176K) Class: 7053K(7296K)->7053K(7296K)
[2023-05-11T20:50:47.668+0000][88.785s] GC(105) Pause Young (Concurrent Start) (G1 Evacuation Pause) 421M->201M(512M) 6.964ms
[2023-05-11T20:50:47.668+0000][88.785s] GC(105) User=0.01s Sys=0.00s Real=0.01s
[2023-05-11T20:50:47.668+0000][88.785s] GC(106) Concurrent Mark Cycle
[2023-05-11T20:50:47.668+0000][88.786s] GC(106) Concurrent Clear Claimed Marks
[2023-05-11T20:50:47.669+0000][88.786s] GC(106) Concurrent Clear Claimed Marks 0.278ms
[2023-05-11T20:50:47.669+0000][88.786s] GC(106) Concurrent Scan Root Regions
[2023-05-11T20:50:47.671+0000][88.788s] GC(106) Concurrent Scan Root Regions 2.332ms
[2023-05-11T20:50:47.672+0000][88.790s] GC(106) Concurrent Mark
[2023-05-11T20:50:47.673+0000][88.790s] GC(106) Concurrent Mark From Roots
[2023-05-11T20:50:47.673+0000][88.790s] GC(106) Using 1 workers of 1 for marking
[2023-05-11T20:50:47.737+0000][88.854s] GC(106) Concurrent Mark From Roots 63.935ms
[2023-05-11T20:50:47.737+0000][88.854s] GC(106) Concurrent Preclean
[2023-05-11T20:50:47.737+0000][88.855s] GC(106) Concurrent Preclean 0.428ms
[2023-05-11T20:50:47.738+0000][88.855s] GC(106) Pause Remark
[2023-05-11T20:50:47.746+0000][88.863s] GC(106) Pause Remark 241M->192M(512M) 7.912ms
[2023-05-11T20:50:47.746+0000][88.864s] GC(106) User=0.02s Sys=0.00s Real=0.01s
[2023-05-11T20:50:47.747+0000][88.864s] GC(106) Concurrent Mark 74.374ms
[2023-05-11T20:50:47.747+0000][88.864s] GC(106) Concurrent Rebuild Remembered Sets
[2023-05-11T20:50:47.773+0000][88.890s] GC(106) Concurrent Rebuild Remembered Sets 25.691ms
[2023-05-11T20:50:47.773+0000][88.891s] GC(106) Pause Cleanup
[2023-05-11T20:50:47.774+0000][88.891s] GC(106) Pause Cleanup 210M->210M(512M) 0.445ms
[2023-05-11T20:50:47.774+0000][88.891s] GC(106) User=0.00s Sys=0.00s Real=0.00s
[2023-05-11T20:50:47.775+0000][88.892s] GC(106) Concurrent Cleanup for Next Mark
[2023-05-11T20:50:47.777+0000][88.894s] GC(106) Concurrent Cleanup for Next Mark 2.098ms
[2023-05-11T20:50:47.777+0000][88.894s] GC(106) Concurrent Mark Cycle 108.775ms
[2023-05-11T20:50:48.027+0000][89.144s] GC(107) Pause Young (Prepare Mixed) (G1 Evacuation Pause)
[2023-05-11T20:50:48.027+0000][89.145s] GC(107) Using 4 workers of 4 for evacuation
[2023-05-11T20:50:48.033+0000][89.150s] GC(107)   Pre Evacuate Collection Set: 0.1ms
[2023-05-11T20:50:48.033+0000][89.150s] GC(107)   Merge Heap Roots: 0.1ms
[2023-05-11T20:50:48.033+0000][89.151s] GC(107)   Evacuate Collection Set: 4.0ms
[2023-05-11T20:50:48.034+0000][89.151s] GC(107)   Post Evacuate Collection Set: 0.5ms
[2023-05-11T20:50:48.034+0000][89.151s] GC(107)   Other: 0.7ms
[2023-05-11T20:50:48.034+0000][89.152s] GC(107) Eden regions: 228->0(16)
[2023-05-11T20:50:48.035+0000][89.152s] GC(107) Survivor regions: 7->9(30)
[2023-05-11T20:50:48.035+0000][89.152s] GC(107) Old regions: 138->138
[2023-05-11T20:50:48.035+0000][89.152s] GC(107) Archive regions: 2->2
[2023-05-11T20:50:48.036+0000][89.153s] GC(107) Humongous regions: 7->7
[2023-05-11T20:50:48.036+0000][89.153s] GC(107) Metaspace: 56937K(57472K)->56937K(57472K) NonClass: 49883K(50176K)->49883K(50176K) Class: 7053K(7296K)->7053K(7296K)
[2023-05-11T20:50:48.036+0000][89.153s] GC(107) Pause Young (Prepare Mixed) (G1 Evacuation Pause) 380M->154M(512M) 8.973ms
[2023-05-11T20:50:48.036+0000][89.154s] GC(107) User=0.01s Sys=0.00s Real=0.01s
[2023-05-11T20:50:48.064+0000][89.181s] GC(108) Pause Young (Mixed) (G1 Evacuation Pause)
[2023-05-11T20:50:48.064+0000][89.181s] GC(108) Using 4 workers of 4 for evacuation
[2023-05-11T20:50:48.070+0000][89.187s] GC(108)   Pre Evacuate Collection Set: 0.1ms
[2023-05-11T20:50:48.070+0000][89.188s] GC(108)   Merge Heap Roots: 0.1ms
[2023-05-11T20:50:48.071+0000][89.188s] GC(108)   Evacuate Collection Set: 5.0ms
[2023-05-11T20:50:48.071+0000][89.188s] GC(108)   Post Evacuate Collection Set: 0.4ms
[2023-05-11T20:50:48.071+0000][89.189s] GC(108)   Other: 0.8ms
[2023-05-11T20:50:48.072+0000][89.189s] GC(108) Eden regions: 16->0(22)
[2023-05-11T20:50:48.072+0000][89.189s] GC(108) Survivor regions: 9->3(4)
[2023-05-11T20:50:48.072+0000][89.189s] GC(108) Old regions: 138->98
[2023-05-11T20:50:48.073+0000][89.190s] GC(108) Archive regions: 2->2
[2023-05-11T20:50:48.073+0000][89.190s] GC(108) Humongous regions: 7->7
[2023-05-11T20:50:48.073+0000][89.190s] GC(108) Metaspace: 56937K(57472K)->56937K(57472K) NonClass: 49883K(50176K)->49883K(50176K) Class: 7053K(7296K)->7053K(7296K)
[2023-05-11T20:50:48.073+0000][89.191s] GC(108) Pause Young (Mixed) (G1 Evacuation Pause) 170M->107M(512M) 9.896ms
[2023-05-11T20:50:48.074+0000][89.191s] GC(108) User=0.02s Sys=0.00s Real=0.01s
[2023-05-11T20:50:48.112+0000][89.229s] GC(109) Pause Young (Mixed) (G1 Evacuation Pause)
[2023-05-11T20:50:48.112+0000][89.229s] GC(109) Using 4 workers of 4 for evacuation
[2023-05-11T20:50:48.115+0000][89.232s] GC(109)   Pre Evacuate Collection Set: 0.1ms
[2023-05-11T20:50:48.115+0000][89.233s] GC(109)   Merge Heap Roots: 0.1ms
[2023-05-11T20:50:48.116+0000][89.233s] GC(109)   Evacuate Collection Set: 1.9ms
[2023-05-11T20:50:48.116+0000][89.233s] GC(109)   Post Evacuate Collection Set: 0.4ms
[2023-05-11T20:50:48.116+0000][89.233s] GC(109)   Other: 0.7ms
[2023-05-11T20:50:48.117+0000][89.234s] GC(109) Eden regions: 22->0(303)
[2023-05-11T20:50:48.117+0000][89.234s] GC(109) Survivor regions: 3->4(4)
[2023-05-11T20:50:48.117+0000][89.234s] GC(109) Old regions: 98->93
[2023-05-11T20:50:48.117+0000][89.235s] GC(109) Archive regions: 2->2
[2023-05-11T20:50:48.118+0000][89.235s] GC(109) Humongous regions: 7->7
[2023-05-11T20:50:48.118+0000][89.235s] GC(109) Metaspace: 56937K(57472K)->56937K(57472K) NonClass: 49883K(50176K)->49883K(50176K) Class: 7053K(7296K)->7053K(7296K)
[2023-05-11T20:50:48.118+0000][89.236s] GC(109) Pause Young (Mixed) (G1 Evacuation Pause) 129M->103M(512M) 6.539ms
[2023-05-11T20:50:48.119+0000][89.236s] GC(109) User=0.01s Sys=0.00s Real=0.00s
[2023-05-11T20:50:48.615+0000][89.733s] GC(110) Pause Young (Normal) (G1 Evacuation Pause)
[2023-05-11T20:50:48.616+0000][89.733s] GC(110) Using 4 workers of 4 for evacuation
[2023-05-11T20:50:48.626+0000][89.743s] GC(110)   Pre Evacuate Collection Set: 0.1ms
[2023-05-11T20:50:48.626+0000][89.744s] GC(110)   Merge Heap Roots: 0.1ms
[2023-05-11T20:50:48.627+0000][89.744s] GC(110)   Evacuate Collection Set: 8.9ms
[2023-05-11T20:50:48.627+0000][89.744s] GC(110)   Post Evacuate Collection Set: 0.5ms
[2023-05-11T20:50:48.627+0000][89.745s] GC(110)   Other: 1.0ms
[2023-05-11T20:50:48.628+0000][89.745s] GC(110) Eden regions: 303->0(292)
[2023-05-11T20:50:48.628+0000][89.745s] GC(110) Survivor regions: 4->15(39)
[2023-05-11T20:50:48.628+0000][89.745s] GC(110) Old regions: 93->93
[2023-05-11T20:50:48.629+0000][89.746s] GC(110) Archive regions: 2->2
[2023-05-11T20:50:48.629+0000][89.746s] GC(110) Humongous regions: 7->7
[2023-05-11T20:50:48.629+0000][89.746s] GC(110) Metaspace: 56939K(57472K)->56939K(57472K) NonClass: 49885K(50176K)->49885K(50176K) Class: 7053K(7296K)->7053K(7296K)
[2023-05-11T20:50:48.629+0000][89.747s] GC(110) Pause Young (Normal) (G1 Evacuation Pause) 406M->115M(512M) 13.931ms
[2023-05-11T20:50:48.630+0000][89.747s] GC(110) User=0.03s Sys=0.00s Real=0.01s
[2023-05-11T20:50:48.974+0000][90.091s] GC(111) Pause Young (Normal) (G1 Evacuation Pause)
[2023-05-11T20:50:48.974+0000][90.092s] GC(111) Using 4 workers of 4 for evacuation
[2023-05-11T20:50:48.981+0000][90.098s] GC(111)   Pre Evacuate Collection Set: 0.1ms
[2023-05-11T20:50:48.981+0000][90.098s] GC(111)   Merge Heap Roots: 0.1ms
[2023-05-11T20:50:48.982+0000][90.099s] GC(111)   Evacuate Collection Set: 5.4ms
[2023-05-11T20:50:48.982+0000][90.099s] GC(111)   Post Evacuate Collection Set: 0.5ms
[2023-05-11T20:50:48.982+0000][90.099s] GC(111)   Other: 0.7ms
[2023-05-11T20:50:48.982+0000][90.100s] GC(111) Eden regions: 292->0(285)
[2023-05-11T20:50:48.983+0000][90.100s] GC(111) Survivor regions: 15->22(39)
[2023-05-11T20:50:48.983+0000][90.100s] GC(111) Old regions: 93->93
[2023-05-11T20:50:48.983+0000][90.101s] GC(111) Archive regions: 2->2
[2023-05-11T20:50:48.984+0000][90.101s] GC(111) Humongous regions: 7->7
[2023-05-11T20:50:48.984+0000][90.101s] GC(111) Metaspace: 56950K(57472K)->56950K(57472K) NonClass: 49897K(50176K)->49897K(50176K) Class: 7053K(7296K)->7053K(7296K)
[2023-05-11T20:50:48.984+0000][90.101s] GC(111) Pause Young (Normal) (G1 Evacuation Pause) 407M->122M(512M) 10.056ms
[2023-05-11T20:50:48.984+0000][90.102s] GC(111) User=0.01s Sys=0.00s Real=0.01s
[2023-05-11T20:50:49.355+0000][90.472s] GC(112) Pause Young (Normal) (G1 Evacuation Pause)
[2023-05-11T20:50:49.355+0000][90.472s] GC(112) Using 4 workers of 4 for evacuation
[2023-05-11T20:50:49.364+0000][90.481s] GC(112)   Pre Evacuate Collection Set: 0.1ms
[2023-05-11T20:50:49.364+0000][90.481s] GC(112)   Merge Heap Roots: 0.1ms
[2023-05-11T20:50:49.365+0000][90.482s] GC(112)   Evacuate Collection Set: 7.5ms
[2023-05-11T20:50:49.365+0000][90.482s] GC(112)   Post Evacuate Collection Set: 0.5ms
[2023-05-11T20:50:49.365+0000][90.482s] GC(112)   Other: 0.6ms
[2023-05-11T20:50:49.366+0000][90.483s] GC(112) Eden regions: 285->0(288)
[2023-05-11T20:50:49.366+0000][90.483s] GC(112) Survivor regions: 22->19(39)
[2023-05-11T20:50:49.366+0000][90.483s] GC(112) Old regions: 93->106
[2023-05-11T20:50:49.367+0000][90.484s] GC(112) Archive regions: 2->2
[2023-05-11T20:50:49.367+0000][90.484s] GC(112) Humongous regions: 7->7
[2023-05-11T20:50:49.367+0000][90.484s] GC(112) Metaspace: 56957K(57472K)->56957K(57472K) NonClass: 49904K(50176K)->49904K(50176K) Class: 7053K(7296K)->7053K(7296K)
[2023-05-11T20:50:49.368+0000][90.485s] GC(112) Pause Young (Normal) (G1 Evacuation Pause) 407M->132M(512M) 12.599ms
[2023-05-11T20:50:49.368+0000][90.485s] GC(112) User=0.02s Sys=0.00s Real=0.01s
[2023-05-11T20:50:50.050+0000][91.167s] GC(113) Pause Young (Normal) (G1 Evacuation Pause)
[2023-05-11T20:50:50.050+0000][91.168s] GC(113) Using 4 workers of 4 for evacuation
[2023-05-11T20:50:50.056+0000][91.174s] GC(113)   Pre Evacuate Collection Set: 0.1ms
[2023-05-11T20:50:50.057+0000][91.174s] GC(113)   Merge Heap Roots: 0.1ms
[2023-05-11T20:50:50.057+0000][91.174s] GC(113)   Evacuate Collection Set: 4.8ms
[2023-05-11T20:50:50.058+0000][91.175s] GC(113)   Post Evacuate Collection Set: 0.5ms
[2023-05-11T20:50:50.058+0000][91.175s] GC(113)   Other: 0.8ms
[2023-05-11T20:50:50.058+0000][91.176s] GC(113) Eden regions: 288->0(279)
[2023-05-11T20:50:50.059+0000][91.176s] GC(113) Survivor regions: 19->28(39)
[2023-05-11T20:50:50.059+0000][91.176s] GC(113) Old regions: 106->106
[2023-05-11T20:50:50.059+0000][91.176s] GC(113) Archive regions: 2->2
[2023-05-11T20:50:50.059+0000][91.177s] GC(113) Humongous regions: 7->7
[2023-05-11T20:50:50.060+0000][91.177s] GC(113) Metaspace: 56981K(57472K)->56981K(57472K) NonClass: 49925K(50176K)->49925K(50176K) Class: 7056K(7296K)->7056K(7296K)
[2023-05-11T20:50:50.060+0000][91.177s] GC(113) Pause Young (Normal) (G1 Evacuation Pause) 420M->141M(512M) 9.806ms
[2023-05-11T20:50:50.060+0000][91.178s] GC(113) User=0.02s Sys=0.00s Real=0.01s
[2023-05-11T20:50:50.540+0000][91.658s] GC(114) Pause Young (Normal) (G1 Evacuation Pause)
[2023-05-11T20:50:50.541+0000][91.658s] GC(114) Using 4 workers of 4 for evacuation
[2023-05-11T20:50:50.548+0000][91.666s] GC(114)   Pre Evacuate Collection Set: 0.1ms
[2023-05-11T20:50:50.549+0000][91.667s] GC(114)   Merge Heap Roots: 0.0ms
[2023-05-11T20:50:50.549+0000][91.667s] GC(114)   Evacuate Collection Set: 6.7ms
[2023-05-11T20:50:50.550+0000][91.667s] GC(114)   Post Evacuate Collection Set: 0.7ms
[2023-05-11T20:50:50.550+0000][91.667s] GC(114)   Other: 0.7ms
[2023-05-11T20:50:50.550+0000][91.668s] GC(114) Eden regions: 279->0(268)
[2023-05-11T20:50:50.550+0000][91.668s] GC(114) Survivor regions: 28->24(39)
[2023-05-11T20:50:50.551+0000][91.668s] GC(114) Old regions: 106->120
[2023-05-11T20:50:50.551+0000][91.669s] GC(114) Archive regions: 2->2
[2023-05-11T20:50:50.551+0000][91.669s] GC(114) Humongous regions: 8->8
[2023-05-11T20:50:50.552+0000][91.669s] GC(114) Metaspace: 56984K(57472K)->56984K(57472K) NonClass: 49927K(50176K)->49927K(50176K) Class: 7056K(7296K)->7056K(7296K)
[2023-05-11T20:50:50.552+0000][91.670s] GC(114) Pause Young (Normal) (G1 Evacuation Pause) 421M->152M(512M) 11.923ms
[2023-05-11T20:50:50.552+0000][91.670s] GC(114) User=0.03s Sys=0.00s Real=0.02s
[2023-05-11T20:50:50.979+0000][92.097s] GC(115) Pause Young (Concurrent Start) (G1 Evacuation Pause)
[2023-05-11T20:50:50.980+0000][92.097s] GC(115) Using 4 workers of 4 for evacuation
[2023-05-11T20:50:50.988+0000][92.106s] GC(115)   Pre Evacuate Collection Set: 0.1ms
[2023-05-11T20:50:50.989+0000][92.106s] GC(115)   Merge Heap Roots: 0.1ms
[2023-05-11T20:50:50.989+0000][92.107s] GC(115)   Evacuate Collection Set: 7.3ms
[2023-05-11T20:50:50.989+0000][92.107s] GC(115)   Post Evacuate Collection Set: 0.5ms
[2023-05-11T20:50:50.990+0000][92.107s] GC(115)   Other: 0.7ms
[2023-05-11T20:50:50.990+0000][92.107s] GC(115) Eden regions: 268->0(255)
[2023-05-11T20:50:50.990+0000][92.108s] GC(115) Survivor regions: 24->26(37)
[2023-05-11T20:50:50.990+0000][92.108s] GC(115) Old regions: 120->129
[2023-05-11T20:50:50.991+0000][92.108s] GC(115) Archive regions: 2->2
[2023-05-11T20:50:50.991+0000][92.109s] GC(115) Humongous regions: 8->8
[2023-05-11T20:50:50.991+0000][92.109s] GC(115) Metaspace: 56986K(57472K)->56986K(57472K) NonClass: 49930K(50176K)->49930K(50176K) Class: 7056K(7296K)->7056K(7296K)
[2023-05-11T20:50:50.992+0000][92.109s] GC(115) Pause Young (Concurrent Start) (G1 Evacuation Pause) 420M->162M(512M) 12.422ms
[2023-05-11T20:50:50.992+0000][92.110s] GC(115) User=0.02s Sys=0.00s Real=0.02s
[2023-05-11T20:50:50.992+0000][92.110s] GC(116) Concurrent Mark Cycle
[2023-05-11T20:50:50.993+0000][92.110s] GC(116) Concurrent Clear Claimed Marks
[2023-05-11T20:50:50.993+0000][92.111s] GC(116) Concurrent Clear Claimed Marks 0.392ms
[2023-05-11T20:50:50.993+0000][92.111s] GC(116) Concurrent Scan Root Regions
[2023-05-11T20:50:50.997+0000][92.114s] GC(116) Concurrent Scan Root Regions 3.288ms
[2023-05-11T20:50:50.997+0000][92.115s] GC(116) Concurrent Mark
[2023-05-11T20:50:50.998+0000][92.115s] GC(116) Concurrent Mark From Roots
[2023-05-11T20:50:50.998+0000][92.116s] GC(116) Using 1 workers of 1 for marking
[2023-05-11T20:50:51.029+0000][92.147s] GC(116) Concurrent Mark From Roots 31.344ms
[2023-05-11T20:50:51.029+0000][92.147s] GC(116) Concurrent Preclean
[2023-05-11T20:50:51.030+0000][92.147s] GC(116) Concurrent Preclean 0.466ms
[2023-05-11T20:50:51.030+0000][92.148s] GC(116) Pause Remark
[2023-05-11T20:50:51.033+0000][92.151s] GC(116) Pause Remark 179M->147M(512M) 3.182ms
[2023-05-11T20:50:51.034+0000][92.152s] GC(116) User=0.01s Sys=0.00s Real=0.01s
[2023-05-11T20:50:51.034+0000][92.152s] GC(116) Concurrent Mark 37.069ms
[2023-05-11T20:50:51.035+0000][92.152s] GC(116) Concurrent Rebuild Remembered Sets
[2023-05-11T20:50:51.054+0000][92.172s] GC(116) Concurrent Rebuild Remembered Sets 19.795ms
[2023-05-11T20:50:51.055+0000][92.173s] GC(116) Pause Cleanup
[2023-05-11T20:50:51.055+0000][92.173s] GC(116) Pause Cleanup 162M->162M(512M) 0.400ms
[2023-05-11T20:50:51.056+0000][92.173s] GC(116) User=0.00s Sys=0.00s Real=0.00s
[2023-05-11T20:50:51.056+0000][92.174s] GC(116) Concurrent Cleanup for Next Mark
[2023-05-11T20:50:51.058+0000][92.175s] GC(116) Concurrent Cleanup for Next Mark 1.723ms
[2023-05-11T20:50:51.058+0000][92.176s] GC(116) Concurrent Mark Cycle 65.651ms
[2023-05-11T20:50:51.389+0000][92.507s] GC(117) Pause Young (Prepare Mixed) (G1 Evacuation Pause)
[2023-05-11T20:50:51.389+0000][92.507s] GC(117) Using 4 workers of 4 for evacuation
[2023-05-11T20:50:51.397+0000][92.515s] GC(117)   Pre Evacuate Collection Set: 0.1ms
[2023-05-11T20:50:51.398+0000][92.516s] GC(117)   Merge Heap Roots: 0.1ms
[2023-05-11T20:50:51.398+0000][92.516s] GC(117)   Evacuate Collection Set: 7.1ms
[2023-05-11T20:50:51.398+0000][92.516s] GC(117)   Post Evacuate Collection Set: 0.5ms
[2023-05-11T20:50:51.399+0000][92.516s] GC(117)   Other: 0.6ms
[2023-05-11T20:50:51.399+0000][92.517s] GC(117) Eden regions: 255->0(1)
[2023-05-11T20:50:51.400+0000][92.517s] GC(117) Survivor regions: 26->24(36)
[2023-05-11T20:50:51.400+0000][92.518s] GC(117) Old regions: 100->109
[2023-05-11T20:50:51.400+0000][92.518s] GC(117) Archive regions: 2->2
[2023-05-11T20:50:51.400+0000][92.518s] GC(117) Humongous regions: 5->5
[2023-05-11T20:50:51.401+0000][92.518s] GC(117) Metaspace: 56993K(57472K)->56993K(57472K) NonClass: 49937K(50176K)->49937K(50176K) Class: 7056K(7296K)->7056K(7296K)
[2023-05-11T20:50:51.401+0000][92.519s] GC(117) Pause Young (Prepare Mixed) (G1 Evacuation Pause) 385M->138M(512M) 12.182ms
[2023-05-11T20:50:51.401+0000][92.519s] GC(117) User=0.02s Sys=0.00s Real=0.02s
[2023-05-11T20:50:51.403+0000][92.521s] GC(118) Pause Young (Mixed) (G1 Evacuation Pause)
[2023-05-11T20:50:51.403+0000][92.521s] GC(118) Using 4 workers of 4 for evacuation
[2023-05-11T20:50:51.410+0000][92.527s] GC(118)   Pre Evacuate Collection Set: 0.1ms
[2023-05-11T20:50:51.410+0000][92.528s] GC(118)   Merge Heap Roots: 0.1ms
[2023-05-11T20:50:51.410+0000][92.528s] GC(118)   Evacuate Collection Set: 5.3ms
[2023-05-11T20:50:51.411+0000][92.528s] GC(118)   Post Evacuate Collection Set: 0.4ms
[2023-05-11T20:50:51.411+0000][92.529s] GC(118)   Other: 0.6ms
[2023-05-11T20:50:51.411+0000][92.529s] GC(118) Eden regions: 1->0(294)
[2023-05-11T20:50:51.411+0000][92.529s] GC(118) Survivor regions: 24->2(4)
[2023-05-11T20:50:51.412+0000][92.529s] GC(118) Old regions: 109->112
[2023-05-11T20:50:51.412+0000][92.530s] GC(118) Archive regions: 2->2
[2023-05-11T20:50:51.412+0000][92.530s] GC(118) Humongous regions: 5->5
[2023-05-11T20:50:51.412+0000][92.530s] GC(118) Metaspace: 56993K(57472K)->56993K(57472K) NonClass: 49937K(50176K)->49937K(50176K) Class: 7056K(7296K)->7056K(7296K)
[2023-05-11T20:50:51.413+0000][92.530s] GC(118) Pause Young (Mixed) (G1 Evacuation Pause) 139M->119M(512M) 9.542ms
[2023-05-11T20:50:51.413+0000][92.531s] GC(118) User=0.02s Sys=0.00s Real=0.01s
[2023-05-11T20:50:52.084+0000][93.201s] GC(119) Pause Young (Normal) (G1 Evacuation Pause)
[2023-05-11T20:50:52.084+0000][93.202s] GC(119) Using 4 workers of 4 for evacuation
[2023-05-11T20:50:52.090+0000][93.207s] GC(119)   Pre Evacuate Collection Set: 0.1ms
[2023-05-11T20:50:52.090+0000][93.208s] GC(119)   Merge Heap Roots: 0.1ms
[2023-05-11T20:50:52.091+0000][93.209s] GC(119)   Evacuate Collection Set: 4.8ms
[2023-05-11T20:50:52.091+0000][93.209s] GC(119)   Post Evacuate Collection Set: 0.4ms
[2023-05-11T20:50:52.092+0000][93.209s] GC(119)   Other: 0.6ms
[2023-05-11T20:50:52.092+0000][93.210s] GC(119) Eden regions: 294->0(272)
[2023-05-11T20:50:52.092+0000][93.210s] GC(119) Survivor regions: 2->18(37)
[2023-05-11T20:50:52.093+0000][93.210s] GC(119) Old regions: 112->112
[2023-05-11T20:50:52.093+0000][93.211s] GC(119) Archive regions: 2->2
[2023-05-11T20:50:52.093+0000][93.211s] GC(119) Humongous regions: 12->11
[2023-05-11T20:50:52.094+0000][93.211s] GC(119) Metaspace: 57003K(57472K)->57003K(57472K) NonClass: 49947K(50176K)->49947K(50176K) Class: 7056K(7296K)->7056K(7296K)
[2023-05-11T20:50:52.094+0000][93.212s] GC(119) Pause Young (Normal) (G1 Evacuation Pause) 420M->141M(512M) 10.163ms
[2023-05-11T20:50:52.094+0000][93.212s] GC(119) User=0.02s Sys=0.00s Real=0.01s
[2023-05-11T20:50:52.529+0000][93.646s] GC(120) Pause Young (Normal) (G1 Evacuation Pause)
[2023-05-11T20:50:52.529+0000][93.647s] GC(120) Using 4 workers of 4 for evacuation
[2023-05-11T20:50:52.535+0000][93.653s] GC(120)   Pre Evacuate Collection Set: 0.1ms
[2023-05-11T20:50:52.536+0000][93.654s] GC(120)   Merge Heap Roots: 0.1ms
[2023-05-11T20:50:52.536+0000][93.654s] GC(120)   Evacuate Collection Set: 5.5ms
[2023-05-11T20:50:52.537+0000][93.654s] GC(120)   Post Evacuate Collection Set: 0.4ms
[2023-05-11T20:50:52.537+0000][93.655s] GC(120)   Other: 0.8ms
[2023-05-11T20:50:52.537+0000][93.655s] GC(120) Eden regions: 272->0(260)
[2023-05-11T20:50:52.537+0000][93.655s] GC(120) Survivor regions: 18->26(37)
[2023-05-11T20:50:52.538+0000][93.655s] GC(120) Old regions: 112->112
[2023-05-11T20:50:52.538+0000][93.656s] GC(120) Archive regions: 2->2
[2023-05-11T20:50:52.538+0000][93.656s] GC(120) Humongous regions: 14->14
[2023-05-11T20:50:52.539+0000][93.656s] GC(120) Metaspace: 57004K(57472K)->57004K(57472K) NonClass: 49948K(50176K)->49948K(50176K) Class: 7056K(7296K)->7056K(7296K)
[2023-05-11T20:50:52.539+0000][93.657s] GC(120) Pause Young (Normal) (G1 Evacuation Pause) 416M->152M(512M) 10.296ms
[2023-05-11T20:50:52.539+0000][93.657s] GC(120) User=0.02s Sys=0.00s Real=0.01s
[2023-05-11T20:50:52.962+0000][94.079s] GC(121) Pause Young (Normal) (G1 Evacuation Pause)
[2023-05-11T20:50:52.962+0000][94.080s] GC(121) Using 4 workers of 4 for evacuation
[2023-05-11T20:50:52.973+0000][94.091s] GC(121)   Pre Evacuate Collection Set: 0.1ms
[2023-05-11T20:50:52.973+0000][94.091s] GC(121)   Merge Heap Roots: 0.2ms
[2023-05-11T20:50:52.974+0000][94.091s] GC(121)   Evacuate Collection Set: 9.9ms
[2023-05-11T20:50:52.974+0000][94.092s] GC(121)   Post Evacuate Collection Set: 0.4ms
[2023-05-11T20:50:52.974+0000][94.092s] GC(121)   Other: 0.7ms
[2023-05-11T20:50:52.975+0000][94.092s] GC(121) Eden regions: 260->0(247)
[2023-05-11T20:50:52.975+0000][94.093s] GC(121) Survivor regions: 26->27(36)
[2023-05-11T20:50:52.975+0000][94.093s] GC(121) Old regions: 112->121
[2023-05-11T20:50:52.976+0000][94.093s] GC(121) Archive regions: 2->2
[2023-05-11T20:50:52.976+0000][94.094s] GC(121) Humongous regions: 16->16
[2023-05-11T20:50:52.976+0000][94.094s] GC(121) Metaspace: 57004K(57472K)->57004K(57472K) NonClass: 49948K(50176K)->49948K(50176K) Class: 7056K(7296K)->7056K(7296K)
[2023-05-11T20:50:52.976+0000][94.094s] GC(121) Pause Young (Normal) (G1 Evacuation Pause) 414M->163M(512M) 14.876ms
[2023-05-11T20:50:52.977+0000][94.094s] GC(121) User=0.03s Sys=0.00s Real=0.01s
[2023-05-11T20:50:53.555+0000][94.672s] GC(122) Pause Young (Normal) (G1 Evacuation Pause)
[2023-05-11T20:50:53.556+0000][94.673s] GC(122) Using 4 workers of 4 for evacuation
[2023-05-11T20:50:53.565+0000][94.683s] GC(122)   Pre Evacuate Collection Set: 0.1ms
[2023-05-11T20:50:53.566+0000][94.683s] GC(122)   Merge Heap Roots: 0.1ms
[2023-05-11T20:50:53.566+0000][94.684s] GC(122)   Evacuate Collection Set: 8.5ms
[2023-05-11T20:50:53.566+0000][94.684s] GC(122)   Post Evacuate Collection Set: 0.4ms
[2023-05-11T20:50:53.567+0000][94.684s] GC(122)   Other: 1.4ms
[2023-05-11T20:50:53.568+0000][94.685s] GC(122) Eden regions: 247->0(237)
[2023-05-11T20:50:53.568+0000][94.686s] GC(122) Survivor regions: 27->27(35)
[2023-05-11T20:50:53.568+0000][94.686s] GC(122) Old regions: 121->128
[2023-05-11T20:50:53.569+0000][94.686s] GC(122) Archive regions: 2->2
[2023-05-11T20:50:53.569+0000][94.687s] GC(122) Humongous regions: 19->19
[2023-05-11T20:50:53.569+0000][94.687s] GC(122) Metaspace: 57005K(57472K)->57005K(57472K) NonClass: 49949K(50176K)->49949K(50176K) Class: 7056K(7296K)->7056K(7296K)
[2023-05-11T20:50:53.570+0000][94.687s] GC(122) Pause Young (Normal) (G1 Evacuation Pause) 413M->174M(512M) 15.168ms
[2023-05-11T20:50:53.570+0000][94.688s] GC(122) User=0.03s Sys=0.00s Real=0.01s
[2023-05-11T20:50:54.091+0000][95.209s] GC(123) Pause Young (Normal) (G1 Evacuation Pause)
[2023-05-11T20:50:54.092+0000][95.209s] GC(123) Using 4 workers of 4 for evacuation
[2023-05-11T20:50:54.101+0000][95.219s] GC(123)   Pre Evacuate Collection Set: 0.1ms
[2023-05-11T20:50:54.102+0000][95.219s] GC(123)   Merge Heap Roots: 0.1ms
[2023-05-11T20:50:54.102+0000][95.220s] GC(123)   Evacuate Collection Set: 8.3ms
[2023-05-11T20:50:54.102+0000][95.220s] GC(123)   Post Evacuate Collection Set: 0.4ms
[2023-05-11T20:50:54.102+0000][95.220s] GC(123)   Other: 0.6ms
[2023-05-11T20:50:54.103+0000][95.220s] GC(123) Eden regions: 237->0(229)
[2023-05-11T20:50:54.103+0000][95.221s] GC(123) Survivor regions: 27->16(33)
[2023-05-11T20:50:54.103+0000][95.221s] GC(123) Old regions: 128->147
[2023-05-11T20:50:54.104+0000][95.221s] GC(123) Archive regions: 2->2
[2023-05-11T20:50:54.104+0000][95.221s] GC(123) Humongous regions: 19->19
[2023-05-11T20:50:54.104+0000][95.222s] GC(123) Metaspace: 57011K(57536K)->57011K(57536K) NonClass: 49955K(50240K)->49955K(50240K) Class: 7056K(7296K)->7056K(7296K)
[2023-05-11T20:50:54.104+0000][95.222s] GC(123) Pause Young (Normal) (G1 Evacuation Pause) 411M->182M(512M) 12.795ms
[2023-05-11T20:50:54.105+0000][95.222s] GC(123) User=0.03s Sys=0.00s Real=0.01s
[2023-05-11T20:50:54.705+0000][95.823s] GC(124) Pause Young (Concurrent Start) (G1 Evacuation Pause)
[2023-05-11T20:50:54.705+0000][95.823s] GC(124) Using 4 workers of 4 for evacuation
[2023-05-11T20:50:54.713+0000][95.830s] GC(124)   Pre Evacuate Collection Set: 0.1ms
[2023-05-11T20:50:54.713+0000][95.831s] GC(124)   Merge Heap Roots: 0.1ms
[2023-05-11T20:50:54.713+0000][95.831s] GC(124)   Evacuate Collection Set: 6.2ms
[2023-05-11T20:50:54.714+0000][95.831s] GC(124)   Post Evacuate Collection Set: 0.5ms
[2023-05-11T20:50:54.714+0000][95.832s] GC(124)   Other: 0.8ms
[2023-05-11T20:50:54.714+0000][95.832s] GC(124) Eden regions: 229->0(213)
[2023-05-11T20:50:54.715+0000][95.832s] GC(124) Survivor regions: 16->30(31)
[2023-05-11T20:50:54.715+0000][95.833s] GC(124) Old regions: 147->147
[2023-05-11T20:50:54.715+0000][95.833s] GC(124) Archive regions: 2->2
[2023-05-11T20:50:54.716+0000][95.833s] GC(124) Humongous regions: 22->21
[2023-05-11T20:50:54.716+0000][95.834s] GC(124) Metaspace: 57027K(57536K)->57027K(57536K) NonClass: 49970K(50240K)->49970K(50240K) Class: 7056K(7296K)->7056K(7296K)
[2023-05-11T20:50:54.717+0000][95.834s] GC(124) Pause Young (Concurrent Start) (G1 Evacuation Pause) 414M->198M(512M) 11.914ms
[2023-05-11T20:50:54.717+0000][95.835s] GC(124) User=0.02s Sys=0.00s Real=0.01s
[2023-05-11T20:50:54.718+0000][95.836s] GC(125) Concurrent Mark Cycle
[2023-05-11T20:50:54.719+0000][95.837s] GC(125) Concurrent Clear Claimed Marks
[2023-05-11T20:50:54.719+0000][95.837s] GC(125) Concurrent Clear Claimed Marks 0.542ms
[2023-05-11T20:50:54.720+0000][95.837s] GC(125) Concurrent Scan Root Regions
[2023-05-11T20:50:54.722+0000][95.840s] GC(125) Concurrent Scan Root Regions 2.760ms
[2023-05-11T20:50:54.723+0000][95.841s] GC(125) Concurrent Mark
[2023-05-11T20:50:54.723+0000][95.841s] GC(125) Concurrent Mark From Roots
[2023-05-11T20:50:54.724+0000][95.841s] GC(125) Using 1 workers of 1 for marking
[2023-05-11T20:50:54.777+0000][95.895s] GC(125) Concurrent Mark From Roots 53.905ms
[2023-05-11T20:50:54.778+0000][95.895s] GC(125) Concurrent Preclean
[2023-05-11T20:50:54.778+0000][95.896s] GC(125) Concurrent Preclean 0.714ms
[2023-05-11T20:50:54.779+0000][95.896s] GC(125) Pause Remark
[2023-05-11T20:50:54.784+0000][95.902s] GC(125) Pause Remark 227M->224M(512M) 5.491ms
[2023-05-11T20:50:54.785+0000][95.902s] GC(125) User=0.02s Sys=0.00s Real=0.01s
[2023-05-11T20:50:54.785+0000][95.903s] GC(125) Concurrent Mark 62.359ms
[2023-05-11T20:50:54.786+0000][95.903s] GC(125) Concurrent Rebuild Remembered Sets
[2023-05-11T20:50:54.815+0000][95.933s] GC(125) Concurrent Rebuild Remembered Sets 29.477ms
[2023-05-11T20:50:54.816+0000][95.934s] GC(125) Pause Cleanup
[2023-05-11T20:50:54.816+0000][95.934s] GC(125) Pause Cleanup 240M->240M(512M) 0.459ms
[2023-05-11T20:50:54.817+0000][95.934s] GC(125) User=0.00s Sys=0.00s Real=0.00s
[2023-05-11T20:50:54.817+0000][95.935s] GC(125) Concurrent Cleanup for Next Mark
[2023-05-11T20:50:54.819+0000][95.937s] GC(125) Concurrent Cleanup for Next Mark 2.048ms
[2023-05-11T20:50:54.819+0000][95.937s] GC(125) Concurrent Mark Cycle 101.037ms
[2023-05-11T20:50:56.399+0000][97.517s] GC(126) Pause Young (Prepare Mixed) (G1 Evacuation Pause)
[2023-05-11T20:50:56.399+0000][97.517s] GC(126) Using 4 workers of 4 for evacuation
[2023-05-11T20:50:56.407+0000][97.525s] GC(126)   Pre Evacuate Collection Set: 0.1ms
[2023-05-11T20:50:56.408+0000][97.525s] GC(126)   Merge Heap Roots: 0.1ms
[2023-05-11T20:50:56.408+0000][97.526s] GC(126)   Evacuate Collection Set: 6.9ms
[2023-05-11T20:50:56.408+0000][97.526s] GC(126)   Post Evacuate Collection Set: 0.5ms
[2023-05-11T20:50:56.409+0000][97.526s] GC(126)   Other: 0.6ms
[2023-05-11T20:50:56.409+0000][97.527s] GC(126) Eden regions: 213->0(15)
[2023-05-11T20:50:56.409+0000][97.527s] GC(126) Survivor regions: 30->10(31)
[2023-05-11T20:50:56.410+0000][97.527s] GC(126) Old regions: 144->169
[2023-05-11T20:50:56.410+0000][97.527s] GC(126) Archive regions: 2->2
[2023-05-11T20:50:56.410+0000][97.528s] GC(126) Humongous regions: 21->21
[2023-05-11T20:50:56.410+0000][97.528s] GC(126) Metaspace: 57028K(57536K)->57028K(57536K) NonClass: 49971K(50240K)->49971K(50240K) Class: 7056K(7296K)->7056K(7296K)
[2023-05-11T20:50:56.411+0000][97.528s] GC(126) Pause Young (Prepare Mixed) (G1 Evacuation Pause) 408M->199M(512M) 11.648ms
[2023-05-11T20:50:56.411+0000][97.529s] GC(126) User=0.02s Sys=0.00s Real=0.02s
[2023-05-11T20:50:56.431+0000][97.548s] GC(127) Pause Young (Mixed) (G1 Evacuation Pause)
[2023-05-11T20:50:56.431+0000][97.548s] GC(127) Using 4 workers of 4 for evacuation
[2023-05-11T20:50:56.435+0000][97.553s] GC(127)   Pre Evacuate Collection Set: 0.1ms
[2023-05-11T20:50:56.435+0000][97.553s] GC(127)   Merge Heap Roots: 0.1ms
[2023-05-11T20:50:56.436+0000][97.553s] GC(127)   Evacuate Collection Set: 3.2ms
[2023-05-11T20:50:56.436+0000][97.554s] GC(127)   Post Evacuate Collection Set: 0.4ms
[2023-05-11T20:50:56.436+0000][97.554s] GC(127)   Other: 0.6ms
[2023-05-11T20:50:56.437+0000][97.554s] GC(127) Eden regions: 15->0(226)
[2023-05-11T20:50:56.437+0000][97.555s] GC(127) Survivor regions: 10->1(4)
[2023-05-11T20:50:56.437+0000][97.555s] GC(127) Old regions: 169->164
[2023-05-11T20:50:56.438+0000][97.555s] GC(127) Archive regions: 2->2
[2023-05-11T20:50:56.438+0000][97.555s] GC(127) Humongous regions: 21->21
[2023-05-11T20:50:56.438+0000][97.556s] GC(127) Metaspace: 57028K(57536K)->57028K(57536K) NonClass: 49972K(50240K)->49972K(50240K) Class: 7056K(7296K)->7056K(7296K)
[2023-05-11T20:50:56.438+0000][97.556s] GC(127) Pause Young (Mixed) (G1 Evacuation Pause) 214M->185M(512M) 7.769ms
[2023-05-11T20:50:56.439+0000][97.556s] GC(127) User=0.01s Sys=0.00s Real=0.00s
[2023-05-11T20:50:56.772+0000][97.889s] GC(128) Pause Young (Normal) (G1 Evacuation Pause)
[2023-05-11T20:50:56.772+0000][97.890s] GC(128) Using 4 workers of 4 for evacuation
[2023-05-11T20:50:56.773+0000][97.891s] GC(128)   Pre Evacuate Collection Set: 0.1ms
[2023-05-11T20:50:56.773+0000][97.891s] GC(128)   Merge Heap Roots: 0.1ms
[2023-05-11T20:50:56.774+0000][97.891s] GC(128)   Evacuate Collection Set: 0.3ms
[2023-05-11T20:50:56.774+0000][97.892s] GC(128)   Post Evacuate Collection Set: 0.4ms
[2023-05-11T20:50:56.774+0000][97.892s] GC(128)   Other: 0.6ms
[2023-05-11T20:50:56.775+0000][97.892s] GC(128) Eden regions: 226->0(233)
[2023-05-11T20:50:56.775+0000][97.893s] GC(128) Survivor regions: 1->1(29)
[2023-05-11T20:50:56.775+0000][97.893s] GC(128) Old regions: 164->164
[2023-05-11T20:50:56.775+0000][97.893s] GC(128) Archive regions: 2->2
[2023-05-11T20:50:56.776+0000][97.893s] GC(128) Humongous regions: 21->21
[2023-05-11T20:50:56.776+0000][97.894s] GC(128) Metaspace: 57028K(57536K)->57028K(57536K) NonClass: 49972K(50240K)->49972K(50240K) Class: 7056K(7296K)->7056K(7296K)
[2023-05-11T20:50:56.776+0000][97.894s] GC(128) Pause Young (Normal) (G1 Evacuation Pause) 411M->185M(512M) 4.580ms
[2023-05-11T20:50:56.777+0000][97.894s] GC(128) User=0.00s Sys=0.00s Real=0.00s
[2023-05-11T20:50:57.651+0000][98.769s] GC(129) Pause Young (Normal) (G1 Evacuation Pause)
[2023-05-11T20:50:57.651+0000][98.769s] GC(129) Using 4 workers of 4 for evacuation
[2023-05-11T20:50:57.652+0000][98.770s] GC(129)   Pre Evacuate Collection Set: 0.1ms
[2023-05-11T20:50:57.652+0000][98.770s] GC(129)   Merge Heap Roots: 0.1ms
[2023-05-11T20:50:57.653+0000][98.770s] GC(129)   Evacuate Collection Set: 0.3ms
[2023-05-11T20:50:57.653+0000][98.771s] GC(129)   Post Evacuate Collection Set: 0.4ms
[2023-05-11T20:50:57.653+0000][98.771s] GC(129)   Other: 0.6ms
[2023-05-11T20:50:57.653+0000][98.771s] GC(129) Eden regions: 233->0(240)
[2023-05-11T20:50:57.654+0000][98.771s] GC(129) Survivor regions: 1->1(30)
[2023-05-11T20:50:57.654+0000][98.772s] GC(129) Old regions: 164->164
[2023-05-11T20:50:57.654+0000][98.772s] GC(129) Archive regions: 2->2
[2023-05-11T20:50:57.654+0000][98.772s] GC(129) Humongous regions: 21->21
[2023-05-11T20:50:57.655+0000][98.772s] GC(129) Metaspace: 57028K(57536K)->57028K(57536K) NonClass: 49972K(50240K)->49972K(50240K) Class: 7056K(7296K)->7056K(7296K)
[2023-05-11T20:50:57.655+0000][98.773s] GC(129) Pause Young (Normal) (G1 Evacuation Pause) 418M->185M(512M) 4.043ms
[2023-05-11T20:50:57.655+0000][98.773s] GC(129) User=0.00s Sys=0.00s Real=0.00s
[2023-05-11T20:50:58.025+0000][99.143s] GC(130) Pause Young (Normal) (G1 Evacuation Pause)
[2023-05-11T20:50:58.026+0000][99.143s] GC(130) Using 4 workers of 4 for evacuation
[2023-05-11T20:50:58.030+0000][99.148s] GC(130)   Pre Evacuate Collection Set: 0.1ms
[2023-05-11T20:50:58.031+0000][99.148s] GC(130)   Merge Heap Roots: 0.1ms
[2023-05-11T20:50:58.031+0000][99.149s] GC(130)   Evacuate Collection Set: 3.2ms
[2023-05-11T20:50:58.031+0000][99.149s] GC(130)   Post Evacuate Collection Set: 0.5ms
[2023-05-11T20:50:58.032+0000][99.150s] GC(130)   Other: 0.9ms
[2023-05-11T20:50:58.033+0000][99.150s] GC(130) Eden regions: 240->0(234)
[2023-05-11T20:50:58.033+0000][99.151s] GC(130) Survivor regions: 1->8(31)
[2023-05-11T20:50:58.033+0000][99.151s] GC(130) Old regions: 164->164
[2023-05-11T20:50:58.034+0000][99.151s] GC(130) Archive regions: 2->2
[2023-05-11T20:50:58.034+0000][99.152s] GC(130) Humongous regions: 21->21
[2023-05-11T20:50:58.034+0000][99.152s] GC(130) Metaspace: 57033K(57536K)->57033K(57536K) NonClass: 49976K(50240K)->49976K(50240K) Class: 7056K(7296K)->7056K(7296K)
[2023-05-11T20:50:58.034+0000][99.152s] GC(130) Pause Young (Normal) (G1 Evacuation Pause) 425M->192M(512M) 9.183ms
[2023-05-11T20:50:58.035+0000][99.153s] GC(130) User=0.01s Sys=0.00s Real=0.01s
[2023-05-11T20:50:58.585+0000][99.703s] GC(131) Pause Young (Normal) (G1 Evacuation Pause)
[2023-05-11T20:50:58.585+0000][99.703s] GC(131) Using 4 workers of 4 for evacuation
[2023-05-11T20:50:58.592+0000][99.710s] GC(131)   Pre Evacuate Collection Set: 0.1ms
[2023-05-11T20:50:58.593+0000][99.710s] GC(131)   Merge Heap Roots: 0.1ms
[2023-05-11T20:50:58.593+0000][99.711s] GC(131)   Evacuate Collection Set: 5.7ms
[2023-05-11T20:50:58.593+0000][99.711s] GC(131)   Post Evacuate Collection Set: 0.4ms
[2023-05-11T20:50:58.594+0000][99.711s] GC(131)   Other: 0.8ms
[2023-05-11T20:50:58.594+0000][99.712s] GC(131) Eden regions: 234->0(223)
[2023-05-11T20:50:58.594+0000][99.712s] GC(131) Survivor regions: 8->18(31)
[2023-05-11T20:50:58.595+0000][99.712s] GC(131) Old regions: 164->164
[2023-05-11T20:50:58.595+0000][99.713s] GC(131) Archive regions: 2->2
[2023-05-11T20:50:58.595+0000][99.713s] GC(131) Humongous regions: 21->21
[2023-05-11T20:50:58.595+0000][99.713s] GC(131) Metaspace: 57033K(57536K)->57033K(57536K) NonClass: 49977K(50240K)->49977K(50240K) Class: 7056K(7296K)->7056K(7296K)
[2023-05-11T20:50:58.596+0000][99.713s] GC(131) Pause Young (Normal) (G1 Evacuation Pause) 426M->202M(512M) 10.627ms
[2023-05-11T20:50:58.596+0000][99.714s] GC(131) User=0.01s Sys=0.00s Real=0.01s
[2023-05-11T20:50:58.889+0000][100.007s] GC(132) Pause Young (Normal) (G1 Evacuation Pause)
[2023-05-11T20:50:58.889+0000][100.007s] GC(132) Using 4 workers of 4 for evacuation
[2023-05-11T20:50:58.895+0000][100.013s] GC(132)   Pre Evacuate Collection Set: 0.1ms
[2023-05-11T20:50:58.896+0000][100.014s] GC(132)   Merge Heap Roots: 0.1ms
[2023-05-11T20:50:58.896+0000][100.014s] GC(132)   Evacuate Collection Set: 4.9ms
[2023-05-11T20:50:58.896+0000][100.014s] GC(132)   Post Evacuate Collection Set: 0.4ms
[2023-05-11T20:50:58.897+0000][100.014s] GC(132)   Other: 0.7ms
[2023-05-11T20:50:58.897+0000][100.015s] GC(132) Eden regions: 223->0(217)
[2023-05-11T20:50:58.897+0000][100.015s] GC(132) Survivor regions: 18->19(31)
[2023-05-11T20:50:58.898+0000][100.015s] GC(132) Old regions: 164->169
[2023-05-11T20:50:58.898+0000][100.016s] GC(132) Archive regions: 2->2
[2023-05-11T20:50:58.898+0000][100.016s] GC(132) Humongous regions: 21->21
[2023-05-11T20:50:58.899+0000][100.016s] GC(132) Metaspace: 57038K(57536K)->57038K(57536K) NonClass: 49982K(50240K)->49982K(50240K) Class: 7056K(7296K)->7056K(7296K)
[2023-05-11T20:50:58.899+0000][100.017s] GC(132) Pause Young (Normal) (G1 Evacuation Pause) 425M->209M(512M) 9.942ms
[2023-05-11T20:50:58.899+0000][100.017s] GC(132) User=0.02s Sys=0.00s Real=0.01s
[2023-05-11T20:50:59.273+0000][100.391s] GC(133) Pause Young (Concurrent Start) (G1 Evacuation Pause)
[2023-05-11T20:50:59.274+0000][100.392s] GC(133) Using 4 workers of 4 for evacuation
[2023-05-11T20:50:59.282+0000][100.400s] GC(133)   Pre Evacuate Collection Set: 0.1ms
[2023-05-11T20:50:59.282+0000][100.400s] GC(133)   Merge Heap Roots: 0.1ms
[2023-05-11T20:50:59.283+0000][100.400s] GC(133)   Evacuate Collection Set: 6.3ms
[2023-05-11T20:50:59.283+0000][100.401s] GC(133)   Post Evacuate Collection Set: 0.4ms
[2023-05-11T20:50:59.283+0000][100.401s] GC(133)   Other: 1.5ms
[2023-05-11T20:50:59.284+0000][100.401s] GC(133) Eden regions: 217->0(206)
[2023-05-11T20:50:59.284+0000][100.402s] GC(133) Survivor regions: 19->19(30)
[2023-05-11T20:50:59.284+0000][100.402s] GC(133) Old regions: 169->178
[2023-05-11T20:50:59.285+0000][100.402s] GC(133) Archive regions: 2->2
[2023-05-11T20:50:59.285+0000][100.403s] GC(133) Humongous regions: 22->22
[2023-05-11T20:50:59.285+0000][100.403s] GC(133) Metaspace: 57047K(57536K)->57047K(57536K) NonClass: 49991K(50240K)->49991K(50240K) Class: 7056K(7296K)->7056K(7296K)
[2023-05-11T20:50:59.286+0000][100.403s] GC(133) Pause Young (Concurrent Start) (G1 Evacuation Pause) 427M->218M(512M) 12.147ms
[2023-05-11T20:50:59.286+0000][100.404s] GC(133) User=0.03s Sys=0.00s Real=0.01s
[2023-05-11T20:50:59.286+0000][100.404s] GC(134) Concurrent Mark Cycle
[2023-05-11T20:50:59.287+0000][100.404s] GC(134) Concurrent Clear Claimed Marks
[2023-05-11T20:50:59.287+0000][100.405s] GC(134) Concurrent Clear Claimed Marks 0.376ms
[2023-05-11T20:50:59.287+0000][100.405s] GC(134) Concurrent Scan Root Regions
[2023-05-11T20:50:59.290+0000][100.407s] GC(134) Concurrent Scan Root Regions 2.380ms
[2023-05-11T20:50:59.290+0000][100.408s] GC(134) Concurrent Mark
[2023-05-11T20:50:59.291+0000][100.408s] GC(134) Concurrent Mark From Roots
[2023-05-11T20:50:59.291+0000][100.409s] GC(134) Using 1 workers of 1 for marking
[2023-05-11T20:50:59.330+0000][100.448s] GC(134) Concurrent Mark From Roots 39.866ms
[2023-05-11T20:50:59.331+0000][100.448s] GC(134) Concurrent Preclean
[2023-05-11T20:50:59.331+0000][100.449s] GC(134) Concurrent Preclean 0.432ms
[2023-05-11T20:50:59.332+0000][100.449s] GC(134) Pause Remark
[2023-05-11T20:50:59.336+0000][100.453s] GC(134) Pause Remark 253M->206M(512M) 3.950ms
[2023-05-11T20:50:59.336+0000][100.454s] GC(134) User=0.01s Sys=0.00s Real=0.00s
[2023-05-11T20:50:59.337+0000][100.454s] GC(134) Concurrent Mark 46.454ms
[2023-05-11T20:50:59.337+0000][100.455s] GC(134) Concurrent Rebuild Remembered Sets
[2023-05-11T20:50:59.362+0000][100.480s] GC(134) Concurrent Rebuild Remembered Sets 25.301ms
[2023-05-11T20:50:59.363+0000][100.481s] GC(134) Pause Cleanup
[2023-05-11T20:50:59.363+0000][100.481s] GC(134) Pause Cleanup 229M->229M(512M) 0.444ms
[2023-05-11T20:50:59.364+0000][100.481s] GC(134) User=0.00s Sys=0.00s Real=0.00s
[2023-05-11T20:50:59.364+0000][100.482s] GC(134) Concurrent Cleanup for Next Mark
[2023-05-11T20:50:59.365+0000][100.483s] GC(134) Concurrent Cleanup for Next Mark 1.337ms
[2023-05-11T20:50:59.366+0000][100.483s] GC(134) Concurrent Mark Cycle 79.319ms
[2023-05-11T20:50:59.614+0000][100.731s] GC(135) Pause Young (Prepare Mixed) (G1 Evacuation Pause)
[2023-05-11T20:50:59.614+0000][100.732s] GC(135) Using 4 workers of 4 for evacuation
[2023-05-11T20:50:59.624+0000][100.741s] GC(135)   Pre Evacuate Collection Set: 0.2ms
[2023-05-11T20:50:59.624+0000][100.742s] GC(135)   Merge Heap Roots: 0.2ms
[2023-05-11T20:50:59.624+0000][100.742s] GC(135)   Evacuate Collection Set: 8.6ms
[2023-05-11T20:50:59.625+0000][100.742s] GC(135)   Post Evacuate Collection Set: 0.5ms
[2023-05-11T20:50:59.625+0000][100.743s] GC(135)   Other: 0.7ms
[2023-05-11T20:50:59.625+0000][100.743s] GC(135) Eden regions: 206->0(5)
[2023-05-11T20:50:59.626+0000][100.743s] GC(135) Survivor regions: 19->20(29)
[2023-05-11T20:50:59.626+0000][100.744s] GC(135) Old regions: 146->152
[2023-05-11T20:50:59.626+0000][100.744s] GC(135) Archive regions: 2->2
[2023-05-11T20:50:59.626+0000][100.744s] GC(135) Humongous regions: 7->7
[2023-05-11T20:50:59.627+0000][100.744s] GC(135) Metaspace: 57066K(57536K)->57066K(57536K) NonClass: 50010K(50240K)->50010K(50240K) Class: 7056K(7296K)->7056K(7296K)
[2023-05-11T20:50:59.627+0000][100.745s] GC(135) Pause Young (Prepare Mixed) (G1 Evacuation Pause) 377M->178M(512M) 13.347ms
[2023-05-11T20:50:59.627+0000][100.745s] GC(135) User=0.03s Sys=0.00s Real=0.01s
[2023-05-11T20:50:59.641+0000][100.759s] GC(136) Pause Young (Mixed) (G1 Evacuation Pause)
[2023-05-11T20:50:59.642+0000][100.759s] GC(136) Using 4 workers of 4 for evacuation
[2023-05-11T20:50:59.648+0000][100.766s] GC(136)   Pre Evacuate Collection Set: 0.1ms
[2023-05-11T20:50:59.649+0000][100.766s] GC(136)   Merge Heap Roots: 0.1ms
[2023-05-11T20:50:59.649+0000][100.767s] GC(136)   Evacuate Collection Set: 5.6ms
[2023-05-11T20:50:59.649+0000][100.767s] GC(136)   Post Evacuate Collection Set: 0.4ms
[2023-05-11T20:50:59.649+0000][100.767s] GC(136)   Other: 0.7ms
[2023-05-11T20:50:59.650+0000][100.767s] GC(136) Eden regions: 5->0(23)
[2023-05-11T20:50:59.650+0000][100.768s] GC(136) Survivor regions: 20->2(4)
[2023-05-11T20:50:59.650+0000][100.768s] GC(136) Old regions: 152->124
[2023-05-11T20:50:59.651+0000][100.768s] GC(136) Archive regions: 2->2
[2023-05-11T20:50:59.651+0000][100.769s] GC(136) Humongous regions: 7->7
[2023-05-11T20:50:59.651+0000][100.769s] GC(136) Metaspace: 57066K(57536K)->57066K(57536K) NonClass: 50010K(50240K)->50010K(50240K) Class: 7056K(7296K)->7056K(7296K)
[2023-05-11T20:50:59.652+0000][100.769s] GC(136) Pause Young (Mixed) (G1 Evacuation Pause) 183M->132M(512M) 10.283ms
[2023-05-11T20:50:59.652+0000][100.770s] GC(136) User=0.02s Sys=0.00s Real=0.01s
[2023-05-11T20:50:59.723+0000][100.841s] GC(137) Pause Young (Mixed) (G1 Evacuation Pause)
[2023-05-11T20:50:59.724+0000][100.841s] GC(137) Using 4 workers of 4 for evacuation
[2023-05-11T20:50:59.726+0000][100.844s] GC(137)   Pre Evacuate Collection Set: 0.1ms
[2023-05-11T20:50:59.727+0000][100.844s] GC(137)   Merge Heap Roots: 0.1ms
[2023-05-11T20:50:59.727+0000][100.845s] GC(137)   Evacuate Collection Set: 1.7ms
[2023-05-11T20:50:59.727+0000][100.845s] GC(137)   Post Evacuate Collection Set: 0.3ms
[2023-05-11T20:50:59.728+0000][100.845s] GC(137)   Other: 0.7ms
[2023-05-11T20:50:59.728+0000][100.846s] GC(137) Eden regions: 23->0(285)
[2023-05-11T20:50:59.728+0000][100.846s] GC(137) Survivor regions: 2->3(4)
[2023-05-11T20:50:59.729+0000][100.846s] GC(137) Old regions: 124->122
[2023-05-11T20:50:59.729+0000][100.847s] GC(137) Archive regions: 2->2
[2023-05-11T20:50:59.729+0000][100.847s] GC(137) Humongous regions: 8->8
[2023-05-11T20:50:59.729+0000][100.847s] GC(137) Metaspace: 57066K(57536K)->57066K(57536K) NonClass: 50010K(50240K)->50010K(50240K) Class: 7056K(7296K)->7056K(7296K)
[2023-05-11T20:50:59.730+0000][100.847s] GC(137) Pause Young (Mixed) (G1 Evacuation Pause) 156M->132M(512M) 6.347ms
[2023-05-11T20:50:59.730+0000][100.848s] GC(137) User=0.00s Sys=0.00s Real=0.00s
[2023-05-11T20:51:00.570+0000][101.687s] GC(138) Pause Young (Normal) (G1 Evacuation Pause)
[2023-05-11T20:51:00.570+0000][101.688s] GC(138) Using 4 workers of 4 for evacuation
[2023-05-11T20:51:00.579+0000][101.696s] GC(138)   Pre Evacuate Collection Set: 0.1ms
[2023-05-11T20:51:00.579+0000][101.697s] GC(138)   Merge Heap Roots: 0.1ms
[2023-05-11T20:51:00.580+0000][101.697s] GC(138)   Evacuate Collection Set: 7.6ms
[2023-05-11T20:51:00.580+0000][101.698s] GC(138)   Post Evacuate Collection Set: 0.5ms
[2023-05-11T20:51:00.580+0000][101.698s] GC(138)   Other: 0.7ms
[2023-05-11T20:51:00.580+0000][101.698s] GC(138) Eden regions: 285->0(267)
[2023-05-11T20:51:00.581+0000][101.698s] GC(138) Survivor regions: 3->17(36)
[2023-05-11T20:51:00.581+0000][101.699s] GC(138) Old regions: 122->122
[2023-05-11T20:51:00.581+0000][101.699s] GC(138) Archive regions: 2->2
[2023-05-11T20:51:00.582+0000][101.699s] GC(138) Humongous regions: 10->10
[2023-05-11T20:51:00.582+0000][101.700s] GC(138) Metaspace: 57071K(57536K)->57071K(57536K) NonClass: 50015K(50240K)->50015K(50240K) Class: 7056K(7296K)->7056K(7296K)
[2023-05-11T20:51:00.582+0000][101.700s] GC(138) Pause Young (Normal) (G1 Evacuation Pause) 419M->149M(512M) 12.537ms
[2023-05-11T20:51:00.583+0000][101.700s] GC(138) User=0.02s Sys=0.00s Real=0.02s
[2023-05-11T20:51:01.173+0000][102.290s] GC(139) Pause Young (Normal) (G1 Evacuation Pause)
[2023-05-11T20:51:01.173+0000][102.291s] GC(139) Using 4 workers of 4 for evacuation
[2023-05-11T20:51:01.179+0000][102.297s] GC(139)   Pre Evacuate Collection Set: 0.1ms
[2023-05-11T20:51:01.180+0000][102.297s] GC(139)   Merge Heap Roots: 0.1ms
[2023-05-11T20:51:01.180+0000][102.298s] GC(139)   Evacuate Collection Set: 5.0ms
[2023-05-11T20:51:01.180+0000][102.298s] GC(139)   Post Evacuate Collection Set: 0.4ms
[2023-05-11T20:51:01.180+0000][102.298s] GC(139)   Other: 0.7ms
[2023-05-11T20:51:01.181+0000][102.298s] GC(139) Eden regions: 267->0(252)
[2023-05-11T20:51:01.181+0000][102.299s] GC(139) Survivor regions: 17->26(36)
[2023-05-11T20:51:01.181+0000][102.299s] GC(139) Old regions: 122->122
[2023-05-11T20:51:01.182+0000][102.299s] GC(139) Archive regions: 2->2
[2023-05-11T20:51:01.182+0000][102.300s] GC(139) Humongous regions: 15->15
[2023-05-11T20:51:01.182+0000][102.300s] GC(139) Metaspace: 57079K(57600K)->57079K(57600K) NonClass: 50023K(50304K)->50023K(50304K) Class: 7056K(7296K)->7056K(7296K)
[2023-05-11T20:51:01.182+0000][102.300s] GC(139) Pause Young (Normal) (G1 Evacuation Pause) 421M->163M(512M) 9.581ms
[2023-05-11T20:51:01.183+0000][102.300s] GC(139) User=0.02s Sys=0.00s Real=0.01s
[2023-05-11T20:51:01.629+0000][102.747s] GC(140) Pause Young (Normal) (G1 Evacuation Pause)
[2023-05-11T20:51:01.629+0000][102.747s] GC(140) Using 4 workers of 4 for evacuation
[2023-05-11T20:51:01.639+0000][102.757s] GC(140)   Pre Evacuate Collection Set: 0.1ms
[2023-05-11T20:51:01.640+0000][102.757s] GC(140)   Merge Heap Roots: 0.1ms
[2023-05-11T20:51:01.640+0000][102.758s] GC(140)   Evacuate Collection Set: 9.0ms
[2023-05-11T20:51:01.640+0000][102.758s] GC(140)   Post Evacuate Collection Set: 0.4ms
[2023-05-11T20:51:01.641+0000][102.758s] GC(140)   Other: 0.7ms
[2023-05-11T20:51:01.641+0000][102.759s] GC(140) Eden regions: 252->0(241)
[2023-05-11T20:51:01.641+0000][102.759s] GC(140) Survivor regions: 26->25(35)
[2023-05-11T20:51:01.642+0000][102.760s] GC(140) Old regions: 122->131
[2023-05-11T20:51:01.642+0000][102.760s] GC(140) Archive regions: 2->2
[2023-05-11T20:51:01.642+0000][102.760s] GC(140) Humongous regions: 16->16
[2023-05-11T20:51:01.643+0000][102.760s] GC(140) Metaspace: 57083K(57600K)->57083K(57600K) NonClass: 50027K(50304K)->50027K(50304K) Class: 7056K(7296K)->7056K(7296K)
[2023-05-11T20:51:01.643+0000][102.761s] GC(140) Pause Young (Normal) (G1 Evacuation Pause) 416M->172M(512M) 14.008ms
[2023-05-11T20:51:01.643+0000][102.761s] GC(140) User=0.03s Sys=0.00s Real=0.02s
[2023-05-11T20:51:02.324+0000][103.442s] GC(141) Pause Young (Normal) (G1 Evacuation Pause)
[2023-05-11T20:51:02.324+0000][103.442s] GC(141) Using 4 workers of 4 for evacuation
[2023-05-11T20:51:02.333+0000][103.451s] GC(141)   Pre Evacuate Collection Set: 0.1ms
[2023-05-11T20:51:02.334+0000][103.451s] GC(141)   Merge Heap Roots: 0.1ms
[2023-05-11T20:51:02.334+0000][103.452s] GC(141)   Evacuate Collection Set: 7.7ms
[2023-05-11T20:51:02.334+0000][103.452s] GC(141)   Post Evacuate Collection Set: 0.5ms
[2023-05-11T20:51:02.334+0000][103.452s] GC(141)   Other: 0.7ms
[2023-05-11T20:51:02.335+0000][103.452s] GC(141) Eden regions: 241->0(224)
[2023-05-11T20:51:02.335+0000][103.453s] GC(141) Survivor regions: 25->26(34)
[2023-05-11T20:51:02.335+0000][103.453s] GC(141) Old regions: 131->139
[2023-05-11T20:51:02.335+0000][103.453s] GC(141) Archive regions: 2->2
[2023-05-11T20:51:02.336+0000][103.453s] GC(141) Humongous regions: 23->21
[2023-05-11T20:51:02.336+0000][103.454s] GC(141) Metaspace: 57083K(57600K)->57083K(57600K) NonClass: 50027K(50304K)->50027K(50304K) Class: 7056K(7296K)->7056K(7296K)
[2023-05-11T20:51:02.336+0000][103.454s] GC(141) Pause Young (Normal) (G1 Evacuation Pause) 420M->186M(512M) 12.338ms
[2023-05-11T20:51:02.337+0000][103.454s] GC(141) User=0.03s Sys=0.01s Real=0.01s
[2023-05-11T20:51:03.156+0000][104.274s] GC(142) Pause Young (Normal) (G1 Evacuation Pause)
[2023-05-11T20:51:03.156+0000][104.274s] GC(142) Using 4 workers of 4 for evacuation
[2023-05-11T20:51:03.165+0000][104.282s] GC(142)   Pre Evacuate Collection Set: 0.1ms
[2023-05-11T20:51:03.165+0000][104.283s] GC(142)   Merge Heap Roots: 0.1ms
[2023-05-11T20:51:03.166+0000][104.283s] GC(142)   Evacuate Collection Set: 7.5ms
[2023-05-11T20:51:03.166+0000][104.284s] GC(142)   Post Evacuate Collection Set: 0.5ms
[2023-05-11T20:51:03.166+0000][104.284s] GC(142)   Other: 0.7ms
[2023-05-11T20:51:03.167+0000][104.284s] GC(142) Eden regions: 224->0(220)
[2023-05-11T20:51:03.167+0000][104.284s] GC(142) Survivor regions: 26->12(32)
[2023-05-11T20:51:03.167+0000][104.285s] GC(142) Old regions: 139->159
[2023-05-11T20:51:03.168+0000][104.285s] GC(142) Archive regions: 2->2
[2023-05-11T20:51:03.168+0000][104.286s] GC(142) Humongous regions: 21->21
[2023-05-11T20:51:03.168+0000][104.286s] GC(142) Metaspace: 57087K(57600K)->57087K(57600K) NonClass: 50031K(50304K)->50031K(50304K) Class: 7056K(7296K)->7056K(7296K)
[2023-05-11T20:51:03.169+0000][104.286s] GC(142) Pause Young (Normal) (G1 Evacuation Pause) 410M->192M(512M) 12.577ms
[2023-05-11T20:51:03.169+0000][104.287s] GC(142) User=0.02s Sys=0.00s Real=0.01s
[2023-05-11T20:51:03.551+0000][104.668s] GC(143) Pause Young (Concurrent Start) (G1 Evacuation Pause)
[2023-05-11T20:51:03.551+0000][104.669s] GC(143) Using 4 workers of 4 for evacuation
[2023-05-11T20:51:03.559+0000][104.676s] GC(143)   Pre Evacuate Collection Set: 0.1ms
[2023-05-11T20:51:03.559+0000][104.677s] GC(143)   Merge Heap Roots: 0.1ms
[2023-05-11T20:51:03.559+0000][104.677s] GC(143)   Evacuate Collection Set: 6.5ms
[2023-05-11T20:51:03.560+0000][104.678s] GC(143)   Post Evacuate Collection Set: 0.6ms
[2023-05-11T20:51:03.560+0000][104.678s] GC(143)   Other: 0.7ms
[2023-05-11T20:51:03.561+0000][104.678s] GC(143) Eden regions: 220->0(205)
[2023-05-11T20:51:03.561+0000][104.679s] GC(143) Survivor regions: 12->26(29)
[2023-05-11T20:51:03.561+0000][104.679s] GC(143) Old regions: 159->159
[2023-05-11T20:51:03.562+0000][104.679s] GC(143) Archive regions: 2->2
[2023-05-11T20:51:03.562+0000][104.679s] GC(143) Humongous regions: 23->23
[2023-05-11T20:51:03.562+0000][104.680s] GC(143) Metaspace: 57092K(57600K)->57092K(57600K) NonClass: 50036K(50304K)->50036K(50304K) Class: 7056K(7296K)->7056K(7296K)
[2023-05-11T20:51:03.563+0000][104.680s] GC(143) Pause Young (Concurrent Start) (G1 Evacuation Pause) 414M->208M(512M) 11.977ms
[2023-05-11T20:51:03.563+0000][104.681s] GC(143) User=0.02s Sys=0.00s Real=0.01s
[2023-05-11T20:51:03.563+0000][104.681s] GC(144) Concurrent Mark Cycle
[2023-05-11T20:51:03.563+0000][104.681s] GC(144) Concurrent Clear Claimed Marks
[2023-05-11T20:51:03.564+0000][104.681s] GC(144) Concurrent Clear Claimed Marks 0.324ms
[2023-05-11T20:51:03.564+0000][104.682s] GC(144) Concurrent Scan Root Regions
[2023-05-11T20:51:03.566+0000][104.683s] GC(144) Concurrent Scan Root Regions 1.742ms
[2023-05-11T20:51:03.566+0000][104.684s] GC(144) Concurrent Mark
[2023-05-11T20:51:03.566+0000][104.684s] GC(144) Concurrent Mark From Roots
[2023-05-11T20:51:03.567+0000][104.684s] GC(144) Using 1 workers of 1 for marking
[2023-05-11T20:51:03.621+0000][104.738s] GC(144) Concurrent Mark From Roots 54.244ms
[2023-05-11T20:51:03.621+0000][104.739s] GC(144) Concurrent Preclean
[2023-05-11T20:51:03.622+0000][104.739s] GC(144) Concurrent Preclean 0.581ms
[2023-05-11T20:51:03.624+0000][104.742s] GC(144) Pause Remark
[2023-05-11T20:51:03.627+0000][104.745s] GC(144) Pause Remark 242M->237M(512M) 3.327ms
[2023-05-11T20:51:03.628+0000][104.745s] GC(144) User=0.01s Sys=0.00s Real=0.00s
[2023-05-11T20:51:03.628+0000][104.746s] GC(144) Concurrent Mark 61.854ms
[2023-05-11T20:51:03.629+0000][104.746s] GC(144) Concurrent Rebuild Remembered Sets
[2023-05-11T20:51:03.661+0000][104.779s] GC(144) Concurrent Rebuild Remembered Sets 32.231ms
[2023-05-11T20:51:03.661+0000][104.779s] GC(144) Pause Cleanup
[2023-05-11T20:51:03.662+0000][104.779s] GC(144) Pause Cleanup 255M->255M(512M) 0.368ms
[2023-05-11T20:51:03.662+0000][104.780s] GC(144) User=0.00s Sys=0.00s Real=0.00s
[2023-05-11T20:51:03.662+0000][104.780s] GC(144) Concurrent Cleanup for Next Mark
[2023-05-11T20:51:03.663+0000][104.781s] GC(144) Concurrent Cleanup for Next Mark 0.692ms
[2023-05-11T20:51:03.663+0000][104.781s] GC(144) Concurrent Mark Cycle 99.940ms
[2023-05-11T20:51:04.034+0000][105.152s] GC(145) Pause Young (Prepare Mixed) (G1 Evacuation Pause)
[2023-05-11T20:51:04.035+0000][105.152s] GC(145) Using 4 workers of 4 for evacuation
[2023-05-11T20:51:04.042+0000][105.160s] GC(145)   Pre Evacuate Collection Set: 0.1ms
[2023-05-11T20:51:04.042+0000][105.160s] GC(145)   Merge Heap Roots: 0.1ms
[2023-05-11T20:51:04.043+0000][105.160s] GC(145)   Evacuate Collection Set: 6.0ms
[2023-05-11T20:51:04.043+0000][105.161s] GC(145)   Post Evacuate Collection Set: 0.5ms
[2023-05-11T20:51:04.043+0000][105.161s] GC(145)   Other: 1.0ms
[2023-05-11T20:51:04.044+0000][105.161s] GC(145) Eden regions: 205->0(1)
[2023-05-11T20:51:04.044+0000][105.162s] GC(145) Survivor regions: 26->24(29)
[2023-05-11T20:51:04.044+0000][105.162s] GC(145) Old regions: 155->167
[2023-05-11T20:51:04.044+0000][105.162s] GC(145) Archive regions: 2->2
[2023-05-11T20:51:04.045+0000][105.162s] GC(145) Humongous regions: 22->22
[2023-05-11T20:51:04.045+0000][105.163s] GC(145) Metaspace: 57099K(57600K)->57099K(57600K) NonClass: 50043K(50304K)->50043K(50304K) Class: 7056K(7296K)->7056K(7296K)
[2023-05-11T20:51:04.045+0000][105.163s] GC(145) Pause Young (Prepare Mixed) (G1 Evacuation Pause) 408M->212M(512M) 11.167ms
[2023-05-11T20:51:04.046+0000][105.163s] GC(145) User=0.02s Sys=0.00s Real=0.01s
[2023-05-11T20:51:04.054+0000][105.172s] GC(146) Pause Young (Mixed) (G1 Evacuation Pause)
[2023-05-11T20:51:04.054+0000][105.172s] GC(146) Using 4 workers of 4 for evacuation
[2023-05-11T20:51:04.061+0000][105.179s] GC(146)   Pre Evacuate Collection Set: 0.1ms
[2023-05-11T20:51:04.062+0000][105.180s] GC(146)   Merge Heap Roots: 0.1ms
[2023-05-11T20:51:04.062+0000][105.180s] GC(146)   Evacuate Collection Set: 6.3ms
[2023-05-11T20:51:04.063+0000][105.180s] GC(146)   Post Evacuate Collection Set: 0.4ms
[2023-05-11T20:51:04.063+0000][105.181s] GC(146)   Other: 0.7ms
[2023-05-11T20:51:04.064+0000][105.182s] GC(146) Eden regions: 1->0(216)
[2023-05-11T20:51:04.065+0000][105.182s] GC(146) Survivor regions: 24->1(4)
[2023-05-11T20:51:04.065+0000][105.183s] GC(146) Old regions: 167->175
[2023-05-11T20:51:04.066+0000][105.184s] GC(146) Archive regions: 2->2
[2023-05-11T20:51:04.066+0000][105.184s] GC(146) Humongous regions: 22->22
[2023-05-11T20:51:04.067+0000][105.184s] GC(146) Metaspace: 57099K(57600K)->57099K(57600K) NonClass: 50043K(50304K)->50043K(50304K) Class: 7056K(7296K)->7056K(7296K)
[2023-05-11T20:51:04.067+0000][105.185s] GC(146) Pause Young (Mixed) (G1 Evacuation Pause) 213M->198M(512M) 13.069ms
[2023-05-11T20:51:04.067+0000][105.185s] GC(146) User=0.02s Sys=0.00s Real=0.01s
[2023-05-11T20:51:04.508+0000][105.626s] GC(147) Pause Young (Normal) (G1 Evacuation Pause)
[2023-05-11T20:51:04.508+0000][105.626s] GC(147) Using 4 workers of 4 for evacuation
[2023-05-11T20:51:04.513+0000][105.631s] GC(147)   Pre Evacuate Collection Set: 0.1ms
[2023-05-11T20:51:04.514+0000][105.632s] GC(147)   Merge Heap Roots: 0.1ms
[2023-05-11T20:51:04.514+0000][105.632s] GC(147)   Evacuate Collection Set: 3.9ms
[2023-05-11T20:51:04.514+0000][105.632s] GC(147)   Post Evacuate Collection Set: 0.4ms
[2023-05-11T20:51:04.515+0000][105.632s] GC(147)   Other: 0.8ms
[2023-05-11T20:51:04.515+0000][105.633s] GC(147) Eden regions: 216->0(208)
[2023-05-11T20:51:04.515+0000][105.633s] GC(147) Survivor regions: 1->12(28)
[2023-05-11T20:51:04.516+0000][105.633s] GC(147) Old regions: 175->175
[2023-05-11T20:51:04.516+0000][105.634s] GC(147) Archive regions: 2->2
[2023-05-11T20:51:04.516+0000][105.634s] GC(147) Humongous regions: 22->22
[2023-05-11T20:51:04.516+0000][105.634s] GC(147) Metaspace: 57101K(57600K)->57101K(57600K) NonClass: 50045K(50304K)->50045K(50304K) Class: 7056K(7296K)->7056K(7296K)
[2023-05-11T20:51:04.517+0000][105.634s] GC(147) Pause Young (Normal) (G1 Evacuation Pause) 414M->209M(512M) 8.639ms
[2023-05-11T20:51:04.517+0000][105.635s] GC(147) User=0.01s Sys=0.00s Real=0.01s
[2023-05-11T20:51:04.926+0000][106.044s] GC(148) Pause Young (Normal) (G1 Evacuation Pause)
[2023-05-11T20:51:04.927+0000][106.045s] GC(148) Using 4 workers of 4 for evacuation
[2023-05-11T20:51:04.931+0000][106.049s] GC(148)   Pre Evacuate Collection Set: 0.1ms
[2023-05-11T20:51:04.931+0000][106.049s] GC(148)   Merge Heap Roots: 0.1ms
[2023-05-11T20:51:04.932+0000][106.049s] GC(148)   Evacuate Collection Set: 2.8ms
[2023-05-11T20:51:04.932+0000][106.050s] GC(148)   Post Evacuate Collection Set: 0.4ms
[2023-05-11T20:51:04.932+0000][106.050s] GC(148)   Other: 1.0ms
[2023-05-11T20:51:04.933+0000][106.050s] GC(148) Eden regions: 208->0(205)
[2023-05-11T20:51:04.933+0000][106.051s] GC(148) Survivor regions: 12->17(28)
[2023-05-11T20:51:04.933+0000][106.051s] GC(148) Old regions: 175->175
[2023-05-11T20:51:04.933+0000][106.051s] GC(148) Archive regions: 2->2
[2023-05-11T20:51:04.934+0000][106.051s] GC(148) Humongous regions: 22->22
[2023-05-11T20:51:04.934+0000][106.052s] GC(148) Metaspace: 57106K(57600K)->57106K(57600K) NonClass: 50050K(50304K)->50050K(50304K) Class: 7056K(7296K)->7056K(7296K)
[2023-05-11T20:51:04.934+0000][106.052s] GC(148) Pause Young (Normal) (G1 Evacuation Pause) 417M->214M(512M) 7.723ms
[2023-05-11T20:51:04.935+0000][106.052s] GC(148) User=0.01s Sys=0.00s Real=0.01s
[2023-05-11T20:51:05.094+0000][106.212s] GC(149) Pause Young (Normal) (G1 Evacuation Pause)
[2023-05-11T20:51:05.095+0000][106.212s] GC(149) Using 4 workers of 4 for evacuation
[2023-05-11T20:51:05.099+0000][106.216s] GC(149)   Pre Evacuate Collection Set: 0.1ms
[2023-05-11T20:51:05.099+0000][106.217s] GC(149)   Merge Heap Roots: 0.1ms
[2023-05-11T20:51:05.100+0000][106.217s] GC(149)   Evacuate Collection Set: 3.2ms
[2023-05-11T20:51:05.100+0000][106.218s] GC(149)   Post Evacuate Collection Set: 0.5ms
[2023-05-11T20:51:05.100+0000][106.218s] GC(149)   Other: 0.8ms
[2023-05-11T20:51:05.100+0000][106.218s] GC(149) Eden regions: 205->0(205)
[2023-05-11T20:51:05.101+0000][106.218s] GC(149) Survivor regions: 17->12(28)
[2023-05-11T20:51:05.101+0000][106.219s] GC(149) Old regions: 175->184
[2023-05-11T20:51:05.102+0000][106.219s] GC(149) Archive regions: 2->2
[2023-05-11T20:51:05.102+0000][106.220s] GC(149) Humongous regions: 22->22
[2023-05-11T20:51:05.102+0000][106.220s] GC(149) Metaspace: 57107K(57600K)->57107K(57600K) NonClass: 50050K(50304K)->50050K(50304K) Class: 7056K(7296K)->7056K(7296K)
[2023-05-11T20:51:05.103+0000][106.220s] GC(149) Pause Young (Normal) (G1 Evacuation Pause) 419M->217M(512M) 8.519ms
[2023-05-11T20:51:05.103+0000][106.221s] GC(149) User=0.01s Sys=0.01s Real=0.01s
[2023-05-11T20:51:05.405+0000][106.523s] GC(150) Pause Young (Normal) (G1 Evacuation Pause)
[2023-05-11T20:51:05.405+0000][106.523s] GC(150) Using 4 workers of 4 for evacuation
[2023-05-11T20:51:05.409+0000][106.527s] GC(150)   Pre Evacuate Collection Set: 0.1ms
[2023-05-11T20:51:05.409+0000][106.527s] GC(150)   Merge Heap Roots: 0.1ms
[2023-05-11T20:51:05.410+0000][106.527s] GC(150)   Evacuate Collection Set: 2.8ms
[2023-05-11T20:51:05.410+0000][106.528s] GC(150)   Post Evacuate Collection Set: 0.5ms
[2023-05-11T20:51:05.410+0000][106.528s] GC(150)   Other: 0.6ms
[2023-05-11T20:51:05.411+0000][106.528s] GC(150) Eden regions: 205->0(196)
[2023-05-11T20:51:05.411+0000][106.529s] GC(150) Survivor regions: 12->18(28)
[2023-05-11T20:51:05.411+0000][106.529s] GC(150) Old regions: 184->184
[2023-05-11T20:51:05.412+0000][106.529s] GC(150) Archive regions: 2->2
[2023-05-11T20:51:05.412+0000][106.530s] GC(150) Humongous regions: 24->24
[2023-05-11T20:51:05.412+0000][106.530s] GC(150) Metaspace: 57116K(57600K)->57116K(57600K) NonClass: 50060K(50304K)->50060K(50304K) Class: 7056K(7296K)->7056K(7296K)
[2023-05-11T20:51:05.412+0000][106.530s] GC(150) Pause Young (Normal) (G1 Evacuation Pause) 424M->226M(512M) 7.576ms
[2023-05-11T20:51:05.413+0000][106.530s] GC(150) User=0.01s Sys=0.00s Real=0.01s
[2023-05-11T20:51:05.839+0000][106.957s] GC(151) Pause Young (Normal) (G1 Evacuation Pause)
[2023-05-11T20:51:05.839+0000][106.957s] GC(151) Using 4 workers of 4 for evacuation
[2023-05-11T20:51:05.843+0000][106.961s] GC(151)   Pre Evacuate Collection Set: 0.1ms
[2023-05-11T20:51:05.844+0000][106.962s] GC(151)   Merge Heap Roots: 0.1ms
[2023-05-11T20:51:05.844+0000][106.962s] GC(151)   Evacuate Collection Set: 3.3ms
[2023-05-11T20:51:05.845+0000][106.962s] GC(151)   Post Evacuate Collection Set: 0.4ms
[2023-05-11T20:51:05.845+0000][106.963s] GC(151)   Other: 0.8ms
[2023-05-11T20:51:05.845+0000][106.963s] GC(151) Eden regions: 196->0(192)
[2023-05-11T20:51:05.846+0000][106.963s] GC(151) Survivor regions: 18->19(27)
[2023-05-11T20:51:05.846+0000][106.964s] GC(151) Old regions: 184->188
[2023-05-11T20:51:05.846+0000][106.964s] GC(151) Archive regions: 2->2
[2023-05-11T20:51:05.847+0000][106.964s] GC(151) Humongous regions: 24->24
[2023-05-11T20:51:05.847+0000][106.964s] GC(151) Metaspace: 57117K(57600K)->57117K(57600K) NonClass: 50061K(50304K)->50061K(50304K) Class: 7056K(7296K)->7056K(7296K)
[2023-05-11T20:51:05.847+0000][106.965s] GC(151) Pause Young (Normal) (G1 Evacuation Pause) 422M->230M(512M) 8.250ms
[2023-05-11T20:51:05.847+0000][106.965s] GC(151) User=0.01s Sys=0.00s Real=0.01s
[2023-05-11T20:51:06.127+0000][107.245s] GC(152) Pause Young (Normal) (G1 Evacuation Pause)
[2023-05-11T20:51:06.127+0000][107.245s] GC(152) Using 4 workers of 4 for evacuation
[2023-05-11T20:51:06.133+0000][107.250s] GC(152)   Pre Evacuate Collection Set: 0.1ms
[2023-05-11T20:51:06.133+0000][107.251s] GC(152)   Merge Heap Roots: 0.1ms
[2023-05-11T20:51:06.133+0000][107.251s] GC(152)   Evacuate Collection Set: 4.5ms
[2023-05-11T20:51:06.134+0000][107.251s] GC(152)   Post Evacuate Collection Set: 0.4ms
[2023-05-11T20:51:06.134+0000][107.252s] GC(152)   Other: 0.6ms
[2023-05-11T20:51:06.134+0000][107.252s] GC(152) Eden regions: 192->0(187)
[2023-05-11T20:51:06.135+0000][107.252s] GC(152) Survivor regions: 19->16(27)
[2023-05-11T20:51:06.135+0000][107.253s] GC(152) Old regions: 188->196
[2023-05-11T20:51:06.135+0000][107.253s] GC(152) Archive regions: 2->2
[2023-05-11T20:51:06.135+0000][107.253s] GC(152) Humongous regions: 24->24
[2023-05-11T20:51:06.136+0000][107.254s] GC(152) Metaspace: 57118K(57664K)->57118K(57664K) NonClass: 50062K(50368K)->50062K(50368K) Class: 7056K(7296K)->7056K(7296K)
[2023-05-11T20:51:06.136+0000][107.254s] GC(152) Pause Young (Normal) (G1 Evacuation Pause) 422M->235M(512M) 9.415ms
[2023-05-11T20:51:06.137+0000][107.254s] GC(152) User=0.01s Sys=0.00s Real=0.01s
[2023-05-11T20:51:06.359+0000][107.477s] GC(153) Pause Young (Concurrent Start) (G1 Evacuation Pause)
[2023-05-11T20:51:06.360+0000][107.477s] GC(153) Using 4 workers of 4 for evacuation
[2023-05-11T20:51:06.365+0000][107.483s] GC(153)   Pre Evacuate Collection Set: 0.1ms
[2023-05-11T20:51:06.366+0000][107.483s] GC(153)   Merge Heap Roots: 0.1ms
[2023-05-11T20:51:06.366+0000][107.484s] GC(153)   Evacuate Collection Set: 4.6ms
[2023-05-11T20:51:06.366+0000][107.484s] GC(153)   Post Evacuate Collection Set: 0.4ms
[2023-05-11T20:51:06.366+0000][107.484s] GC(153)   Other: 0.7ms
[2023-05-11T20:51:06.367+0000][107.484s] GC(153) Eden regions: 187->0(184)
[2023-05-11T20:51:06.367+0000][107.485s] GC(153) Survivor regions: 16->16(26)
[2023-05-11T20:51:06.367+0000][107.485s] GC(153) Old regions: 196->201
[2023-05-11T20:51:06.368+0000][107.485s] GC(153) Archive regions: 2->2
[2023-05-11T20:51:06.368+0000][107.486s] GC(153) Humongous regions: 24->24
[2023-05-11T20:51:06.368+0000][107.486s] GC(153) Metaspace: 57121K(57664K)->57121K(57664K) NonClass: 50065K(50368K)->50065K(50368K) Class: 7056K(7296K)->7056K(7296K)
[2023-05-11T20:51:06.369+0000][107.486s] GC(153) Pause Young (Concurrent Start) (G1 Evacuation Pause) 422M->241M(512M) 9.284ms
[2023-05-11T20:51:06.369+0000][107.487s] GC(153) User=0.02s Sys=0.00s Real=0.01s
[2023-05-11T20:51:06.369+0000][107.487s] GC(154) Concurrent Mark Cycle
[2023-05-11T20:51:06.370+0000][107.487s] GC(154) Concurrent Clear Claimed Marks
[2023-05-11T20:51:06.370+0000][107.488s] GC(154) Concurrent Clear Claimed Marks 0.397ms
[2023-05-11T20:51:06.370+0000][107.488s] GC(154) Concurrent Scan Root Regions
[2023-05-11T20:51:06.374+0000][107.492s] GC(154) Concurrent Scan Root Regions 4.247ms
[2023-05-11T20:51:06.375+0000][107.492s] GC(154) Concurrent Mark
[2023-05-11T20:51:06.375+0000][107.493s] GC(154) Concurrent Mark From Roots
[2023-05-11T20:51:06.376+0000][107.493s] GC(154) Using 1 workers of 1 for marking
[2023-05-11T20:51:06.457+0000][107.575s] GC(154) Concurrent Mark From Roots 82.170ms
[2023-05-11T20:51:06.458+0000][107.576s] GC(154) Concurrent Preclean
[2023-05-11T20:51:06.458+0000][107.576s] GC(154) Concurrent Preclean 0.529ms
[2023-05-11T20:51:06.459+0000][107.577s] GC(154) Pause Remark
[2023-05-11T20:51:06.465+0000][107.582s] GC(154) Pause Remark 275M->270M(512M) 5.480ms
[2023-05-11T20:51:06.465+0000][107.583s] GC(154) User=0.02s Sys=0.00s Real=0.01s
[2023-05-11T20:51:06.465+0000][107.583s] GC(154) Concurrent Mark 90.560ms
[2023-05-11T20:51:06.466+0000][107.583s] GC(154) Concurrent Rebuild Remembered Sets
[2023-05-11T20:51:06.512+0000][107.629s] GC(154) Concurrent Rebuild Remembered Sets 45.746ms
[2023-05-11T20:51:06.513+0000][107.631s] GC(154) Pause Cleanup
[2023-05-11T20:51:06.513+0000][107.631s] GC(154) Pause Cleanup 275M->275M(512M) 0.403ms
[2023-05-11T20:51:06.514+0000][107.631s] GC(154) User=0.00s Sys=0.00s Real=0.00s
[2023-05-11T20:51:06.514+0000][107.631s] GC(154) Concurrent Cleanup for Next Mark
[2023-05-11T20:51:06.519+0000][107.637s] GC(154) Concurrent Cleanup for Next Mark 5.434ms
[2023-05-11T20:51:06.520+0000][107.637s] GC(154) Concurrent Mark Cycle 150.408ms
[2023-05-11T20:51:06.941+0000][108.058s] GC(155) Pause Young (Prepare Mixed) (G1 Evacuation Pause)
[2023-05-11T20:51:06.941+0000][108.059s] GC(155) Using 4 workers of 4 for evacuation
[2023-05-11T20:51:06.948+0000][108.066s] GC(155)   Pre Evacuate Collection Set: 0.2ms
[2023-05-11T20:51:06.949+0000][108.066s] GC(155)   Merge Heap Roots: 0.1ms
[2023-05-11T20:51:06.949+0000][108.067s] GC(155)   Evacuate Collection Set: 5.5ms
[2023-05-11T20:51:06.949+0000][108.067s] GC(155)   Post Evacuate Collection Set: 0.7ms
[2023-05-11T20:51:06.949+0000][108.067s] GC(155)   Other: 0.8ms
[2023-05-11T20:51:06.950+0000][108.068s] GC(155) Eden regions: 184->0(9)
[2023-05-11T20:51:06.950+0000][108.068s] GC(155) Survivor regions: 16->16(25)
[2023-05-11T20:51:06.951+0000][108.068s] GC(155) Old regions: 201->207
[2023-05-11T20:51:06.951+0000][108.069s] GC(155) Archive regions: 2->2
[2023-05-11T20:51:06.951+0000][108.069s] GC(155) Humongous regions: 19->19
[2023-05-11T20:51:06.952+0000][108.069s] GC(155) Metaspace: 57135K(57664K)->57135K(57664K) NonClass: 50079K(50368K)->50079K(50368K) Class: 7056K(7296K)->7056K(7296K)
[2023-05-11T20:51:06.952+0000][108.070s] GC(155) Pause Young (Prepare Mixed) (G1 Evacuation Pause) 420M->242M(512M) 11.139ms
[2023-05-11T20:51:06.952+0000][108.070s] GC(155) User=0.01s Sys=0.00s Real=0.01s
[2023-05-11T20:51:06.991+0000][108.108s] GC(156) Pause Young (Mixed) (G1 Evacuation Pause)
[2023-05-11T20:51:06.991+0000][108.108s] GC(156) Using 4 workers of 4 for evacuation
[2023-05-11T20:51:06.997+0000][108.115s] GC(156)   Pre Evacuate Collection Set: 0.1ms
[2023-05-11T20:51:06.998+0000][108.115s] GC(156)   Merge Heap Roots: 0.1ms
[2023-05-11T20:51:06.998+0000][108.116s] GC(156)   Evacuate Collection Set: 5.4ms
[2023-05-11T20:51:06.998+0000][108.116s] GC(156)   Post Evacuate Collection Set: 0.4ms
[2023-05-11T20:51:06.999+0000][108.116s] GC(156)   Other: 0.6ms
[2023-05-11T20:51:06.999+0000][108.117s] GC(156) Eden regions: 9->0(191)
[2023-05-11T20:51:06.999+0000][108.117s] GC(156) Survivor regions: 16->2(4)
[2023-05-11T20:51:06.999+0000][108.117s] GC(156) Old regions: 207->211
[2023-05-11T20:51:07.000+0000][108.117s] GC(156) Archive regions: 2->2
[2023-05-11T20:51:07.000+0000][108.118s] GC(156) Humongous regions: 19->19
[2023-05-11T20:51:07.000+0000][108.118s] GC(156) Metaspace: 57135K(57664K)->57135K(57664K) NonClass: 50079K(50368K)->50079K(50368K) Class: 7056K(7296K)->7056K(7296K)
[2023-05-11T20:51:07.001+0000][108.118s] GC(156) Pause Young (Mixed) (G1 Evacuation Pause) 251M->231M(512M) 10.082ms
[2023-05-11T20:51:07.001+0000][108.119s] GC(156) User=0.02s Sys=0.00s Real=0.01s
[2023-05-11T20:51:07.375+0000][108.492s] GC(157) Pause Young (Normal) (G1 Evacuation Pause)
[2023-05-11T20:51:07.375+0000][108.493s] GC(157) Using 4 workers of 4 for evacuation
[2023-05-11T20:51:07.379+0000][108.497s] GC(157)   Pre Evacuate Collection Set: 0.1ms
[2023-05-11T20:51:07.379+0000][108.497s] GC(157)   Merge Heap Roots: 0.1ms
[2023-05-11T20:51:07.380+0000][108.497s] GC(157)   Evacuate Collection Set: 2.9ms
[2023-05-11T20:51:07.380+0000][108.498s] GC(157)   Post Evacuate Collection Set: 0.5ms
[2023-05-11T20:51:07.380+0000][108.498s] GC(157)   Other: 0.8ms
[2023-05-11T20:51:07.381+0000][108.498s] GC(157) Eden regions: 191->0(185)
[2023-05-11T20:51:07.381+0000][108.499s] GC(157) Survivor regions: 2->10(25)
[2023-05-11T20:51:07.381+0000][108.499s] GC(157) Old regions: 211->211
[2023-05-11T20:51:07.381+0000][108.499s] GC(157) Archive regions: 2->2
[2023-05-11T20:51:07.382+0000][108.499s] GC(157) Humongous regions: 19->19
[2023-05-11T20:51:07.382+0000][108.500s] GC(157) Metaspace: 57146K(57664K)->57146K(57664K) NonClass: 50090K(50368K)->50090K(50368K) Class: 7056K(7296K)->7056K(7296K)
[2023-05-11T20:51:07.383+0000][108.500s] GC(157) Pause Young (Normal) (G1 Evacuation Pause) 422M->239M(512M) 7.793ms
[2023-05-11T20:51:07.383+0000][108.500s] GC(157) User=0.01s Sys=0.00s Real=0.01s
[2023-05-11T20:51:07.504+0000][108.621s] GC(158) Pause Young (Normal) (G1 Evacuation Pause)
[2023-05-11T20:51:07.504+0000][108.622s] GC(158) Using 4 workers of 4 for evacuation
[2023-05-11T20:51:07.507+0000][108.625s] GC(158)   Pre Evacuate Collection Set: 0.1ms
[2023-05-11T20:51:07.507+0000][108.625s] GC(158)   Merge Heap Roots: 0.1ms
[2023-05-11T20:51:07.508+0000][108.625s] GC(158)   Evacuate Collection Set: 2.1ms
[2023-05-11T20:51:07.508+0000][108.626s] GC(158)   Post Evacuate Collection Set: 0.4ms
[2023-05-11T20:51:07.508+0000][108.626s] GC(158)   Other: 0.6ms
[2023-05-11T20:51:07.508+0000][108.626s] GC(158) Eden regions: 185->0(185)
[2023-05-11T20:51:07.509+0000][108.626s] GC(158) Survivor regions: 10->13(25)
[2023-05-11T20:51:07.509+0000][108.627s] GC(158) Old regions: 211->211
[2023-05-11T20:51:07.510+0000][108.627s] GC(158) Archive regions: 2->2
[2023-05-11T20:51:07.510+0000][108.628s] GC(158) Humongous regions: 19->19
[2023-05-11T20:51:07.510+0000][108.628s] GC(158) Metaspace: 57150K(57664K)->57150K(57664K) NonClass: 50094K(50368K)->50094K(50368K) Class: 7056K(7296K)->7056K(7296K)
[2023-05-11T20:51:07.510+0000][108.628s] GC(158) Pause Young (Normal) (G1 Evacuation Pause) 424M->242M(512M) 6.744ms
[2023-05-11T20:51:07.511+0000][108.628s] GC(158) User=0.01s Sys=0.00s Real=0.01s
[2023-05-11T20:51:07.717+0000][108.834s] GC(159) Pause Young (Normal) (G1 Evacuation Pause)
[2023-05-11T20:51:07.717+0000][108.835s] GC(159) Using 4 workers of 4 for evacuation
[2023-05-11T20:51:07.721+0000][108.839s] GC(159)   Pre Evacuate Collection Set: 0.1ms
[2023-05-11T20:51:07.722+0000][108.839s] GC(159)   Merge Heap Roots: 0.1ms
[2023-05-11T20:51:07.722+0000][108.840s] GC(159)   Evacuate Collection Set: 3.0ms
[2023-05-11T20:51:07.722+0000][108.840s] GC(159)   Post Evacuate Collection Set: 0.5ms
[2023-05-11T20:51:07.723+0000][108.840s] GC(159)   Other: 0.7ms
[2023-05-11T20:51:07.723+0000][108.841s] GC(159) Eden regions: 185->0(183)
[2023-05-11T20:51:07.723+0000][108.841s] GC(159) Survivor regions: 13->17(25)
[2023-05-11T20:51:07.723+0000][108.841s] GC(159) Old regions: 211->211
[2023-05-11T20:51:07.724+0000][108.841s] GC(159) Archive regions: 2->2
[2023-05-11T20:51:07.724+0000][108.842s] GC(159) Humongous regions: 19->19
[2023-05-11T20:51:07.724+0000][108.842s] GC(159) Metaspace: 57167K(57664K)->57167K(57664K) NonClass: 50110K(50368K)->50110K(50368K) Class: 7056K(7296K)->7056K(7296K)
[2023-05-11T20:51:07.725+0000][108.842s] GC(159) Pause Young (Normal) (G1 Evacuation Pause) 427M->246M(512M) 7.905ms
[2023-05-11T20:51:07.725+0000][108.843s] GC(159) User=0.01s Sys=0.00s Real=0.01s
[2023-05-11T20:51:07.973+0000][109.090s] GC(160) Pause Young (Normal) (G1 Evacuation Pause)
[2023-05-11T20:51:07.973+0000][109.090s] GC(160) Using 4 workers of 4 for evacuation
[2023-05-11T20:51:07.978+0000][109.096s] GC(160)   Pre Evacuate Collection Set: 0.1ms
[2023-05-11T20:51:07.979+0000][109.096s] GC(160)   Merge Heap Roots: 0.1ms
[2023-05-11T20:51:07.979+0000][109.097s] GC(160)   Evacuate Collection Set: 4.3ms
[2023-05-11T20:51:07.979+0000][109.097s] GC(160)   Post Evacuate Collection Set: 0.4ms
[2023-05-11T20:51:07.979+0000][109.097s] GC(160)   Other: 0.7ms
[2023-05-11T20:51:07.980+0000][109.097s] GC(160) Eden regions: 183->0(178)
[2023-05-11T20:51:07.980+0000][109.098s] GC(160) Survivor regions: 17->16(25)
[2023-05-11T20:51:07.980+0000][109.098s] GC(160) Old regions: 211->217
[2023-05-11T20:51:07.981+0000][109.098s] GC(160) Archive regions: 2->2
[2023-05-11T20:51:07.981+0000][109.099s] GC(160) Humongous regions: 19->19
[2023-05-11T20:51:07.981+0000][109.099s] GC(160) Metaspace: 57187K(57664K)->57187K(57664K) NonClass: 50130K(50368K)->50130K(50368K) Class: 7056K(7296K)->7056K(7296K)
[2023-05-11T20:51:07.982+0000][109.099s] GC(160) Pause Young (Normal) (G1 Evacuation Pause) 429M->252M(512M) 9.063ms
[2023-05-11T20:51:07.982+0000][109.100s] GC(160) User=0.01s Sys=0.00s Real=0.01s
[2023-05-11T20:51:08.730+0000][109.848s] GC(161) Pause Young (Concurrent Start) (G1 Evacuation Pause)
[2023-05-11T20:51:08.731+0000][109.848s] GC(161) Using 4 workers of 4 for evacuation
[2023-05-11T20:51:08.735+0000][109.852s] GC(161)   Pre Evacuate Collection Set: 0.1ms
[2023-05-11T20:51:08.735+0000][109.853s] GC(161)   Merge Heap Roots: 0.1ms
[2023-05-11T20:51:08.735+0000][109.853s] GC(161)   Evacuate Collection Set: 2.8ms
[2023-05-11T20:51:08.736+0000][109.853s] GC(161)   Post Evacuate Collection Set: 0.5ms
[2023-05-11T20:51:08.736+0000][109.854s] GC(161)   Other: 0.7ms
[2023-05-11T20:51:08.736+0000][109.854s] GC(161) Eden regions: 178->0(181)
[2023-05-11T20:51:08.737+0000][109.854s] GC(161) Survivor regions: 16->10(25)
[2023-05-11T20:51:08.737+0000][109.855s] GC(161) Old regions: 217->224
[2023-05-11T20:51:08.737+0000][109.855s] GC(161) Archive regions: 2->2
[2023-05-11T20:51:08.737+0000][109.855s] GC(161) Humongous regions: 19->19
[2023-05-11T20:51:08.738+0000][109.856s] GC(161) Metaspace: 57242K(57728K)->57242K(57728K) NonClass: 50185K(50432K)->50185K(50432K) Class: 7056K(7296K)->7056K(7296K)
[2023-05-11T20:51:08.738+0000][109.856s] GC(161) Pause Young (Concurrent Start) (G1 Evacuation Pause) 430M->252M(512M) 7.723ms
[2023-05-11T20:51:08.739+0000][109.856s] GC(161) User=0.01s Sys=0.00s Real=0.00s
[2023-05-11T20:51:08.739+0000][109.857s] GC(162) Concurrent Mark Cycle
[2023-05-11T20:51:08.739+0000][109.857s] GC(162) Concurrent Clear Claimed Marks
[2023-05-11T20:51:08.739+0000][109.857s] GC(162) Concurrent Clear Claimed Marks 0.312ms
[2023-05-11T20:51:08.740+0000][109.857s] GC(162) Concurrent Scan Root Regions
[2023-05-11T20:51:08.742+0000][109.859s] GC(162) Concurrent Scan Root Regions 1.805ms
[2023-05-11T20:51:08.742+0000][109.860s] GC(162) Concurrent Mark
[2023-05-11T20:51:08.742+0000][109.860s] GC(162) Concurrent Mark From Roots
[2023-05-11T20:51:08.743+0000][109.860s] GC(162) Using 1 workers of 1 for marking
[2023-05-11T20:51:08.778+0000][109.895s] GC(162) Concurrent Mark From Roots 35.463ms
[2023-05-11T20:51:08.778+0000][109.896s] GC(162) Concurrent Preclean
[2023-05-11T20:51:08.778+0000][109.896s] GC(162) Concurrent Preclean 0.388ms
[2023-05-11T20:51:08.779+0000][109.896s] GC(162) Pause Remark
[2023-05-11T20:51:08.782+0000][109.900s] GC(162) Pause Remark 262M->193M(512M) 3.297ms
[2023-05-11T20:51:08.782+0000][109.900s] GC(162) User=0.01s Sys=0.00s Real=0.01s
[2023-05-11T20:51:08.783+0000][109.900s] GC(162) Concurrent Mark 40.796ms
[2023-05-11T20:51:08.783+0000][109.901s] GC(162) Concurrent Rebuild Remembered Sets
[2023-05-11T20:51:08.805+0000][109.923s] GC(162) Concurrent Rebuild Remembered Sets 22.137ms
[2023-05-11T20:51:08.806+0000][109.923s] GC(162) Pause Cleanup
[2023-05-11T20:51:08.806+0000][109.924s] GC(162) Pause Cleanup 198M->198M(512M) 0.389ms
[2023-05-11T20:51:08.806+0000][109.924s] GC(162) User=0.00s Sys=0.00s Real=0.00s
[2023-05-11T20:51:08.807+0000][109.924s] GC(162) Concurrent Cleanup for Next Mark
[2023-05-11T20:51:08.808+0000][109.926s] GC(162) Concurrent Cleanup for Next Mark 1.547ms
[2023-05-11T20:51:08.808+0000][109.926s] GC(162) Concurrent Mark Cycle 69.444ms
