[2023-05-10T14:21:09.204+0000][0.013s] Using G1
[2023-05-10T14:21:09.447+0000][0.256s] Version: 17.0.7+7 (release)
[2023-05-10T14:21:09.448+0000][0.257s] CPUs: 4 total, 4 available
[2023-05-10T14:21:09.448+0000][0.257s] Memory: 3933M
[2023-05-10T14:21:09.448+0000][0.257s] Large Page Support: Disabled
[2023-05-10T14:21:09.449+0000][0.258s] NUMA Support: Disabled
[2023-05-10T14:21:09.449+0000][0.258s] Compressed Oops: Enabled (32-bit)
[2023-05-10T14:21:09.449+0000][0.258s] Heap Region Size: 1M
[2023-05-10T14:21:09.450+0000][0.259s] Heap Min Capacity: 512M
[2023-05-10T14:21:09.450+0000][0.259s] Heap Initial Capacity: 512M
[2023-05-10T14:21:09.450+0000][0.259s] Heap Max Capacity: 512M
[2023-05-10T14:21:09.451+0000][0.260s] Pre-touch: Enabled
[2023-05-10T14:21:09.451+0000][0.260s] Parallel Workers: 4
[2023-05-10T14:21:09.452+0000][0.261s] Concurrent Workers: 1
[2023-05-10T14:21:09.452+0000][0.261s] Concurrent Refinement Workers: 4
[2023-05-10T14:21:09.453+0000][0.262s] Periodic GC: Disabled
[2023-05-10T14:21:09.453+0000][0.262s] CDS archive(s) mapped at: [0x0000000800000000-0x0000000800a7b000-0x0000000800a7b000), size 10989568, SharedBaseAddress: 0x0000000800000000, ArchiveRelocationMode: 0.
[2023-05-10T14:21:09.454+0000][0.263s] Compressed class space mapped at: 0x0000000801000000-0x0000000841000000, reserved size: 1073741824
[2023-05-10T14:21:09.454+0000][0.263s] Narrow klass base: 0x0000000800000000, Narrow klass shift: 0, Narrow klass range: 0x100000000
[2023-05-10T14:21:09.804+0000][0.613s] GC(0) Pause Young (Normal) (G1 Evacuation Pause)
[2023-05-10T14:21:09.805+0000][0.614s] GC(0) Using 4 workers of 4 for evacuation
[2023-05-10T14:21:09.807+0000][0.616s] GC(0)   Pre Evacuate Collection Set: 0.1ms
[2023-05-10T14:21:09.808+0000][0.617s] GC(0)   Merge Heap Roots: 0.1ms
[2023-05-10T14:21:09.808+0000][0.617s] GC(0)   Evacuate Collection Set: 1.8ms
[2023-05-10T14:21:09.809+0000][0.618s] GC(0)   Post Evacuate Collection Set: 0.3ms
[2023-05-10T14:21:09.809+0000][0.618s] GC(0)   Other: 1.3ms
[2023-05-10T14:21:09.809+0000][0.618s] GC(0) Eden regions: 25->0(36)
[2023-05-10T14:21:09.810+0000][0.619s] GC(0) Survivor regions: 0->4(4)
[2023-05-10T14:21:09.810+0000][0.619s] GC(0) Old regions: 0->0
[2023-05-10T14:21:09.810+0000][0.619s] GC(0) Archive regions: 2->2
[2023-05-10T14:21:09.810+0000][0.620s] GC(0) Humongous regions: 0->0
[2023-05-10T14:21:09.811+0000][0.620s] GC(0) Metaspace: 9173K(9408K)->9173K(9408K) NonClass: 8054K(8192K)->8054K(8192K) Class: 1119K(1216K)->1119K(1216K)
[2023-05-10T14:21:09.811+0000][0.620s] GC(0) Pause Young (Normal) (G1 Evacuation Pause) 25M->4M(512M) 7.250ms
[2023-05-10T14:21:09.811+0000][0.620s] GC(0) User=0.01s Sys=0.00s Real=0.01s
[2023-05-10T14:21:10.106+0000][0.915s] GC(1) Pause Young (Normal) (G1 Evacuation Pause)
[2023-05-10T14:21:10.107+0000][0.916s] GC(1) Using 4 workers of 4 for evacuation
[2023-05-10T14:21:10.116+0000][0.925s] GC(1)   Pre Evacuate Collection Set: 0.1ms
[2023-05-10T14:21:10.116+0000][0.925s] GC(1)   Merge Heap Roots: 0.0ms
[2023-05-10T14:21:10.117+0000][0.926s] GC(1)   Evacuate Collection Set: 7.3ms
[2023-05-10T14:21:10.117+0000][0.926s] GC(1)   Post Evacuate Collection Set: 0.5ms
[2023-05-10T14:21:10.117+0000][0.926s] GC(1)   Other: 1.3ms
[2023-05-10T14:21:10.117+0000][0.927s] GC(1) Eden regions: 36->0(39)
[2023-05-10T14:21:10.118+0000][0.927s] GC(1) Survivor regions: 4->5(5)
[2023-05-10T14:21:10.118+0000][0.927s] GC(1) Old regions: 0->9
[2023-05-10T14:21:10.118+0000][0.928s] GC(1) Archive regions: 2->2
[2023-05-10T14:21:10.119+0000][0.928s] GC(1) Humongous regions: 4->4
[2023-05-10T14:21:10.119+0000][0.928s] GC(1) Metaspace: 17544K(17856K)->17544K(17856K) NonClass: 15384K(15552K)->15384K(15552K) Class: 2159K(2304K)->2159K(2304K)
[2023-05-10T14:21:10.120+0000][0.929s] GC(1) Pause Young (Normal) (G1 Evacuation Pause) 44M->18M(512M) 13.100ms
[2023-05-10T14:21:10.120+0000][0.929s] GC(1) User=0.02s Sys=0.00s Real=0.01s
[2023-05-10T14:21:10.297+0000][1.106s] GC(2) Pause Young (Normal) (G1 Evacuation Pause)
[2023-05-10T14:21:10.298+0000][1.107s] GC(2) Using 4 workers of 4 for evacuation
[2023-05-10T14:21:10.301+0000][1.110s] GC(2)   Pre Evacuate Collection Set: 0.1ms
[2023-05-10T14:21:10.302+0000][1.111s] GC(2)   Merge Heap Roots: 0.1ms
[2023-05-10T14:21:10.302+0000][1.111s] GC(2)   Evacuate Collection Set: 2.5ms
[2023-05-10T14:21:10.302+0000][1.111s] GC(2)   Post Evacuate Collection Set: 0.3ms
[2023-05-10T14:21:10.303+0000][1.112s] GC(2)   Other: 1.3ms
[2023-05-10T14:21:10.303+0000][1.112s] GC(2) Eden regions: 39->0(302)
[2023-05-10T14:21:10.303+0000][1.112s] GC(2) Survivor regions: 5->5(6)
[2023-05-10T14:21:10.304+0000][1.113s] GC(2) Old regions: 9->14
[2023-05-10T14:21:10.304+0000][1.113s] GC(2) Archive regions: 2->2
[2023-05-10T14:21:10.304+0000][1.113s] GC(2) Humongous regions: 4->4
[2023-05-10T14:21:10.305+0000][1.114s] GC(2) Metaspace: 19467K(19840K)->19467K(19840K) NonClass: 17120K(17280K)->17120K(17280K) Class: 2347K(2560K)->2347K(2560K)
[2023-05-10T14:21:10.305+0000][1.114s] GC(2) Pause Young (Normal) (G1 Evacuation Pause) 57M->23M(512M) 8.144ms
[2023-05-10T14:21:10.305+0000][1.114s] GC(2) User=0.00s Sys=0.00s Real=0.01s
[2023-05-10T14:21:10.374+0000][1.183s] GC(3) Pause Young (Concurrent Start) (Metadata GC Threshold)
[2023-05-10T14:21:10.374+0000][1.183s] GC(3) Using 4 workers of 4 for evacuation
[2023-05-10T14:21:10.376+0000][1.185s] GC(3)   Pre Evacuate Collection Set: 0.1ms
[2023-05-10T14:21:10.377+0000][1.186s] GC(3)   Merge Heap Roots: 0.0ms
[2023-05-10T14:21:10.377+0000][1.186s] GC(3)   Evacuate Collection Set: 1.3ms
[2023-05-10T14:21:10.378+0000][1.187s] GC(3)   Post Evacuate Collection Set: 0.3ms
[2023-05-10T14:21:10.378+0000][1.187s] GC(3)   Other: 1.1ms
[2023-05-10T14:21:10.379+0000][1.188s] GC(3) Eden regions: 13->0(301)
[2023-05-10T14:21:10.379+0000][1.188s] GC(3) Survivor regions: 5->6(39)
[2023-05-10T14:21:10.379+0000][1.188s] GC(3) Old regions: 14->14
[2023-05-10T14:21:10.380+0000][1.189s] GC(3) Archive regions: 2->2
[2023-05-10T14:21:10.380+0000][1.189s] GC(3) Humongous regions: 5->4
[2023-05-10T14:21:10.380+0000][1.189s] GC(3) Metaspace: 21208K(21504K)->21208K(21504K) NonClass: 18636K(18752K)->18636K(18752K) Class: 2571K(2752K)->2571K(2752K)
[2023-05-10T14:21:10.381+0000][1.190s] GC(3) Pause Young (Concurrent Start) (Metadata GC Threshold) 36M->24M(512M) 7.093ms
[2023-05-10T14:21:10.381+0000][1.190s] GC(3) User=0.01s Sys=0.00s Real=0.00s
[2023-05-10T14:21:10.381+0000][1.190s] GC(4) Concurrent Mark Cycle
[2023-05-10T14:21:10.382+0000][1.191s] GC(4) Concurrent Clear Claimed Marks
[2023-05-10T14:21:10.382+0000][1.191s] GC(4) Concurrent Clear Claimed Marks 0.397ms
[2023-05-10T14:21:10.382+0000][1.192s] GC(4) Concurrent Scan Root Regions
[2023-05-10T14:21:10.383+0000][1.193s] GC(4) Concurrent Scan Root Regions 1.039ms
[2023-05-10T14:21:10.384+0000][1.193s] GC(4) Concurrent Mark
[2023-05-10T14:21:10.384+0000][1.193s] GC(4) Concurrent Mark From Roots
[2023-05-10T14:21:10.385+0000][1.194s] GC(4) Using 1 workers of 1 for marking
[2023-05-10T14:21:10.397+0000][1.206s] GC(4) Concurrent Mark From Roots 12.787ms
[2023-05-10T14:21:10.398+0000][1.207s] GC(4) Concurrent Preclean
[2023-05-10T14:21:10.398+0000][1.207s] GC(4) Concurrent Preclean 0.515ms
[2023-05-10T14:21:10.399+0000][1.208s] GC(4) Pause Remark
[2023-05-10T14:21:10.400+0000][1.209s] GC(4) Pause Remark 27M->27M(512M) 1.543ms
[2023-05-10T14:21:10.401+0000][1.210s] GC(4) User=0.01s Sys=0.00s Real=0.00s
[2023-05-10T14:21:10.401+0000][1.210s] GC(4) Concurrent Mark 17.253ms
[2023-05-10T14:21:10.402+0000][1.211s] GC(4) Concurrent Rebuild Remembered Sets
[2023-05-10T14:21:10.411+0000][1.220s] GC(4) Concurrent Rebuild Remembered Sets 9.539ms
[2023-05-10T14:21:10.412+0000][1.221s] GC(4) Pause Cleanup
[2023-05-10T14:21:10.412+0000][1.221s] GC(4) Pause Cleanup 29M->29M(512M) 0.423ms
[2023-05-10T14:21:10.413+0000][1.222s] GC(4) User=0.00s Sys=0.00s Real=0.00s
[2023-05-10T14:21:10.413+0000][1.222s] GC(4) Concurrent Cleanup for Next Mark
[2023-05-10T14:21:10.414+0000][1.223s] GC(4) Concurrent Cleanup for Next Mark 0.866ms
[2023-05-10T14:21:10.415+0000][1.224s] GC(4) Concurrent Mark Cycle 33.434ms
[2023-05-10T14:21:11.082+0000][1.891s] GC(5) Pause Young (Concurrent Start) (Metadata GC Threshold)
[2023-05-10T14:21:11.083+0000][1.892s] GC(5) Using 4 workers of 4 for evacuation
[2023-05-10T14:21:11.089+0000][1.898s] GC(5)   Pre Evacuate Collection Set: 0.1ms
[2023-05-10T14:21:11.089+0000][1.898s] GC(5)   Merge Heap Roots: 0.0ms
[2023-05-10T14:21:11.090+0000][1.899s] GC(5)   Evacuate Collection Set: 4.5ms
[2023-05-10T14:21:11.090+0000][1.899s] GC(5)   Post Evacuate Collection Set: 0.6ms
[2023-05-10T14:21:11.090+0000][1.899s] GC(5)   Other: 1.6ms
[2023-05-10T14:21:11.091+0000][1.900s] GC(5) Eden regions: 103->0(295)
[2023-05-10T14:21:11.091+0000][1.900s] GC(5) Survivor regions: 6->12(39)
[2023-05-10T14:21:11.091+0000][1.900s] GC(5) Old regions: 14->14
[2023-05-10T14:21:11.092+0000][1.901s] GC(5) Archive regions: 2->2
[2023-05-10T14:21:11.092+0000][1.901s] GC(5) Humongous regions: 4->4
[2023-05-10T14:21:11.092+0000][1.901s] GC(5) Metaspace: 36220K(36608K)->36220K(36608K) NonClass: 31725K(31936K)->31725K(31936K) Class: 4494K(4672K)->4494K(4672K)
[2023-05-10T14:21:11.093+0000][1.902s] GC(5) Pause Young (Concurrent Start) (Metadata GC Threshold) 126M->30M(512M) 10.546ms
[2023-05-10T14:21:11.093+0000][1.902s] GC(5) User=0.02s Sys=0.00s Real=0.01s
[2023-05-10T14:21:11.093+0000][1.902s] GC(6) Concurrent Mark Cycle
[2023-05-10T14:21:11.094+0000][1.903s] GC(6) Concurrent Clear Claimed Marks
[2023-05-10T14:21:11.094+0000][1.903s] GC(6) Concurrent Clear Claimed Marks 0.416ms
[2023-05-10T14:21:11.094+0000][1.903s] GC(6) Concurrent Scan Root Regions
[2023-05-10T14:21:11.098+0000][1.907s] GC(6) Concurrent Scan Root Regions 3.388ms
[2023-05-10T14:21:11.098+0000][1.907s] GC(6) Concurrent Mark
[2023-05-10T14:21:11.099+0000][1.908s] GC(6) Concurrent Mark From Roots
[2023-05-10T14:21:11.099+0000][1.908s] GC(6) Using 1 workers of 1 for marking
[2023-05-10T14:21:11.111+0000][1.920s] GC(6) Concurrent Mark From Roots 12.817ms
[2023-05-10T14:21:11.112+0000][1.921s] GC(6) Concurrent Preclean
[2023-05-10T14:21:11.112+0000][1.921s] GC(6) Concurrent Preclean 0.433ms
[2023-05-10T14:21:11.113+0000][1.922s] GC(6) Pause Remark
[2023-05-10T14:21:11.115+0000][1.924s] GC(6) Pause Remark 32M->32M(512M) 1.880ms
[2023-05-10T14:21:11.115+0000][1.924s] GC(6) User=0.00s Sys=0.00s Real=0.00s
[2023-05-10T14:21:11.115+0000][1.924s] GC(6) Concurrent Mark 17.176ms
[2023-05-10T14:21:11.116+0000][1.925s] GC(6) Concurrent Rebuild Remembered Sets
[2023-05-10T14:21:11.123+0000][1.932s] GC(6) Concurrent Rebuild Remembered Sets 7.602ms
[2023-05-10T14:21:11.124+0000][1.933s] GC(6) Pause Cleanup
[2023-05-10T14:21:11.125+0000][1.934s] GC(6) Pause Cleanup 33M->33M(512M) 0.605ms
[2023-05-10T14:21:11.125+0000][1.934s] GC(6) User=0.00s Sys=0.00s Real=0.00s
[2023-05-10T14:21:11.126+0000][1.935s] GC(6) Concurrent Cleanup for Next Mark
[2023-05-10T14:21:11.126+0000][1.936s] GC(6) Concurrent Cleanup for Next Mark 0.800ms
[2023-05-10T14:21:11.127+0000][1.936s] GC(6) Concurrent Mark Cycle 33.626ms
