[2023-05-09T19:12:40.318+0000][0.014s] Using G1
[2023-05-09T19:12:40.451+0000][0.148s] Version: 17.0.7+7 (release)
[2023-05-09T19:12:40.452+0000][0.149s] CPUs: 4 total, 4 available
[2023-05-09T19:12:40.452+0000][0.149s] Memory: 3933M
[2023-05-09T19:12:40.453+0000][0.150s] Large Page Support: Disabled
[2023-05-09T19:12:40.453+0000][0.150s] NUMA Support: Disabled
[2023-05-09T19:12:40.453+0000][0.150s] Compressed Oops: Enabled (32-bit)
[2023-05-09T19:12:40.454+0000][0.151s] Heap Region Size: 1M
[2023-05-09T19:12:40.454+0000][0.151s] Heap Min Capacity: 512M
[2023-05-09T19:12:40.454+0000][0.151s] Heap Initial Capacity: 512M
[2023-05-09T19:12:40.455+0000][0.151s] Heap Max Capacity: 512M
[2023-05-09T19:12:40.455+0000][0.152s] Pre-touch: Enabled
[2023-05-09T19:12:40.456+0000][0.152s] Parallel Workers: 4
[2023-05-09T19:12:40.456+0000][0.153s] Concurrent Workers: 1
[2023-05-09T19:12:40.456+0000][0.153s] Concurrent Refinement Workers: 4
[2023-05-09T19:12:40.457+0000][0.153s] Periodic GC: Disabled
[2023-05-09T19:12:40.457+0000][0.154s] CDS archive(s) mapped at: [0x0000000800000000-0x0000000800a7b000-0x0000000800a7b000), size 10989568, SharedBaseAddress: 0x0000000800000000, ArchiveRelocationMode: 0.
[2023-05-09T19:12:40.458+0000][0.154s] Compressed class space mapped at: 0x0000000801000000-0x0000000841000000, reserved size: 1073741824
[2023-05-09T19:12:40.458+0000][0.155s] Narrow klass base: 0x0000000800000000, Narrow klass shift: 0, Narrow klass range: 0x100000000
[2023-05-09T19:12:40.787+0000][0.483s] GC(0) Pause Young (Normal) (G1 Evacuation Pause)
[2023-05-09T19:12:40.787+0000][0.484s] GC(0) Using 4 workers of 4 for evacuation
[2023-05-09T19:12:40.792+0000][0.489s] GC(0)   Pre Evacuate Collection Set: 0.1ms
[2023-05-09T19:12:40.793+0000][0.489s] GC(0)   Merge Heap Roots: 0.0ms
[2023-05-09T19:12:40.793+0000][0.490s] GC(0)   Evacuate Collection Set: 3.8ms
[2023-05-09T19:12:40.793+0000][0.490s] GC(0)   Post Evacuate Collection Set: 0.3ms
[2023-05-09T19:12:40.794+0000][0.490s] GC(0)   Other: 1.0ms
[2023-05-09T19:12:40.794+0000][0.491s] GC(0) Eden regions: 25->0(36)
[2023-05-09T19:12:40.794+0000][0.491s] GC(0) Survivor regions: 0->4(4)
[2023-05-09T19:12:40.794+0000][0.491s] GC(0) Old regions: 0->0
[2023-05-09T19:12:40.795+0000][0.492s] GC(0) Archive regions: 2->2
[2023-05-09T19:12:40.795+0000][0.492s] GC(0) Humongous regions: 0->0
[2023-05-09T19:12:40.795+0000][0.492s] GC(0) Metaspace: 9187K(9408K)->9187K(9408K) NonClass: 8066K(8192K)->8066K(8192K) Class: 1120K(1216K)->1120K(1216K)
[2023-05-09T19:12:40.796+0000][0.493s] GC(0) Pause Young (Normal) (G1 Evacuation Pause) 25M->4M(512M) 9.189ms
[2023-05-09T19:12:40.796+0000][0.493s] GC(0) User=0.01s Sys=0.00s Real=0.01s
[2023-05-09T19:12:41.084+0000][0.781s] GC(1) Pause Young (Normal) (G1 Evacuation Pause)
[2023-05-09T19:12:41.085+0000][0.781s] GC(1) Using 4 workers of 4 for evacuation
[2023-05-09T19:12:41.092+0000][0.789s] GC(1)   Pre Evacuate Collection Set: 0.1ms
[2023-05-09T19:12:41.092+0000][0.789s] GC(1)   Merge Heap Roots: 0.1ms
[2023-05-09T19:12:41.093+0000][0.789s] GC(1)   Evacuate Collection Set: 6.3ms
[2023-05-09T19:12:41.093+0000][0.790s] GC(1)   Post Evacuate Collection Set: 0.5ms
[2023-05-09T19:12:41.093+0000][0.790s] GC(1)   Other: 1.1ms
[2023-05-09T19:12:41.094+0000][0.791s] GC(1) Eden regions: 36->0(39)
[2023-05-09T19:12:41.094+0000][0.791s] GC(1) Survivor regions: 4->5(5)
[2023-05-09T19:12:41.095+0000][0.791s] GC(1) Old regions: 0->9
[2023-05-09T19:12:41.095+0000][0.792s] GC(1) Archive regions: 2->2
[2023-05-09T19:12:41.095+0000][0.792s] GC(1) Humongous regions: 4->4
[2023-05-09T19:12:41.096+0000][0.792s] GC(1) Metaspace: 17560K(17856K)->17560K(17856K) NonClass: 15401K(15552K)->15401K(15552K) Class: 2159K(2304K)->2159K(2304K)
[2023-05-09T19:12:41.096+0000][0.793s] GC(1) Pause Young (Normal) (G1 Evacuation Pause) 44M->18M(512M) 11.890ms
[2023-05-09T19:12:41.096+0000][0.793s] GC(1) User=0.02s Sys=0.00s Real=0.02s
[2023-05-09T19:12:41.249+0000][0.946s] GC(2) Pause Young (Normal) (G1 Evacuation Pause)
[2023-05-09T19:12:41.250+0000][0.947s] GC(2) Using 4 workers of 4 for evacuation
[2023-05-09T19:12:41.254+0000][0.950s] GC(2)   Pre Evacuate Collection Set: 0.1ms
[2023-05-09T19:12:41.254+0000][0.951s] GC(2)   Merge Heap Roots: 0.1ms
[2023-05-09T19:12:41.254+0000][0.951s] GC(2)   Evacuate Collection Set: 2.5ms
[2023-05-09T19:12:41.255+0000][0.952s] GC(2)   Post Evacuate Collection Set: 0.3ms
[2023-05-09T19:12:41.255+0000][0.952s] GC(2)   Other: 1.6ms
[2023-05-09T19:12:41.256+0000][0.952s] GC(2) Eden regions: 39->0(302)
[2023-05-09T19:12:41.256+0000][0.953s] GC(2) Survivor regions: 5->5(6)
[2023-05-09T19:12:41.256+0000][0.953s] GC(2) Old regions: 9->14
[2023-05-09T19:12:41.257+0000][0.953s] GC(2) Archive regions: 2->2
[2023-05-09T19:12:41.257+0000][0.954s] GC(2) Humongous regions: 4->4
[2023-05-09T19:12:41.257+0000][0.954s] GC(2) Metaspace: 19250K(19584K)->19250K(19584K) NonClass: 16926K(17088K)->16926K(17088K) Class: 2324K(2496K)->2324K(2496K)
[2023-05-09T19:12:41.257+0000][0.954s] GC(2) Pause Young (Normal) (G1 Evacuation Pause) 57M->23M(512M) 8.450ms
[2023-05-09T19:12:41.258+0000][0.955s] GC(2) User=0.01s Sys=0.00s Real=0.01s
[2023-05-09T19:12:41.354+0000][1.051s] GC(3) Pause Young (Concurrent Start) (Metadata GC Threshold)
[2023-05-09T19:12:41.355+0000][1.052s] GC(3) Using 4 workers of 4 for evacuation
[2023-05-09T19:12:41.357+0000][1.054s] GC(3)   Pre Evacuate Collection Set: 0.1ms
[2023-05-09T19:12:41.357+0000][1.054s] GC(3)   Merge Heap Roots: 0.1ms
[2023-05-09T19:12:41.358+0000][1.055s] GC(3)   Evacuate Collection Set: 1.2ms
[2023-05-09T19:12:41.358+0000][1.055s] GC(3)   Post Evacuate Collection Set: 0.4ms
[2023-05-09T19:12:41.358+0000][1.055s] GC(3)   Other: 1.0ms
[2023-05-09T19:12:41.359+0000][1.056s] GC(3) Eden regions: 13->0(301)
[2023-05-09T19:12:41.359+0000][1.056s] GC(3) Survivor regions: 5->6(39)
[2023-05-09T19:12:41.359+0000][1.056s] GC(3) Old regions: 14->14
[2023-05-09T19:12:41.360+0000][1.056s] GC(3) Archive regions: 2->2
[2023-05-09T19:12:41.360+0000][1.057s] GC(3) Humongous regions: 5->4
[2023-05-09T19:12:41.360+0000][1.057s] GC(3) Metaspace: 21195K(21504K)->21195K(21504K) NonClass: 18623K(18752K)->18623K(18752K) Class: 2571K(2752K)->2571K(2752K)
[2023-05-09T19:12:41.361+0000][1.057s] GC(3) Pause Young (Concurrent Start) (Metadata GC Threshold) 37M->24M(512M) 6.344ms
[2023-05-09T19:12:41.361+0000][1.058s] GC(3) User=0.00s Sys=0.00s Real=0.01s
[2023-05-09T19:12:41.361+0000][1.058s] GC(4) Concurrent Mark Cycle
[2023-05-09T19:12:41.362+0000][1.058s] GC(4) Concurrent Clear Claimed Marks
[2023-05-09T19:12:41.362+0000][1.059s] GC(4) Concurrent Clear Claimed Marks 0.413ms
[2023-05-09T19:12:41.362+0000][1.059s] GC(4) Concurrent Scan Root Regions
[2023-05-09T19:12:41.364+0000][1.060s] GC(4) Concurrent Scan Root Regions 1.162ms
[2023-05-09T19:12:41.364+0000][1.061s] GC(4) Concurrent Mark
[2023-05-09T19:12:41.364+0000][1.061s] GC(4) Concurrent Mark From Roots
[2023-05-09T19:12:41.365+0000][1.061s] GC(4) Using 1 workers of 1 for marking
[2023-05-09T19:12:41.377+0000][1.074s] GC(4) Concurrent Mark From Roots 12.710ms
[2023-05-09T19:12:41.378+0000][1.074s] GC(4) Concurrent Preclean
[2023-05-09T19:12:41.378+0000][1.075s] GC(4) Concurrent Preclean 0.521ms
[2023-05-09T19:12:41.379+0000][1.076s] GC(4) Pause Remark
[2023-05-09T19:12:41.380+0000][1.077s] GC(4) Pause Remark 26M->26M(512M) 1.517ms
[2023-05-09T19:12:41.381+0000][1.078s] GC(4) User=0.00s Sys=0.00s Real=0.00s
[2023-05-09T19:12:41.381+0000][1.078s] GC(4) Concurrent Mark 17.214ms
[2023-05-09T19:12:41.382+0000][1.078s] GC(4) Concurrent Rebuild Remembered Sets
[2023-05-09T19:12:41.390+0000][1.086s] GC(4) Concurrent Rebuild Remembered Sets 7.966ms
[2023-05-09T19:12:41.390+0000][1.087s] GC(4) Pause Cleanup
[2023-05-09T19:12:41.391+0000][1.087s] GC(4) Pause Cleanup 28M->28M(512M) 0.495ms
[2023-05-09T19:12:41.391+0000][1.088s] GC(4) User=0.01s Sys=0.00s Real=0.00s
[2023-05-09T19:12:41.392+0000][1.088s] GC(4) Concurrent Cleanup for Next Mark
[2023-05-09T19:12:41.392+0000][1.089s] GC(4) Concurrent Cleanup for Next Mark 0.622ms
[2023-05-09T19:12:41.392+0000][1.089s] GC(4) Concurrent Mark Cycle 31.165ms
[2023-05-09T19:12:42.082+0000][1.779s] GC(5) Pause Young (Concurrent Start) (Metadata GC Threshold)
[2023-05-09T19:12:42.083+0000][1.780s] GC(5) Using 4 workers of 4 for evacuation
[2023-05-09T19:12:42.092+0000][1.789s] GC(5)   Pre Evacuate Collection Set: 0.1ms
[2023-05-09T19:12:42.093+0000][1.790s] GC(5)   Merge Heap Roots: 0.0ms
[2023-05-09T19:12:42.093+0000][1.790s] GC(5)   Evacuate Collection Set: 8.2ms
[2023-05-09T19:12:42.094+0000][1.791s] GC(5)   Post Evacuate Collection Set: 0.5ms
[2023-05-09T19:12:42.094+0000][1.791s] GC(5)   Other: 1.4ms
[2023-05-09T19:12:42.094+0000][1.791s] GC(5) Eden regions: 107->0(295)
[2023-05-09T19:12:42.095+0000][1.792s] GC(5) Survivor regions: 6->12(39)
[2023-05-09T19:12:42.095+0000][1.792s] GC(5) Old regions: 14->14
[2023-05-09T19:12:42.096+0000][1.792s] GC(5) Archive regions: 2->2
[2023-05-09T19:12:42.096+0000][1.793s] GC(5) Humongous regions: 4->4
[2023-05-09T19:12:42.096+0000][1.793s] GC(5) Metaspace: 36084K(36480K)->36084K(36480K) NonClass: 31621K(31808K)->31621K(31808K) Class: 4463K(4672K)->4463K(4672K)
[2023-05-09T19:12:42.097+0000][1.793s] GC(5) Pause Young (Concurrent Start) (Metadata GC Threshold) 130M->30M(512M) 14.311ms
[2023-05-09T19:12:42.097+0000][1.794s] GC(5) User=0.02s Sys=0.00s Real=0.02s
[2023-05-09T19:12:42.097+0000][1.794s] GC(6) Concurrent Mark Cycle
[2023-05-09T19:12:42.098+0000][1.794s] GC(6) Concurrent Clear Claimed Marks
[2023-05-09T19:12:42.098+0000][1.795s] GC(6) Concurrent Clear Claimed Marks 0.468ms
[2023-05-09T19:12:42.098+0000][1.795s] GC(6) Concurrent Scan Root Regions
[2023-05-09T19:12:42.103+0000][1.800s] GC(6) Concurrent Scan Root Regions 4.599ms
[2023-05-09T19:12:42.104+0000][1.801s] GC(6) Concurrent Mark
[2023-05-09T19:12:42.104+0000][1.801s] GC(6) Concurrent Mark From Roots
[2023-05-09T19:12:42.104+0000][1.801s] GC(6) Using 1 workers of 1 for marking
[2023-05-09T19:12:42.117+0000][1.814s] GC(6) Concurrent Mark From Roots 13.197ms
[2023-05-09T19:12:42.118+0000][1.814s] GC(6) Concurrent Preclean
[2023-05-09T19:12:42.118+0000][1.815s] GC(6) Concurrent Preclean 0.413ms
[2023-05-09T19:12:42.120+0000][1.816s] GC(6) Pause Remark
[2023-05-09T19:12:42.122+0000][1.818s] GC(6) Pause Remark 32M->32M(512M) 2.074ms
[2023-05-09T19:12:42.122+0000][1.819s] GC(6) User=0.01s Sys=0.00s Real=0.00s
[2023-05-09T19:12:42.123+0000][1.819s] GC(6) Concurrent Mark 18.848ms
[2023-05-09T19:12:42.123+0000][1.820s] GC(6) Concurrent Rebuild Remembered Sets
[2023-05-09T19:12:42.131+0000][1.828s] GC(6) Concurrent Rebuild Remembered Sets 8.186ms
[2023-05-09T19:12:42.132+0000][1.829s] GC(6) Pause Cleanup
[2023-05-09T19:12:42.132+0000][1.829s] GC(6) Pause Cleanup 34M->34M(512M) 0.424ms
[2023-05-09T19:12:42.133+0000][1.830s] GC(6) User=0.00s Sys=0.00s Real=0.00s
[2023-05-09T19:12:42.133+0000][1.830s] GC(6) Concurrent Cleanup for Next Mark
[2023-05-09T19:12:42.134+0000][1.831s] GC(6) Concurrent Cleanup for Next Mark 0.634ms
[2023-05-09T19:12:42.134+0000][1.831s] GC(6) Concurrent Mark Cycle 36.854ms
[2023-05-09T21:39:34.694+0000][8814.570s] GC(7) Pause Young (Normal) (G1 Evacuation Pause)
[2023-05-09T21:39:34.696+0000][8814.571s] GC(7) Using 4 workers of 4 for evacuation
[2023-05-09T21:39:34.751+0000][8814.626s] GC(7)   Pre Evacuate Collection Set: 0.3ms
[2023-05-09T21:39:34.752+0000][8814.627s] GC(7)   Merge Heap Roots: 0.1ms
[2023-05-09T21:39:34.752+0000][8814.627s] GC(7)   Evacuate Collection Set: 52.7ms
[2023-05-09T21:39:34.753+0000][8814.628s] GC(7)   Post Evacuate Collection Set: 1.7ms
[2023-05-09T21:39:34.753+0000][8814.628s] GC(7)   Other: 2.1ms
[2023-05-09T21:39:34.753+0000][8814.629s] GC(7) Eden regions: 295->0(282)
[2023-05-09T21:39:34.754+0000][8814.629s] GC(7) Survivor regions: 12->25(39)
[2023-05-09T21:39:34.754+0000][8814.629s] GC(7) Old regions: 14->14
[2023-05-09T21:39:34.754+0000][8814.630s] GC(7) Archive regions: 2->2
[2023-05-09T21:39:34.755+0000][8814.630s] GC(7) Humongous regions: 4->4
[2023-05-09T21:39:34.755+0000][8814.630s] GC(7) Metaspace: 57277K(57792K)->57277K(57792K) NonClass: 50092K(50368K)->50092K(50368K) Class: 7185K(7424K)->7185K(7424K)
[2023-05-09T21:39:34.756+0000][8814.631s] GC(7) Pause Young (Normal) (G1 Evacuation Pause) 325M->43M(512M) 61.276ms
[2023-05-09T21:39:34.756+0000][8814.631s] GC(7) User=0.22s Sys=0.00s Real=0.06s
[2023-05-09T21:42:33.346+0000][8993.277s] GC(8) Pause Young (Normal) (G1 Evacuation Pause)
[2023-05-09T21:42:33.348+0000][8993.280s] GC(8) Using 4 workers of 4 for evacuation
[2023-05-09T21:42:33.370+0000][8993.302s] GC(8)   Pre Evacuate Collection Set: 0.2ms
[2023-05-09T21:42:33.371+0000][8993.302s] GC(8)   Merge Heap Roots: 0.1ms
[2023-05-09T21:42:33.371+0000][8993.303s] GC(8)   Evacuate Collection Set: 16.9ms
[2023-05-09T21:42:33.372+0000][8993.303s] GC(8)   Post Evacuate Collection Set: 4.1ms
[2023-05-09T21:42:33.372+0000][8993.303s] GC(8)   Other: 3.3ms
[2023-05-09T21:42:33.372+0000][8993.304s] GC(8) Eden regions: 282->0(288)
[2023-05-09T21:42:33.373+0000][8993.304s] GC(8) Survivor regions: 25->19(39)
[2023-05-09T21:42:33.373+0000][8993.304s] GC(8) Old regions: 14->20
[2023-05-09T21:42:33.373+0000][8993.305s] GC(8) Archive regions: 2->2
[2023-05-09T21:42:33.373+0000][8993.305s] GC(8) Humongous regions: 4->4
[2023-05-09T21:42:33.374+0000][8993.305s] GC(8) Metaspace: 57824K(58304K)->57824K(58304K) NonClass: 50620K(50880K)->50620K(50880K) Class: 7204K(7424K)->7204K(7424K)
[2023-05-09T21:42:33.374+0000][8993.305s] GC(8) Pause Young (Normal) (G1 Evacuation Pause) 325M->42M(512M) 28.382ms
[2023-05-09T21:42:33.374+0000][8993.306s] GC(8) User=0.08s Sys=0.00s Real=0.03s
[2023-05-09T21:43:10.413+0000][9030.345s] GC(9) Pause Young (Normal) (G1 Evacuation Pause)
[2023-05-09T21:43:10.414+0000][9030.346s] GC(9) Using 4 workers of 4 for evacuation
[2023-05-09T21:43:10.444+0000][9030.376s] GC(9)   Pre Evacuate Collection Set: 0.3ms
[2023-05-09T21:43:10.445+0000][9030.377s] GC(9)   Merge Heap Roots: 0.1ms
[2023-05-09T21:43:10.445+0000][9030.377s] GC(9)   Evacuate Collection Set: 26.4ms
[2023-05-09T21:43:10.446+0000][9030.378s] GC(9)   Post Evacuate Collection Set: 3.0ms
[2023-05-09T21:43:10.446+0000][9030.378s] GC(9)   Other: 1.5ms
[2023-05-09T21:43:10.446+0000][9030.378s] GC(9) Eden regions: 288->0(287)
[2023-05-09T21:43:10.447+0000][9030.379s] GC(9) Survivor regions: 19->20(39)
[2023-05-09T21:43:10.447+0000][9030.379s] GC(9) Old regions: 20->20
[2023-05-09T21:43:10.447+0000][9030.379s] GC(9) Archive regions: 2->2
[2023-05-09T21:43:10.448+0000][9030.380s] GC(9) Humongous regions: 4->4
[2023-05-09T21:43:10.448+0000][9030.380s] GC(9) Metaspace: 57971K(58432K)->57971K(58432K) NonClass: 50766K(51008K)->50766K(51008K) Class: 7204K(7424K)->7204K(7424K)
[2023-05-09T21:43:10.448+0000][9030.380s] GC(9) Pause Young (Normal) (G1 Evacuation Pause) 330M->43M(512M) 35.232ms
[2023-05-09T21:43:10.449+0000][9030.380s] GC(9) User=0.11s Sys=0.00s Real=0.03s
