[2023-05-11T13:55:22.314+0000][0.646s] Using G1
[2023-05-11T13:55:23.139+0000][1.471s] Version: 17.0.7+7 (release)
[2023-05-11T13:55:23.141+0000][1.473s] CPUs: 2 total, 2 available
[2023-05-11T13:55:23.143+0000][1.475s] Memory: 3933M
[2023-05-11T13:55:23.145+0000][1.477s] Large Page Support: Disabled
[2023-05-11T13:55:23.147+0000][1.479s] NUMA Support: Disabled
[2023-05-11T13:55:23.171+0000][1.503s] Compressed Oops: Enabled (32-bit)
[2023-05-11T13:55:23.178+0000][1.511s] Heap Region Size: 1M
[2023-05-11T13:55:23.180+0000][1.512s] Heap Min Capacity: 512M
[2023-05-11T13:55:23.184+0000][1.516s] Heap Initial Capacity: 512M
[2023-05-11T13:55:23.187+0000][1.519s] Heap Max Capacity: 512M
[2023-05-11T13:55:23.188+0000][1.520s] Pre-touch: Enabled
[2023-05-11T13:55:23.190+0000][1.522s] Parallel Workers: 2
[2023-05-11T13:55:23.193+0000][1.525s] Concurrent Workers: 1
[2023-05-11T13:55:23.383+0000][1.715s] Concurrent Refinement Workers: 2
[2023-05-11T13:55:23.393+0000][1.725s] Periodic GC: Disabled
[2023-05-11T13:55:23.397+0000][1.729s] CDS archive(s) mapped at: [0x0000000800000000-0x0000000800a7b000-0x0000000800a7b000), size 10989568, SharedBaseAddress: 0x0000000800000000, ArchiveRelocationMode: 0.
[2023-05-11T13:55:23.400+0000][1.732s] Compressed class space mapped at: 0x0000000801000000-0x0000000841000000, reserved size: 1073741824
[2023-05-11T13:55:23.430+0000][1.762s] Narrow klass base: 0x0000000800000000, Narrow klass shift: 0, Narrow klass range: 0x100000000
[2023-05-11T13:55:30.360+0000][8.692s] GC(0) Pause Young (Normal) (G1 Evacuation Pause)
[2023-05-11T13:55:30.364+0000][8.696s] GC(0) Using 2 workers of 2 for evacuation
[2023-05-11T13:55:30.380+0000][8.712s] GC(0)   Pre Evacuate Collection Set: 0.1ms
[2023-05-11T13:55:30.382+0000][8.714s] GC(0)   Merge Heap Roots: 0.1ms
[2023-05-11T13:55:30.383+0000][8.715s] GC(0)   Evacuate Collection Set: 11.4ms
[2023-05-11T13:55:30.385+0000][8.717s] GC(0)   Post Evacuate Collection Set: 1.1ms
[2023-05-11T13:55:30.388+0000][8.720s] GC(0)   Other: 7.9ms
[2023-05-11T13:55:30.390+0000][8.722s] GC(0) Eden regions: 25->0(21)
[2023-05-11T13:55:30.393+0000][8.725s] GC(0) Survivor regions: 0->4(4)
[2023-05-11T13:55:30.395+0000][8.727s] GC(0) Old regions: 0->0
[2023-05-11T13:55:30.397+0000][8.729s] GC(0) Archive regions: 2->2
[2023-05-11T13:55:30.398+0000][8.730s] GC(0) Humongous regions: 0->0
[2023-05-11T13:55:30.400+0000][8.732s] GC(0) Metaspace: 9120K(9344K)->9120K(9344K) NonClass: 8002K(8128K)->8002K(8128K) Class: 1117K(1216K)->1117K(1216K)
[2023-05-11T13:55:30.402+0000][8.734s] GC(0) Pause Young (Normal) (G1 Evacuation Pause) 25M->4M(512M) 42.022ms
[2023-05-11T13:55:30.404+0000][8.736s] GC(0) User=0.02s Sys=0.00s Real=0.04s
[2023-05-11T13:55:32.732+0000][11.064s] GC(1) Pause Young (Normal) (G1 Evacuation Pause)
[2023-05-11T13:55:32.734+0000][11.066s] GC(1) Using 2 workers of 2 for evacuation
[2023-05-11T13:55:32.824+0000][11.156s] GC(1)   Pre Evacuate Collection Set: 0.7ms
[2023-05-11T13:55:32.830+0000][11.162s] GC(1)   Merge Heap Roots: 0.4ms
[2023-05-11T13:55:32.834+0000][11.166s] GC(1)   Evacuate Collection Set: 69.5ms
[2023-05-11T13:55:32.835+0000][11.168s] GC(1)   Post Evacuate Collection Set: 5.4ms
[2023-05-11T13:55:32.845+0000][11.177s] GC(1)   Other: 16.1ms
[2023-05-11T13:55:32.847+0000][11.179s] GC(1) Eden regions: 21->0(21)
[2023-05-11T13:55:32.851+0000][11.183s] GC(1) Survivor regions: 4->4(4)
[2023-05-11T13:55:32.876+0000][11.208s] GC(1) Old regions: 0->9
[2023-05-11T13:55:32.879+0000][11.211s] GC(1) Archive regions: 2->2
[2023-05-11T13:55:32.880+0000][11.212s] GC(1) Humongous regions: 4->4
[2023-05-11T13:55:32.881+0000][11.214s] GC(1) Metaspace: 14910K(15232K)->14910K(15232K) NonClass: 13082K(13248K)->13082K(13248K) Class: 1828K(1984K)->1828K(1984K)
[2023-05-11T13:55:32.883+0000][11.215s] GC(1) Pause Young (Normal) (G1 Evacuation Pause) 29M->17M(512M) 150.399ms
[2023-05-11T13:55:32.884+0000][11.216s] GC(1) User=0.15s Sys=0.01s Real=0.15s
[2023-05-11T13:55:34.604+0000][12.936s] GC(2) Pause Young (Normal) (G1 Evacuation Pause)
[2023-05-11T13:55:34.615+0000][12.947s] GC(2) Using 2 workers of 2 for evacuation
[2023-05-11T13:55:34.637+0000][12.969s] GC(2)   Pre Evacuate Collection Set: 1.2ms
[2023-05-11T13:55:34.639+0000][12.971s] GC(2)   Merge Heap Roots: 1.9ms
[2023-05-11T13:55:34.642+0000][12.974s] GC(2)   Evacuate Collection Set: 12.1ms
[2023-05-11T13:55:34.645+0000][12.977s] GC(2)   Post Evacuate Collection Set: 0.6ms
[2023-05-11T13:55:34.646+0000][12.978s] GC(2)   Other: 17.2ms
[2023-05-11T13:55:34.648+0000][12.980s] GC(2) Eden regions: 21->0(30)
[2023-05-11T13:55:34.649+0000][12.982s] GC(2) Survivor regions: 4->2(4)
[2023-05-11T13:55:34.652+0000][12.984s] GC(2) Old regions: 9->13
[2023-05-11T13:55:34.654+0000][12.986s] GC(2) Archive regions: 2->2
[2023-05-11T13:55:34.656+0000][12.988s] GC(2) Humongous regions: 4->4
[2023-05-11T13:55:34.658+0000][12.990s] GC(2) Metaspace: 17623K(17920K)->17623K(17920K) NonClass: 15462K(15616K)->15462K(15616K) Class: 2160K(2304K)->2160K(2304K)
[2023-05-11T13:55:34.661+0000][12.993s] GC(2) Pause Young (Normal) (G1 Evacuation Pause) 38M->19M(512M) 56.836ms
[2023-05-11T13:55:34.663+0000][12.995s] GC(2) User=0.04s Sys=0.00s Real=0.06s
[2023-05-11T13:55:35.066+0000][13.398s] GC(3) Pause Young (Normal) (G1 Evacuation Pause)
[2023-05-11T13:55:35.068+0000][13.400s] GC(3) Using 2 workers of 2 for evacuation
[2023-05-11T13:55:35.078+0000][13.410s] GC(3)   Pre Evacuate Collection Set: 0.3ms
[2023-05-11T13:55:35.079+0000][13.411s] GC(3)   Merge Heap Roots: 0.2ms
[2023-05-11T13:55:35.081+0000][13.413s] GC(3)   Evacuate Collection Set: 6.5ms
[2023-05-11T13:55:35.082+0000][13.414s] GC(3)   Post Evacuate Collection Set: 0.9ms
[2023-05-11T13:55:35.084+0000][13.416s] GC(3)   Other: 4.3ms
[2023-05-11T13:55:35.085+0000][13.417s] GC(3) Eden regions: 30->0(40)
[2023-05-11T13:55:35.087+0000][13.419s] GC(3) Survivor regions: 2->4(4)
[2023-05-11T13:55:35.088+0000][13.420s] GC(3) Old regions: 13->14
[2023-05-11T13:55:35.089+0000][13.421s] GC(3) Archive regions: 2->2
[2023-05-11T13:55:35.091+0000][13.423s] GC(3) Humongous regions: 4->4
[2023-05-11T13:55:35.092+0000][13.425s] GC(3) Metaspace: 17752K(18048K)->17752K(18048K) NonClass: 15589K(15744K)->15589K(15744K) Class: 2163K(2304K)->2163K(2304K)
[2023-05-11T13:55:35.094+0000][13.426s] GC(3) Pause Young (Normal) (G1 Evacuation Pause) 49M->22M(512M) 28.190ms
[2023-05-11T13:55:35.096+0000][13.428s] GC(3) User=0.02s Sys=0.00s Real=0.03s
[2023-05-11T13:55:36.378+0000][14.710s] GC(4) Pause Young (Concurrent Start) (Metadata GC Threshold)
[2023-05-11T13:55:36.380+0000][14.712s] GC(4) Using 2 workers of 2 for evacuation
[2023-05-11T13:55:36.396+0000][14.728s] GC(4)   Pre Evacuate Collection Set: 0.3ms
[2023-05-11T13:55:36.398+0000][14.730s] GC(4)   Merge Heap Roots: 0.2ms
[2023-05-11T13:55:36.401+0000][14.733s] GC(4)   Evacuate Collection Set: 10.2ms
[2023-05-11T13:55:36.403+0000][14.735s] GC(4)   Post Evacuate Collection Set: 1.1ms
[2023-05-11T13:55:36.405+0000][14.738s] GC(4)   Other: 6.2ms
[2023-05-11T13:55:36.408+0000][14.740s] GC(4) Eden regions: 23->0(69)
[2023-05-11T13:55:36.410+0000][14.742s] GC(4) Survivor regions: 4->3(6)
[2023-05-11T13:55:36.413+0000][14.745s] GC(4) Old regions: 14->18
[2023-05-11T13:55:36.415+0000][14.747s] GC(4) Archive regions: 2->2
[2023-05-11T13:55:36.416+0000][14.749s] GC(4) Humongous regions: 5->4
[2023-05-11T13:55:36.419+0000][14.751s] GC(4) Metaspace: 21199K(21504K)->21199K(21504K) NonClass: 18628K(18752K)->18628K(18752K) Class: 2570K(2752K)->2570K(2752K)
[2023-05-11T13:55:36.421+0000][14.753s] GC(4) Pause Young (Concurrent Start) (Metadata GC Threshold) 46M->25M(512M) 42.850ms
[2023-05-11T13:55:36.423+0000][14.755s] GC(4) User=0.02s Sys=0.01s Real=0.04s
[2023-05-11T13:55:36.426+0000][14.758s] GC(5) Concurrent Mark Cycle
[2023-05-11T13:55:36.457+0000][14.789s] GC(5) Concurrent Clear Claimed Marks
[2023-05-11T13:55:36.471+0000][14.803s] GC(5) Concurrent Clear Claimed Marks 14.420ms
[2023-05-11T13:55:36.473+0000][14.805s] GC(5) Concurrent Scan Root Regions
[2023-05-11T13:55:36.481+0000][14.813s] GC(5) Concurrent Scan Root Regions 8.160ms
[2023-05-11T13:55:36.483+0000][14.815s] GC(5) Concurrent Mark
[2023-05-11T13:55:36.485+0000][14.817s] GC(5) Concurrent Mark From Roots
[2023-05-11T13:55:36.507+0000][14.839s] GC(5) Using 1 workers of 1 for marking
[2023-05-11T13:55:36.685+0000][15.017s] GC(5) Concurrent Mark From Roots 200.403ms
[2023-05-11T13:55:36.692+0000][15.024s] GC(5) Concurrent Preclean
[2023-05-11T13:55:36.695+0000][15.027s] GC(5) Concurrent Preclean 3.037ms
[2023-05-11T13:55:36.698+0000][15.030s] GC(5) Pause Remark
[2023-05-11T13:55:36.710+0000][15.042s] GC(5) Pause Remark 25M->25M(512M) 12.272ms
[2023-05-11T13:55:36.713+0000][15.045s] GC(5) User=0.01s Sys=0.00s Real=0.01s
[2023-05-11T13:55:36.717+0000][15.049s] GC(5) Concurrent Mark 233.697ms
[2023-05-11T13:55:36.718+0000][15.050s] GC(5) Concurrent Rebuild Remembered Sets
[2023-05-11T13:55:36.740+0000][15.072s] GC(5) Concurrent Rebuild Remembered Sets 21.718ms
[2023-05-11T13:55:36.744+0000][15.076s] GC(5) Pause Cleanup
[2023-05-11T13:55:36.747+0000][15.079s] GC(5) Pause Cleanup 26M->26M(512M) 2.866ms
[2023-05-11T13:55:36.748+0000][15.080s] GC(5) User=0.00s Sys=0.00s Real=0.01s
[2023-05-11T13:55:36.750+0000][15.082s] GC(5) Concurrent Cleanup for Next Mark
[2023-05-11T13:55:36.755+0000][15.087s] GC(5) Concurrent Cleanup for Next Mark 4.834ms
[2023-05-11T13:55:36.758+0000][15.090s] GC(5) Concurrent Mark Cycle 331.856ms
[2023-05-11T13:55:41.933+0000][20.264s] GC(6) Pause Young (Normal) (G1 Evacuation Pause)
[2023-05-11T13:55:41.935+0000][20.267s] GC(6) Using 2 workers of 2 for evacuation
[2023-05-11T13:55:41.985+0000][20.317s] GC(6)   Pre Evacuate Collection Set: 1.1ms
[2023-05-11T13:55:41.988+0000][20.319s] GC(6)   Merge Heap Roots: 0.2ms
[2023-05-11T13:55:41.989+0000][20.321s] GC(6)   Evacuate Collection Set: 44.6ms
[2023-05-11T13:55:41.992+0000][20.324s] GC(6)   Post Evacuate Collection Set: 2.0ms
[2023-05-11T13:55:41.995+0000][20.327s] GC(6)   Other: 4.7ms
[2023-05-11T13:55:42.000+0000][20.332s] GC(6) Eden regions: 75->0(182)
[2023-05-11T13:55:42.002+0000][20.333s] GC(6) Survivor regions: 3->7(10)
[2023-05-11T13:55:42.005+0000][20.336s] GC(6) Old regions: 18->18
[2023-05-11T13:55:42.007+0000][20.339s] GC(6) Archive regions: 2->2
[2023-05-11T13:55:42.011+0000][20.343s] GC(6) Humongous regions: 4->4
[2023-05-11T13:55:42.013+0000][20.345s] GC(6) Metaspace: 32761K(33088K)->32761K(33088K) NonClass: 28734K(28928K)->28734K(28928K) Class: 4027K(4160K)->4027K(4160K)
[2023-05-11T13:55:42.016+0000][20.348s] GC(6) Pause Young (Normal) (G1 Evacuation Pause) 100M->29M(512M) 83.590ms
[2023-05-11T13:55:42.019+0000][20.351s] GC(6) User=0.12s Sys=0.01s Real=0.08s
[2023-05-11T13:55:43.590+0000][21.922s] GC(7) Pause Young (Concurrent Start) (Metadata GC Threshold)
[2023-05-11T13:55:43.592+0000][21.924s] GC(7) Using 2 workers of 2 for evacuation
[2023-05-11T13:55:43.611+0000][21.943s] GC(7)   Pre Evacuate Collection Set: 0.2ms
[2023-05-11T13:55:43.613+0000][21.945s] GC(7)   Merge Heap Roots: 0.0ms
[2023-05-11T13:55:43.624+0000][21.955s] GC(7)   Evacuate Collection Set: 15.1ms
[2023-05-11T13:55:43.630+0000][21.962s] GC(7)   Post Evacuate Collection Set: 1.8ms
[2023-05-11T13:55:43.633+0000][21.965s] GC(7)   Other: 3.9ms
[2023-05-11T13:55:43.640+0000][21.971s] GC(7) Eden regions: 21->0(181)
[2023-05-11T13:55:43.642+0000][21.974s] GC(7) Survivor regions: 7->8(24)
[2023-05-11T13:55:43.644+0000][21.976s] GC(7) Old regions: 18->18
[2023-05-11T13:55:43.650+0000][21.982s] GC(7) Archive regions: 2->2
[2023-05-11T13:55:43.653+0000][21.985s] GC(7) Humongous regions: 4->4
[2023-05-11T13:55:43.655+0000][21.987s] GC(7) Metaspace: 35561K(35968K)->35561K(35968K) NonClass: 31168K(31360K)->31168K(31360K) Class: 4392K(4608K)->4392K(4608K)
[2023-05-11T13:55:43.656+0000][21.988s] GC(7) Pause Young (Concurrent Start) (Metadata GC Threshold) 50M->30M(512M) 65.671ms
[2023-05-11T13:55:43.657+0000][21.989s] GC(7) User=0.03s Sys=0.00s Real=0.06s
[2023-05-11T13:55:43.659+0000][21.991s] GC(8) Concurrent Mark Cycle
[2023-05-11T13:55:43.673+0000][22.005s] GC(8) Concurrent Clear Claimed Marks
[2023-05-11T13:55:43.688+0000][22.020s] GC(8) Concurrent Clear Claimed Marks 14.770ms
[2023-05-11T13:55:43.689+0000][22.021s] GC(8) Concurrent Scan Root Regions
[2023-05-11T13:55:43.702+0000][22.034s] GC(8) Concurrent Scan Root Regions 12.349ms
[2023-05-11T13:55:43.703+0000][22.035s] GC(8) Concurrent Mark
[2023-05-11T13:55:43.704+0000][22.036s] GC(8) Concurrent Mark From Roots
[2023-05-11T13:55:43.705+0000][22.037s] GC(8) Using 1 workers of 1 for marking
[2023-05-11T13:55:43.801+0000][22.133s] GC(8) Concurrent Mark From Roots 96.524ms
[2023-05-11T13:55:43.802+0000][22.134s] GC(8) Concurrent Preclean
[2023-05-11T13:55:43.804+0000][22.136s] GC(8) Concurrent Preclean 2.063ms
[2023-05-11T13:55:43.806+0000][22.138s] GC(8) Pause Remark
[2023-05-11T13:55:43.823+0000][22.155s] GC(8) Pause Remark 33M->33M(512M) 17.241ms
[2023-05-11T13:55:43.830+0000][22.161s] GC(8) User=0.03s Sys=0.01s Real=0.03s
[2023-05-11T13:55:43.832+0000][22.164s] GC(8) Concurrent Mark 128.707ms
[2023-05-11T13:55:43.834+0000][22.166s] GC(8) Concurrent Rebuild Remembered Sets
[2023-05-11T13:55:43.860+0000][22.191s] GC(8) Concurrent Rebuild Remembered Sets 25.427ms
[2023-05-11T13:55:43.861+0000][22.193s] GC(8) Pause Cleanup
[2023-05-11T13:55:43.873+0000][22.205s] GC(8) Pause Cleanup 34M->34M(512M) 11.961ms
[2023-05-11T13:55:43.884+0000][22.216s] GC(8) User=0.00s Sys=0.00s Real=0.02s
[2023-05-11T13:55:43.889+0000][22.221s] GC(8) Concurrent Cleanup for Next Mark
[2023-05-11T13:55:43.893+0000][22.225s] GC(8) Concurrent Cleanup for Next Mark 4.508ms
[2023-05-11T13:55:43.896+0000][22.227s] GC(8) Concurrent Mark Cycle 236.466ms
[2023-05-11T13:56:02.454+0000][40.785s] GC(9) Pause Young (Concurrent Start) (G1 Evacuation Pause)
[2023-05-11T13:56:02.463+0000][40.794s] GC(9) Using 2 workers of 2 for evacuation
[2023-05-11T13:56:02.505+0000][40.837s] GC(9)   Pre Evacuate Collection Set: 0.5ms
[2023-05-11T13:56:02.507+0000][40.839s] GC(9)   Merge Heap Roots: 0.2ms
[2023-05-11T13:56:02.509+0000][40.841s] GC(9)   Evacuate Collection Set: 37.5ms
[2023-05-11T13:56:02.511+0000][40.843s] GC(9)   Post Evacuate Collection Set: 2.0ms
[2023-05-11T13:56:02.512+0000][40.844s] GC(9)   Other: 11.3ms
[2023-05-11T13:56:02.516+0000][40.848s] GC(9) Eden regions: 201->0(169)
[2023-05-11T13:56:02.520+0000][40.852s] GC(9) Survivor regions: 8->20(27)
[2023-05-11T13:56:02.522+0000][40.853s] GC(9) Old regions: 18->18
[2023-05-11T13:56:02.524+0000][40.855s] GC(9) Archive regions: 2->2
[2023-05-11T13:56:02.529+0000][40.861s] GC(9) Humongous regions: 4->4
[2023-05-11T13:56:02.530+0000][40.862s] GC(9) Metaspace: 52461K(52928K)->52461K(52928K) NonClass: 45739K(45952K)->45739K(45952K) Class: 6722K(6976K)->6722K(6976K)
[2023-05-11T13:56:02.532+0000][40.864s] GC(9) Pause Young (Concurrent Start) (G1 Evacuation Pause) 231M->42M(512M) 78.324ms
[2023-05-11T13:56:02.533+0000][40.865s] GC(9) User=0.06s Sys=0.00s Real=0.08s
[2023-05-11T13:56:02.534+0000][40.866s] GC(10) Concurrent Mark Cycle
[2023-05-11T13:56:02.543+0000][40.874s] GC(10) Concurrent Clear Claimed Marks
[2023-05-11T13:56:02.545+0000][40.877s] GC(10) Concurrent Clear Claimed Marks 2.193ms
[2023-05-11T13:56:02.546+0000][40.878s] GC(10) Concurrent Scan Root Regions
[2023-05-11T13:56:02.664+0000][40.996s] GC(10) Concurrent Scan Root Regions 118.248ms
[2023-05-11T13:56:02.667+0000][40.999s] GC(10) Concurrent Mark
[2023-05-11T13:56:02.669+0000][41.001s] GC(10) Concurrent Mark From Roots
[2023-05-11T13:56:02.675+0000][41.007s] GC(10) Using 1 workers of 1 for marking
[2023-05-11T13:56:02.734+0000][41.066s] GC(10) Concurrent Mark From Roots 64.714ms
[2023-05-11T13:56:02.736+0000][41.068s] GC(10) Concurrent Preclean
[2023-05-11T13:56:02.741+0000][41.073s] GC(10) Concurrent Preclean 4.833ms
[2023-05-11T13:56:02.743+0000][41.074s] GC(10) Pause Remark
[2023-05-11T13:56:02.758+0000][41.090s] GC(10) Pause Remark 49M->49M(512M) 15.690ms
[2023-05-11T13:56:02.760+0000][41.092s] GC(10) User=0.02s Sys=0.00s Real=0.02s
[2023-05-11T13:56:02.776+0000][41.108s] GC(10) Concurrent Mark 109.390ms
[2023-05-11T13:56:02.779+0000][41.111s] GC(10) Concurrent Rebuild Remembered Sets
[2023-05-11T13:56:02.806+0000][41.138s] GC(10) Concurrent Rebuild Remembered Sets 27.069ms
[2023-05-11T13:56:02.808+0000][41.140s] GC(10) Pause Cleanup
[2023-05-11T13:56:02.812+0000][41.144s] GC(10) Pause Cleanup 49M->49M(512M) 3.702ms
[2023-05-11T13:56:02.834+0000][41.165s] GC(10) User=0.01s Sys=0.00s Real=0.02s
[2023-05-11T13:56:02.840+0000][41.172s] GC(10) Concurrent Cleanup for Next Mark
[2023-05-11T13:56:02.845+0000][41.176s] GC(10) Concurrent Cleanup for Next Mark 4.300ms
[2023-05-11T13:56:02.847+0000][41.179s] GC(10) Concurrent Mark Cycle 312.776ms
