[2023-05-10T05:41:48.692+0000][0.018s] Using G1
[2023-05-10T05:41:49.386+0000][0.712s] Version: 17.0.7+7 (release)
[2023-05-10T05:41:49.388+0000][0.714s] CPUs: 2 total, 2 available
[2023-05-10T05:41:49.390+0000][0.716s] Memory: 3933M
[2023-05-10T05:41:49.393+0000][0.719s] Large Page Support: Disabled
[2023-05-10T05:41:49.396+0000][0.722s] NUMA Support: Disabled
[2023-05-10T05:41:49.399+0000][0.725s] Compressed Oops: Enabled (32-bit)
[2023-05-10T05:41:49.401+0000][0.727s] Heap Region Size: 1M
[2023-05-10T05:41:49.402+0000][0.728s] Heap Min Capacity: 512M
[2023-05-10T05:41:49.404+0000][0.730s] Heap Initial Capacity: 512M
[2023-05-10T05:41:49.406+0000][0.732s] Heap Max Capacity: 512M
[2023-05-10T05:41:49.409+0000][0.735s] Pre-touch: Enabled
[2023-05-10T05:41:49.413+0000][0.739s] Parallel Workers: 2
[2023-05-10T05:41:49.416+0000][0.742s] Concurrent Workers: 1
[2023-05-10T05:41:49.420+0000][0.746s] Concurrent Refinement Workers: 2
[2023-05-10T05:41:49.423+0000][0.749s] Periodic GC: Disabled
[2023-05-10T05:41:49.429+0000][0.755s] CDS archive(s) mapped at: [0x0000000800000000-0x0000000800a7b000-0x0000000800a7b000), size 10989568, SharedBaseAddress: 0x0000000800000000, ArchiveRelocationMode: 0.
[2023-05-10T05:41:49.431+0000][0.757s] Compressed class space mapped at: 0x0000000801000000-0x0000000841000000, reserved size: 1073741824
[2023-05-10T05:41:49.433+0000][0.759s] Narrow klass base: 0x0000000800000000, Narrow klass shift: 0, Narrow klass range: 0x100000000
[2023-05-10T05:41:53.818+0000][5.144s] GC(0) Pause Young (Normal) (G1 Evacuation Pause)
[2023-05-10T05:41:53.820+0000][5.146s] GC(0) Using 2 workers of 2 for evacuation
[2023-05-10T05:41:53.837+0000][5.163s] GC(0)   Pre Evacuate Collection Set: 0.6ms
[2023-05-10T05:41:53.839+0000][5.165s] GC(0)   Merge Heap Roots: 0.3ms
[2023-05-10T05:41:53.840+0000][5.166s] GC(0)   Evacuate Collection Set: 12.1ms
[2023-05-10T05:41:53.854+0000][5.180s] GC(0)   Post Evacuate Collection Set: 1.6ms
[2023-05-10T05:41:53.858+0000][5.184s] GC(0)   Other: 4.9ms
[2023-05-10T05:41:53.860+0000][5.186s] GC(0) Eden regions: 25->0(21)
[2023-05-10T05:41:53.862+0000][5.188s] GC(0) Survivor regions: 0->4(4)
[2023-05-10T05:41:53.868+0000][5.195s] GC(0) Old regions: 0->0
[2023-05-10T05:41:53.870+0000][5.196s] GC(0) Archive regions: 2->2
[2023-05-10T05:41:53.871+0000][5.197s] GC(0) Humongous regions: 0->0
[2023-05-10T05:41:53.873+0000][5.199s] GC(0) Metaspace: 8954K(9152K)->8954K(9152K) NonClass: 7861K(7936K)->7861K(7936K) Class: 1092K(1216K)->1092K(1216K)
[2023-05-10T05:41:53.875+0000][5.201s] GC(0) Pause Young (Normal) (G1 Evacuation Pause) 25M->4M(512M) 56.940ms
[2023-05-10T05:41:53.878+0000][5.204s] GC(0) User=0.02s Sys=0.00s Real=0.06s
[2023-05-10T05:41:55.549+0000][6.875s] GC(1) Pause Young (Normal) (G1 Evacuation Pause)
[2023-05-10T05:41:55.552+0000][6.878s] GC(1) Using 2 workers of 2 for evacuation
[2023-05-10T05:41:55.588+0000][6.914s] GC(1)   Pre Evacuate Collection Set: 0.4ms
[2023-05-10T05:41:55.590+0000][6.916s] GC(1)   Merge Heap Roots: 0.4ms
[2023-05-10T05:41:55.593+0000][6.919s] GC(1)   Evacuate Collection Set: 29.3ms
[2023-05-10T05:41:55.597+0000][6.923s] GC(1)   Post Evacuate Collection Set: 1.6ms
[2023-05-10T05:41:55.599+0000][6.925s] GC(1)   Other: 7.4ms
[2023-05-10T05:41:55.601+0000][6.927s] GC(1) Eden regions: 21->0(21)
[2023-05-10T05:41:55.603+0000][6.929s] GC(1) Survivor regions: 4->4(4)
[2023-05-10T05:41:55.605+0000][6.931s] GC(1) Old regions: 0->9
[2023-05-10T05:41:55.607+0000][6.933s] GC(1) Archive regions: 2->2
[2023-05-10T05:41:55.610+0000][6.936s] GC(1) Humongous regions: 4->4
[2023-05-10T05:41:55.612+0000][6.938s] GC(1) Metaspace: 14757K(15040K)->14757K(15040K) NonClass: 12942K(13056K)->12942K(13056K) Class: 1814K(1984K)->1814K(1984K)
[2023-05-10T05:41:55.614+0000][6.940s] GC(1) Pause Young (Normal) (G1 Evacuation Pause) 29M->17M(512M) 65.059ms
[2023-05-10T05:41:55.616+0000][6.942s] GC(1) User=0.10s Sys=0.00s Real=0.07s
[2023-05-10T05:41:56.722+0000][8.048s] GC(2) Pause Young (Normal) (G1 Evacuation Pause)
[2023-05-10T05:41:56.723+0000][8.049s] GC(2) Using 2 workers of 2 for evacuation
[2023-05-10T05:41:56.736+0000][8.062s] GC(2)   Pre Evacuate Collection Set: 0.5ms
[2023-05-10T05:41:56.738+0000][8.064s] GC(2)   Merge Heap Roots: 0.2ms
[2023-05-10T05:41:56.739+0000][8.065s] GC(2)   Evacuate Collection Set: 8.0ms
[2023-05-10T05:41:56.741+0000][8.067s] GC(2)   Post Evacuate Collection Set: 1.0ms
[2023-05-10T05:41:56.742+0000][8.068s] GC(2)   Other: 4.8ms
[2023-05-10T05:41:56.744+0000][8.070s] GC(2) Eden regions: 21->0(32)
[2023-05-10T05:41:56.745+0000][8.071s] GC(2) Survivor regions: 4->2(4)
[2023-05-10T05:41:56.747+0000][8.073s] GC(2) Old regions: 9->13
[2023-05-10T05:41:56.748+0000][8.074s] GC(2) Archive regions: 2->2
[2023-05-10T05:41:56.750+0000][8.076s] GC(2) Humongous regions: 4->4
[2023-05-10T05:41:56.752+0000][8.078s] GC(2) Metaspace: 17585K(17856K)->17585K(17856K) NonClass: 15428K(15552K)->15428K(15552K) Class: 2157K(2304K)->2157K(2304K)
[2023-05-10T05:41:56.753+0000][8.079s] GC(2) Pause Young (Normal) (G1 Evacuation Pause) 38M->19M(512M) 31.256ms
[2023-05-10T05:41:56.755+0000][8.081s] GC(2) User=0.02s Sys=0.00s Real=0.03s
[2023-05-10T05:41:57.184+0000][8.510s] GC(3) Pause Young (Normal) (G1 Evacuation Pause)
[2023-05-10T05:41:57.185+0000][8.511s] GC(3) Using 2 workers of 2 for evacuation
[2023-05-10T05:41:57.197+0000][8.523s] GC(3)   Pre Evacuate Collection Set: 0.5ms
[2023-05-10T05:41:57.198+0000][8.524s] GC(3)   Merge Heap Roots: 0.2ms
[2023-05-10T05:41:57.199+0000][8.525s] GC(3)   Evacuate Collection Set: 8.1ms
[2023-05-10T05:41:57.200+0000][8.526s] GC(3)   Post Evacuate Collection Set: 1.1ms
[2023-05-10T05:41:57.202+0000][8.528s] GC(3)   Other: 2.7ms
[2023-05-10T05:41:57.203+0000][8.529s] GC(3) Eden regions: 32->0(44)
[2023-05-10T05:41:57.205+0000][8.531s] GC(3) Survivor regions: 2->5(5)
[2023-05-10T05:41:57.207+0000][8.533s] GC(3) Old regions: 13->13
[2023-05-10T05:41:57.208+0000][8.534s] GC(3) Archive regions: 2->2
[2023-05-10T05:41:57.210+0000][8.536s] GC(3) Humongous regions: 4->4
[2023-05-10T05:41:57.212+0000][8.538s] GC(3) Metaspace: 17848K(18112K)->17848K(18112K) NonClass: 15672K(15808K)->15672K(15808K) Class: 2175K(2304K)->2175K(2304K)
[2023-05-10T05:41:57.214+0000][8.540s] GC(3) Pause Young (Normal) (G1 Evacuation Pause) 51M->22M(512M) 30.172ms
[2023-05-10T05:41:57.216+0000][8.542s] GC(3) User=0.01s Sys=0.00s Real=0.03s
[2023-05-10T05:41:58.965+0000][10.291s] GC(4) Pause Young (Concurrent Start) (Metadata GC Threshold)
[2023-05-10T05:41:58.967+0000][10.293s] GC(4) Using 2 workers of 2 for evacuation
[2023-05-10T05:41:58.982+0000][10.308s] GC(4)   Pre Evacuate Collection Set: 0.4ms
[2023-05-10T05:41:58.984+0000][10.310s] GC(4)   Merge Heap Roots: 0.3ms
[2023-05-10T05:41:58.985+0000][10.311s] GC(4)   Evacuate Collection Set: 10.3ms
[2023-05-10T05:41:58.987+0000][10.313s] GC(4)   Post Evacuate Collection Set: 1.4ms
[2023-05-10T05:41:58.989+0000][10.315s] GC(4)   Other: 4.2ms
[2023-05-10T05:41:58.991+0000][10.317s] GC(4) Eden regions: 21->0(63)
[2023-05-10T05:41:58.993+0000][10.319s] GC(4) Survivor regions: 5->6(7)
[2023-05-10T05:41:58.995+0000][10.321s] GC(4) Old regions: 13->15
[2023-05-10T05:41:58.997+0000][10.323s] GC(4) Archive regions: 2->2
[2023-05-10T05:41:58.999+0000][10.325s] GC(4) Humongous regions: 5->4
[2023-05-10T05:41:59.001+0000][10.327s] GC(4) Metaspace: 21156K(21504K)->21156K(21504K) NonClass: 18594K(18752K)->18594K(18752K) Class: 2561K(2752K)->2561K(2752K)
[2023-05-10T05:41:59.002+0000][10.329s] GC(4) Pause Young (Concurrent Start) (Metadata GC Threshold) 44M->25M(512M) 37.367ms
[2023-05-10T05:41:59.004+0000][10.330s] GC(4) User=0.02s Sys=0.00s Real=0.04s
[2023-05-10T05:41:59.006+0000][10.332s] GC(5) Concurrent Mark Cycle
[2023-05-10T05:41:59.009+0000][10.335s] GC(5) Concurrent Clear Claimed Marks
[2023-05-10T05:41:59.014+0000][10.340s] GC(5) Concurrent Clear Claimed Marks 5.029ms
[2023-05-10T05:41:59.016+0000][10.343s] GC(5) Concurrent Scan Root Regions
[2023-05-10T05:41:59.022+0000][10.348s] GC(5) Concurrent Scan Root Regions 5.615ms
[2023-05-10T05:41:59.025+0000][10.351s] GC(5) Concurrent Mark
[2023-05-10T05:41:59.027+0000][10.353s] GC(5) Concurrent Mark From Roots
[2023-05-10T05:41:59.032+0000][10.358s] GC(5) Using 1 workers of 1 for marking
[2023-05-10T05:41:59.098+0000][10.424s] GC(5) Concurrent Mark From Roots 71.075ms
[2023-05-10T05:41:59.100+0000][10.426s] GC(5) Concurrent Preclean
[2023-05-10T05:41:59.109+0000][10.435s] GC(5) Concurrent Preclean 9.393ms
[2023-05-10T05:41:59.113+0000][10.439s] GC(5) Pause Remark
[2023-05-10T05:41:59.132+0000][10.458s] GC(5) Pause Remark 26M->26M(512M) 18.328ms
[2023-05-10T05:41:59.138+0000][10.464s] GC(5) User=0.02s Sys=0.00s Real=0.02s
[2023-05-10T05:41:59.140+0000][10.466s] GC(5) Concurrent Mark 115.434ms
[2023-05-10T05:41:59.142+0000][10.468s] GC(5) Concurrent Rebuild Remembered Sets
[2023-05-10T05:41:59.174+0000][10.500s] GC(5) Concurrent Rebuild Remembered Sets 32.618ms
[2023-05-10T05:41:59.179+0000][10.505s] GC(5) Pause Cleanup
[2023-05-10T05:41:59.182+0000][10.508s] GC(5) Pause Cleanup 26M->26M(512M) 3.177ms
[2023-05-10T05:41:59.185+0000][10.511s] GC(5) User=0.00s Sys=0.00s Real=0.01s
[2023-05-10T05:41:59.188+0000][10.514s] GC(5) Concurrent Cleanup for Next Mark
[2023-05-10T05:41:59.191+0000][10.517s] GC(5) Concurrent Cleanup for Next Mark 3.370ms
[2023-05-10T05:41:59.195+0000][10.521s] GC(5) Concurrent Mark Cycle 188.761ms
[2023-05-10T05:42:02.244+0000][13.570s] GC(6) Pause Young (Prepare Mixed) (G1 Evacuation Pause)
[2023-05-10T05:42:02.246+0000][13.572s] GC(6) Using 2 workers of 2 for evacuation
[2023-05-10T05:42:02.265+0000][13.591s] GC(6)   Pre Evacuate Collection Set: 0.5ms
[2023-05-10T05:42:02.267+0000][13.593s] GC(6)   Merge Heap Roots: 0.6ms
[2023-05-10T05:42:02.269+0000][13.595s] GC(6)   Evacuate Collection Set: 14.6ms
[2023-05-10T05:42:02.272+0000][13.598s] GC(6)   Post Evacuate Collection Set: 2.4ms
[2023-05-10T05:42:02.274+0000][13.600s] GC(6)   Other: 2.9ms
[2023-05-10T05:42:02.275+0000][13.602s] GC(6) Eden regions: 63->0(20)
[2023-05-10T05:42:02.277+0000][13.603s] GC(6) Survivor regions: 6->5(9)
[2023-05-10T05:42:02.279+0000][13.605s] GC(6) Old regions: 15->18
[2023-05-10T05:42:02.280+0000][13.606s] GC(6) Archive regions: 2->2
[2023-05-10T05:42:02.282+0000][13.608s] GC(6) Humongous regions: 4->4
[2023-05-10T05:42:02.284+0000][13.610s] GC(6) Metaspace: 30470K(30848K)->30470K(30848K) NonClass: 26749K(26944K)->26749K(26944K) Class: 3720K(3904K)->3720K(3904K)
[2023-05-10T05:42:02.288+0000][13.614s] GC(6) Pause Young (Prepare Mixed) (G1 Evacuation Pause) 88M->27M(512M) 43.416ms
[2023-05-10T05:42:02.289+0000][13.616s] GC(6) User=0.02s Sys=0.00s Real=0.04s
[2023-05-10T05:42:03.788+0000][15.114s] GC(7) Pause Young (Mixed) (G1 Evacuation Pause)
[2023-05-10T05:42:03.791+0000][15.117s] GC(7) Using 2 workers of 2 for evacuation
[2023-05-10T05:42:03.810+0000][15.136s] GC(7)   Pre Evacuate Collection Set: 0.4ms
[2023-05-10T05:42:03.812+0000][15.138s] GC(7)   Merge Heap Roots: 0.5ms
[2023-05-10T05:42:03.813+0000][15.139s] GC(7)   Evacuate Collection Set: 14.8ms
[2023-05-10T05:42:03.815+0000][15.141s] GC(7)   Post Evacuate Collection Set: 1.5ms
[2023-05-10T05:42:03.816+0000][15.142s] GC(7)   Other: 5.5ms
[2023-05-10T05:42:03.818+0000][15.144s] GC(7) Eden regions: 20->0(284)
[2023-05-10T05:42:03.819+0000][15.145s] GC(7) Survivor regions: 5->3(4)
[2023-05-10T05:42:03.820+0000][15.146s] GC(7) Old regions: 18->22
[2023-05-10T05:42:03.822+0000][15.148s] GC(7) Archive regions: 2->2
[2023-05-10T05:42:03.824+0000][15.150s] GC(7) Humongous regions: 4->4
[2023-05-10T05:42:03.825+0000][15.151s] GC(7) Metaspace: 34089K(34496K)->34089K(34496K) NonClass: 29882K(30080K)->29882K(30080K) Class: 4207K(4416K)->4207K(4416K)
[2023-05-10T05:42:03.827+0000][15.153s] GC(7) Pause Young (Mixed) (G1 Evacuation Pause) 47M->29M(512M) 39.145ms
[2023-05-10T05:42:03.828+0000][15.154s] GC(7) User=0.03s Sys=0.01s Real=0.04s
[2023-05-10T05:42:04.563+0000][15.889s] GC(8) Pause Young (Concurrent Start) (Metadata GC Threshold)
[2023-05-10T05:42:04.566+0000][15.892s] GC(8) Using 2 workers of 2 for evacuation
[2023-05-10T05:42:04.578+0000][15.904s] GC(8)   Pre Evacuate Collection Set: 0.4ms
[2023-05-10T05:42:04.580+0000][15.906s] GC(8)   Merge Heap Roots: 0.1ms
[2023-05-10T05:42:04.583+0000][15.909s] GC(8)   Evacuate Collection Set: 8.4ms
[2023-05-10T05:42:04.586+0000][15.912s] GC(8)   Post Evacuate Collection Set: 1.1ms
[2023-05-10T05:42:04.588+0000][15.914s] GC(8)   Other: 5.0ms
[2023-05-10T05:42:04.590+0000][15.916s] GC(8) Eden regions: 13->0(303)
[2023-05-10T05:42:04.592+0000][15.919s] GC(8) Survivor regions: 3->4(36)
[2023-05-10T05:42:04.594+0000][15.920s] GC(8) Old regions: 22->22
[2023-05-10T05:42:04.595+0000][15.921s] GC(8) Archive regions: 2->2
[2023-05-10T05:42:04.597+0000][15.923s] GC(8) Humongous regions: 4->4
[2023-05-10T05:42:04.600+0000][15.926s] GC(8) Metaspace: 35733K(36096K)->35733K(36096K) NonClass: 31325K(31488K)->31325K(31488K) Class: 4408K(4608K)->4408K(4608K)
[2023-05-10T05:42:04.601+0000][15.927s] GC(8) Pause Young (Concurrent Start) (Metadata GC Threshold) 42M->30M(512M) 37.859ms
[2023-05-10T05:42:04.603+0000][15.929s] GC(8) User=0.02s Sys=0.00s Real=0.04s
[2023-05-10T05:42:04.604+0000][15.930s] GC(9) Concurrent Mark Cycle
[2023-05-10T05:42:04.609+0000][15.935s] GC(9) Concurrent Clear Claimed Marks
[2023-05-10T05:42:04.611+0000][15.937s] GC(9) Concurrent Clear Claimed Marks 1.882ms
[2023-05-10T05:42:04.612+0000][15.938s] GC(9) Concurrent Scan Root Regions
[2023-05-10T05:42:04.622+0000][15.948s] GC(9) Concurrent Scan Root Regions 10.334ms
[2023-05-10T05:42:04.626+0000][15.952s] GC(9) Concurrent Mark
[2023-05-10T05:42:04.628+0000][15.954s] GC(9) Concurrent Mark From Roots
[2023-05-10T05:42:04.630+0000][15.956s] GC(9) Using 1 workers of 1 for marking
[2023-05-10T05:42:04.738+0000][16.064s] GC(9) Concurrent Mark From Roots 110.155ms
[2023-05-10T05:42:04.740+0000][16.066s] GC(9) Concurrent Preclean
[2023-05-10T05:42:04.742+0000][16.068s] GC(9) Concurrent Preclean 1.958ms
[2023-05-10T05:42:04.744+0000][16.070s] GC(9) Pause Remark
[2023-05-10T05:42:04.755+0000][16.081s] GC(9) Pause Remark 33M->33M(512M) 11.069ms
[2023-05-10T05:42:04.757+0000][16.083s] GC(9) User=0.02s Sys=0.00s Real=0.01s
[2023-05-10T05:42:04.760+0000][16.086s] GC(9) Concurrent Mark 133.384ms
[2023-05-10T05:42:04.762+0000][16.088s] GC(9) Concurrent Rebuild Remembered Sets
[2023-05-10T05:42:04.837+0000][16.163s] GC(9) Concurrent Rebuild Remembered Sets 75.307ms
[2023-05-10T05:42:04.840+0000][16.166s] GC(9) Pause Cleanup
[2023-05-10T05:42:04.841+0000][16.167s] GC(9) Pause Cleanup 34M->34M(512M) 1.852ms
[2023-05-10T05:42:04.843+0000][16.169s] GC(9) User=0.00s Sys=0.00s Real=0.01s
[2023-05-10T05:42:04.845+0000][16.171s] GC(9) Concurrent Cleanup for Next Mark
[2023-05-10T05:42:04.859+0000][16.185s] GC(9) Concurrent Cleanup for Next Mark 13.490ms
[2023-05-10T05:42:04.860+0000][16.186s] GC(9) Concurrent Mark Cycle 255.564ms
[2023-05-10T05:44:38.307+0000][169.638s] GC(10) Pause Young (Prepare Mixed) (G1 Evacuation Pause)
[2023-05-10T05:44:38.309+0000][169.639s] GC(10) Using 2 workers of 2 for evacuation
[2023-05-10T05:44:38.378+0000][169.708s] GC(10)   Pre Evacuate Collection Set: 0.8ms
[2023-05-10T05:44:38.379+0000][169.710s] GC(10)   Merge Heap Roots: 1.1ms
[2023-05-10T05:44:38.380+0000][169.711s] GC(10)   Evacuate Collection Set: 61.0ms
[2023-05-10T05:44:38.382+0000][169.713s] GC(10)   Post Evacuate Collection Set: 4.4ms
[2023-05-10T05:44:38.385+0000][169.716s] GC(10)   Other: 3.2ms
[2023-05-10T05:44:38.387+0000][169.718s] GC(10) Eden regions: 303->0(8)
[2023-05-10T05:44:38.389+0000][169.720s] GC(10) Survivor regions: 4->17(39)
[2023-05-10T05:44:38.391+0000][169.722s] GC(10) Old regions: 22->22
[2023-05-10T05:44:38.393+0000][169.724s] GC(10) Archive regions: 2->2
[2023-05-10T05:44:38.395+0000][169.726s] GC(10) Humongous regions: 4->4
[2023-05-10T05:44:38.397+0000][169.728s] GC(10) Metaspace: 54004K(54464K)->54004K(54464K) NonClass: 47190K(47424K)->47190K(47424K) Class: 6813K(7040K)->6813K(7040K)
[2023-05-10T05:44:38.399+0000][169.730s] GC(10) Pause Young (Prepare Mixed) (G1 Evacuation Pause) 333M->43M(512M) 91.987ms
[2023-05-10T05:44:38.402+0000][169.733s] GC(10) User=0.13s Sys=0.01s Real=0.09s
[2023-05-10T05:44:39.074+0000][170.405s] GC(11) Pause Young (Mixed) (G1 Evacuation Pause)
[2023-05-10T05:44:39.076+0000][170.407s] GC(11) Using 2 workers of 2 for evacuation
[2023-05-10T05:44:39.112+0000][170.442s] GC(11)   Pre Evacuate Collection Set: 0.8ms
[2023-05-10T05:44:39.113+0000][170.444s] GC(11)   Merge Heap Roots: 0.3ms
[2023-05-10T05:44:39.115+0000][170.445s] GC(11)   Evacuate Collection Set: 28.8ms
[2023-05-10T05:44:39.117+0000][170.448s] GC(11)   Post Evacuate Collection Set: 1.7ms
[2023-05-10T05:44:39.120+0000][170.450s] GC(11)   Other: 5.5ms
[2023-05-10T05:44:39.121+0000][170.451s] GC(11) Eden regions: 8->0(306)
[2023-05-10T05:44:39.122+0000][170.453s] GC(11) Survivor regions: 17->1(4)
[2023-05-10T05:44:39.124+0000][170.454s] GC(11) Old regions: 22->38
[2023-05-10T05:44:39.125+0000][170.456s] GC(11) Archive regions: 2->2
[2023-05-10T05:44:39.127+0000][170.458s] GC(11) Humongous regions: 4->4
[2023-05-10T05:44:39.129+0000][170.459s] GC(11) Metaspace: 54074K(54592K)->54074K(54592K) NonClass: 47261K(47552K)->47261K(47552K) Class: 6813K(7040K)->6813K(7040K)
[2023-05-10T05:44:39.130+0000][170.461s] GC(11) Pause Young (Mixed) (G1 Evacuation Pause) 51M->43M(512M) 55.843ms
[2023-05-10T05:44:39.132+0000][170.462s] GC(11) User=0.06s Sys=0.01s Real=0.06s
[2023-05-10T05:45:07.156+0000][198.487s] Heap
[2023-05-10T05:45:07.157+0000][198.489s]  garbage-first heap   total 524288K, used 192930K [0x00000000e0000000, 0x0000000100000000)
[2023-05-10T05:45:07.159+0000][198.491s]   region size 1024K, 146 young (149504K), 1 survivors (1024K)
[2023-05-10T05:45:07.161+0000][198.493s]  Metaspace       used 56999K, committed 57536K, reserved 1114112K
[2023-05-10T05:45:07.163+0000][198.495s]   class space    used 7118K, committed 7360K, reserved 1048576K
