[2023-05-11T07:19:18.053+0000][0.152s] Using G1
[2023-05-11T07:19:18.781+0000][0.879s] Version: 17.0.7+7 (release)
[2023-05-11T07:19:18.791+0000][0.889s] CPUs: 2 total, 2 available
[2023-05-11T07:19:18.792+0000][0.891s] Memory: 3933M
[2023-05-11T07:19:18.800+0000][0.899s] Large Page Support: Disabled
[2023-05-11T07:19:18.819+0000][0.918s] NUMA Support: Disabled
[2023-05-11T07:19:18.820+0000][0.919s] Compressed Oops: Enabled (32-bit)
[2023-05-11T07:19:18.835+0000][0.933s] Heap Region Size: 1M
[2023-05-11T07:19:18.836+0000][0.935s] Heap Min Capacity: 512M
[2023-05-11T07:19:18.866+0000][0.965s] Heap Initial Capacity: 512M
[2023-05-11T07:19:18.875+0000][0.974s] Heap Max Capacity: 512M
[2023-05-11T07:19:18.890+0000][0.989s] Pre-touch: Enabled
[2023-05-11T07:19:18.904+0000][1.003s] Parallel Workers: 2
[2023-05-11T07:19:18.909+0000][1.008s] Concurrent Workers: 1
[2023-05-11T07:19:18.935+0000][1.034s] Concurrent Refinement Workers: 2
[2023-05-11T07:19:18.955+0000][1.054s] Periodic GC: Disabled
[2023-05-11T07:19:18.960+0000][1.059s] CDS archive(s) mapped at: [0x0000000800000000-0x0000000800a7b000-0x0000000800a7b000), size 10989568, SharedBaseAddress: 0x0000000800000000, ArchiveRelocationMode: 0.
[2023-05-11T07:19:18.976+0000][1.075s] Compressed class space mapped at: 0x0000000801000000-0x0000000841000000, reserved size: 1073741824
[2023-05-11T07:19:18.982+0000][1.081s] Narrow klass base: 0x0000000800000000, Narrow klass shift: 0, Narrow klass range: 0x100000000
[2023-05-11T07:19:25.371+0000][7.467s] GC(0) Pause Young (Normal) (G1 Evacuation Pause)
[2023-05-11T07:19:25.383+0000][7.479s] GC(0) Using 2 workers of 2 for evacuation
[2023-05-11T07:19:25.401+0000][7.497s] GC(0)   Pre Evacuate Collection Set: 0.1ms
[2023-05-11T07:19:25.422+0000][7.518s] GC(0)   Merge Heap Roots: 0.1ms
[2023-05-11T07:19:25.426+0000][7.522s] GC(0)   Evacuate Collection Set: 15.2ms
[2023-05-11T07:19:25.428+0000][7.524s] GC(0)   Post Evacuate Collection Set: 1.0ms
[2023-05-11T07:19:25.438+0000][7.534s] GC(0)   Other: 13.9ms
[2023-05-11T07:19:25.441+0000][7.537s] GC(0) Eden regions: 25->0(21)
[2023-05-11T07:19:25.454+0000][7.550s] GC(0) Survivor regions: 0->4(4)
[2023-05-11T07:19:25.475+0000][7.571s] GC(0) Old regions: 0->0
[2023-05-11T07:19:25.538+0000][7.634s] GC(0) Archive regions: 2->2
[2023-05-11T07:19:25.539+0000][7.635s] GC(0) Humongous regions: 0->0
[2023-05-11T07:19:25.540+0000][7.636s] GC(0) Metaspace: 9236K(9472K)->9236K(9472K) NonClass: 8104K(8256K)->8104K(8256K) Class: 1132K(1216K)->1132K(1216K)
[2023-05-11T07:19:25.542+0000][7.638s] GC(0) Pause Young (Normal) (G1 Evacuation Pause) 25M->4M(512M) 170.905ms
[2023-05-11T07:19:25.544+0000][7.640s] GC(0) User=0.04s Sys=0.00s Real=0.17s
[2023-05-11T07:19:28.177+0000][10.273s] GC(1) Pause Young (Normal) (G1 Evacuation Pause)
[2023-05-11T07:19:28.180+0000][10.276s] GC(1) Using 2 workers of 2 for evacuation
[2023-05-11T07:19:28.338+0000][10.434s] GC(1)   Pre Evacuate Collection Set: 0.2ms
[2023-05-11T07:19:28.341+0000][10.437s] GC(1)   Merge Heap Roots: 0.1ms
[2023-05-11T07:19:28.342+0000][10.438s] GC(1)   Evacuate Collection Set: 152.9ms
[2023-05-11T07:19:28.344+0000][10.440s] GC(1)   Post Evacuate Collection Set: 1.8ms
[2023-05-11T07:19:28.364+0000][10.460s] GC(1)   Other: 5.7ms
[2023-05-11T07:19:28.377+0000][10.473s] GC(1) Eden regions: 21->0(21)
[2023-05-11T07:19:28.379+0000][10.475s] GC(1) Survivor regions: 4->4(4)
[2023-05-11T07:19:28.381+0000][10.477s] GC(1) Old regions: 0->9
[2023-05-11T07:19:28.383+0000][10.479s] GC(1) Archive regions: 2->2
[2023-05-11T07:19:28.384+0000][10.480s] GC(1) Humongous regions: 4->4
[2023-05-11T07:19:28.385+0000][10.481s] GC(1) Metaspace: 14927K(15168K)->14927K(15168K) NonClass: 13096K(13184K)->13096K(13184K) Class: 1830K(1984K)->1830K(1984K)
[2023-05-11T07:19:28.386+0000][10.482s] GC(1) Pause Young (Normal) (G1 Evacuation Pause) 29M->17M(512M) 209.326ms
[2023-05-11T07:19:28.388+0000][10.484s] GC(1) User=0.32s Sys=0.01s Real=0.22s
[2023-05-11T07:19:30.761+0000][12.857s] GC(2) Pause Young (Normal) (G1 Evacuation Pause)
[2023-05-11T07:19:30.779+0000][12.875s] GC(2) Using 2 workers of 2 for evacuation
[2023-05-11T07:19:30.834+0000][12.930s] GC(2)   Pre Evacuate Collection Set: 0.3ms
[2023-05-11T07:19:30.837+0000][12.933s] GC(2)   Merge Heap Roots: 0.1ms
[2023-05-11T07:19:30.840+0000][12.936s] GC(2)   Evacuate Collection Set: 38.1ms
[2023-05-11T07:19:30.844+0000][12.940s] GC(2)   Post Evacuate Collection Set: 0.9ms
[2023-05-11T07:19:30.856+0000][12.952s] GC(2)   Other: 33.4ms
[2023-05-11T07:19:30.858+0000][12.954s] GC(2) Eden regions: 21->0(34)
[2023-05-11T07:19:30.880+0000][12.976s] GC(2) Survivor regions: 4->2(4)
[2023-05-11T07:19:30.887+0000][12.983s] GC(2) Old regions: 9->13
[2023-05-11T07:19:30.893+0000][12.989s] GC(2) Archive regions: 2->2
[2023-05-11T07:19:30.895+0000][12.991s] GC(2) Humongous regions: 4->4
[2023-05-11T07:19:30.908+0000][13.004s] GC(2) Metaspace: 17648K(17920K)->17648K(17920K) NonClass: 15488K(15616K)->15488K(15616K) Class: 2160K(2304K)->2160K(2304K)
[2023-05-11T07:19:30.920+0000][13.016s] GC(2) Pause Young (Normal) (G1 Evacuation Pause) 38M->19M(512M) 158.780ms
[2023-05-11T07:19:30.921+0000][13.017s] GC(2) User=0.13s Sys=0.03s Real=0.16s
[2023-05-11T07:19:31.910+0000][14.006s] GC(3) Pause Young (Normal) (G1 Evacuation Pause)
[2023-05-11T07:19:31.916+0000][14.012s] GC(3) Using 2 workers of 2 for evacuation
[2023-05-11T07:19:31.937+0000][14.033s] GC(3)   Pre Evacuate Collection Set: 0.3ms
[2023-05-11T07:19:31.939+0000][14.035s] GC(3)   Merge Heap Roots: 0.1ms
[2023-05-11T07:19:31.941+0000][14.037s] GC(3)   Evacuate Collection Set: 18.4ms
[2023-05-11T07:19:31.943+0000][14.039s] GC(3)   Post Evacuate Collection Set: 0.6ms
[2023-05-11T07:19:31.966+0000][14.062s] GC(3)   Other: 7.9ms
[2023-05-11T07:19:31.987+0000][14.083s] GC(3) Eden regions: 34->0(40)
[2023-05-11T07:19:31.990+0000][14.085s] GC(3) Survivor regions: 2->5(5)
[2023-05-11T07:19:32.004+0000][14.100s] GC(3) Old regions: 13->14
[2023-05-11T07:19:32.016+0000][14.112s] GC(3) Archive regions: 2->2
[2023-05-11T07:19:32.037+0000][14.133s] GC(3) Humongous regions: 4->4
[2023-05-11T07:19:32.039+0000][14.135s] GC(3) Metaspace: 18150K(18432K)->18150K(18432K) NonClass: 15934K(16064K)->15934K(16064K) Class: 2216K(2368K)->2216K(2368K)
[2023-05-11T07:19:32.041+0000][14.137s] GC(3) Pause Young (Normal) (G1 Evacuation Pause) 53M->23M(512M) 130.680ms
[2023-05-11T07:19:32.043+0000][14.139s] GC(3) User=0.03s Sys=0.00s Real=0.14s
[2023-05-11T07:19:34.645+0000][16.741s] GC(4) Pause Young (Concurrent Start) (Metadata GC Threshold)
[2023-05-11T07:19:34.646+0000][16.742s] GC(4) Using 2 workers of 2 for evacuation
[2023-05-11T07:19:34.663+0000][16.759s] GC(4)   Pre Evacuate Collection Set: 0.6ms
[2023-05-11T07:19:34.675+0000][16.771s] GC(4)   Merge Heap Roots: 0.1ms
[2023-05-11T07:19:34.690+0000][16.786s] GC(4)   Evacuate Collection Set: 10.1ms
[2023-05-11T07:19:34.691+0000][16.787s] GC(4)   Post Evacuate Collection Set: 0.8ms
[2023-05-11T07:19:34.693+0000][16.789s] GC(4)   Other: 6.4ms
[2023-05-11T07:19:34.725+0000][16.821s] GC(4) Eden regions: 19->0(68)
[2023-05-11T07:19:34.742+0000][16.838s] GC(4) Survivor regions: 5->2(6)
[2023-05-11T07:19:34.784+0000][16.880s] GC(4) Old regions: 14->19
[2023-05-11T07:19:34.790+0000][16.886s] GC(4) Archive regions: 2->2
[2023-05-11T07:19:34.794+0000][16.890s] GC(4) Humongous regions: 5->4
[2023-05-11T07:19:34.829+0000][16.925s] GC(4) Metaspace: 21180K(21504K)->21180K(21504K) NonClass: 18606K(18752K)->18606K(18752K) Class: 2573K(2752K)->2573K(2752K)
[2023-05-11T07:19:34.845+0000][16.941s] GC(4) Pause Young (Concurrent Start) (Metadata GC Threshold) 42M->25M(512M) 199.471ms
[2023-05-11T07:19:34.846+0000][16.942s] GC(4) User=0.04s Sys=0.00s Real=0.20s
[2023-05-11T07:19:34.858+0000][16.954s] GC(5) Concurrent Mark Cycle
[2023-05-11T07:19:34.887+0000][16.983s] GC(5) Concurrent Clear Claimed Marks
[2023-05-11T07:19:34.894+0000][16.990s] GC(5) Concurrent Clear Claimed Marks 6.392ms
[2023-05-11T07:19:34.919+0000][17.015s] GC(5) Concurrent Scan Root Regions
[2023-05-11T07:19:34.932+0000][17.028s] GC(5) Concurrent Scan Root Regions 12.594ms
[2023-05-11T07:19:34.956+0000][17.052s] GC(5) Concurrent Mark
[2023-05-11T07:19:34.958+0000][17.054s] GC(5) Concurrent Mark From Roots
[2023-05-11T07:19:35.007+0000][17.103s] GC(5) Using 1 workers of 1 for marking
[2023-05-11T07:19:35.130+0000][17.226s] GC(5) Concurrent Mark From Roots 172.307ms
[2023-05-11T07:19:35.138+0000][17.234s] GC(5) Concurrent Preclean
[2023-05-11T07:19:35.143+0000][17.239s] GC(5) Concurrent Preclean 5.015ms
[2023-05-11T07:19:35.146+0000][17.242s] GC(5) Pause Remark
[2023-05-11T07:19:35.211+0000][17.307s] GC(5) Pause Remark 27M->27M(512M) 64.127ms
[2023-05-11T07:19:35.218+0000][17.314s] GC(5) User=0.02s Sys=0.00s Real=0.08s
[2023-05-11T07:19:35.238+0000][17.334s] GC(5) Concurrent Mark 281.871ms
[2023-05-11T07:19:35.242+0000][17.338s] GC(5) Concurrent Rebuild Remembered Sets
[2023-05-11T07:19:35.302+0000][17.398s] GC(5) Concurrent Rebuild Remembered Sets 60.722ms
[2023-05-11T07:19:35.309+0000][17.405s] GC(5) Pause Cleanup
[2023-05-11T07:19:35.343+0000][17.439s] GC(5) Pause Cleanup 27M->27M(512M) 33.342ms
[2023-05-11T07:19:35.345+0000][17.441s] GC(5) User=0.00s Sys=0.00s Real=0.03s
[2023-05-11T07:19:35.349+0000][17.445s] GC(5) Concurrent Cleanup for Next Mark
[2023-05-11T07:19:35.361+0000][17.457s] GC(5) Concurrent Cleanup for Next Mark 11.876ms
[2023-05-11T07:19:35.387+0000][17.482s] GC(5) Concurrent Mark Cycle 528.305ms
[2023-05-11T07:19:41.938+0000][24.034s] GC(6) Pause Young (Normal) (G1 Evacuation Pause)
[2023-05-11T07:19:41.942+0000][24.037s] GC(6) Using 2 workers of 2 for evacuation
[2023-05-11T07:19:41.991+0000][24.087s] GC(6)   Pre Evacuate Collection Set: 0.4ms
[2023-05-11T07:19:41.993+0000][24.089s] GC(6)   Merge Heap Roots: 0.4ms
[2023-05-11T07:19:41.995+0000][24.091s] GC(6)   Evacuate Collection Set: 33.4ms
[2023-05-11T07:19:41.997+0000][24.093s] GC(6)   Post Evacuate Collection Set: 3.3ms
[2023-05-11T07:19:42.005+0000][24.101s] GC(6)   Other: 15.6ms
[2023-05-11T07:19:42.007+0000][24.103s] GC(6) Eden regions: 74->0(165)
[2023-05-11T07:19:42.009+0000][24.105s] GC(6) Survivor regions: 2->6(10)
[2023-05-11T07:19:42.010+0000][24.106s] GC(6) Old regions: 19->19
[2023-05-11T07:19:42.013+0000][24.109s] GC(6) Archive regions: 2->2
[2023-05-11T07:19:42.026+0000][24.122s] GC(6) Humongous regions: 4->4
[2023-05-11T07:19:42.029+0000][24.125s] GC(6) Metaspace: 32794K(33152K)->32794K(33152K) NonClass: 28766K(28992K)->28766K(28992K) Class: 4027K(4160K)->4027K(4160K)
[2023-05-11T07:19:42.033+0000][24.129s] GC(6) Pause Young (Normal) (G1 Evacuation Pause) 99M->29M(512M) 95.352ms
[2023-05-11T07:19:42.036+0000][24.132s] GC(6) User=0.07s Sys=0.00s Real=0.09s
[2023-05-11T07:19:43.932+0000][26.028s] GC(7) Pause Young (Concurrent Start) (Metadata GC Threshold)
[2023-05-11T07:19:43.935+0000][26.031s] GC(7) Using 2 workers of 2 for evacuation
[2023-05-11T07:19:43.958+0000][26.054s] GC(7)   Pre Evacuate Collection Set: 1.0ms
[2023-05-11T07:19:43.960+0000][26.056s] GC(7)   Merge Heap Roots: 0.6ms
[2023-05-11T07:19:43.962+0000][26.058s] GC(7)   Evacuate Collection Set: 18.1ms
[2023-05-11T07:19:43.964+0000][26.060s] GC(7)   Post Evacuate Collection Set: 1.5ms
[2023-05-11T07:19:43.966+0000][26.062s] GC(7)   Other: 5.1ms
[2023-05-11T07:19:43.972+0000][26.068s] GC(7) Eden regions: 23->0(193)
[2023-05-11T07:19:43.976+0000][26.072s] GC(7) Survivor regions: 6->8(22)
[2023-05-11T07:19:43.977+0000][26.073s] GC(7) Old regions: 19->19
[2023-05-11T07:19:43.979+0000][26.075s] GC(7) Archive regions: 2->2
[2023-05-11T07:19:43.987+0000][26.083s] GC(7) Humongous regions: 4->4
[2023-05-11T07:19:43.989+0000][26.085s] GC(7) Metaspace: 35911K(36288K)->35911K(36288K) NonClass: 31469K(31680K)->31469K(31680K) Class: 4441K(4608K)->4441K(4608K)
[2023-05-11T07:19:44.003+0000][26.099s] GC(7) Pause Young (Concurrent Start) (Metadata GC Threshold) 52M->31M(512M) 71.225ms
[2023-05-11T07:19:44.010+0000][26.106s] GC(7) User=0.04s Sys=0.01s Real=0.08s
[2023-05-11T07:19:44.013+0000][26.109s] GC(8) Concurrent Mark Cycle
[2023-05-11T07:19:44.015+0000][26.111s] GC(8) Concurrent Clear Claimed Marks
[2023-05-11T07:19:44.028+0000][26.124s] GC(8) Concurrent Clear Claimed Marks 12.995ms
[2023-05-11T07:19:44.057+0000][26.153s] GC(8) Concurrent Scan Root Regions
[2023-05-11T07:19:44.117+0000][26.213s] GC(8) Concurrent Scan Root Regions 60.141ms
[2023-05-11T07:19:44.146+0000][26.242s] GC(8) Concurrent Mark
[2023-05-11T07:19:44.218+0000][26.314s] GC(8) Concurrent Mark From Roots
[2023-05-11T07:19:44.261+0000][26.357s] GC(8) Using 1 workers of 1 for marking
[2023-05-11T07:19:44.715+0000][26.811s] GC(8) Concurrent Mark From Roots 496.751ms
[2023-05-11T07:19:44.733+0000][26.829s] GC(8) Concurrent Preclean
[2023-05-11T07:19:44.740+0000][26.836s] GC(8) Concurrent Preclean 6.270ms
[2023-05-11T07:19:44.761+0000][26.857s] GC(8) Pause Remark
[2023-05-11T07:19:44.817+0000][26.913s] GC(8) Pause Remark 35M->35M(512M) 56.400ms
[2023-05-11T07:19:44.829+0000][26.925s] GC(8) User=0.04s Sys=0.00s Real=0.07s
[2023-05-11T07:19:44.853+0000][26.949s] GC(8) Concurrent Mark 706.562ms
[2023-05-11T07:19:44.880+0000][26.976s] GC(8) Concurrent Rebuild Remembered Sets
[2023-05-11T07:19:44.993+0000][27.089s] GC(8) Concurrent Rebuild Remembered Sets 112.223ms
[2023-05-11T07:19:44.995+0000][27.091s] GC(8) Pause Cleanup
[2023-05-11T07:19:44.997+0000][27.093s] GC(8) Pause Cleanup 37M->37M(512M) 1.979ms
[2023-05-11T07:19:44.999+0000][27.095s] GC(8) User=0.00s Sys=0.00s Real=0.01s
[2023-05-11T07:19:45.001+0000][27.097s] GC(8) Concurrent Cleanup for Next Mark
[2023-05-11T07:19:45.003+0000][27.099s] GC(8) Concurrent Cleanup for Next Mark 2.815ms
[2023-05-11T07:19:45.005+0000][27.101s] GC(8) Concurrent Mark Cycle 992.560ms
[2023-05-11T11:21:54.418+0000][14555.830s] GC(9) Pause Young (Concurrent Start) (G1 Evacuation Pause)
[2023-05-11T11:21:54.423+0000][14555.835s] GC(9) Using 2 workers of 2 for evacuation
[2023-05-11T11:21:54.638+0000][14556.050s] GC(9)   Pre Evacuate Collection Set: 7.7ms
[2023-05-11T11:21:54.640+0000][14556.052s] GC(9)   Merge Heap Roots: 0.4ms
[2023-05-11T11:21:54.641+0000][14556.054s] GC(9)   Evacuate Collection Set: 199.6ms
[2023-05-11T11:21:54.644+0000][14556.056s] GC(9)   Post Evacuate Collection Set: 3.4ms
[2023-05-11T11:21:54.645+0000][14556.058s] GC(9)   Other: 9.5ms
[2023-05-11T11:21:54.647+0000][14556.059s] GC(9) Eden regions: 214->0(126)
[2023-05-11T11:21:54.648+0000][14556.060s] GC(9) Survivor regions: 8->19(28)
[2023-05-11T11:21:54.649+0000][14556.061s] GC(9) Old regions: 19->19
[2023-05-11T11:21:54.650+0000][14556.062s] GC(9) Archive regions: 2->2
[2023-05-11T11:21:54.651+0000][14556.063s] GC(9) Humongous regions: 4->4
[2023-05-11T11:21:54.652+0000][14556.064s] GC(9) Metaspace: 56801K(57344K)->56801K(57344K) NonClass: 49627K(49920K)->49627K(49920K) Class: 7173K(7424K)->7173K(7424K)
[2023-05-11T11:21:54.654+0000][14556.066s] GC(9) Pause Young (Concurrent Start) (G1 Evacuation Pause) 245M->42M(512M) 235.371ms
[2023-05-11T11:21:54.655+0000][14556.067s] GC(9) User=0.41s Sys=0.00s Real=0.24s
[2023-05-11T11:21:54.656+0000][14556.069s] GC(10) Concurrent Mark Cycle
[2023-05-11T11:21:54.661+0000][14556.073s] GC(10) Concurrent Clear Claimed Marks
[2023-05-11T11:21:54.663+0000][14556.075s] GC(10) Concurrent Clear Claimed Marks 1.957ms
[2023-05-11T11:21:54.664+0000][14556.076s] GC(10) Concurrent Scan Root Regions
[2023-05-11T11:21:54.712+0000][14556.124s] GC(10) Concurrent Scan Root Regions 47.597ms
[2023-05-11T11:21:54.713+0000][14556.125s] GC(10) Concurrent Mark
[2023-05-11T11:21:54.714+0000][14556.126s] GC(10) Concurrent Mark From Roots
[2023-05-11T11:21:54.715+0000][14556.128s] GC(10) Using 1 workers of 1 for marking
[2023-05-11T11:21:54.765+0000][14556.177s] GC(10) Concurrent Mark From Roots 51.064ms
[2023-05-11T11:21:54.767+0000][14556.179s] GC(10) Concurrent Preclean
[2023-05-11T11:21:54.769+0000][14556.181s] GC(10) Concurrent Preclean 2.378ms
[2023-05-11T11:21:54.772+0000][14556.184s] GC(10) Pause Remark
[2023-05-11T11:21:54.837+0000][14556.249s] GC(10) Pause Remark 44M->44M(512M) 65.477ms
[2023-05-11T11:21:54.838+0000][14556.251s] GC(10) User=0.12s Sys=0.00s Real=0.06s
[2023-05-11T11:21:54.848+0000][14556.260s] GC(10) Concurrent Mark 134.619ms
[2023-05-11T11:21:54.849+0000][14556.261s] GC(10) Concurrent Rebuild Remembered Sets
[2023-05-11T11:21:54.867+0000][14556.279s] GC(10) Concurrent Rebuild Remembered Sets 17.846ms
[2023-05-11T11:21:54.870+0000][14556.283s] GC(10) Pause Cleanup
[2023-05-11T11:21:54.872+0000][14556.284s] GC(10) Pause Cleanup 44M->44M(512M) 1.748ms
[2023-05-11T11:21:54.873+0000][14556.285s] GC(10) User=0.00s Sys=0.00s Real=0.01s
[2023-05-11T11:21:54.874+0000][14556.286s] GC(10) Concurrent Cleanup for Next Mark
[2023-05-11T11:21:54.893+0000][14556.305s] GC(10) Concurrent Cleanup for Next Mark 18.667ms
[2023-05-11T11:21:54.894+0000][14556.307s] GC(10) Concurrent Mark Cycle 238.030ms
[2023-05-11T11:24:42.654+0000][14724.061s] Heap
[2023-05-11T11:24:42.656+0000][14724.062s]  garbage-first heap   total 524288K, used 63141K [0x00000000e0000000, 0x0000000100000000)
[2023-05-11T11:24:42.657+0000][14724.063s]   region size 1024K, 39 young (39936K), 19 survivors (19456K)
[2023-05-11T11:24:42.658+0000][14724.065s]  Metaspace       used 56835K, committed 57408K, reserved 1114112K
[2023-05-11T11:24:42.660+0000][14724.066s]   class space    used 7169K, committed 7424K, reserved 1048576K
