[2023-05-10T08:20:55.408+0000][0.052s] Using G1
[2023-05-10T08:20:57.166+0000][1.810s] Version: 17.0.7+7 (release)
[2023-05-10T08:20:57.170+0000][1.814s] CPUs: 2 total, 2 available
[2023-05-10T08:20:57.173+0000][1.817s] Memory: 3933M
[2023-05-10T08:20:57.175+0000][1.819s] Large Page Support: Disabled
[2023-05-10T08:20:57.183+0000][1.827s] NUMA Support: Disabled
[2023-05-10T08:20:57.192+0000][1.836s] Compressed Oops: Enabled (32-bit)
[2023-05-10T08:20:57.199+0000][1.843s] Heap Region Size: 1M
[2023-05-10T08:20:57.201+0000][1.845s] Heap Min Capacity: 512M
[2023-05-10T08:20:57.207+0000][1.851s] Heap Initial Capacity: 512M
[2023-05-10T08:20:57.209+0000][1.853s] Heap Max Capacity: 512M
[2023-05-10T08:20:57.226+0000][1.870s] Pre-touch: Enabled
[2023-05-10T08:20:57.228+0000][1.872s] Parallel Workers: 2
[2023-05-10T08:20:57.231+0000][1.875s] Concurrent Workers: 1
[2023-05-10T08:20:57.235+0000][1.879s] Concurrent Refinement Workers: 2
[2023-05-10T08:20:57.239+0000][1.883s] Periodic GC: Disabled
[2023-05-10T08:20:57.241+0000][1.885s] CDS archive(s) mapped at: [0x0000000800000000-0x0000000800a7b000-0x0000000800a7b000), size 10989568, SharedBaseAddress: 0x0000000800000000, ArchiveRelocationMode: 0.
[2023-05-10T08:20:57.257+0000][1.901s] Compressed class space mapped at: 0x0000000801000000-0x0000000841000000, reserved size: 1073741824
[2023-05-10T08:20:57.264+0000][1.908s] Narrow klass base: 0x0000000800000000, Narrow klass shift: 0, Narrow klass range: 0x100000000
[2023-05-10T08:20:59.495+0000][4.139s] GC(0) Pause Young (Normal) (G1 Evacuation Pause)
[2023-05-10T08:20:59.497+0000][4.141s] GC(0) Using 2 workers of 2 for evacuation
[2023-05-10T08:20:59.505+0000][4.149s] GC(0)   Pre Evacuate Collection Set: 0.2ms
[2023-05-10T08:20:59.507+0000][4.151s] GC(0)   Merge Heap Roots: 0.2ms
[2023-05-10T08:20:59.508+0000][4.152s] GC(0)   Evacuate Collection Set: 6.1ms
[2023-05-10T08:20:59.510+0000][4.154s] GC(0)   Post Evacuate Collection Set: 0.6ms
[2023-05-10T08:20:59.512+0000][4.156s] GC(0)   Other: 3.1ms
[2023-05-10T08:20:59.513+0000][4.157s] GC(0) Eden regions: 25->0(21)
[2023-05-10T08:20:59.515+0000][4.159s] GC(0) Survivor regions: 0->4(4)
[2023-05-10T08:20:59.517+0000][4.161s] GC(0) Old regions: 0->0
[2023-05-10T08:20:59.518+0000][4.162s] GC(0) Archive regions: 2->2
[2023-05-10T08:20:59.520+0000][4.164s] GC(0) Humongous regions: 0->0
[2023-05-10T08:20:59.522+0000][4.166s] GC(0) Metaspace: 9163K(9408K)->9163K(9408K) NonClass: 8043K(8192K)->8043K(8192K) Class: 1119K(1216K)->1119K(1216K)
[2023-05-10T08:20:59.524+0000][4.168s] GC(0) Pause Young (Normal) (G1 Evacuation Pause) 25M->4M(512M) 28.856ms
[2023-05-10T08:20:59.527+0000][4.171s] GC(0) User=0.01s Sys=0.00s Real=0.03s
[2023-05-10T08:21:02.106+0000][6.750s] GC(1) Pause Young (Normal) (G1 Evacuation Pause)
[2023-05-10T08:21:02.108+0000][6.752s] GC(1) Using 2 workers of 2 for evacuation
[2023-05-10T08:21:02.139+0000][6.783s] GC(1)   Pre Evacuate Collection Set: 0.3ms
[2023-05-10T08:21:02.141+0000][6.785s] GC(1)   Merge Heap Roots: 0.2ms
[2023-05-10T08:21:02.143+0000][6.787s] GC(1)   Evacuate Collection Set: 28.0ms
[2023-05-10T08:21:02.146+0000][6.790s] GC(1)   Post Evacuate Collection Set: 1.3ms
[2023-05-10T08:21:02.148+0000][6.792s] GC(1)   Other: 2.9ms
[2023-05-10T08:21:02.150+0000][6.794s] GC(1) Eden regions: 21->0(21)
[2023-05-10T08:21:02.152+0000][6.796s] GC(1) Survivor regions: 4->4(4)
[2023-05-10T08:21:02.154+0000][6.798s] GC(1) Old regions: 0->9
[2023-05-10T08:21:02.158+0000][6.802s] GC(1) Archive regions: 2->2
[2023-05-10T08:21:02.160+0000][6.804s] GC(1) Humongous regions: 4->4
[2023-05-10T08:21:02.162+0000][6.806s] GC(1) Metaspace: 14921K(15232K)->14921K(15232K) NonClass: 13093K(13248K)->13093K(13248K) Class: 1828K(1984K)->1828K(1984K)
[2023-05-10T08:21:02.163+0000][6.807s] GC(1) Pause Young (Normal) (G1 Evacuation Pause) 29M->16M(512M) 56.719ms
[2023-05-10T08:21:02.166+0000][6.810s] GC(1) User=0.05s Sys=0.00s Real=0.06s
[2023-05-10T08:21:03.018+0000][7.662s] GC(2) Pause Young (Normal) (G1 Evacuation Pause)
[2023-05-10T08:21:03.020+0000][7.664s] GC(2) Using 2 workers of 2 for evacuation
[2023-05-10T08:21:03.036+0000][7.680s] GC(2)   Pre Evacuate Collection Set: 0.4ms
[2023-05-10T08:21:03.042+0000][7.686s] GC(2)   Merge Heap Roots: 0.1ms
[2023-05-10T08:21:03.045+0000][7.689s] GC(2)   Evacuate Collection Set: 9.5ms
[2023-05-10T08:21:03.047+0000][7.691s] GC(2)   Post Evacuate Collection Set: 3.0ms
[2023-05-10T08:21:03.049+0000][7.693s] GC(2)   Other: 5.2ms
[2023-05-10T08:21:03.051+0000][7.695s] GC(2) Eden regions: 21->0(31)
[2023-05-10T08:21:03.053+0000][7.697s] GC(2) Survivor regions: 4->2(4)
[2023-05-10T08:21:03.054+0000][7.698s] GC(2) Old regions: 9->13
[2023-05-10T08:21:03.056+0000][7.700s] GC(2) Archive regions: 2->2
[2023-05-10T08:21:03.058+0000][7.702s] GC(2) Humongous regions: 4->4
[2023-05-10T08:21:03.060+0000][7.704s] GC(2) Metaspace: 17647K(17920K)->17647K(17920K) NonClass: 15485K(15616K)->15485K(15616K) Class: 2161K(2304K)->2161K(2304K)
[2023-05-10T08:21:03.061+0000][7.705s] GC(2) Pause Young (Normal) (G1 Evacuation Pause) 37M->19M(512M) 42.992ms
[2023-05-10T08:21:03.063+0000][7.707s] GC(2) User=0.05s Sys=0.00s Real=0.04s
[2023-05-10T08:21:03.645+0000][8.289s] GC(3) Pause Young (Normal) (G1 Evacuation Pause)
[2023-05-10T08:21:03.653+0000][8.297s] GC(3) Using 2 workers of 2 for evacuation
[2023-05-10T08:21:03.664+0000][8.308s] GC(3)   Pre Evacuate Collection Set: 0.6ms
[2023-05-10T08:21:03.666+0000][8.310s] GC(3)   Merge Heap Roots: 0.1ms
[2023-05-10T08:21:03.667+0000][8.311s] GC(3)   Evacuate Collection Set: 5.7ms
[2023-05-10T08:21:03.669+0000][8.313s] GC(3)   Post Evacuate Collection Set: 1.2ms
[2023-05-10T08:21:03.675+0000][8.319s] GC(3)   Other: 10.9ms
[2023-05-10T08:21:03.677+0000][8.321s] GC(3) Eden regions: 31->0(43)
[2023-05-10T08:21:03.678+0000][8.322s] GC(3) Survivor regions: 2->5(5)
[2023-05-10T08:21:03.680+0000][8.324s] GC(3) Old regions: 13->13
[2023-05-10T08:21:03.682+0000][8.326s] GC(3) Archive regions: 2->2
[2023-05-10T08:21:03.683+0000][8.327s] GC(3) Humongous regions: 4->4
[2023-05-10T08:21:03.684+0000][8.328s] GC(3) Metaspace: 17882K(18112K)->17882K(18112K) NonClass: 15702K(15808K)->15702K(15808K) Class: 2179K(2304K)->2179K(2304K)
[2023-05-10T08:21:03.686+0000][8.330s] GC(3) Pause Young (Normal) (G1 Evacuation Pause) 50M->22M(512M) 40.458ms
[2023-05-10T08:21:03.688+0000][8.332s] GC(3) User=0.02s Sys=0.01s Real=0.05s
[2023-05-10T08:21:05.139+0000][9.783s] GC(4) Pause Young (Concurrent Start) (Metadata GC Threshold)
[2023-05-10T08:21:05.143+0000][9.787s] GC(4) Using 2 workers of 2 for evacuation
[2023-05-10T08:21:05.156+0000][9.800s] GC(4)   Pre Evacuate Collection Set: 0.1ms
[2023-05-10T08:21:05.158+0000][9.802s] GC(4)   Merge Heap Roots: 0.0ms
[2023-05-10T08:21:05.159+0000][9.803s] GC(4)   Evacuate Collection Set: 9.4ms
[2023-05-10T08:21:05.160+0000][9.804s] GC(4)   Post Evacuate Collection Set: 1.0ms
[2023-05-10T08:21:05.161+0000][9.805s] GC(4)   Other: 7.2ms
[2023-05-10T08:21:05.163+0000][9.807s] GC(4) Eden regions: 22->0(79)
[2023-05-10T08:21:05.164+0000][9.808s] GC(4) Survivor regions: 5->2(6)
[2023-05-10T08:21:05.165+0000][9.809s] GC(4) Old regions: 13->18
[2023-05-10T08:21:05.168+0000][9.812s] GC(4) Archive regions: 2->2
[2023-05-10T08:21:05.169+0000][9.813s] GC(4) Humongous regions: 5->4
[2023-05-10T08:21:05.171+0000][9.815s] GC(4) Metaspace: 21198K(21504K)->21198K(21504K) NonClass: 18628K(18752K)->18628K(18752K) Class: 2570K(2752K)->2570K(2752K)
[2023-05-10T08:21:05.173+0000][9.817s] GC(4) Pause Young (Concurrent Start) (Metadata GC Threshold) 45M->24M(512M) 34.022ms
[2023-05-10T08:21:05.173+0000][9.817s] GC(4) User=0.02s Sys=0.00s Real=0.03s
[2023-05-10T08:21:05.175+0000][9.819s] GC(5) Concurrent Mark Cycle
[2023-05-10T08:21:05.182+0000][9.826s] GC(5) Concurrent Clear Claimed Marks
[2023-05-10T08:21:05.184+0000][9.828s] GC(5) Concurrent Clear Claimed Marks 2.228ms
[2023-05-10T08:21:05.185+0000][9.829s] GC(5) Concurrent Scan Root Regions
[2023-05-10T08:21:05.191+0000][9.835s] GC(5) Concurrent Scan Root Regions 6.004ms
[2023-05-10T08:21:05.193+0000][9.837s] GC(5) Concurrent Mark
[2023-05-10T08:21:05.195+0000][9.839s] GC(5) Concurrent Mark From Roots
[2023-05-10T08:21:05.197+0000][9.841s] GC(5) Using 1 workers of 1 for marking
[2023-05-10T08:21:05.230+0000][9.874s] GC(5) Concurrent Mark From Roots 34.588ms
[2023-05-10T08:21:05.232+0000][9.876s] GC(5) Concurrent Preclean
[2023-05-10T08:21:05.234+0000][9.878s] GC(5) Concurrent Preclean 2.660ms
[2023-05-10T08:21:05.236+0000][9.880s] GC(5) Pause Remark
[2023-05-10T08:21:05.246+0000][9.890s] GC(5) Pause Remark 25M->25M(512M) 9.003ms
[2023-05-10T08:21:05.248+0000][9.892s] GC(5) User=0.00s Sys=0.00s Real=0.01s
[2023-05-10T08:21:05.250+0000][9.894s] GC(5) Concurrent Mark 56.815ms
[2023-05-10T08:21:05.253+0000][9.897s] GC(5) Concurrent Rebuild Remembered Sets
[2023-05-10T08:21:05.283+0000][9.927s] GC(5) Concurrent Rebuild Remembered Sets 30.088ms
[2023-05-10T08:21:05.287+0000][9.931s] GC(5) Pause Cleanup
[2023-05-10T08:21:05.290+0000][9.934s] GC(5) Pause Cleanup 25M->25M(512M) 2.912ms
[2023-05-10T08:21:05.292+0000][9.936s] GC(5) User=0.00s Sys=0.00s Real=0.01s
[2023-05-10T08:21:05.293+0000][9.937s] GC(5) Concurrent Cleanup for Next Mark
[2023-05-10T08:21:05.296+0000][9.940s] GC(5) Concurrent Cleanup for Next Mark 2.409ms
[2023-05-10T08:21:05.299+0000][9.943s] GC(5) Concurrent Mark Cycle 123.227ms
[2023-05-10T08:21:08.359+0000][13.003s] GC(6) Pause Young (Prepare Mixed) (G1 Evacuation Pause)
[2023-05-10T08:21:08.360+0000][13.004s] GC(6) Using 2 workers of 2 for evacuation
[2023-05-10T08:21:08.375+0000][13.019s] GC(6)   Pre Evacuate Collection Set: 0.6ms
[2023-05-10T08:21:08.376+0000][13.020s] GC(6)   Merge Heap Roots: 0.2ms
[2023-05-10T08:21:08.378+0000][13.022s] GC(6)   Evacuate Collection Set: 9.3ms
[2023-05-10T08:21:08.380+0000][13.024s] GC(6)   Post Evacuate Collection Set: 2.9ms
[2023-05-10T08:21:08.382+0000][13.026s] GC(6)   Other: 3.3ms
[2023-05-10T08:21:08.383+0000][13.027s] GC(6) Eden regions: 86->0(18)
[2023-05-10T08:21:08.385+0000][13.029s] GC(6) Survivor regions: 2->7(11)
[2023-05-10T08:21:08.387+0000][13.031s] GC(6) Old regions: 18->18
[2023-05-10T08:21:08.389+0000][13.033s] GC(6) Archive regions: 2->2
[2023-05-10T08:21:08.401+0000][13.045s] GC(6) Humongous regions: 4->4
[2023-05-10T08:21:08.402+0000][13.046s] GC(6) Metaspace: 33731K(34112K)->33731K(34112K) NonClass: 29570K(29760K)->29570K(29760K) Class: 4161K(4352K)->4161K(4352K)
[2023-05-10T08:21:08.404+0000][13.048s] GC(6) Pause Young (Prepare Mixed) (G1 Evacuation Pause) 110M->29M(512M) 45.520ms
[2023-05-10T08:21:08.405+0000][13.049s] GC(6) User=0.03s Sys=0.00s Real=0.04s
[2023-05-10T08:21:09.192+0000][13.836s] GC(7) Pause Young (Mixed) (Metadata GC Threshold)
[2023-05-10T08:21:09.194+0000][13.838s] GC(7) Using 2 workers of 2 for evacuation
[2023-05-10T08:21:09.209+0000][13.853s] GC(7)   Pre Evacuate Collection Set: 0.4ms
[2023-05-10T08:21:09.210+0000][13.854s] GC(7)   Merge Heap Roots: 0.2ms
[2023-05-10T08:21:09.211+0000][13.855s] GC(7)   Evacuate Collection Set: 11.3ms
[2023-05-10T08:21:09.213+0000][13.857s] GC(7)   Post Evacuate Collection Set: 1.1ms
[2023-05-10T08:21:09.215+0000][13.859s] GC(7)   Other: 3.9ms
[2023-05-10T08:21:09.216+0000][13.860s] GC(7) Eden regions: 15->0(305)
[2023-05-10T08:21:09.218+0000][13.862s] GC(7) Survivor regions: 7->2(4)
[2023-05-10T08:21:09.219+0000][13.863s] GC(7) Old regions: 18->24
[2023-05-10T08:21:09.221+0000][13.865s] GC(7) Archive regions: 2->2
[2023-05-10T08:21:09.223+0000][13.867s] GC(7) Humongous regions: 4->4
[2023-05-10T08:21:09.225+0000][13.869s] GC(7) Metaspace: 35700K(36096K)->35700K(36096K) NonClass: 31291K(31488K)->31291K(31488K) Class: 4408K(4608K)->4408K(4608K)
[2023-05-10T08:21:09.226+0000][13.870s] GC(7) Pause Young (Mixed) (Metadata GC Threshold) 44M->30M(512M) 34.095ms
[2023-05-10T08:21:09.227+0000][13.871s] GC(7) User=0.03s Sys=0.00s Real=0.03s
[2023-05-10T08:21:09.309+0000][13.953s] GC(8) Pause Young (Concurrent Start) (Metadata GC Threshold)
[2023-05-10T08:21:09.311+0000][13.955s] GC(8) Using 2 workers of 2 for evacuation
[2023-05-10T08:21:09.318+0000][13.962s] GC(8)   Pre Evacuate Collection Set: 0.6ms
[2023-05-10T08:21:09.320+0000][13.964s] GC(8)   Merge Heap Roots: 0.2ms
[2023-05-10T08:21:09.322+0000][13.966s] GC(8)   Evacuate Collection Set: 4.0ms
[2023-05-10T08:21:09.325+0000][13.969s] GC(8)   Post Evacuate Collection Set: 1.3ms
[2023-05-10T08:21:09.327+0000][13.971s] GC(8)   Other: 3.0ms
[2023-05-10T08:21:09.328+0000][13.972s] GC(8) Eden regions: 3->0(305)
[2023-05-10T08:21:09.330+0000][13.974s] GC(8) Survivor regions: 2->2(39)
[2023-05-10T08:21:09.332+0000][13.976s] GC(8) Old regions: 24->24
[2023-05-10T08:21:09.333+0000][13.977s] GC(8) Archive regions: 2->2
[2023-05-10T08:21:09.335+0000][13.979s] GC(8) Humongous regions: 4->4
[2023-05-10T08:21:09.336+0000][13.980s] GC(8) Metaspace: 36022K(36416K)->36022K(36416K) NonClass: 31564K(31744K)->31564K(31744K) Class: 4458K(4672K)->4458K(4672K)
[2023-05-10T08:21:09.337+0000][13.981s] GC(8) Pause Young (Concurrent Start) (Metadata GC Threshold) 32M->30M(512M) 28.212ms
[2023-05-10T08:21:09.339+0000][13.983s] GC(8) User=0.02s Sys=0.00s Real=0.03s
[2023-05-10T08:21:09.342+0000][13.986s] GC(9) Concurrent Mark Cycle
[2023-05-10T08:21:09.363+0000][14.007s] GC(9) Concurrent Clear Claimed Marks
[2023-05-10T08:21:09.365+0000][14.009s] GC(9) Concurrent Clear Claimed Marks 1.740ms
[2023-05-10T08:21:09.372+0000][14.016s] GC(9) Concurrent Scan Root Regions
[2023-05-10T08:21:09.378+0000][14.022s] GC(9) Concurrent Scan Root Regions 6.208ms
[2023-05-10T08:21:09.380+0000][14.024s] GC(9) Concurrent Mark
[2023-05-10T08:21:09.383+0000][14.027s] GC(9) Concurrent Mark From Roots
[2023-05-10T08:21:09.386+0000][14.030s] GC(9) Using 1 workers of 1 for marking
[2023-05-10T08:21:09.560+0000][14.204s] GC(9) Concurrent Mark From Roots 176.367ms
[2023-05-10T08:21:09.564+0000][14.208s] GC(9) Concurrent Preclean
[2023-05-10T08:21:09.568+0000][14.212s] GC(9) Concurrent Preclean 3.238ms
[2023-05-10T08:21:09.571+0000][14.215s] GC(9) Pause Remark
[2023-05-10T08:21:09.599+0000][14.243s] GC(9) Pause Remark 33M->33M(512M) 28.100ms
[2023-05-10T08:21:09.604+0000][14.248s] GC(9) User=0.04s Sys=0.01s Real=0.03s
[2023-05-10T08:21:09.613+0000][14.257s] GC(9) Concurrent Mark 232.796ms
[2023-05-10T08:21:09.617+0000][14.261s] GC(9) Concurrent Rebuild Remembered Sets
[2023-05-10T08:21:09.673+0000][14.317s] GC(9) Concurrent Rebuild Remembered Sets 55.823ms
[2023-05-10T08:21:09.675+0000][14.319s] GC(9) Pause Cleanup
[2023-05-10T08:21:09.677+0000][14.321s] GC(9) Pause Cleanup 34M->34M(512M) 1.571ms
[2023-05-10T08:21:09.678+0000][14.322s] GC(9) User=0.01s Sys=0.00s Real=0.01s
[2023-05-10T08:21:09.680+0000][14.324s] GC(9) Concurrent Cleanup for Next Mark
[2023-05-10T08:21:09.684+0000][14.328s] GC(9) Concurrent Cleanup for Next Mark 4.460ms
[2023-05-10T08:21:09.686+0000][14.330s] GC(9) Concurrent Mark Cycle 344.200ms
[2023-05-10T08:25:18.147+0000][262.790s] Heap
[2023-05-10T08:25:18.148+0000][262.792s]  garbage-first heap   total 524288K, used 195774K [0x00000000e0000000, 0x0000000100000000)
[2023-05-10T08:25:18.150+0000][262.794s]   region size 1024K, 164 young (167936K), 2 survivors (2048K)
[2023-05-10T08:25:18.152+0000][262.796s]  Metaspace       used 52665K, committed 53184K, reserved 1114112K
[2023-05-10T08:25:18.153+0000][262.797s]   class space    used 6767K, committed 6976K, reserved 1048576K
