[2023-05-11T11:24:47.570+0000][0.029s] Using G1
[2023-05-11T11:24:47.892+0000][0.351s] Version: 17.0.7+7 (release)
[2023-05-11T11:24:47.895+0000][0.353s] CPUs: 2 total, 2 available
[2023-05-11T11:24:47.896+0000][0.355s] Memory: 3933M
[2023-05-11T11:24:47.898+0000][0.357s] Large Page Support: Disabled
[2023-05-11T11:24:47.900+0000][0.358s] NUMA Support: Disabled
[2023-05-11T11:24:47.902+0000][0.360s] Compressed Oops: Enabled (32-bit)
[2023-05-11T11:24:47.903+0000][0.362s] Heap Region Size: 1M
[2023-05-11T11:24:47.905+0000][0.363s] Heap Min Capacity: 512M
[2023-05-11T11:24:47.906+0000][0.365s] Heap Initial Capacity: 512M
[2023-05-11T11:24:47.907+0000][0.366s] Heap Max Capacity: 512M
[2023-05-11T11:24:47.909+0000][0.367s] Pre-touch: Enabled
[2023-05-11T11:24:47.910+0000][0.369s] Parallel Workers: 2
[2023-05-11T11:24:47.912+0000][0.371s] Concurrent Workers: 1
[2023-05-11T11:24:47.913+0000][0.372s] Concurrent Refinement Workers: 2
[2023-05-11T11:24:47.915+0000][0.373s] Periodic GC: Disabled
[2023-05-11T11:24:47.917+0000][0.375s] CDS archive(s) mapped at: [0x0000000800000000-0x0000000800a7b000-0x0000000800a7b000), size 10989568, SharedBaseAddress: 0x0000000800000000, ArchiveRelocationMode: 0.
[2023-05-11T11:24:47.919+0000][0.377s] Compressed class space mapped at: 0x0000000801000000-0x0000000841000000, reserved size: 1073741824
[2023-05-11T11:24:47.920+0000][0.379s] Narrow klass base: 0x0000000800000000, Narrow klass shift: 0, Narrow klass range: 0x100000000
[2023-05-11T11:24:53.123+0000][5.582s] GC(0) Pause Young (Normal) (G1 Evacuation Pause)
[2023-05-11T11:24:53.178+0000][5.637s] GC(0) Using 2 workers of 2 for evacuation
[2023-05-11T11:24:53.261+0000][5.719s] GC(0)   Pre Evacuate Collection Set: 11.5ms
[2023-05-11T11:24:53.304+0000][5.762s] GC(0)   Merge Heap Roots: 0.1ms
[2023-05-11T11:24:53.311+0000][5.770s] GC(0)   Evacuate Collection Set: 67.5ms
[2023-05-11T11:24:53.315+0000][5.773s] GC(0)   Post Evacuate Collection Set: 0.9ms
[2023-05-11T11:24:53.317+0000][5.775s] GC(0)   Other: 57.6ms
[2023-05-11T11:24:53.319+0000][5.778s] GC(0) Eden regions: 25->0(21)
[2023-05-11T11:24:53.321+0000][5.780s] GC(0) Survivor regions: 0->4(4)
[2023-05-11T11:24:53.322+0000][5.781s] GC(0) Old regions: 0->0
[2023-05-11T11:24:53.323+0000][5.782s] GC(0) Archive regions: 2->2
[2023-05-11T11:24:53.327+0000][5.785s] GC(0) Humongous regions: 0->0
[2023-05-11T11:24:53.329+0000][5.788s] GC(0) Metaspace: 9221K(9472K)->9221K(9472K) NonClass: 8103K(8256K)->8103K(8256K) Class: 1118K(1216K)->1118K(1216K)
[2023-05-11T11:24:53.341+0000][5.800s] GC(0) Pause Young (Normal) (G1 Evacuation Pause) 25M->4M(512M) 218.037ms
[2023-05-11T11:24:53.344+0000][5.803s] GC(0) User=0.06s Sys=0.01s Real=0.22s
[2023-05-11T11:24:56.580+0000][9.038s] GC(1) Pause Young (Normal) (G1 Evacuation Pause)
[2023-05-11T11:24:56.588+0000][9.046s] GC(1) Using 2 workers of 2 for evacuation
[2023-05-11T11:24:56.712+0000][9.171s] GC(1)   Pre Evacuate Collection Set: 0.1ms
[2023-05-11T11:24:56.726+0000][9.184s] GC(1)   Merge Heap Roots: 0.1ms
[2023-05-11T11:24:56.727+0000][9.186s] GC(1)   Evacuate Collection Set: 120.7ms
[2023-05-11T11:24:56.732+0000][9.190s] GC(1)   Post Evacuate Collection Set: 1.1ms
[2023-05-11T11:24:56.734+0000][9.192s] GC(1)   Other: 10.7ms
[2023-05-11T11:24:56.735+0000][9.193s] GC(1) Eden regions: 21->0(21)
[2023-05-11T11:24:56.737+0000][9.196s] GC(1) Survivor regions: 4->4(4)
[2023-05-11T11:24:56.764+0000][9.222s] GC(1) Old regions: 0->9
[2023-05-11T11:24:56.766+0000][9.224s] GC(1) Archive regions: 2->2
[2023-05-11T11:24:56.794+0000][9.252s] GC(1) Humongous regions: 4->4
[2023-05-11T11:24:56.829+0000][9.288s] GC(1) Metaspace: 14914K(15232K)->14914K(15232K) NonClass: 13086K(13248K)->13086K(13248K) Class: 1828K(1984K)->1828K(1984K)
[2023-05-11T11:24:56.857+0000][9.316s] GC(1) Pause Young (Normal) (G1 Evacuation Pause) 29M->17M(512M) 277.381ms
[2023-05-11T11:24:56.890+0000][9.349s] GC(1) User=0.23s Sys=0.03s Real=0.31s
[2023-05-11T11:24:57.577+0000][10.035s] GC(2) Pause Young (Normal) (G1 Evacuation Pause)
[2023-05-11T11:24:57.579+0000][10.038s] GC(2) Using 2 workers of 2 for evacuation
[2023-05-11T11:24:57.594+0000][10.053s] GC(2)   Pre Evacuate Collection Set: 0.3ms
[2023-05-11T11:24:57.596+0000][10.055s] GC(2)   Merge Heap Roots: 0.2ms
[2023-05-11T11:24:57.598+0000][10.057s] GC(2)   Evacuate Collection Set: 9.7ms
[2023-05-11T11:24:57.600+0000][10.059s] GC(2)   Post Evacuate Collection Set: 1.3ms
[2023-05-11T11:24:57.604+0000][10.062s] GC(2)   Other: 6.2ms
[2023-05-11T11:24:57.605+0000][10.064s] GC(2) Eden regions: 21->0(28)
[2023-05-11T11:24:57.607+0000][10.066s] GC(2) Survivor regions: 4->2(4)
[2023-05-11T11:24:57.609+0000][10.068s] GC(2) Old regions: 9->13
[2023-05-11T11:24:57.611+0000][10.070s] GC(2) Archive regions: 2->2
[2023-05-11T11:24:57.613+0000][10.072s] GC(2) Humongous regions: 4->4
[2023-05-11T11:24:57.614+0000][10.073s] GC(2) Metaspace: 17574K(17856K)->17574K(17856K) NonClass: 15412K(15552K)->15412K(15552K) Class: 2161K(2304K)->2161K(2304K)
[2023-05-11T11:24:57.615+0000][10.074s] GC(2) Pause Young (Normal) (G1 Evacuation Pause) 38M->19M(512M) 38.906ms
[2023-05-11T11:24:57.619+0000][10.078s] GC(2) User=0.02s Sys=0.00s Real=0.05s
[2023-05-11T11:24:58.867+0000][11.326s] GC(3) Pause Young (Normal) (G1 Evacuation Pause)
[2023-05-11T11:24:58.871+0000][11.330s] GC(3) Using 2 workers of 2 for evacuation
[2023-05-11T11:24:58.880+0000][11.339s] GC(3)   Pre Evacuate Collection Set: 0.5ms
[2023-05-11T11:24:58.882+0000][11.340s] GC(3)   Merge Heap Roots: 0.1ms
[2023-05-11T11:24:58.883+0000][11.342s] GC(3)   Evacuate Collection Set: 6.5ms
[2023-05-11T11:24:58.885+0000][11.343s] GC(3)   Post Evacuate Collection Set: 0.8ms
[2023-05-11T11:24:58.896+0000][11.354s] GC(3)   Other: 5.3ms
[2023-05-11T11:24:58.902+0000][11.361s] GC(3) Eden regions: 28->0(36)
[2023-05-11T11:24:58.904+0000][11.362s] GC(3) Survivor regions: 2->4(4)
[2023-05-11T11:24:58.905+0000][11.364s] GC(3) Old regions: 13->14
[2023-05-11T11:24:58.906+0000][11.365s] GC(3) Archive regions: 2->2
[2023-05-11T11:24:58.908+0000][11.366s] GC(3) Humongous regions: 4->4
[2023-05-11T11:24:58.921+0000][11.379s] GC(3) Metaspace: 17690K(17984K)->17690K(17984K) NonClass: 15525K(15680K)->15525K(15680K) Class: 2164K(2304K)->2164K(2304K)
[2023-05-11T11:24:58.922+0000][11.381s] GC(3) Pause Young (Normal) (G1 Evacuation Pause) 47M->22M(512M) 55.003ms
[2023-05-11T11:24:58.923+0000][11.382s] GC(3) User=0.01s Sys=0.00s Real=0.05s
[2023-05-11T11:25:00.257+0000][12.716s] GC(4) Pause Young (Concurrent Start) (Metadata GC Threshold)
[2023-05-11T11:25:00.259+0000][12.718s] GC(4) Using 2 workers of 2 for evacuation
[2023-05-11T11:25:00.268+0000][12.727s] GC(4)   Pre Evacuate Collection Set: 0.7ms
[2023-05-11T11:25:00.272+0000][12.730s] GC(4)   Merge Heap Roots: 0.3ms
[2023-05-11T11:25:00.275+0000][12.734s] GC(4)   Evacuate Collection Set: 5.5ms
[2023-05-11T11:25:00.277+0000][12.736s] GC(4)   Post Evacuate Collection Set: 1.1ms
[2023-05-11T11:25:00.280+0000][12.738s] GC(4)   Other: 3.7ms
[2023-05-11T11:25:00.282+0000][12.740s] GC(4) Eden regions: 25->0(66)
[2023-05-11T11:25:00.283+0000][12.742s] GC(4) Survivor regions: 4->3(5)
[2023-05-11T11:25:00.285+0000][12.743s] GC(4) Old regions: 14->19
[2023-05-11T11:25:00.288+0000][12.747s] GC(4) Archive regions: 2->2
[2023-05-11T11:25:00.290+0000][12.748s] GC(4) Humongous regions: 5->4
[2023-05-11T11:25:00.291+0000][12.750s] GC(4) Metaspace: 21183K(21504K)->21183K(21504K) NonClass: 18608K(18752K)->18608K(18752K) Class: 2574K(2752K)->2574K(2752K)
[2023-05-11T11:25:00.292+0000][12.750s] GC(4) Pause Young (Concurrent Start) (Metadata GC Threshold) 48M->25M(512M) 34.907ms
[2023-05-11T11:25:00.294+0000][12.753s] GC(4) User=0.03s Sys=0.00s Real=0.03s
[2023-05-11T11:25:00.299+0000][12.757s] GC(5) Concurrent Mark Cycle
[2023-05-11T11:25:00.305+0000][12.763s] GC(5) Concurrent Clear Claimed Marks
[2023-05-11T11:25:00.306+0000][12.765s] GC(5) Concurrent Clear Claimed Marks 1.217ms
[2023-05-11T11:25:00.308+0000][12.766s] GC(5) Concurrent Scan Root Regions
[2023-05-11T11:25:00.315+0000][12.774s] GC(5) Concurrent Scan Root Regions 7.591ms
[2023-05-11T11:25:00.317+0000][12.775s] GC(5) Concurrent Mark
[2023-05-11T11:25:00.323+0000][12.782s] GC(5) Concurrent Mark From Roots
[2023-05-11T11:25:00.330+0000][12.788s] GC(5) Using 1 workers of 1 for marking
[2023-05-11T11:25:00.383+0000][12.842s] GC(5) Concurrent Mark From Roots 59.990ms
[2023-05-11T11:25:00.385+0000][12.843s] GC(5) Concurrent Preclean
[2023-05-11T11:25:00.386+0000][12.845s] GC(5) Concurrent Preclean 1.409ms
[2023-05-11T11:25:00.389+0000][12.847s] GC(5) Pause Remark
[2023-05-11T11:25:00.395+0000][12.853s] GC(5) Pause Remark 27M->27M(512M) 6.177ms
[2023-05-11T11:25:00.396+0000][12.855s] GC(5) User=0.01s Sys=0.00s Real=0.00s
[2023-05-11T11:25:00.398+0000][12.856s] GC(5) Concurrent Mark 80.975ms
[2023-05-11T11:25:00.399+0000][12.857s] GC(5) Concurrent Rebuild Remembered Sets
[2023-05-11T11:25:00.418+0000][12.877s] GC(5) Concurrent Rebuild Remembered Sets 19.491ms
[2023-05-11T11:25:00.420+0000][12.879s] GC(5) Pause Cleanup
[2023-05-11T11:25:00.423+0000][12.881s] GC(5) Pause Cleanup 28M->28M(512M) 2.193ms
[2023-05-11T11:25:00.424+0000][12.883s] GC(5) User=0.00s Sys=0.00s Real=0.00s
[2023-05-11T11:25:00.426+0000][12.885s] GC(5) Concurrent Cleanup for Next Mark
[2023-05-11T11:25:00.429+0000][12.887s] GC(5) Concurrent Cleanup for Next Mark 2.657ms
[2023-05-11T11:25:00.430+0000][12.889s] GC(5) Concurrent Mark Cycle 131.192ms
[2023-05-11T11:25:04.097+0000][16.556s] GC(6) Pause Young (Normal) (G1 Evacuation Pause)
[2023-05-11T11:25:04.098+0000][16.557s] GC(6) Using 2 workers of 2 for evacuation
[2023-05-11T11:25:04.127+0000][16.586s] GC(6)   Pre Evacuate Collection Set: 0.1ms
[2023-05-11T11:25:04.129+0000][16.588s] GC(6)   Merge Heap Roots: 0.1ms
[2023-05-11T11:25:04.131+0000][16.589s] GC(6)   Evacuate Collection Set: 18.8ms
[2023-05-11T11:25:04.132+0000][16.591s] GC(6)   Post Evacuate Collection Set: 7.9ms
[2023-05-11T11:25:04.135+0000][16.593s] GC(6)   Other: 3.7ms
[2023-05-11T11:25:04.136+0000][16.595s] GC(6) Eden regions: 73->0(177)
[2023-05-11T11:25:04.138+0000][16.596s] GC(6) Survivor regions: 3->7(10)
[2023-05-11T11:25:04.143+0000][16.601s] GC(6) Old regions: 19->19
[2023-05-11T11:25:04.144+0000][16.603s] GC(6) Archive regions: 2->2
[2023-05-11T11:25:04.146+0000][16.605s] GC(6) Humongous regions: 4->4
[2023-05-11T11:25:04.148+0000][16.607s] GC(6) Metaspace: 33765K(34176K)->33765K(34176K) NonClass: 29595K(29824K)->29595K(29824K) Class: 4169K(4352K)->4169K(4352K)
[2023-05-11T11:25:04.150+0000][16.609s] GC(6) Pause Young (Normal) (G1 Evacuation Pause) 98M->30M(512M) 53.591ms
[2023-05-11T11:25:04.152+0000][16.611s] GC(6) User=0.05s Sys=0.01s Real=0.05s
[2023-05-11T11:25:05.060+0000][17.524s] GC(7) Pause Young (Concurrent Start) (GCLocker Initiated GC)
[2023-05-11T11:25:05.062+0000][17.526s] GC(7) Using 2 workers of 2 for evacuation
[2023-05-11T11:25:05.076+0000][17.540s] GC(7)   Pre Evacuate Collection Set: 0.4ms
[2023-05-11T11:25:05.077+0000][17.542s] GC(7)   Merge Heap Roots: 0.4ms
[2023-05-11T11:25:05.080+0000][17.544s] GC(7)   Evacuate Collection Set: 9.3ms
[2023-05-11T11:25:05.081+0000][17.546s] GC(7)   Post Evacuate Collection Set: 1.1ms
[2023-05-11T11:25:05.083+0000][17.547s] GC(7)   Other: 4.9ms
[2023-05-11T11:25:05.085+0000][17.550s] GC(7) Eden regions: 18->0(157)
[2023-05-11T11:25:05.087+0000][17.551s] GC(7) Survivor regions: 7->8(23)
[2023-05-11T11:25:05.088+0000][17.552s] GC(7) Old regions: 19->19
[2023-05-11T11:25:05.089+0000][17.554s] GC(7) Archive regions: 2->2
[2023-05-11T11:25:05.091+0000][17.555s] GC(7) Humongous regions: 4->4
[2023-05-11T11:25:05.092+0000][17.556s] GC(7) Metaspace: 36021K(36480K)->36021K(36480K) NonClass: 31566K(31808K)->31566K(31808K) Class: 4455K(4672K)->4455K(4672K)
[2023-05-11T11:25:05.093+0000][17.558s] GC(7) Pause Young (Concurrent Start) (GCLocker Initiated GC) 47M->31M(512M) 33.891ms
[2023-05-11T11:25:05.095+0000][17.559s] GC(7) User=0.02s Sys=0.00s Real=0.04s
[2023-05-11T11:25:05.096+0000][17.560s] GC(8) Concurrent Mark Cycle
[2023-05-11T11:25:05.098+0000][17.562s] GC(8) Concurrent Clear Claimed Marks
[2023-05-11T11:25:05.099+0000][17.564s] GC(8) Concurrent Clear Claimed Marks 1.414ms
[2023-05-11T11:25:05.101+0000][17.566s] GC(8) Concurrent Scan Root Regions
[2023-05-11T11:25:05.112+0000][17.576s] GC(8) Concurrent Scan Root Regions 10.294ms
[2023-05-11T11:25:05.113+0000][17.577s] GC(8) Concurrent Mark
[2023-05-11T11:25:05.117+0000][17.581s] GC(8) Concurrent Mark From Roots
[2023-05-11T11:25:05.119+0000][17.583s] GC(8) Using 1 workers of 1 for marking
[2023-05-11T11:25:05.212+0000][17.676s] GC(8) Concurrent Mark From Roots 95.900ms
[2023-05-11T11:25:05.213+0000][17.678s] GC(8) Concurrent Preclean
[2023-05-11T11:25:05.216+0000][17.680s] GC(8) Concurrent Preclean 2.667ms
[2023-05-11T11:25:05.220+0000][17.684s] GC(8) Pause Remark
[2023-05-11T11:25:05.232+0000][17.696s] GC(8) Pause Remark 34M->34M(512M) 11.782ms
[2023-05-11T11:25:05.235+0000][17.700s] GC(8) User=0.02s Sys=0.00s Real=0.02s
[2023-05-11T11:25:05.237+0000][17.702s] GC(8) Concurrent Mark 124.708ms
[2023-05-11T11:25:05.239+0000][17.703s] GC(8) Concurrent Rebuild Remembered Sets
[2023-05-11T11:25:05.270+0000][17.734s] GC(8) Concurrent Rebuild Remembered Sets 31.467ms
[2023-05-11T11:25:05.273+0000][17.738s] GC(8) Pause Cleanup
[2023-05-11T11:25:05.275+0000][17.739s] GC(8) Pause Cleanup 34M->34M(512M) 1.680ms
[2023-05-11T11:25:05.276+0000][17.740s] GC(8) User=0.00s Sys=0.00s Real=0.00s
[2023-05-11T11:25:05.278+0000][17.742s] GC(8) Concurrent Cleanup for Next Mark
[2023-05-11T11:25:05.281+0000][17.746s] GC(8) Concurrent Cleanup for Next Mark 3.519ms
[2023-05-11T11:25:05.284+0000][17.748s] GC(8) Concurrent Mark Cycle 187.768ms
[2023-05-11T11:25:21.606+0000][34.070s] GC(9) Pause Young (Concurrent Start) (G1 Evacuation Pause)
[2023-05-11T11:25:21.608+0000][34.072s] GC(9) Using 2 workers of 2 for evacuation
[2023-05-11T11:25:21.667+0000][34.132s] GC(9)   Pre Evacuate Collection Set: 0.5ms
[2023-05-11T11:25:21.670+0000][34.134s] GC(9)   Merge Heap Roots: 1.2ms
[2023-05-11T11:25:21.671+0000][34.136s] GC(9)   Evacuate Collection Set: 50.4ms
[2023-05-11T11:25:21.675+0000][34.139s] GC(9)   Post Evacuate Collection Set: 3.6ms
[2023-05-11T11:25:21.676+0000][34.140s] GC(9)   Other: 5.5ms
[2023-05-11T11:25:21.678+0000][34.142s] GC(9) Eden regions: 175->0(165)
[2023-05-11T11:25:21.680+0000][34.144s] GC(9) Survivor regions: 8->21(23)
[2023-05-11T11:25:21.681+0000][34.145s] GC(9) Old regions: 19->19
[2023-05-11T11:25:21.682+0000][34.146s] GC(9) Archive regions: 2->2
[2023-05-11T11:25:21.683+0000][34.148s] GC(9) Humongous regions: 4->4
[2023-05-11T11:25:21.685+0000][34.149s] GC(9) Metaspace: 53417K(53952K)->53417K(53952K) NonClass: 46687K(46976K)->46687K(46976K) Class: 6730K(6976K)->6730K(6976K)
[2023-05-11T11:25:21.687+0000][34.151s] GC(9) Pause Young (Concurrent Start) (G1 Evacuation Pause) 206M->44M(512M) 80.433ms
[2023-05-11T11:25:21.688+0000][34.152s] GC(9) User=0.10s Sys=0.00s Real=0.08s
[2023-05-11T11:25:21.690+0000][34.154s] GC(10) Concurrent Mark Cycle
[2023-05-11T11:25:21.693+0000][34.157s] GC(10) Concurrent Clear Claimed Marks
[2023-05-11T11:25:21.694+0000][34.158s] GC(10) Concurrent Clear Claimed Marks 0.963ms
[2023-05-11T11:25:21.696+0000][34.160s] GC(10) Concurrent Scan Root Regions
[2023-05-11T11:25:21.731+0000][34.196s] GC(10) Concurrent Scan Root Regions 35.698ms
[2023-05-11T11:25:21.733+0000][34.197s] GC(10) Concurrent Mark
[2023-05-11T11:25:21.734+0000][34.198s] GC(10) Concurrent Mark From Roots
[2023-05-11T11:25:21.735+0000][34.199s] GC(10) Using 1 workers of 1 for marking
[2023-05-11T11:25:21.787+0000][34.251s] GC(10) Concurrent Mark From Roots 53.082ms
[2023-05-11T11:25:21.790+0000][34.255s] GC(10) Concurrent Preclean
[2023-05-11T11:25:21.793+0000][34.257s] GC(10) Concurrent Preclean 2.566ms
[2023-05-11T11:25:21.795+0000][34.259s] GC(10) Pause Remark
[2023-05-11T11:25:21.807+0000][34.271s] GC(10) Pause Remark 47M->47M(512M) 11.378ms
[2023-05-11T11:25:21.808+0000][34.273s] GC(10) User=0.01s Sys=0.00s Real=0.01s
[2023-05-11T11:25:21.810+0000][34.275s] GC(10) Concurrent Mark 77.531ms
[2023-05-11T11:25:21.811+0000][34.276s] GC(10) Concurrent Rebuild Remembered Sets
[2023-05-11T11:25:21.836+0000][34.300s] GC(10) Concurrent Rebuild Remembered Sets 24.425ms
[2023-05-11T11:25:21.840+0000][34.304s] GC(10) Pause Cleanup
[2023-05-11T11:25:21.844+0000][34.308s] GC(10) Pause Cleanup 49M->49M(512M) 3.997ms
[2023-05-11T11:25:21.845+0000][34.310s] GC(10) User=0.00s Sys=0.00s Real=0.01s
[2023-05-11T11:25:21.847+0000][34.311s] GC(10) Concurrent Cleanup for Next Mark
[2023-05-11T11:25:21.850+0000][34.315s] GC(10) Concurrent Cleanup for Next Mark 3.613ms
[2023-05-11T11:25:21.852+0000][34.316s] GC(10) Concurrent Mark Cycle 162.439ms
[2023-05-11T11:40:07.078+0000][919.399s] GC(11) Pause Young (Normal) (G1 Evacuation Pause)
[2023-05-11T11:40:07.081+0000][919.401s] GC(11) Using 2 workers of 2 for evacuation
[2023-05-11T11:40:07.108+0000][919.429s] GC(11)   Pre Evacuate Collection Set: 0.4ms
[2023-05-11T11:40:07.110+0000][919.430s] GC(11)   Merge Heap Roots: 0.3ms
[2023-05-11T11:40:07.111+0000][919.432s] GC(11)   Evacuate Collection Set: 22.5ms
[2023-05-11T11:40:07.112+0000][919.433s] GC(11)   Post Evacuate Collection Set: 2.7ms
[2023-05-11T11:40:07.113+0000][919.434s] GC(11)   Other: 4.1ms
[2023-05-11T11:40:07.114+0000][919.435s] GC(11) Eden regions: 198->0(293)
[2023-05-11T11:40:07.116+0000][919.436s] GC(11) Survivor regions: 21->14(28)
[2023-05-11T11:40:07.117+0000][919.438s] GC(11) Old regions: 19->25
[2023-05-11T11:40:07.119+0000][919.439s] GC(11) Archive regions: 2->2
[2023-05-11T11:40:07.121+0000][919.442s] GC(11) Humongous regions: 4->4
[2023-05-11T11:40:07.123+0000][919.444s] GC(11) Metaspace: 55674K(56192K)->55674K(56192K) NonClass: 48678K(48960K)->48678K(48960K) Class: 6996K(7232K)->6996K(7232K)
[2023-05-11T11:40:07.125+0000][919.446s] GC(11) Pause Young (Normal) (G1 Evacuation Pause) 242M->43M(512M) 46.643ms
[2023-05-11T11:40:07.126+0000][919.447s] GC(11) User=0.05s Sys=0.01s Real=0.05s
[2023-05-11T11:41:21.342+0000][993.661s] GC(12) Pause Young (Normal) (G1 Evacuation Pause)
[2023-05-11T11:41:21.344+0000][993.663s] GC(12) Using 2 workers of 2 for evacuation
[2023-05-11T11:41:21.409+0000][993.728s] GC(12)   Pre Evacuate Collection Set: 0.7ms
[2023-05-11T11:41:21.410+0000][993.729s] GC(12)   Merge Heap Roots: 0.4ms
[2023-05-11T11:41:21.412+0000][993.731s] GC(12)   Evacuate Collection Set: 48.7ms
[2023-05-11T11:41:21.413+0000][993.732s] GC(12)   Post Evacuate Collection Set: 12.8ms
[2023-05-11T11:41:21.415+0000][993.734s] GC(12)   Other: 3.9ms
[2023-05-11T11:41:21.417+0000][993.736s] GC(12) Eden regions: 293->0(287)
[2023-05-11T11:41:21.418+0000][993.737s] GC(12) Survivor regions: 14->20(39)
[2023-05-11T11:41:21.420+0000][993.739s] GC(12) Old regions: 25->25
[2023-05-11T11:41:21.422+0000][993.741s] GC(12) Archive regions: 2->2
[2023-05-11T11:41:21.423+0000][993.742s] GC(12) Humongous regions: 4->4
[2023-05-11T11:41:21.424+0000][993.743s] GC(12) Metaspace: 55801K(56320K)->55801K(56320K) NonClass: 48797K(49088K)->48797K(49088K) Class: 7003K(7232K)->7003K(7232K)
[2023-05-11T11:41:21.426+0000][993.745s] GC(12) Pause Young (Normal) (G1 Evacuation Pause) 336M->49M(512M) 83.477ms
[2023-05-11T11:41:21.427+0000][993.746s] GC(12) User=0.11s Sys=0.01s Real=0.09s
[2023-05-11T11:41:25.173+0000][997.492s] GC(13) Pause Young (Normal) (G1 Evacuation Pause)
[2023-05-11T11:41:25.175+0000][997.494s] GC(13) Using 2 workers of 2 for evacuation
[2023-05-11T11:41:25.200+0000][997.519s] GC(13)   Pre Evacuate Collection Set: 0.4ms
[2023-05-11T11:41:25.202+0000][997.521s] GC(13)   Merge Heap Roots: 0.3ms
[2023-05-11T11:41:25.203+0000][997.522s] GC(13)   Evacuate Collection Set: 21.4ms
[2023-05-11T11:41:25.205+0000][997.524s] GC(13)   Post Evacuate Collection Set: 1.8ms
[2023-05-11T11:41:25.207+0000][997.526s] GC(13)   Other: 3.9ms
[2023-05-11T11:41:25.209+0000][997.528s] GC(13) Eden regions: 287->0(278)
[2023-05-11T11:41:25.210+0000][997.529s] GC(13) Survivor regions: 20->29(39)
[2023-05-11T11:41:25.212+0000][997.531s] GC(13) Old regions: 25->26
[2023-05-11T11:41:25.213+0000][997.532s] GC(13) Archive regions: 2->2
[2023-05-11T11:41:25.214+0000][997.533s] GC(13) Humongous regions: 4->4
[2023-05-11T11:41:25.216+0000][997.534s] GC(13) Metaspace: 55817K(56320K)->55817K(56320K) NonClass: 48813K(49088K)->48813K(49088K) Class: 7004K(7232K)->7004K(7232K)
[2023-05-11T11:41:25.217+0000][997.536s] GC(13) Pause Young (Normal) (G1 Evacuation Pause) 336M->59M(512M) 44.766ms
[2023-05-11T11:41:25.221+0000][997.540s] GC(13) User=0.05s Sys=0.00s Real=0.05s
[2023-05-11T11:41:31.156+0000][1003.475s] GC(14) Pause Young (Normal) (G1 Evacuation Pause)
[2023-05-11T11:41:31.158+0000][1003.477s] GC(14) Using 2 workers of 2 for evacuation
[2023-05-11T11:41:31.185+0000][1003.504s] GC(14)   Pre Evacuate Collection Set: 0.3ms
[2023-05-11T11:41:31.187+0000][1003.506s] GC(14)   Merge Heap Roots: 0.1ms
[2023-05-11T11:41:31.188+0000][1003.507s] GC(14)   Evacuate Collection Set: 22.9ms
[2023-05-11T11:41:31.189+0000][1003.508s] GC(14)   Post Evacuate Collection Set: 1.9ms
[2023-05-11T11:41:31.190+0000][1003.509s] GC(14)   Other: 3.4ms
[2023-05-11T11:41:31.192+0000][1003.511s] GC(14) Eden regions: 278->0(284)
[2023-05-11T11:41:31.193+0000][1003.512s] GC(14) Survivor regions: 29->23(39)
[2023-05-11T11:41:31.195+0000][1003.514s] GC(14) Old regions: 26->36
[2023-05-11T11:41:31.196+0000][1003.515s] GC(14) Archive regions: 2->2
[2023-05-11T11:41:31.197+0000][1003.516s] GC(14) Humongous regions: 4->4
[2023-05-11T11:41:31.198+0000][1003.517s] GC(14) Metaspace: 55886K(56384K)->55886K(56384K) NonClass: 48881K(49152K)->48881K(49152K) Class: 7005K(7232K)->7005K(7232K)
[2023-05-11T11:41:31.199+0000][1003.518s] GC(14) Pause Young (Normal) (G1 Evacuation Pause) 337M->62M(512M) 43.082ms
[2023-05-11T11:41:31.201+0000][1003.520s] GC(14) User=0.04s Sys=0.00s Real=0.04s
[2023-05-11T11:43:47.252+0000][1139.566s] GC(15) Pause Young (Normal) (G1 Evacuation Pause)
[2023-05-11T11:43:47.254+0000][1139.569s] GC(15) Using 2 workers of 2 for evacuation
[2023-05-11T11:43:47.267+0000][1139.582s] GC(15)   Pre Evacuate Collection Set: 0.4ms
[2023-05-11T11:43:47.268+0000][1139.583s] GC(15)   Merge Heap Roots: 0.3ms
[2023-05-11T11:43:47.270+0000][1139.584s] GC(15)   Evacuate Collection Set: 9.3ms
[2023-05-11T11:43:47.271+0000][1139.586s] GC(15)   Post Evacuate Collection Set: 1.4ms
[2023-05-11T11:43:47.273+0000][1139.587s] GC(15)   Other: 3.6ms
[2023-05-11T11:43:47.274+0000][1139.588s] GC(15) Eden regions: 284->0(295)
[2023-05-11T11:43:47.275+0000][1139.590s] GC(15) Survivor regions: 23->12(39)
[2023-05-11T11:43:47.277+0000][1139.591s] GC(15) Old regions: 36->37
[2023-05-11T11:43:47.278+0000][1139.592s] GC(15) Archive regions: 2->2
[2023-05-11T11:43:47.279+0000][1139.594s] GC(15) Humongous regions: 4->4
[2023-05-11T11:43:47.280+0000][1139.595s] GC(15) Metaspace: 56097K(56576K)->56097K(56576K) NonClass: 49087K(49344K)->49087K(49344K) Class: 7009K(7232K)->7009K(7232K)
[2023-05-11T11:43:47.282+0000][1139.596s] GC(15) Pause Young (Normal) (G1 Evacuation Pause) 346M->52M(512M) 29.656ms
[2023-05-11T11:43:47.283+0000][1139.597s] GC(15) User=0.02s Sys=0.00s Real=0.03s
[2023-05-11T11:43:48.917+0000][1141.231s] GC(16) Pause Young (Normal) (G1 Evacuation Pause)
[2023-05-11T11:43:48.918+0000][1141.232s] GC(16) Using 2 workers of 2 for evacuation
[2023-05-11T11:43:48.936+0000][1141.250s] GC(16)   Pre Evacuate Collection Set: 0.3ms
[2023-05-11T11:43:48.937+0000][1141.252s] GC(16)   Merge Heap Roots: 0.2ms
[2023-05-11T11:43:48.939+0000][1141.253s] GC(16)   Evacuate Collection Set: 14.9ms
[2023-05-11T11:43:48.940+0000][1141.255s] GC(16)   Post Evacuate Collection Set: 1.1ms
[2023-05-11T11:43:48.942+0000][1141.256s] GC(16)   Other: 2.4ms
[2023-05-11T11:43:48.943+0000][1141.257s] GC(16) Eden regions: 295->0(284)
[2023-05-11T11:43:48.944+0000][1141.259s] GC(16) Survivor regions: 12->23(39)
[2023-05-11T11:43:48.946+0000][1141.260s] GC(16) Old regions: 37->37
[2023-05-11T11:43:48.947+0000][1141.262s] GC(16) Archive regions: 2->2
[2023-05-11T11:43:48.949+0000][1141.263s] GC(16) Humongous regions: 4->4
[2023-05-11T11:43:48.950+0000][1141.264s] GC(16) Metaspace: 56127K(56640K)->56127K(56640K) NonClass: 49117K(49408K)->49117K(49408K) Class: 7009K(7232K)->7009K(7232K)
[2023-05-11T11:43:48.951+0000][1141.266s] GC(16) Pause Young (Normal) (G1 Evacuation Pause) 347M->63M(512M) 34.575ms
[2023-05-11T11:43:48.953+0000][1141.267s] GC(16) User=0.02s Sys=0.00s Real=0.04s
[2023-05-11T11:43:50.646+0000][1142.960s] GC(17) Pause Young (Normal) (G1 Evacuation Pause)
[2023-05-11T11:43:50.649+0000][1142.963s] GC(17) Using 2 workers of 2 for evacuation
[2023-05-11T11:43:50.667+0000][1142.981s] GC(17)   Pre Evacuate Collection Set: 0.1ms
[2023-05-11T11:43:50.668+0000][1142.982s] GC(17)   Merge Heap Roots: 0.0ms
[2023-05-11T11:43:50.669+0000][1142.983s] GC(17)   Evacuate Collection Set: 15.0ms
[2023-05-11T11:43:50.670+0000][1142.985s] GC(17)   Post Evacuate Collection Set: 1.3ms
[2023-05-11T11:43:50.672+0000][1142.986s] GC(17)   Other: 4.3ms
[2023-05-11T11:43:50.673+0000][1142.988s] GC(17) Eden regions: 284->0(282)
[2023-05-11T11:43:50.675+0000][1142.989s] GC(17) Survivor regions: 23->25(39)
[2023-05-11T11:43:50.676+0000][1142.991s] GC(17) Old regions: 37->45
[2023-05-11T11:43:50.678+0000][1142.993s] GC(17) Archive regions: 2->2
[2023-05-11T11:43:50.680+0000][1142.994s] GC(17) Humongous regions: 5->5
[2023-05-11T11:43:50.680+0000][1142.995s] GC(17) Metaspace: 56137K(56640K)->56137K(56640K) NonClass: 49128K(49408K)->49128K(49408K) Class: 7009K(7232K)->7009K(7232K)
[2023-05-11T11:43:50.682+0000][1142.996s] GC(17) Pause Young (Normal) (G1 Evacuation Pause) 348M->75M(512M) 35.999ms
[2023-05-11T11:43:50.683+0000][1142.998s] GC(17) User=0.03s Sys=0.00s Real=0.04s
[2023-05-11T11:43:52.277+0000][1144.592s] GC(18) Pause Young (Normal) (G1 Evacuation Pause)
[2023-05-11T11:43:52.278+0000][1144.593s] GC(18) Using 2 workers of 2 for evacuation
[2023-05-11T11:43:52.309+0000][1144.623s] GC(18)   Pre Evacuate Collection Set: 0.2ms
[2023-05-11T11:43:52.315+0000][1144.629s] GC(18)   Merge Heap Roots: 0.4ms
[2023-05-11T11:43:52.317+0000][1144.631s] GC(18)   Evacuate Collection Set: 26.9ms
[2023-05-11T11:43:52.319+0000][1144.633s] GC(18)   Post Evacuate Collection Set: 1.2ms
[2023-05-11T11:43:52.320+0000][1144.634s] GC(18)   Other: 2.9ms
[2023-05-11T11:43:52.321+0000][1144.636s] GC(18) Eden regions: 282->0(280)
[2023-05-11T11:43:52.323+0000][1144.637s] GC(18) Survivor regions: 25->27(39)
[2023-05-11T11:43:52.324+0000][1144.638s] GC(18) Old regions: 45->54
[2023-05-11T11:43:52.327+0000][1144.641s] GC(18) Archive regions: 2->2
[2023-05-11T11:43:52.329+0000][1144.643s] GC(18) Humongous regions: 5->5
[2023-05-11T11:43:52.332+0000][1144.646s] GC(18) Metaspace: 56141K(56640K)->56141K(56640K) NonClass: 49131K(49408K)->49131K(49408K) Class: 7009K(7232K)->7009K(7232K)
[2023-05-11T11:43:52.333+0000][1144.648s] GC(18) Pause Young (Normal) (G1 Evacuation Pause) 357M->85M(512M) 55.978ms
[2023-05-11T11:43:52.335+0000][1144.649s] GC(18) User=0.03s Sys=0.00s Real=0.06s
[2023-05-11T11:43:54.050+0000][1146.364s] GC(19) Pause Young (Normal) (G1 Evacuation Pause)
[2023-05-11T11:43:54.052+0000][1146.366s] GC(19) Using 2 workers of 2 for evacuation
[2023-05-11T11:43:54.074+0000][1146.388s] GC(19)   Pre Evacuate Collection Set: 0.5ms
[2023-05-11T11:43:54.075+0000][1146.390s] GC(19)   Merge Heap Roots: 0.5ms
[2023-05-11T11:43:54.077+0000][1146.391s] GC(19)   Evacuate Collection Set: 18.6ms
[2023-05-11T11:43:54.078+0000][1146.392s] GC(19)   Post Evacuate Collection Set: 1.1ms
[2023-05-11T11:43:54.079+0000][1146.393s] GC(19)   Other: 2.9ms
[2023-05-11T11:43:54.080+0000][1146.395s] GC(19) Eden regions: 280->0(283)
[2023-05-11T11:43:54.082+0000][1146.396s] GC(19) Survivor regions: 27->24(39)
[2023-05-11T11:43:54.083+0000][1146.398s] GC(19) Old regions: 54->64
[2023-05-11T11:43:54.085+0000][1146.399s] GC(19) Archive regions: 2->2
[2023-05-11T11:43:54.086+0000][1146.400s] GC(19) Humongous regions: 8->8
[2023-05-11T11:43:54.087+0000][1146.402s] GC(19) Metaspace: 56149K(56640K)->56149K(56640K) NonClass: 49139K(49408K)->49139K(49408K) Class: 7009K(7232K)->7009K(7232K)
[2023-05-11T11:43:54.088+0000][1146.403s] GC(19) Pause Young (Normal) (G1 Evacuation Pause) 368M->96M(512M) 38.367ms
[2023-05-11T11:43:54.090+0000][1146.404s] GC(19) User=0.03s Sys=0.00s Real=0.04s
[2023-05-11T11:43:55.878+0000][1148.192s] GC(20) Pause Young (Normal) (G1 Evacuation Pause)
[2023-05-11T11:43:55.880+0000][1148.194s] GC(20) Using 2 workers of 2 for evacuation
[2023-05-11T11:43:55.916+0000][1148.230s] GC(20)   Pre Evacuate Collection Set: 0.6ms
[2023-05-11T11:43:55.919+0000][1148.234s] GC(20)   Merge Heap Roots: 0.6ms
[2023-05-11T11:43:55.921+0000][1148.235s] GC(20)   Evacuate Collection Set: 31.7ms
[2023-05-11T11:43:55.922+0000][1148.236s] GC(20)   Post Evacuate Collection Set: 1.7ms
[2023-05-11T11:43:55.924+0000][1148.238s] GC(20)   Other: 3.2ms
[2023-05-11T11:43:55.926+0000][1148.240s] GC(20) Eden regions: 283->0(283)
[2023-05-11T11:43:55.927+0000][1148.241s] GC(20) Survivor regions: 24->24(39)
[2023-05-11T11:43:55.928+0000][1148.243s] GC(20) Old regions: 64->74
[2023-05-11T11:43:55.929+0000][1148.244s] GC(20) Archive regions: 2->2
[2023-05-11T11:43:55.930+0000][1148.245s] GC(20) Humongous regions: 13->12
[2023-05-11T11:43:55.932+0000][1148.246s] GC(20) Metaspace: 56170K(56640K)->56170K(56640K) NonClass: 49160K(49408K)->49160K(49408K) Class: 7010K(7232K)->7010K(7232K)
[2023-05-11T11:43:55.933+0000][1148.248s] GC(20) Pause Young (Normal) (G1 Evacuation Pause) 384M->110M(512M) 55.271ms
[2023-05-11T11:43:55.935+0000][1148.249s] GC(20) User=0.06s Sys=0.00s Real=0.06s
[2023-05-11T11:43:57.574+0000][1149.889s] GC(21) Pause Young (Normal) (G1 Evacuation Pause)
[2023-05-11T11:43:57.576+0000][1149.891s] GC(21) Using 2 workers of 2 for evacuation
[2023-05-11T11:43:57.601+0000][1149.915s] GC(21)   Pre Evacuate Collection Set: 0.5ms
[2023-05-11T11:43:57.602+0000][1149.916s] GC(21)   Merge Heap Roots: 0.9ms
[2023-05-11T11:43:57.603+0000][1149.918s] GC(21)   Evacuate Collection Set: 20.4ms
[2023-05-11T11:43:57.604+0000][1149.919s] GC(21)   Post Evacuate Collection Set: 1.1ms
[2023-05-11T11:43:57.606+0000][1149.920s] GC(21)   Other: 3.5ms
[2023-05-11T11:43:57.607+0000][1149.922s] GC(21) Eden regions: 283->0(281)
[2023-05-11T11:43:57.609+0000][1149.923s] GC(21) Survivor regions: 24->26(39)
[2023-05-11T11:43:57.610+0000][1149.925s] GC(21) Old regions: 74->82
[2023-05-11T11:43:57.611+0000][1149.926s] GC(21) Archive regions: 2->2
[2023-05-11T11:43:57.612+0000][1149.927s] GC(21) Humongous regions: 13->13
[2023-05-11T11:43:57.614+0000][1149.928s] GC(21) Metaspace: 56184K(56704K)->56184K(56704K) NonClass: 49174K(49472K)->49174K(49472K) Class: 7010K(7232K)->7010K(7232K)
[2023-05-11T11:43:57.615+0000][1149.930s] GC(21) Pause Young (Normal) (G1 Evacuation Pause) 394M->121M(512M) 40.746ms
[2023-05-11T11:43:57.617+0000][1149.931s] GC(21) User=0.04s Sys=0.00s Real=0.04s
[2023-05-11T11:43:59.052+0000][1151.366s] GC(22) Pause Young (Normal) (G1 Evacuation Pause)
[2023-05-11T11:43:59.053+0000][1151.368s] GC(22) Using 2 workers of 2 for evacuation
[2023-05-11T11:43:59.080+0000][1151.395s] GC(22)   Pre Evacuate Collection Set: 0.2ms
[2023-05-11T11:43:59.082+0000][1151.396s] GC(22)   Merge Heap Roots: 0.5ms
[2023-05-11T11:43:59.084+0000][1151.398s] GC(22)   Evacuate Collection Set: 23.5ms
[2023-05-11T11:43:59.085+0000][1151.400s] GC(22)   Post Evacuate Collection Set: 1.4ms
[2023-05-11T11:43:59.087+0000][1151.401s] GC(22)   Other: 2.8ms
[2023-05-11T11:43:59.089+0000][1151.403s] GC(22) Eden regions: 281->0(274)
[2023-05-11T11:43:59.090+0000][1151.405s] GC(22) Survivor regions: 26->27(39)
[2023-05-11T11:43:59.093+0000][1151.407s] GC(22) Old regions: 82->91
[2023-05-11T11:43:59.095+0000][1151.409s] GC(22) Archive regions: 2->2
[2023-05-11T11:43:59.096+0000][1151.411s] GC(22) Humongous regions: 17->17
[2023-05-11T11:43:59.099+0000][1151.413s] GC(22) Metaspace: 56192K(56704K)->56192K(56704K) NonClass: 49181K(49472K)->49181K(49472K) Class: 7010K(7232K)->7010K(7232K)
[2023-05-11T11:43:59.101+0000][1151.416s] GC(22) Pause Young (Normal) (G1 Evacuation Pause) 406M->135M(512M) 48.993ms
[2023-05-11T11:43:59.103+0000][1151.418s] GC(22) User=0.04s Sys=0.01s Real=0.05s
[2023-05-11T11:44:00.450+0000][1152.764s] GC(23) Pause Young (Normal) (G1 Evacuation Pause)
[2023-05-11T11:44:00.451+0000][1152.766s] GC(23) Using 2 workers of 2 for evacuation
[2023-05-11T11:44:00.476+0000][1152.791s] GC(23)   Pre Evacuate Collection Set: 1.0ms
[2023-05-11T11:44:00.477+0000][1152.792s] GC(23)   Merge Heap Roots: 1.5ms
[2023-05-11T11:44:00.479+0000][1152.793s] GC(23)   Evacuate Collection Set: 18.6ms
[2023-05-11T11:44:00.481+0000][1152.796s] GC(23)   Post Evacuate Collection Set: 1.8ms
[2023-05-11T11:44:00.483+0000][1152.797s] GC(23)   Other: 3.2ms
[2023-05-11T11:44:00.485+0000][1152.799s] GC(23) Eden regions: 274->0(263)
[2023-05-11T11:44:00.486+0000][1152.801s] GC(23) Survivor regions: 27->28(38)
[2023-05-11T11:44:00.488+0000][1152.802s] GC(23) Old regions: 91->100
[2023-05-11T11:44:00.489+0000][1152.804s] GC(23) Archive regions: 2->2
[2023-05-11T11:44:00.491+0000][1152.805s] GC(23) Humongous regions: 17->17
[2023-05-11T11:44:00.492+0000][1152.806s] GC(23) Metaspace: 56201K(56704K)->56201K(56704K) NonClass: 49190K(49472K)->49190K(49472K) Class: 7010K(7232K)->7010K(7232K)
[2023-05-11T11:44:00.493+0000][1152.808s] GC(23) Pause Young (Normal) (G1 Evacuation Pause) 409M->145M(512M) 43.374ms
[2023-05-11T11:44:00.495+0000][1152.809s] GC(23) User=0.04s Sys=0.01s Real=0.05s
[2023-05-11T11:44:03.885+0000][1156.199s] GC(24) Pause Young (Normal) (G1 Evacuation Pause)
[2023-05-11T11:44:03.887+0000][1156.201s] GC(24) Using 2 workers of 2 for evacuation
[2023-05-11T11:44:03.913+0000][1156.227s] GC(24)   Pre Evacuate Collection Set: 0.4ms
[2023-05-11T11:44:03.914+0000][1156.229s] GC(24)   Merge Heap Roots: 0.8ms
[2023-05-11T11:44:03.916+0000][1156.230s] GC(24)   Evacuate Collection Set: 20.9ms
[2023-05-11T11:44:03.917+0000][1156.231s] GC(24)   Post Evacuate Collection Set: 1.3ms
[2023-05-11T11:44:03.919+0000][1156.233s] GC(24)   Other: 4.6ms
[2023-05-11T11:44:03.920+0000][1156.234s] GC(24) Eden regions: 263->0(256)
[2023-05-11T11:44:03.921+0000][1156.236s] GC(24) Survivor regions: 28->29(37)
[2023-05-11T11:44:03.922+0000][1156.237s] GC(24) Old regions: 100->110
[2023-05-11T11:44:03.925+0000][1156.239s] GC(24) Archive regions: 2->2
[2023-05-11T11:44:03.926+0000][1156.240s] GC(24) Humongous regions: 17->17
[2023-05-11T11:44:03.928+0000][1156.242s] GC(24) Metaspace: 56236K(56768K)->56236K(56768K) NonClass: 49225K(49536K)->49225K(49536K) Class: 7010K(7232K)->7010K(7232K)
[2023-05-11T11:44:03.931+0000][1156.245s] GC(24) Pause Young (Normal) (G1 Evacuation Pause) 408M->156M(512M) 45.496ms
[2023-05-11T11:44:03.935+0000][1156.249s] GC(24) User=0.03s Sys=0.00s Real=0.05s
[2023-05-11T11:44:07.487+0000][1159.801s] GC(25) Pause Young (Normal) (G1 Evacuation Pause)
[2023-05-11T11:44:07.493+0000][1159.806s] GC(25) Using 2 workers of 2 for evacuation
[2023-05-11T11:44:07.544+0000][1159.857s] GC(25)   Pre Evacuate Collection Set: 0.2ms
[2023-05-11T11:44:07.546+0000][1159.859s] GC(25)   Merge Heap Roots: 0.2ms
[2023-05-11T11:44:07.563+0000][1159.877s] GC(25)   Evacuate Collection Set: 47.9ms
[2023-05-11T11:44:07.565+0000][1159.879s] GC(25)   Post Evacuate Collection Set: 1.2ms
[2023-05-11T11:44:07.567+0000][1159.880s] GC(25)   Other: 7.4ms
[2023-05-11T11:44:07.569+0000][1159.882s] GC(25) Eden regions: 256->0(248)
[2023-05-11T11:44:07.570+0000][1159.883s] GC(25) Survivor regions: 29->23(36)
[2023-05-11T11:44:07.572+0000][1159.885s] GC(25) Old regions: 110->126
[2023-05-11T11:44:07.573+0000][1159.887s] GC(25) Archive regions: 2->2
[2023-05-11T11:44:07.575+0000][1159.888s] GC(25) Humongous regions: 18->18
[2023-05-11T11:44:07.577+0000][1159.890s] GC(25) Metaspace: 56254K(56768K)->56254K(56768K) NonClass: 49243K(49536K)->49243K(49536K) Class: 7010K(7232K)->7010K(7232K)
[2023-05-11T11:44:07.579+0000][1159.892s] GC(25) Pause Young (Normal) (G1 Evacuation Pause) 413M->167M(512M) 91.468ms
[2023-05-11T11:44:07.580+0000][1159.893s] GC(25) User=0.12s Sys=0.00s Real=0.09s
[2023-05-11T11:44:12.371+0000][1164.685s] GC(26) Pause Young (Normal) (G1 Evacuation Pause)
[2023-05-11T11:44:12.373+0000][1164.687s] GC(26) Using 2 workers of 2 for evacuation
[2023-05-11T11:44:12.398+0000][1164.711s] GC(26)   Pre Evacuate Collection Set: 0.2ms
[2023-05-11T11:44:12.399+0000][1164.713s] GC(26)   Merge Heap Roots: 0.2ms
[2023-05-11T11:44:12.402+0000][1164.715s] GC(26)   Evacuate Collection Set: 19.8ms
[2023-05-11T11:44:12.403+0000][1164.717s] GC(26)   Post Evacuate Collection Set: 1.5ms
[2023-05-11T11:44:12.405+0000][1164.719s] GC(26)   Other: 5.3ms
[2023-05-11T11:44:12.408+0000][1164.722s] GC(26) Eden regions: 248->0(242)
[2023-05-11T11:44:12.411+0000][1164.724s] GC(26) Survivor regions: 23->21(34)
[2023-05-11T11:44:12.412+0000][1164.725s] GC(26) Old regions: 126->136
[2023-05-11T11:44:12.413+0000][1164.727s] GC(26) Archive regions: 2->2
[2023-05-11T11:44:12.415+0000][1164.728s] GC(26) Humongous regions: 18->18
[2023-05-11T11:44:12.417+0000][1164.730s] GC(26) Metaspace: 56278K(56768K)->56278K(56768K) NonClass: 49267K(49536K)->49267K(49536K) Class: 7010K(7232K)->7010K(7232K)
[2023-05-11T11:44:12.418+0000][1164.732s] GC(26) Pause Young (Normal) (G1 Evacuation Pause) 415M->175M(512M) 47.247ms
[2023-05-11T11:44:12.419+0000][1164.733s] GC(26) User=0.04s Sys=0.00s Real=0.05s
[2023-05-11T11:44:14.259+0000][1166.573s] GC(27) Pause Young (Normal) (G1 Evacuation Pause)
[2023-05-11T11:44:14.263+0000][1166.576s] GC(27) Using 2 workers of 2 for evacuation
[2023-05-11T11:44:14.303+0000][1166.616s] GC(27)   Pre Evacuate Collection Set: 0.4ms
[2023-05-11T11:44:14.305+0000][1166.618s] GC(27)   Merge Heap Roots: 2.2ms
[2023-05-11T11:44:14.306+0000][1166.620s] GC(27)   Evacuate Collection Set: 34.3ms
[2023-05-11T11:44:14.308+0000][1166.622s] GC(27)   Post Evacuate Collection Set: 1.3ms
[2023-05-11T11:44:14.314+0000][1166.628s] GC(27)   Other: 5.3ms
[2023-05-11T11:44:14.316+0000][1166.630s] GC(27) Eden regions: 242->0(242)
[2023-05-11T11:44:14.319+0000][1166.632s] GC(27) Survivor regions: 21->16(33)
[2023-05-11T11:44:14.321+0000][1166.634s] GC(27) Old regions: 136->145
[2023-05-11T11:44:14.323+0000][1166.636s] GC(27) Archive regions: 2->2
[2023-05-11T11:44:14.324+0000][1166.638s] GC(27) Humongous regions: 18->18
[2023-05-11T11:44:14.327+0000][1166.640s] GC(27) Metaspace: 56278K(56768K)->56278K(56768K) NonClass: 49267K(49536K)->49267K(49536K) Class: 7010K(7232K)->7010K(7232K)
[2023-05-11T11:44:14.329+0000][1166.642s] GC(27) Pause Young (Normal) (G1 Evacuation Pause) 417M->179M(512M) 69.576ms
[2023-05-11T11:44:14.331+0000][1166.644s] GC(27) User=0.08s Sys=0.01s Real=0.07s
[2023-05-11T11:44:18.255+0000][1170.568s] GC(28) Pause Young (Normal) (G1 Evacuation Pause)
[2023-05-11T11:44:18.257+0000][1170.570s] GC(28) Using 2 workers of 2 for evacuation
[2023-05-11T11:44:18.274+0000][1170.587s] GC(28)   Pre Evacuate Collection Set: 0.1ms
[2023-05-11T11:44:18.277+0000][1170.590s] GC(28)   Merge Heap Roots: 0.2ms
[2023-05-11T11:44:18.278+0000][1170.592s] GC(28)   Evacuate Collection Set: 14.0ms
[2023-05-11T11:44:18.280+0000][1170.593s] GC(28)   Post Evacuate Collection Set: 1.2ms
[2023-05-11T11:44:18.283+0000][1170.596s] GC(28)   Other: 3.6ms
[2023-05-11T11:44:18.285+0000][1170.598s] GC(28) Eden regions: 242->0(242)
[2023-05-11T11:44:18.296+0000][1170.609s] GC(28) Survivor regions: 16->20(33)
[2023-05-11T11:44:18.299+0000][1170.612s] GC(28) Old regions: 145->145
[2023-05-11T11:44:18.300+0000][1170.614s] GC(28) Archive regions: 2->2
[2023-05-11T11:44:18.311+0000][1170.625s] GC(28) Humongous regions: 18->18
[2023-05-11T11:44:18.315+0000][1170.629s] GC(28) Metaspace: 56282K(56768K)->56282K(56768K) NonClass: 49271K(49536K)->49271K(49536K) Class: 7010K(7232K)->7010K(7232K)
[2023-05-11T11:44:18.318+0000][1170.632s] GC(28) Pause Young (Normal) (G1 Evacuation Pause) 421M->182M(512M) 63.026ms
[2023-05-11T11:44:18.322+0000][1170.636s] GC(28) User=0.03s Sys=0.00s Real=0.07s
[2023-05-11T11:44:23.619+0000][1175.933s] GC(29) Pause Young (Normal) (G1 Evacuation Pause)
[2023-05-11T11:44:23.621+0000][1175.935s] GC(29) Using 2 workers of 2 for evacuation
[2023-05-11T11:44:23.648+0000][1175.961s] GC(29)   Pre Evacuate Collection Set: 0.7ms
[2023-05-11T11:44:23.651+0000][1175.965s] GC(29)   Merge Heap Roots: 0.6ms
[2023-05-11T11:44:23.653+0000][1175.967s] GC(29)   Evacuate Collection Set: 21.6ms
[2023-05-11T11:44:23.657+0000][1175.971s] GC(29)   Post Evacuate Collection Set: 2.0ms
[2023-05-11T11:44:23.659+0000][1175.973s] GC(29)   Other: 3.7ms
[2023-05-11T11:44:23.661+0000][1175.975s] GC(29) Eden regions: 242->0(235)
[2023-05-11T11:44:23.664+0000][1175.977s] GC(29) Survivor regions: 20->19(33)
[2023-05-11T11:44:23.666+0000][1175.980s] GC(29) Old regions: 145->152
[2023-05-11T11:44:23.671+0000][1175.984s] GC(29) Archive regions: 2->2
[2023-05-11T11:44:23.673+0000][1175.987s] GC(29) Humongous regions: 18->18
[2023-05-11T11:44:23.676+0000][1175.989s] GC(29) Metaspace: 56293K(56768K)->56293K(56768K) NonClass: 49282K(49536K)->49282K(49536K) Class: 7010K(7232K)->7010K(7232K)
[2023-05-11T11:44:23.677+0000][1175.991s] GC(29) Pause Young (Normal) (G1 Evacuation Pause) 424M->188M(512M) 58.024ms
[2023-05-11T11:44:23.679+0000][1175.993s] GC(29) User=0.04s Sys=0.00s Real=0.06s
[2023-05-11T11:44:27.731+0000][1180.044s] GC(30) Pause Young (Normal) (G1 Evacuation Pause)
[2023-05-11T11:44:27.742+0000][1180.055s] GC(30) Using 2 workers of 2 for evacuation
[2023-05-11T11:44:27.806+0000][1180.119s] GC(30)   Pre Evacuate Collection Set: 0.2ms
[2023-05-11T11:44:27.809+0000][1180.123s] GC(30)   Merge Heap Roots: 1.1ms
[2023-05-11T11:44:27.811+0000][1180.124s] GC(30)   Evacuate Collection Set: 53.2ms
[2023-05-11T11:44:27.813+0000][1180.127s] GC(30)   Post Evacuate Collection Set: 1.0ms
[2023-05-11T11:44:27.824+0000][1180.138s] GC(30)   Other: 19.9ms
[2023-05-11T11:44:27.828+0000][1180.141s] GC(30) Eden regions: 235->0(227)
[2023-05-11T11:44:27.832+0000][1180.145s] GC(30) Survivor regions: 19->21(32)
[2023-05-11T11:44:27.834+0000][1180.147s] GC(30) Old regions: 152->156
[2023-05-11T11:44:27.835+0000][1180.149s] GC(30) Archive regions: 2->2
[2023-05-11T11:44:27.839+0000][1180.153s] GC(30) Humongous regions: 18->18
[2023-05-11T11:44:27.846+0000][1180.160s] GC(30) Metaspace: 56314K(56832K)->56314K(56832K) NonClass: 49303K(49600K)->49303K(49600K) Class: 7010K(7232K)->7010K(7232K)
[2023-05-11T11:44:27.848+0000][1180.162s] GC(30) Pause Young (Normal) (G1 Evacuation Pause) 423M->195M(512M) 117.629ms
[2023-05-11T11:44:27.849+0000][1180.163s] GC(30) User=0.14s Sys=0.02s Real=0.12s
[2023-05-11T11:44:33.129+0000][1185.442s] GC(31) Pause Young (Normal) (G1 Evacuation Pause)
[2023-05-11T11:44:33.130+0000][1185.444s] GC(31) Using 2 workers of 2 for evacuation
[2023-05-11T11:44:33.146+0000][1185.459s] GC(31)   Pre Evacuate Collection Set: 0.2ms
[2023-05-11T11:44:33.147+0000][1185.461s] GC(31)   Merge Heap Roots: 0.1ms
[2023-05-11T11:44:33.149+0000][1185.462s] GC(31)   Evacuate Collection Set: 12.1ms
[2023-05-11T11:44:33.150+0000][1185.464s] GC(31)   Post Evacuate Collection Set: 1.3ms
[2023-05-11T11:44:33.152+0000][1185.465s] GC(31)   Other: 3.4ms
[2023-05-11T11:44:33.153+0000][1185.467s] GC(31) Eden regions: 227->0(219)
[2023-05-11T11:44:33.155+0000][1185.468s] GC(31) Survivor regions: 21->21(31)
[2023-05-11T11:44:33.156+0000][1185.469s] GC(31) Old regions: 156->165
[2023-05-11T11:44:33.158+0000][1185.472s] GC(31) Archive regions: 2->2
[2023-05-11T11:44:33.160+0000][1185.473s] GC(31) Humongous regions: 18->18
[2023-05-11T11:44:33.161+0000][1185.475s] GC(31) Metaspace: 56318K(56832K)->56318K(56832K) NonClass: 49307K(49600K)->49307K(49600K) Class: 7011K(7232K)->7011K(7232K)
[2023-05-11T11:44:33.163+0000][1185.476s] GC(31) Pause Young (Normal) (G1 Evacuation Pause) 422M->204M(512M) 34.343ms
[2023-05-11T11:44:33.164+0000][1185.478s] GC(31) User=0.03s Sys=0.01s Real=0.04s
[2023-05-11T11:44:34.765+0000][1187.078s] GC(32) Pause Young (Normal) (G1 Evacuation Pause)
[2023-05-11T11:44:34.767+0000][1187.081s] GC(32) Using 2 workers of 2 for evacuation
[2023-05-11T11:44:34.800+0000][1187.113s] GC(32)   Pre Evacuate Collection Set: 0.1ms
[2023-05-11T11:44:34.802+0000][1187.115s] GC(32)   Merge Heap Roots: 0.2ms
[2023-05-11T11:44:34.803+0000][1187.116s] GC(32)   Evacuate Collection Set: 28.9ms
[2023-05-11T11:44:34.804+0000][1187.118s] GC(32)   Post Evacuate Collection Set: 1.5ms
[2023-05-11T11:44:34.809+0000][1187.122s] GC(32)   Other: 4.6ms
[2023-05-11T11:44:34.811+0000][1187.124s] GC(32) Eden regions: 219->0(220)
[2023-05-11T11:44:34.813+0000][1187.126s] GC(32) Survivor regions: 21->14(30)
[2023-05-11T11:44:34.814+0000][1187.128s] GC(32) Old regions: 165->176
[2023-05-11T11:44:34.816+0000][1187.129s] GC(32) Archive regions: 2->2
[2023-05-11T11:44:34.817+0000][1187.130s] GC(32) Humongous regions: 18->18
[2023-05-11T11:44:34.819+0000][1187.133s] GC(32) Metaspace: 56319K(56832K)->56319K(56832K) NonClass: 49308K(49600K)->49308K(49600K) Class: 7011K(7232K)->7011K(7232K)
[2023-05-11T11:44:34.822+0000][1187.136s] GC(32) Pause Young (Normal) (G1 Evacuation Pause) 423M->207M(512M) 57.419ms
[2023-05-11T11:44:34.823+0000][1187.137s] GC(32) User=0.05s Sys=0.00s Real=0.06s
[2023-05-11T11:44:39.154+0000][1191.467s] GC(33) Pause Young (Normal) (G1 Evacuation Pause)
[2023-05-11T11:44:39.156+0000][1191.470s] GC(33) Using 2 workers of 2 for evacuation
[2023-05-11T11:44:39.214+0000][1191.528s] GC(33)   Pre Evacuate Collection Set: 0.5ms
[2023-05-11T11:44:39.216+0000][1191.530s] GC(33)   Merge Heap Roots: 0.3ms
[2023-05-11T11:44:39.218+0000][1191.532s] GC(33)   Evacuate Collection Set: 50.7ms
[2023-05-11T11:44:39.219+0000][1191.533s] GC(33)   Post Evacuate Collection Set: 0.9ms
[2023-05-11T11:44:39.220+0000][1191.534s] GC(33)   Other: 7.8ms
[2023-05-11T11:44:39.222+0000][1191.536s] GC(33) Eden regions: 220->0(217)
[2023-05-11T11:44:39.223+0000][1191.537s] GC(33) Survivor regions: 14->18(30)
[2023-05-11T11:44:39.232+0000][1191.545s] GC(33) Old regions: 176->176
[2023-05-11T11:44:39.234+0000][1191.548s] GC(33) Archive regions: 2->2
[2023-05-11T11:44:39.236+0000][1191.549s] GC(33) Humongous regions: 18->18
[2023-05-11T11:44:39.242+0000][1191.556s] GC(33) Metaspace: 56333K(56832K)->56333K(56832K) NonClass: 49322K(49600K)->49322K(49600K) Class: 7011K(7232K)->7011K(7232K)
[2023-05-11T11:44:39.246+0000][1191.559s] GC(33) Pause Young (Normal) (G1 Evacuation Pause) 427M->211M(512M) 91.966ms
[2023-05-11T11:44:39.247+0000][1191.561s] GC(33) User=0.12s Sys=0.01s Real=0.09s
[2023-05-11T11:44:43.861+0000][1196.174s] GC(34) Pause Young (Normal) (G1 Evacuation Pause)
[2023-05-11T11:44:43.891+0000][1196.205s] GC(34) Using 2 workers of 2 for evacuation
[2023-05-11T11:44:43.985+0000][1196.299s] GC(34)   Pre Evacuate Collection Set: 1.3ms
[2023-05-11T11:44:43.989+0000][1196.302s] GC(34)   Merge Heap Roots: 1.5ms
[2023-05-11T11:44:43.992+0000][1196.306s] GC(34)   Evacuate Collection Set: 74.8ms
[2023-05-11T11:44:44.011+0000][1196.325s] GC(34)   Post Evacuate Collection Set: 2.2ms
[2023-05-11T11:44:44.018+0000][1196.332s] GC(34)   Other: 44.8ms
[2023-05-11T11:44:44.021+0000][1196.335s] GC(34) Eden regions: 217->0(209)
[2023-05-11T11:44:44.023+0000][1196.337s] GC(34) Survivor regions: 18->19(30)
[2023-05-11T11:44:44.032+0000][1196.346s] GC(34) Old regions: 176->183
[2023-05-11T11:44:44.033+0000][1196.347s] GC(34) Archive regions: 2->2
[2023-05-11T11:44:44.036+0000][1196.350s] GC(34) Humongous regions: 18->18
[2023-05-11T11:44:44.038+0000][1196.352s] GC(34) Metaspace: 56340K(56832K)->56340K(56832K) NonClass: 49329K(49600K)->49329K(49600K) Class: 7011K(7232K)->7011K(7232K)
[2023-05-11T11:44:44.043+0000][1196.357s] GC(34) Pause Young (Normal) (G1 Evacuation Pause) 428M->219M(512M) 182.110ms
[2023-05-11T11:44:44.044+0000][1196.358s] GC(34) User=0.18s Sys=0.01s Real=0.19s
[2023-05-11T11:46:43.591+0000][1315.900s] GC(35) Pause Young (Normal) (G1 Evacuation Pause)
[2023-05-11T11:46:43.594+0000][1315.903s] GC(35) Using 2 workers of 2 for evacuation
[2023-05-11T11:46:43.612+0000][1315.921s] GC(35)   Pre Evacuate Collection Set: 0.5ms
[2023-05-11T11:46:43.614+0000][1315.923s] GC(35)   Merge Heap Roots: 0.4ms
[2023-05-11T11:46:43.615+0000][1315.925s] GC(35)   Evacuate Collection Set: 14.3ms
[2023-05-11T11:46:43.617+0000][1315.926s] GC(35)   Post Evacuate Collection Set: 1.5ms
[2023-05-11T11:46:43.618+0000][1315.927s] GC(35)   Other: 4.1ms
[2023-05-11T11:46:43.619+0000][1315.928s] GC(35) Eden regions: 209->0(219)
[2023-05-11T11:46:43.621+0000][1315.930s] GC(35) Survivor regions: 19->10(29)
[2023-05-11T11:46:43.622+0000][1315.931s] GC(35) Old regions: 183->186
[2023-05-11T11:46:43.624+0000][1315.933s] GC(35) Archive regions: 2->2
[2023-05-11T11:46:43.625+0000][1315.934s] GC(35) Humongous regions: 18->18
[2023-05-11T11:46:43.626+0000][1315.935s] GC(35) Metaspace: 57839K(58368K)->57839K(58368K) NonClass: 50678K(50944K)->50678K(50944K) Class: 7161K(7424K)->7161K(7424K)
[2023-05-11T11:46:43.629+0000][1315.938s] GC(35) Pause Young (Normal) (G1 Evacuation Pause) 428M->214M(512M) 37.816ms
[2023-05-11T11:46:43.631+0000][1315.940s] GC(35) User=0.02s Sys=0.00s Real=0.04s
[2023-05-11T11:46:47.168+0000][1319.477s] GC(36) Pause Young (Normal) (G1 Evacuation Pause)
[2023-05-11T11:46:47.171+0000][1319.480s] GC(36) Using 2 workers of 2 for evacuation
[2023-05-11T11:46:47.190+0000][1319.499s] GC(36)   Pre Evacuate Collection Set: 0.2ms
[2023-05-11T11:46:47.191+0000][1319.500s] GC(36)   Merge Heap Roots: 0.3ms
[2023-05-11T11:46:47.193+0000][1319.502s] GC(36)   Evacuate Collection Set: 15.9ms
[2023-05-11T11:46:47.194+0000][1319.503s] GC(36)   Post Evacuate Collection Set: 1.0ms
[2023-05-11T11:46:47.195+0000][1319.504s] GC(36)   Other: 4.4ms
[2023-05-11T11:46:47.197+0000][1319.506s] GC(36) Eden regions: 219->0(223)
[2023-05-11T11:46:47.198+0000][1319.507s] GC(36) Survivor regions: 10->10(29)
[2023-05-11T11:46:47.200+0000][1319.509s] GC(36) Old regions: 186->186
[2023-05-11T11:46:47.201+0000][1319.510s] GC(36) Archive regions: 2->2
[2023-05-11T11:46:47.202+0000][1319.511s] GC(36) Humongous regions: 18->18
[2023-05-11T11:46:47.204+0000][1319.513s] GC(36) Metaspace: 57922K(58432K)->57922K(58432K) NonClass: 50761K(51008K)->50761K(51008K) Class: 7161K(7424K)->7161K(7424K)
[2023-05-11T11:46:47.205+0000][1319.514s] GC(36) Pause Young (Normal) (G1 Evacuation Pause) 433M->214M(512M) 37.319ms
[2023-05-11T11:46:47.207+0000][1319.516s] GC(36) User=0.05s Sys=0.00s Real=0.05s
[2023-05-11T11:46:50.237+0000][1322.546s] GC(37) Pause Young (Normal) (G1 Evacuation Pause)
[2023-05-11T11:46:50.242+0000][1322.551s] GC(37) Using 2 workers of 2 for evacuation
[2023-05-11T11:46:50.251+0000][1322.560s] GC(37)   Pre Evacuate Collection Set: 0.3ms
[2023-05-11T11:46:50.253+0000][1322.562s] GC(37)   Merge Heap Roots: 0.1ms
[2023-05-11T11:46:50.255+0000][1322.564s] GC(37)   Evacuate Collection Set: 5.7ms
[2023-05-11T11:46:50.257+0000][1322.566s] GC(37)   Post Evacuate Collection Set: 1.8ms
[2023-05-11T11:46:50.258+0000][1322.567s] GC(37)   Other: 6.7ms
[2023-05-11T11:46:50.259+0000][1322.568s] GC(37) Eden regions: 223->0(227)
[2023-05-11T11:46:50.261+0000][1322.570s] GC(37) Survivor regions: 10->10(30)
[2023-05-11T11:46:50.262+0000][1322.571s] GC(37) Old regions: 186->186
[2023-05-11T11:46:50.263+0000][1322.572s] GC(37) Archive regions: 2->2
[2023-05-11T11:46:50.265+0000][1322.574s] GC(37) Humongous regions: 18->18
[2023-05-11T11:46:50.266+0000][1322.575s] GC(37) Metaspace: 57942K(58496K)->57942K(58496K) NonClass: 50780K(51072K)->50780K(51072K) Class: 7161K(7424K)->7161K(7424K)
[2023-05-11T11:46:50.268+0000][1322.577s] GC(37) Pause Young (Normal) (G1 Evacuation Pause) 437M->214M(512M) 30.768ms
[2023-05-11T11:46:50.269+0000][1322.579s] GC(37) User=0.01s Sys=0.00s Real=0.03s
[2023-05-11T11:46:52.603+0000][1324.912s] GC(38) Pause Young (Normal) (G1 Evacuation Pause)
[2023-05-11T11:46:52.607+0000][1324.917s] GC(38) Using 2 workers of 2 for evacuation
[2023-05-11T11:46:52.652+0000][1324.961s] GC(38)   Pre Evacuate Collection Set: 0.7ms
[2023-05-11T11:46:52.654+0000][1324.963s] GC(38)   Merge Heap Roots: 3.6ms
[2023-05-11T11:46:52.660+0000][1324.969s] GC(38)   Evacuate Collection Set: 21.1ms
[2023-05-11T11:46:52.661+0000][1324.970s] GC(38)   Post Evacuate Collection Set: 12.2ms
[2023-05-11T11:46:52.665+0000][1324.974s] GC(38)   Other: 11.8ms
[2023-05-11T11:46:52.667+0000][1324.976s] GC(38) Eden regions: 227->0(230)
[2023-05-11T11:46:52.669+0000][1324.978s] GC(38) Survivor regions: 10->10(30)
[2023-05-11T11:46:52.671+0000][1324.980s] GC(38) Old regions: 186->186
[2023-05-11T11:46:52.676+0000][1324.985s] GC(38) Archive regions: 2->2
[2023-05-11T11:46:52.678+0000][1324.987s] GC(38) Humongous regions: 18->18
[2023-05-11T11:46:52.680+0000][1324.989s] GC(38) Metaspace: 57946K(58560K)->57946K(58560K) NonClass: 50785K(51136K)->50785K(51136K) Class: 7161K(7424K)->7161K(7424K)
[2023-05-11T11:46:52.684+0000][1324.993s] GC(38) Pause Young (Normal) (G1 Evacuation Pause) 441M->214M(512M) 81.026ms
[2023-05-11T11:46:52.687+0000][1324.996s] GC(38) User=0.06s Sys=0.01s Real=0.09s
[2023-05-11T12:08:53.338+0000][2645.495s] GC(39) Pause Young (Normal) (G1 Evacuation Pause)
[2023-05-11T12:08:53.341+0000][2645.498s] GC(39) Using 2 workers of 2 for evacuation
[2023-05-11T12:08:53.363+0000][2645.521s] GC(39)   Pre Evacuate Collection Set: 0.8ms
[2023-05-11T12:08:53.365+0000][2645.523s] GC(39)   Merge Heap Roots: 0.4ms
[2023-05-11T12:08:53.368+0000][2645.525s] GC(39)   Evacuate Collection Set: 18.2ms
[2023-05-11T12:08:53.369+0000][2645.527s] GC(39)   Post Evacuate Collection Set: 1.7ms
[2023-05-11T12:08:53.372+0000][2645.529s] GC(39)   Other: 4.6ms
[2023-05-11T12:08:53.374+0000][2645.531s] GC(39) Eden regions: 230->0(216)
[2023-05-11T12:08:53.376+0000][2645.533s] GC(39) Survivor regions: 10->19(30)
[2023-05-11T12:08:53.378+0000][2645.535s] GC(39) Old regions: 186->186
[2023-05-11T12:08:53.380+0000][2645.537s] GC(39) Archive regions: 2->2
[2023-05-11T12:08:53.381+0000][2645.539s] GC(39) Humongous regions: 18->18
[2023-05-11T12:08:53.383+0000][2645.540s] GC(39) Metaspace: 58096K(58624K)->58096K(58624K) NonClass: 50914K(51200K)->50914K(51200K) Class: 7181K(7424K)->7181K(7424K)
[2023-05-11T12:08:53.385+0000][2645.542s] GC(39) Pause Young (Normal) (G1 Evacuation Pause) 444M->223M(512M) 46.734ms
[2023-05-11T12:08:53.386+0000][2645.543s] GC(39) User=0.04s Sys=0.00s Real=0.05s
[2023-05-11T12:08:55.071+0000][2647.228s] GC(40) Pause Young (Normal) (G1 Evacuation Pause)
[2023-05-11T12:08:55.072+0000][2647.229s] GC(40) Using 2 workers of 2 for evacuation
[2023-05-11T12:08:55.091+0000][2647.248s] GC(40)   Pre Evacuate Collection Set: 0.4ms
[2023-05-11T12:08:55.093+0000][2647.250s] GC(40)   Merge Heap Roots: 0.2ms
[2023-05-11T12:08:55.095+0000][2647.252s] GC(40)   Evacuate Collection Set: 15.3ms
[2023-05-11T12:08:55.097+0000][2647.254s] GC(40)   Post Evacuate Collection Set: 1.7ms
[2023-05-11T12:08:55.099+0000][2647.256s] GC(40)   Other: 3.3ms
[2023-05-11T12:08:55.100+0000][2647.257s] GC(40) Eden regions: 216->0(203)
[2023-05-11T12:08:55.102+0000][2647.259s] GC(40) Survivor regions: 19->23(30)
[2023-05-11T12:08:55.103+0000][2647.261s] GC(40) Old regions: 186->191
[2023-05-11T12:08:55.105+0000][2647.262s] GC(40) Archive regions: 2->2
[2023-05-11T12:08:55.107+0000][2647.264s] GC(40) Humongous regions: 18->18
[2023-05-11T12:08:55.108+0000][2647.266s] GC(40) Metaspace: 58099K(58624K)->58099K(58624K) NonClass: 50918K(51200K)->50918K(51200K) Class: 7181K(7424K)->7181K(7424K)
[2023-05-11T12:08:55.110+0000][2647.267s] GC(40) Pause Young (Normal) (G1 Evacuation Pause) 439M->231M(512M) 39.341ms
[2023-05-11T12:08:55.111+0000][2647.268s] GC(40) User=0.03s Sys=0.01s Real=0.04s
[2023-05-11T12:08:56.433+0000][2648.590s] GC(41) Pause Young (Normal) (G1 Evacuation Pause)
[2023-05-11T12:08:56.434+0000][2648.591s] GC(41) Using 2 workers of 2 for evacuation
[2023-05-11T12:08:56.454+0000][2648.611s] GC(41)   Pre Evacuate Collection Set: 0.6ms
[2023-05-11T12:08:56.456+0000][2648.613s] GC(41)   Merge Heap Roots: 0.4ms
[2023-05-11T12:08:56.458+0000][2648.615s] GC(41)   Evacuate Collection Set: 15.4ms
[2023-05-11T12:08:56.460+0000][2648.617s] GC(41)   Post Evacuate Collection Set: 1.3ms
[2023-05-11T12:08:56.462+0000][2648.619s] GC(41)   Other: 4.1ms
[2023-05-11T12:08:56.464+0000][2648.621s] GC(41) Eden regions: 203->0(194)
[2023-05-11T12:08:56.465+0000][2648.622s] GC(41) Survivor regions: 23->18(29)
[2023-05-11T12:08:56.467+0000][2648.624s] GC(41) Old regions: 191->202
[2023-05-11T12:08:56.468+0000][2648.625s] GC(41) Archive regions: 2->2
[2023-05-11T12:08:56.469+0000][2648.627s] GC(41) Humongous regions: 19->19
[2023-05-11T12:08:56.471+0000][2648.628s] GC(41) Metaspace: 58110K(58624K)->58110K(58624K) NonClass: 50928K(51200K)->50928K(51200K) Class: 7181K(7424K)->7181K(7424K)
[2023-05-11T12:08:56.473+0000][2648.630s] GC(41) Pause Young (Normal) (G1 Evacuation Pause) 435M->239M(512M) 39.956ms
[2023-05-11T12:08:56.474+0000][2648.631s] GC(41) User=0.03s Sys=0.00s Real=0.04s
[2023-05-11T12:08:57.845+0000][2650.002s] GC(42) Pause Young (Normal) (G1 Evacuation Pause)
[2023-05-11T12:08:57.847+0000][2650.004s] GC(42) Using 2 workers of 2 for evacuation
[2023-05-11T12:08:57.864+0000][2650.021s] GC(42)   Pre Evacuate Collection Set: 0.4ms
[2023-05-11T12:08:57.865+0000][2650.023s] GC(42)   Merge Heap Roots: 0.2ms
[2023-05-11T12:08:57.867+0000][2650.024s] GC(42)   Evacuate Collection Set: 12.2ms
[2023-05-11T12:08:57.869+0000][2650.026s] GC(42)   Post Evacuate Collection Set: 1.0ms
[2023-05-11T12:08:57.870+0000][2650.027s] GC(42)   Other: 5.1ms
[2023-05-11T12:08:57.871+0000][2650.029s] GC(42) Eden regions: 194->0(183)
[2023-05-11T12:08:57.873+0000][2650.030s] GC(42) Survivor regions: 18->20(27)
[2023-05-11T12:08:57.874+0000][2650.031s] GC(42) Old regions: 202->208
[2023-05-11T12:08:57.875+0000][2650.032s] GC(42) Archive regions: 2->2
[2023-05-11T12:08:57.876+0000][2650.033s] GC(42) Humongous regions: 19->19
[2023-05-11T12:08:57.877+0000][2650.034s] GC(42) Metaspace: 58110K(58624K)->58110K(58624K) NonClass: 50928K(51200K)->50928K(51200K) Class: 7181K(7424K)->7181K(7424K)
[2023-05-11T12:08:57.878+0000][2650.035s] GC(42) Pause Young (Normal) (G1 Evacuation Pause) 433M->246M(512M) 32.883ms
[2023-05-11T12:08:57.879+0000][2650.036s] GC(42) User=0.03s Sys=0.00s Real=0.04s
[2023-05-11T12:08:59.925+0000][2652.083s] GC(43) Pause Young (Normal) (G1 Evacuation Pause)
[2023-05-11T12:08:59.927+0000][2652.084s] GC(43) Using 2 workers of 2 for evacuation
[2023-05-11T12:08:59.954+0000][2652.111s] GC(43)   Pre Evacuate Collection Set: 0.1ms
[2023-05-11T12:08:59.956+0000][2652.113s] GC(43)   Merge Heap Roots: 0.2ms
[2023-05-11T12:08:59.957+0000][2652.115s] GC(43)   Evacuate Collection Set: 24.5ms
[2023-05-11T12:08:59.959+0000][2652.116s] GC(43)   Post Evacuate Collection Set: 1.1ms
[2023-05-11T12:08:59.961+0000][2652.118s] GC(43)   Other: 2.8ms
[2023-05-11T12:08:59.962+0000][2652.119s] GC(43) Eden regions: 183->0(173)
[2023-05-11T12:08:59.963+0000][2652.121s] GC(43) Survivor regions: 20->20(26)
[2023-05-11T12:08:59.965+0000][2652.122s] GC(43) Old regions: 208->215
[2023-05-11T12:08:59.966+0000][2652.123s] GC(43) Archive regions: 2->2
[2023-05-11T12:08:59.968+0000][2652.125s] GC(43) Humongous regions: 20->20
[2023-05-11T12:08:59.969+0000][2652.126s] GC(43) Metaspace: 58114K(58624K)->58114K(58624K) NonClass: 50932K(51200K)->50932K(51200K) Class: 7181K(7424K)->7181K(7424K)
[2023-05-11T12:08:59.970+0000][2652.127s] GC(43) Pause Young (Normal) (G1 Evacuation Pause) 430M->255M(512M) 44.600ms
[2023-05-11T12:08:59.971+0000][2652.129s] GC(43) User=0.04s Sys=0.00s Real=0.05s
[2023-05-11T12:09:01.664+0000][2653.821s] GC(44) Pause Young (Concurrent Start) (G1 Evacuation Pause)
[2023-05-11T12:09:01.665+0000][2653.823s] GC(44) Using 2 workers of 2 for evacuation
[2023-05-11T12:09:01.687+0000][2653.845s] GC(44)   Pre Evacuate Collection Set: 0.4ms
[2023-05-11T12:09:01.689+0000][2653.846s] GC(44)   Merge Heap Roots: 0.9ms
[2023-05-11T12:09:01.690+0000][2653.848s] GC(44)   Evacuate Collection Set: 17.7ms
[2023-05-11T12:09:01.693+0000][2653.850s] GC(44)   Post Evacuate Collection Set: 1.4ms
[2023-05-11T12:09:01.695+0000][2653.852s] GC(44)   Other: 2.8ms
[2023-05-11T12:09:01.696+0000][2653.853s] GC(44) Eden regions: 173->0(166)
[2023-05-11T12:09:01.697+0000][2653.855s] GC(44) Survivor regions: 20->17(25)
[2023-05-11T12:09:01.699+0000][2653.856s] GC(44) Old regions: 215->224
[2023-05-11T12:09:01.700+0000][2653.858s] GC(44) Archive regions: 2->2
[2023-05-11T12:09:01.702+0000][2653.859s] GC(44) Humongous regions: 20->20
[2023-05-11T12:09:01.703+0000][2653.861s] GC(44) Metaspace: 58122K(58624K)->58122K(58624K) NonClass: 50940K(51200K)->50940K(51200K) Class: 7182K(7424K)->7182K(7424K)
[2023-05-11T12:09:01.705+0000][2653.862s] GC(44) Pause Young (Concurrent Start) (G1 Evacuation Pause) 428M->261M(512M) 40.770ms
[2023-05-11T12:09:01.706+0000][2653.864s] GC(44) User=0.02s Sys=0.01s Real=0.04s
[2023-05-11T12:09:01.708+0000][2653.865s] GC(45) Concurrent Mark Cycle
[2023-05-11T12:09:01.712+0000][2653.869s] GC(45) Concurrent Clear Claimed Marks
[2023-05-11T12:09:01.714+0000][2653.871s] GC(45) Concurrent Clear Claimed Marks 1.754ms
[2023-05-11T12:09:01.715+0000][2653.873s] GC(45) Concurrent Scan Root Regions
[2023-05-11T12:09:01.724+0000][2653.881s] GC(45) Concurrent Scan Root Regions 8.707ms
[2023-05-11T12:09:01.725+0000][2653.883s] GC(45) Concurrent Mark
[2023-05-11T12:09:01.727+0000][2653.884s] GC(45) Concurrent Mark From Roots
[2023-05-11T12:09:01.728+0000][2653.885s] GC(45) Using 1 workers of 1 for marking
[2023-05-11T12:09:01.900+0000][2654.057s] GC(45) Concurrent Mark From Roots 172.893ms
[2023-05-11T12:09:01.901+0000][2654.058s] GC(45) Concurrent Preclean
[2023-05-11T12:09:01.904+0000][2654.061s] GC(45) Concurrent Preclean 2.553ms
[2023-05-11T12:09:01.906+0000][2654.064s] GC(45) Pause Remark
[2023-05-11T12:09:01.944+0000][2654.101s] GC(45) Pause Remark 285M->170M(512M) 37.202ms
[2023-05-11T12:09:01.947+0000][2654.104s] GC(45) User=0.06s Sys=0.00s Real=0.04s
[2023-05-11T12:09:01.951+0000][2654.108s] GC(45) Concurrent Mark 225.789ms
[2023-05-11T12:09:01.953+0000][2654.110s] GC(45) Concurrent Rebuild Remembered Sets
[2023-05-11T12:09:02.085+0000][2654.243s] GC(45) Concurrent Rebuild Remembered Sets 132.703ms
[2023-05-11T12:09:02.087+0000][2654.244s] GC(45) Pause Cleanup
[2023-05-11T12:09:02.089+0000][2654.246s] GC(45) Pause Cleanup 188M->188M(512M) 1.637ms
[2023-05-11T12:09:02.090+0000][2654.248s] GC(45) User=0.00s Sys=0.00s Real=0.01s
[2023-05-11T12:09:02.092+0000][2654.249s] GC(45) Concurrent Cleanup for Next Mark
[2023-05-11T12:09:02.097+0000][2654.254s] GC(45) Concurrent Cleanup for Next Mark 4.658ms
[2023-05-11T12:09:02.099+0000][2654.256s] GC(45) Concurrent Mark Cycle 390.324ms
[2023-05-11T12:09:02.653+0000][2654.810s] GC(46) Pause Young (Prepare Mixed) (G1 Evacuation Pause)
[2023-05-11T12:09:02.655+0000][2654.812s] GC(46) Using 2 workers of 2 for evacuation
[2023-05-11T12:09:02.678+0000][2654.835s] GC(46)   Pre Evacuate Collection Set: 0.3ms
[2023-05-11T12:09:02.680+0000][2654.837s] GC(46)   Merge Heap Roots: 0.4ms
[2023-05-11T12:09:02.681+0000][2654.838s] GC(46)   Evacuate Collection Set: 19.9ms
[2023-05-11T12:09:02.682+0000][2654.840s] GC(46)   Post Evacuate Collection Set: 1.4ms
[2023-05-11T12:09:02.684+0000][2654.841s] GC(46)   Other: 3.4ms
[2023-05-11T12:09:02.685+0000][2654.842s] GC(46) Eden regions: 166->0(8)
[2023-05-11T12:09:02.687+0000][2654.844s] GC(46) Survivor regions: 17->17(23)
[2023-05-11T12:09:02.688+0000][2654.846s] GC(46) Old regions: 123->129
[2023-05-11T12:09:02.690+0000][2654.847s] GC(46) Archive regions: 2->2
[2023-05-11T12:09:02.692+0000][2654.849s] GC(46) Humongous regions: 6->6
[2023-05-11T12:09:02.693+0000][2654.851s] GC(46) Metaspace: 57915K(58624K)->57915K(58624K) NonClass: 50783K(51200K)->50783K(51200K) Class: 7131K(7424K)->7131K(7424K)
[2023-05-11T12:09:02.695+0000][2654.852s] GC(46) Pause Young (Prepare Mixed) (G1 Evacuation Pause) 312M->151M(512M) 41.950ms
[2023-05-11T12:09:02.696+0000][2654.854s] GC(46) User=0.03s Sys=0.00s Real=0.04s
[2023-05-11T12:09:02.731+0000][2654.888s] GC(47) Pause Young (Mixed) (G1 Evacuation Pause)
[2023-05-11T12:09:02.733+0000][2654.890s] GC(47) Using 2 workers of 2 for evacuation
[2023-05-11T12:09:02.753+0000][2654.911s] GC(47)   Pre Evacuate Collection Set: 0.8ms
[2023-05-11T12:09:02.755+0000][2654.912s] GC(47)   Merge Heap Roots: 0.2ms
[2023-05-11T12:09:02.756+0000][2654.914s] GC(47)   Evacuate Collection Set: 17.2ms
[2023-05-11T12:09:02.757+0000][2654.915s] GC(47)   Post Evacuate Collection Set: 0.8ms
[2023-05-11T12:09:02.759+0000][2654.916s] GC(47)   Other: 4.0ms
[2023-05-11T12:09:02.760+0000][2654.917s] GC(47) Eden regions: 8->0(297)
[2023-05-11T12:09:02.761+0000][2654.918s] GC(47) Survivor regions: 17->1(4)
[2023-05-11T12:09:02.763+0000][2654.920s] GC(47) Old regions: 129->112
[2023-05-11T12:09:02.764+0000][2654.921s] GC(47) Archive regions: 2->2
[2023-05-11T12:09:02.765+0000][2654.923s] GC(47) Humongous regions: 6->6
[2023-05-11T12:09:02.767+0000][2654.924s] GC(47) Metaspace: 57915K(58624K)->57915K(58624K) NonClass: 50783K(51200K)->50783K(51200K) Class: 7131K(7424K)->7131K(7424K)
[2023-05-11T12:09:02.768+0000][2654.925s] GC(47) Pause Young (Mixed) (G1 Evacuation Pause) 159M->119M(512M) 37.487ms
[2023-05-11T12:09:02.769+0000][2654.926s] GC(47) User=0.03s Sys=0.00s Real=0.04s
[2023-05-11T12:09:04.499+0000][2656.656s] GC(48) Pause Young (Normal) (G1 Evacuation Pause)
[2023-05-11T12:09:04.500+0000][2656.658s] GC(48) Using 2 workers of 2 for evacuation
[2023-05-11T12:09:04.525+0000][2656.682s] GC(48)   Pre Evacuate Collection Set: 0.4ms
[2023-05-11T12:09:04.529+0000][2656.686s] GC(48)   Merge Heap Roots: 0.4ms
[2023-05-11T12:09:04.534+0000][2656.691s] GC(48)   Evacuate Collection Set: 18.5ms
[2023-05-11T12:09:04.536+0000][2656.693s] GC(48)   Post Evacuate Collection Set: 2.8ms
[2023-05-11T12:09:04.537+0000][2656.694s] GC(48)   Other: 4.1ms
[2023-05-11T12:09:04.538+0000][2656.696s] GC(48) Eden regions: 297->0(274)
[2023-05-11T12:09:04.540+0000][2656.697s] GC(48) Survivor regions: 1->16(38)
[2023-05-11T12:09:04.541+0000][2656.698s] GC(48) Old regions: 112->112
[2023-05-11T12:09:04.542+0000][2656.700s] GC(48) Archive regions: 2->2
[2023-05-11T12:09:04.544+0000][2656.701s] GC(48) Humongous regions: 14->13
[2023-05-11T12:09:04.545+0000][2656.702s] GC(48) Metaspace: 57925K(58624K)->57925K(58624K) NonClass: 50793K(51200K)->50793K(51200K) Class: 7131K(7424K)->7131K(7424K)
[2023-05-11T12:09:04.547+0000][2656.704s] GC(48) Pause Young (Normal) (G1 Evacuation Pause) 424M->141M(512M) 47.724ms
[2023-05-11T12:09:04.548+0000][2656.705s] GC(48) User=0.03s Sys=0.00s Real=0.04s
[2023-05-11T12:09:09.248+0000][2661.403s] GC(49) Pause Young (Normal) (G1 Evacuation Pause)
[2023-05-11T12:09:09.250+0000][2661.405s] GC(49) Using 2 workers of 2 for evacuation
[2023-05-11T12:09:09.281+0000][2661.436s] GC(49)   Pre Evacuate Collection Set: 0.1ms
[2023-05-11T12:09:09.283+0000][2661.437s] GC(49)   Merge Heap Roots: 1.8ms
[2023-05-11T12:09:09.284+0000][2661.439s] GC(49)   Evacuate Collection Set: 26.2ms
[2023-05-11T12:09:09.285+0000][2661.440s] GC(49)   Post Evacuate Collection Set: 1.0ms
[2023-05-11T12:09:09.287+0000][2661.442s] GC(49)   Other: 3.8ms
[2023-05-11T12:09:09.288+0000][2661.443s] GC(49) Eden regions: 274->0(265)
[2023-05-11T12:09:09.290+0000][2661.445s] GC(49) Survivor regions: 16->28(37)
[2023-05-11T12:09:09.291+0000][2661.446s] GC(49) Old regions: 112->112
[2023-05-11T12:09:09.293+0000][2661.448s] GC(49) Archive regions: 2->2
[2023-05-11T12:09:09.295+0000][2661.450s] GC(49) Humongous regions: 13->13
[2023-05-11T12:09:09.297+0000][2661.451s] GC(49) Metaspace: 57944K(58624K)->57944K(58624K) NonClass: 50812K(51200K)->50812K(51200K) Class: 7132K(7424K)->7132K(7424K)
[2023-05-11T12:09:09.298+0000][2661.453s] GC(49) Pause Young (Normal) (G1 Evacuation Pause) 415M->153M(512M) 49.688ms
[2023-05-11T12:09:09.299+0000][2661.454s] GC(49) User=0.07s Sys=0.01s Real=0.05s
[2023-05-11T12:09:14.611+0000][2666.766s] GC(50) Pause Young (Normal) (G1 Evacuation Pause)
[2023-05-11T12:09:14.614+0000][2666.769s] GC(50) Using 2 workers of 2 for evacuation
[2023-05-11T12:09:14.638+0000][2666.793s] GC(50)   Pre Evacuate Collection Set: 0.2ms
[2023-05-11T12:09:14.640+0000][2666.795s] GC(50)   Merge Heap Roots: 0.2ms
[2023-05-11T12:09:14.642+0000][2666.797s] GC(50)   Evacuate Collection Set: 21.0ms
[2023-05-11T12:09:14.644+0000][2666.799s] GC(50)   Post Evacuate Collection Set: 1.4ms
[2023-05-11T12:09:14.646+0000][2666.801s] GC(50)   Other: 4.4ms
[2023-05-11T12:09:14.647+0000][2666.802s] GC(50) Eden regions: 265->0(261)
[2023-05-11T12:09:14.649+0000][2666.804s] GC(50) Survivor regions: 28->18(37)
[2023-05-11T12:09:14.651+0000][2666.806s] GC(50) Old regions: 112->128
[2023-05-11T12:09:14.652+0000][2666.807s] GC(50) Archive regions: 2->2
[2023-05-11T12:09:14.653+0000][2666.808s] GC(50) Humongous regions: 14->14
[2023-05-11T12:09:14.655+0000][2666.809s] GC(50) Metaspace: 57958K(58624K)->57958K(58624K) NonClass: 50825K(51200K)->50825K(51200K) Class: 7132K(7424K)->7132K(7424K)
[2023-05-11T12:09:14.656+0000][2666.811s] GC(50) Pause Young (Normal) (G1 Evacuation Pause) 419M->160M(512M) 44.532ms
[2023-05-11T12:09:14.658+0000][2666.812s] GC(50) User=0.05s Sys=0.00s Real=0.04s
[2023-05-11T12:09:18.714+0000][2670.869s] GC(51) Pause Young (Normal) (G1 Evacuation Pause)
[2023-05-11T12:09:18.715+0000][2670.870s] GC(51) Using 2 workers of 2 for evacuation
[2023-05-11T12:09:18.778+0000][2670.932s] GC(51)   Pre Evacuate Collection Set: 0.3ms
[2023-05-11T12:09:18.780+0000][2670.935s] GC(51)   Merge Heap Roots: 0.1ms
[2023-05-11T12:09:18.782+0000][2670.937s] GC(51)   Evacuate Collection Set: 19.7ms
[2023-05-11T12:09:18.784+0000][2670.939s] GC(51)   Post Evacuate Collection Set: 1.6ms
[2023-05-11T12:09:18.787+0000][2670.942s] GC(51)   Other: 42.2ms
[2023-05-11T12:09:18.789+0000][2670.944s] GC(51) Eden regions: 261->0(260)
[2023-05-11T12:09:18.791+0000][2670.946s] GC(51) Survivor regions: 18->22(35)
[2023-05-11T12:09:18.793+0000][2670.948s] GC(51) Old regions: 128->128
[2023-05-11T12:09:18.808+0000][2670.963s] GC(51) Archive regions: 2->2
[2023-05-11T12:09:18.815+0000][2670.969s] GC(51) Humongous regions: 14->14
[2023-05-11T12:09:18.818+0000][2670.973s] GC(51) Metaspace: 57958K(58624K)->57958K(58624K) NonClass: 50825K(51200K)->50825K(51200K) Class: 7132K(7424K)->7132K(7424K)
[2023-05-11T12:09:18.820+0000][2670.975s] GC(51) Pause Young (Normal) (G1 Evacuation Pause) 421M->163M(512M) 106.378ms
[2023-05-11T12:09:18.822+0000][2670.977s] GC(51) User=0.04s Sys=0.00s Real=0.11s
[2023-05-11T12:09:23.263+0000][2675.418s] GC(52) Pause Young (Normal) (G1 Evacuation Pause)
[2023-05-11T12:09:23.270+0000][2675.425s] GC(52) Using 2 workers of 2 for evacuation
[2023-05-11T12:09:23.358+0000][2675.513s] GC(52)   Pre Evacuate Collection Set: 0.8ms
[2023-05-11T12:09:23.377+0000][2675.532s] GC(52)   Merge Heap Roots: 0.3ms
[2023-05-11T12:09:23.387+0000][2675.542s] GC(52)   Evacuate Collection Set: 82.8ms
[2023-05-11T12:09:23.390+0000][2675.545s] GC(52)   Post Evacuate Collection Set: 2.5ms
[2023-05-11T12:09:23.393+0000][2675.548s] GC(52)   Other: 8.6ms
[2023-05-11T12:09:23.395+0000][2675.550s] GC(52) Eden regions: 260->0(255)
[2023-05-11T12:09:23.397+0000][2675.552s] GC(52) Survivor regions: 22->19(36)
[2023-05-11T12:09:23.406+0000][2675.561s] GC(52) Old regions: 128->137
[2023-05-11T12:09:23.408+0000][2675.563s] GC(52) Archive regions: 2->2
[2023-05-11T12:09:23.410+0000][2675.564s] GC(52) Humongous regions: 14->14
[2023-05-11T12:09:23.411+0000][2675.566s] GC(52) Metaspace: 57978K(58624K)->57978K(58624K) NonClass: 50846K(51200K)->50846K(51200K) Class: 7132K(7424K)->7132K(7424K)
[2023-05-11T12:09:23.412+0000][2675.567s] GC(52) Pause Young (Normal) (G1 Evacuation Pause) 423M->169M(512M) 148.753ms
[2023-05-11T12:09:23.413+0000][2675.568s] GC(52) User=0.17s Sys=0.01s Real=0.15s
[2023-05-11T12:09:26.663+0000][2678.818s] GC(53) Pause Young (Normal) (G1 Evacuation Pause)
[2023-05-11T12:09:26.664+0000][2678.819s] GC(53) Using 2 workers of 2 for evacuation
[2023-05-11T12:09:26.678+0000][2678.833s] GC(53)   Pre Evacuate Collection Set: 0.2ms
[2023-05-11T12:09:26.680+0000][2678.835s] GC(53)   Merge Heap Roots: 0.2ms
[2023-05-11T12:09:26.681+0000][2678.836s] GC(53)   Evacuate Collection Set: 10.5ms
[2023-05-11T12:09:26.683+0000][2678.837s] GC(53)   Post Evacuate Collection Set: 1.3ms
[2023-05-11T12:09:26.684+0000][2678.839s] GC(53)   Other: 2.9ms
[2023-05-11T12:09:26.686+0000][2678.841s] GC(53) Eden regions: 255->0(252)
[2023-05-11T12:09:26.687+0000][2678.842s] GC(53) Survivor regions: 19->24(35)
[2023-05-11T12:09:26.688+0000][2678.843s] GC(53) Old regions: 137->137
[2023-05-11T12:09:26.690+0000][2678.845s] GC(53) Archive regions: 2->2
[2023-05-11T12:09:26.691+0000][2678.846s] GC(53) Humongous regions: 14->14
[2023-05-11T12:09:26.692+0000][2678.847s] GC(53) Metaspace: 57982K(58624K)->57982K(58624K) NonClass: 50849K(51200K)->50849K(51200K) Class: 7132K(7424K)->7132K(7424K)
[2023-05-11T12:09:26.694+0000][2678.849s] GC(53) Pause Young (Normal) (G1 Evacuation Pause) 424M->174M(512M) 31.021ms
[2023-05-11T12:09:26.695+0000][2678.850s] GC(53) User=0.03s Sys=0.00s Real=0.03s
[2023-05-11T12:09:30.351+0000][2682.506s] GC(54) Pause Young (Normal) (G1 Evacuation Pause)
[2023-05-11T12:09:30.353+0000][2682.508s] GC(54) Using 2 workers of 2 for evacuation
[2023-05-11T12:09:30.380+0000][2682.535s] GC(54)   Pre Evacuate Collection Set: 0.2ms
[2023-05-11T12:09:30.382+0000][2682.536s] GC(54)   Merge Heap Roots: 0.2ms
[2023-05-11T12:09:30.385+0000][2682.540s] GC(54)   Evacuate Collection Set: 23.6ms
[2023-05-11T12:09:30.387+0000][2682.542s] GC(54)   Post Evacuate Collection Set: 0.8ms
[2023-05-11T12:09:30.388+0000][2682.543s] GC(54)   Other: 3.7ms
[2023-05-11T12:09:30.390+0000][2682.545s] GC(54) Eden regions: 252->0(247)
[2023-05-11T12:09:30.391+0000][2682.546s] GC(54) Survivor regions: 24->22(35)
[2023-05-11T12:09:30.393+0000][2682.548s] GC(54) Old regions: 137->144
[2023-05-11T12:09:30.395+0000][2682.550s] GC(54) Archive regions: 2->2
[2023-05-11T12:09:30.396+0000][2682.551s] GC(54) Humongous regions: 14->14
[2023-05-11T12:09:30.398+0000][2682.553s] GC(54) Metaspace: 57996K(58624K)->57996K(58624K) NonClass: 50863K(51200K)->50863K(51200K) Class: 7132K(7424K)->7132K(7424K)
[2023-05-11T12:09:30.405+0000][2682.560s] GC(54) Pause Young (Normal) (G1 Evacuation Pause) 426M->180M(512M) 53.479ms
[2023-05-11T12:09:30.406+0000][2682.561s] GC(54) User=0.07s Sys=0.00s Real=0.05s
[2023-05-11T12:09:35.410+0000][2687.565s] GC(55) Pause Young (Normal) (G1 Evacuation Pause)
[2023-05-11T12:09:35.412+0000][2687.567s] GC(55) Using 2 workers of 2 for evacuation
[2023-05-11T12:09:35.425+0000][2687.579s] GC(55)   Pre Evacuate Collection Set: 0.3ms
[2023-05-11T12:09:35.426+0000][2687.581s] GC(55)   Merge Heap Roots: 0.1ms
[2023-05-11T12:09:35.428+0000][2687.583s] GC(55)   Evacuate Collection Set: 9.2ms
[2023-05-11T12:09:35.430+0000][2687.584s] GC(55)   Post Evacuate Collection Set: 1.1ms
[2023-05-11T12:09:35.431+0000][2687.586s] GC(55)   Other: 4.1ms
[2023-05-11T12:09:35.433+0000][2687.588s] GC(55) Eden regions: 247->0(253)
[2023-05-11T12:09:35.435+0000][2687.589s] GC(55) Survivor regions: 22->11(34)
[2023-05-11T12:09:35.436+0000][2687.591s] GC(55) Old regions: 144->149
[2023-05-11T12:09:35.437+0000][2687.592s] GC(55) Archive regions: 2->2
[2023-05-11T12:09:35.439+0000][2687.594s] GC(55) Humongous regions: 14->14
[2023-05-11T12:09:35.441+0000][2687.595s] GC(55) Metaspace: 58015K(58688K)->58015K(58688K) NonClass: 50882K(51264K)->50882K(51264K) Class: 7132K(7424K)->7132K(7424K)
[2023-05-11T12:09:35.442+0000][2687.597s] GC(55) Pause Young (Normal) (G1 Evacuation Pause) 427M->173M(512M) 31.936ms
[2023-05-11T12:09:35.443+0000][2687.598s] GC(55) User=0.02s Sys=0.00s Real=0.04s
[2023-05-11T12:09:39.788+0000][2691.941s] GC(56) Pause Young (Normal) (G1 Evacuation Pause)
[2023-05-11T12:09:39.792+0000][2691.946s] GC(56) Using 2 workers of 2 for evacuation
[2023-05-11T12:09:39.816+0000][2691.970s] GC(56)   Pre Evacuate Collection Set: 0.2ms
[2023-05-11T12:09:39.817+0000][2691.971s] GC(56)   Merge Heap Roots: 0.2ms
[2023-05-11T12:09:39.819+0000][2691.973s] GC(56)   Evacuate Collection Set: 17.4ms
[2023-05-11T12:09:39.821+0000][2691.975s] GC(56)   Post Evacuate Collection Set: 1.4ms
[2023-05-11T12:09:39.823+0000][2691.977s] GC(56)   Other: 9.1ms
[2023-05-11T12:09:39.825+0000][2691.979s] GC(56) Eden regions: 253->0(241)
[2023-05-11T12:09:39.827+0000][2691.980s] GC(56) Survivor regions: 11->21(33)
[2023-05-11T12:09:39.828+0000][2691.982s] GC(56) Old regions: 149->149
[2023-05-11T12:09:39.832+0000][2691.986s] GC(56) Archive regions: 2->2
[2023-05-11T12:09:39.834+0000][2691.988s] GC(56) Humongous regions: 15->15
[2023-05-11T12:09:39.836+0000][2691.989s] GC(56) Metaspace: 58028K(58688K)->58028K(58688K) NonClass: 50895K(51264K)->50895K(51264K) Class: 7132K(7424K)->7132K(7424K)
[2023-05-11T12:09:39.838+0000][2691.991s] GC(56) Pause Young (Normal) (G1 Evacuation Pause) 427M->184M(512M) 49.935ms
[2023-05-11T12:09:39.840+0000][2691.993s] GC(56) User=0.02s Sys=0.00s Real=0.05s
[2023-05-11T12:09:43.645+0000][2695.799s] GC(57) Pause Young (Normal) (G1 Evacuation Pause)
[2023-05-11T12:09:43.648+0000][2695.802s] GC(57) Using 2 workers of 2 for evacuation
[2023-05-11T12:09:43.845+0000][2695.999s] GC(57)   Pre Evacuate Collection Set: 0.4ms
[2023-05-11T12:09:43.879+0000][2696.033s] GC(57)   Merge Heap Roots: 0.1ms
[2023-05-11T12:09:43.881+0000][2696.035s] GC(57)   Evacuate Collection Set: 175.7ms
[2023-05-11T12:09:43.885+0000][2696.039s] GC(57)   Post Evacuate Collection Set: 11.6ms
[2023-05-11T12:09:43.895+0000][2696.049s] GC(57)   Other: 12.1ms
[2023-05-11T12:09:43.898+0000][2696.052s] GC(57) Eden regions: 241->0(230)
[2023-05-11T12:09:43.900+0000][2696.054s] GC(57) Survivor regions: 21->22(33)
[2023-05-11T12:09:43.902+0000][2696.056s] GC(57) Old regions: 149->156
[2023-05-11T12:09:43.904+0000][2696.058s] GC(57) Archive regions: 2->2
[2023-05-11T12:09:43.906+0000][2696.060s] GC(57) Humongous regions: 15->15
[2023-05-11T12:09:43.908+0000][2696.061s] GC(57) Metaspace: 58043K(58688K)->58043K(58688K) NonClass: 50910K(51264K)->50910K(51264K) Class: 7132K(7424K)->7132K(7424K)
[2023-05-11T12:09:43.909+0000][2696.063s] GC(57) Pause Young (Normal) (G1 Evacuation Pause) 425M->193M(512M) 264.219ms
[2023-05-11T12:09:43.911+0000][2696.065s] GC(57) User=0.27s Sys=0.03s Real=0.26s
[2023-05-11T12:09:46.876+0000][2699.030s] GC(58) Pause Young (Normal) (G1 Evacuation Pause)
[2023-05-11T12:09:46.878+0000][2699.031s] GC(58) Using 2 workers of 2 for evacuation
[2023-05-11T12:09:46.903+0000][2699.057s] GC(58)   Pre Evacuate Collection Set: 0.4ms
[2023-05-11T12:09:46.905+0000][2699.059s] GC(58)   Merge Heap Roots: 0.2ms
[2023-05-11T12:09:46.906+0000][2699.060s] GC(58)   Evacuate Collection Set: 22.3ms
[2023-05-11T12:09:46.908+0000][2699.061s] GC(58)   Post Evacuate Collection Set: 0.9ms
[2023-05-11T12:09:46.909+0000][2699.063s] GC(58)   Other: 3.2ms
[2023-05-11T12:09:46.910+0000][2699.064s] GC(58) Eden regions: 230->0(226)
[2023-05-11T12:09:46.912+0000][2699.066s] GC(58) Survivor regions: 22->21(32)
[2023-05-11T12:09:46.914+0000][2699.067s] GC(58) Old regions: 156->164
[2023-05-11T12:09:46.915+0000][2699.069s] GC(58) Archive regions: 2->2
[2023-05-11T12:09:46.916+0000][2699.070s] GC(58) Humongous regions: 15->15
[2023-05-11T12:09:46.917+0000][2699.071s] GC(58) Metaspace: 58047K(58688K)->58047K(58688K) NonClass: 50915K(51264K)->50915K(51264K) Class: 7132K(7424K)->7132K(7424K)
[2023-05-11T12:09:46.919+0000][2699.073s] GC(58) Pause Young (Normal) (G1 Evacuation Pause) 423M->200M(512M) 43.382ms
[2023-05-11T12:09:46.921+0000][2699.075s] GC(58) User=0.06s Sys=0.01s Real=0.04s
[2023-05-11T12:09:50.060+0000][2702.214s] GC(59) Pause Young (Normal) (G1 Evacuation Pause)
[2023-05-11T12:09:50.062+0000][2702.216s] GC(59) Using 2 workers of 2 for evacuation
[2023-05-11T12:09:50.093+0000][2702.247s] GC(59)   Pre Evacuate Collection Set: 0.5ms
[2023-05-11T12:09:50.094+0000][2702.248s] GC(59)   Merge Heap Roots: 0.3ms
[2023-05-11T12:09:50.096+0000][2702.250s] GC(59)   Evacuate Collection Set: 26.8ms
[2023-05-11T12:09:50.097+0000][2702.251s] GC(59)   Post Evacuate Collection Set: 1.0ms
[2023-05-11T12:09:50.098+0000][2702.252s] GC(59)   Other: 4.2ms
[2023-05-11T12:09:50.101+0000][2702.254s] GC(59) Eden regions: 226->0(222)
[2023-05-11T12:09:50.102+0000][2702.256s] GC(59) Survivor regions: 21->13(31)
[2023-05-11T12:09:50.104+0000][2702.258s] GC(59) Old regions: 164->178
[2023-05-11T12:09:50.106+0000][2702.260s] GC(59) Archive regions: 2->2
[2023-05-11T12:09:50.108+0000][2702.262s] GC(59) Humongous regions: 15->15
[2023-05-11T12:09:50.110+0000][2702.264s] GC(59) Metaspace: 58064K(58688K)->58064K(58688K) NonClass: 50931K(51264K)->50931K(51264K) Class: 7132K(7424K)->7132K(7424K)
[2023-05-11T12:09:50.112+0000][2702.266s] GC(59) Pause Young (Normal) (G1 Evacuation Pause) 426M->206M(512M) 51.923ms
[2023-05-11T12:09:50.116+0000][2702.270s] GC(59) User=0.07s Sys=0.01s Real=0.06s
[2023-05-11T12:09:55.688+0000][2707.842s] GC(60) Pause Young (Normal) (G1 Evacuation Pause)
[2023-05-11T12:09:55.690+0000][2707.844s] GC(60) Using 2 workers of 2 for evacuation
[2023-05-11T12:09:55.703+0000][2707.856s] GC(60)   Pre Evacuate Collection Set: 0.3ms
[2023-05-11T12:09:55.705+0000][2707.859s] GC(60)   Merge Heap Roots: 0.3ms
[2023-05-11T12:09:55.708+0000][2707.862s] GC(60)   Evacuate Collection Set: 8.9ms
[2023-05-11T12:09:55.710+0000][2707.864s] GC(60)   Post Evacuate Collection Set: 1.4ms
[2023-05-11T12:09:55.712+0000][2707.866s] GC(60)   Other: 3.6ms
[2023-05-11T12:09:55.715+0000][2707.869s] GC(60) Eden regions: 222->0(220)
[2023-05-11T12:09:55.721+0000][2707.875s] GC(60) Survivor regions: 13->16(30)
[2023-05-11T12:09:55.723+0000][2707.877s] GC(60) Old regions: 178->178
[2023-05-11T12:09:55.725+0000][2707.879s] GC(60) Archive regions: 2->2
[2023-05-11T12:09:55.727+0000][2707.881s] GC(60) Humongous regions: 15->15
[2023-05-11T12:09:55.729+0000][2707.883s] GC(60) Metaspace: 58110K(58688K)->58110K(58688K) NonClass: 50977K(51264K)->50977K(51264K) Class: 7132K(7424K)->7132K(7424K)
[2023-05-11T12:09:55.731+0000][2707.885s] GC(60) Pause Young (Normal) (G1 Evacuation Pause) 428M->208M(512M) 43.252ms
[2023-05-11T12:09:55.733+0000][2707.887s] GC(60) User=0.02s Sys=0.01s Real=0.05s
[2023-05-11T12:09:59.100+0000][2711.254s] GC(61) Pause Young (Normal) (G1 Evacuation Pause)
[2023-05-11T12:09:59.102+0000][2711.256s] GC(61) Using 2 workers of 2 for evacuation
[2023-05-11T12:09:59.116+0000][2711.270s] GC(61)   Pre Evacuate Collection Set: 0.2ms
[2023-05-11T12:09:59.118+0000][2711.272s] GC(61)   Merge Heap Roots: 0.2ms
[2023-05-11T12:09:59.119+0000][2711.273s] GC(61)   Evacuate Collection Set: 11.1ms
[2023-05-11T12:09:59.120+0000][2711.274s] GC(61)   Post Evacuate Collection Set: 1.2ms
[2023-05-11T12:09:59.122+0000][2711.275s] GC(61)   Other: 3.3ms
[2023-05-11T12:09:59.123+0000][2711.277s] GC(61) Eden regions: 220->0(212)
[2023-05-11T12:09:59.124+0000][2711.278s] GC(61) Survivor regions: 16->24(30)
[2023-05-11T12:09:59.125+0000][2711.279s] GC(61) Old regions: 178->178
[2023-05-11T12:09:59.126+0000][2711.280s] GC(61) Archive regions: 2->2
[2023-05-11T12:09:59.128+0000][2711.282s] GC(61) Humongous regions: 15->15
[2023-05-11T12:09:59.130+0000][2711.283s] GC(61) Metaspace: 58115K(58688K)->58115K(58688K) NonClass: 50982K(51264K)->50982K(51264K) Class: 7132K(7424K)->7132K(7424K)
[2023-05-11T12:09:59.132+0000][2711.285s] GC(61) Pause Young (Normal) (G1 Evacuation Pause) 428M->216M(512M) 31.255ms
[2023-05-11T12:09:59.134+0000][2711.288s] GC(61) User=0.01s Sys=0.01s Real=0.04s
[2023-05-11T12:10:01.405+0000][2713.559s] GC(62) Pause Young (Normal) (G1 Evacuation Pause)
[2023-05-11T12:10:01.408+0000][2713.562s] GC(62) Using 2 workers of 2 for evacuation
[2023-05-11T12:10:01.431+0000][2713.585s] GC(62)   Pre Evacuate Collection Set: 0.3ms
[2023-05-11T12:10:01.437+0000][2713.591s] GC(62)   Merge Heap Roots: 0.1ms
[2023-05-11T12:10:01.449+0000][2713.602s] GC(62)   Evacuate Collection Set: 19.8ms
[2023-05-11T12:10:01.457+0000][2713.611s] GC(62)   Post Evacuate Collection Set: 1.4ms
[2023-05-11T12:10:01.462+0000][2713.616s] GC(62)   Other: 4.7ms
[2023-05-11T12:10:01.475+0000][2713.629s] GC(62) Eden regions: 212->0(212)
[2023-05-11T12:10:01.487+0000][2713.641s] GC(62) Survivor regions: 24->17(30)
[2023-05-11T12:10:01.507+0000][2713.661s] GC(62) Old regions: 178->186
[2023-05-11T12:10:01.513+0000][2713.667s] GC(62) Archive regions: 2->2
[2023-05-11T12:10:01.515+0000][2713.669s] GC(62) Humongous regions: 15->15
[2023-05-11T12:10:01.516+0000][2713.670s] GC(62) Metaspace: 58121K(58688K)->58121K(58688K) NonClass: 50988K(51264K)->50988K(51264K) Class: 7132K(7424K)->7132K(7424K)
[2023-05-11T12:10:01.518+0000][2713.672s] GC(62) Pause Young (Normal) (G1 Evacuation Pause) 428M->217M(512M) 112.865ms
[2023-05-11T12:10:01.520+0000][2713.673s] GC(62) User=0.02s Sys=0.00s Real=0.11s
[2023-05-11T12:10:05.761+0000][2717.916s] GC(63) Pause Young (Normal) (G1 Evacuation Pause)
[2023-05-11T12:10:05.762+0000][2717.917s] GC(63) Using 2 workers of 2 for evacuation
[2023-05-11T12:10:05.787+0000][2717.942s] GC(63)   Pre Evacuate Collection Set: 0.1ms
[2023-05-11T12:10:05.790+0000][2717.945s] GC(63)   Merge Heap Roots: 0.1ms
[2023-05-11T12:10:05.794+0000][2717.949s] GC(63)   Evacuate Collection Set: 21.5ms
[2023-05-11T12:10:05.797+0000][2717.952s] GC(63)   Post Evacuate Collection Set: 1.3ms
[2023-05-11T12:10:05.800+0000][2717.955s] GC(63)   Other: 2.8ms
[2023-05-11T12:10:05.801+0000][2717.956s] GC(63) Eden regions: 212->0(213)
[2023-05-11T12:10:05.803+0000][2717.958s] GC(63) Survivor regions: 17->11(29)
[2023-05-11T12:10:05.806+0000][2717.961s] GC(63) Old regions: 186->191
[2023-05-11T12:10:05.808+0000][2717.963s] GC(63) Archive regions: 2->2
[2023-05-11T12:10:05.812+0000][2717.967s] GC(63) Humongous regions: 15->15
[2023-05-11T12:10:05.815+0000][2717.970s] GC(63) Metaspace: 58139K(58688K)->58139K(58688K) NonClass: 51006K(51264K)->51006K(51264K) Class: 7132K(7424K)->7132K(7424K)
[2023-05-11T12:10:05.816+0000][2717.971s] GC(63) Pause Young (Normal) (G1 Evacuation Pause) 429M->217M(512M) 54.732ms
[2023-05-11T12:10:05.818+0000][2717.973s] GC(63) User=0.03s Sys=0.00s Real=0.05s
[2023-05-11T12:10:08.531+0000][2720.686s] GC(64) Pause Young (Normal) (G1 Evacuation Pause)
[2023-05-11T12:10:08.533+0000][2720.688s] GC(64) Using 2 workers of 2 for evacuation
[2023-05-11T12:10:08.550+0000][2720.705s] GC(64)   Pre Evacuate Collection Set: 0.3ms
[2023-05-11T12:10:08.551+0000][2720.706s] GC(64)   Merge Heap Roots: 0.1ms
[2023-05-11T12:10:08.553+0000][2720.708s] GC(64)   Evacuate Collection Set: 12.7ms
[2023-05-11T12:10:08.554+0000][2720.709s] GC(64)   Post Evacuate Collection Set: 1.2ms
[2023-05-11T12:10:08.556+0000][2720.711s] GC(64)   Other: 4.0ms
[2023-05-11T12:10:08.558+0000][2720.713s] GC(64) Eden regions: 213->0(203)
[2023-05-11T12:10:08.559+0000][2720.714s] GC(64) Survivor regions: 11->20(28)
[2023-05-11T12:10:08.561+0000][2720.716s] GC(64) Old regions: 191->191
[2023-05-11T12:10:08.562+0000][2720.717s] GC(64) Archive regions: 2->2
[2023-05-11T12:10:08.564+0000][2720.719s] GC(64) Humongous regions: 15->15
[2023-05-11T12:10:08.566+0000][2720.721s] GC(64) Metaspace: 58141K(58688K)->58141K(58688K) NonClass: 51008K(51264K)->51008K(51264K) Class: 7132K(7424K)->7132K(7424K)
[2023-05-11T12:10:08.567+0000][2720.722s] GC(64) Pause Young (Normal) (G1 Evacuation Pause) 430M->226M(512M) 36.194ms
[2023-05-11T12:10:08.569+0000][2720.724s] GC(64) User=0.02s Sys=0.01s Real=0.03s
[2023-05-11T12:10:10.541+0000][2722.696s] GC(65) Pause Young (Normal) (G1 Evacuation Pause)
[2023-05-11T12:10:10.544+0000][2722.699s] GC(65) Using 2 workers of 2 for evacuation
[2023-05-11T12:10:10.564+0000][2722.719s] GC(65)   Pre Evacuate Collection Set: 0.4ms
[2023-05-11T12:10:10.568+0000][2722.723s] GC(65)   Merge Heap Roots: 0.6ms
[2023-05-11T12:10:10.570+0000][2722.725s] GC(65)   Evacuate Collection Set: 15.9ms
[2023-05-11T12:10:10.580+0000][2722.735s] GC(65)   Post Evacuate Collection Set: 1.5ms
[2023-05-11T12:10:10.592+0000][2722.747s] GC(65)   Other: 4.6ms
[2023-05-11T12:10:10.605+0000][2722.760s] GC(65) Eden regions: 203->0(194)
[2023-05-11T12:10:10.607+0000][2722.762s] GC(65) Survivor regions: 20->19(28)
[2023-05-11T12:10:10.608+0000][2722.763s] GC(65) Old regions: 191->199
[2023-05-11T12:10:10.609+0000][2722.764s] GC(65) Archive regions: 2->2
[2023-05-11T12:10:10.610+0000][2722.765s] GC(65) Humongous regions: 16->16
[2023-05-11T12:10:10.612+0000][2722.767s] GC(65) Metaspace: 58147K(58688K)->58147K(58688K) NonClass: 51014K(51264K)->51014K(51264K) Class: 7132K(7424K)->7132K(7424K)
[2023-05-11T12:10:10.613+0000][2722.768s] GC(65) Pause Young (Normal) (G1 Evacuation Pause) 430M->234M(512M) 71.828ms
[2023-05-11T12:10:10.615+0000][2722.770s] GC(65) User=0.03s Sys=0.00s Real=0.07s
[2023-05-11T12:10:11.820+0000][2723.975s] GC(66) Pause Young (Normal) (G1 Evacuation Pause)
[2023-05-11T12:10:11.822+0000][2723.977s] GC(66) Using 2 workers of 2 for evacuation
[2023-05-11T12:10:11.839+0000][2723.994s] GC(66)   Pre Evacuate Collection Set: 0.4ms
[2023-05-11T12:10:11.841+0000][2723.996s] GC(66)   Merge Heap Roots: 0.1ms
[2023-05-11T12:10:11.843+0000][2723.998s] GC(66)   Evacuate Collection Set: 13.7ms
[2023-05-11T12:10:11.844+0000][2723.999s] GC(66)   Post Evacuate Collection Set: 1.2ms
[2023-05-11T12:10:11.846+0000][2724.001s] GC(66)   Other: 3.5ms
[2023-05-11T12:10:11.848+0000][2724.003s] GC(66) Eden regions: 194->0(185)
[2023-05-11T12:10:11.849+0000][2724.004s] GC(66) Survivor regions: 19->20(27)
[2023-05-11T12:10:11.851+0000][2724.006s] GC(66) Old regions: 199->206
[2023-05-11T12:10:11.853+0000][2724.008s] GC(66) Archive regions: 2->2
[2023-05-11T12:10:11.854+0000][2724.009s] GC(66) Humongous regions: 16->16
[2023-05-11T12:10:11.857+0000][2724.012s] GC(66) Metaspace: 58147K(58688K)->58147K(58688K) NonClass: 51014K(51264K)->51014K(51264K) Class: 7132K(7424K)->7132K(7424K)
[2023-05-11T12:10:11.860+0000][2724.015s] GC(66) Pause Young (Normal) (G1 Evacuation Pause) 428M->242M(512M) 39.565ms
[2023-05-11T12:10:11.861+0000][2724.016s] GC(66) User=0.03s Sys=0.00s Real=0.05s
[2023-05-11T12:10:13.577+0000][2725.732s] GC(67) Pause Young (Normal) (G1 Evacuation Pause)
[2023-05-11T12:10:13.578+0000][2725.733s] GC(67) Using 2 workers of 2 for evacuation
[2023-05-11T12:10:13.596+0000][2725.751s] GC(67)   Pre Evacuate Collection Set: 0.3ms
[2023-05-11T12:10:13.597+0000][2725.752s] GC(67)   Merge Heap Roots: 0.4ms
[2023-05-11T12:10:13.599+0000][2725.754s] GC(67)   Evacuate Collection Set: 14.8ms
[2023-05-11T12:10:13.601+0000][2725.756s] GC(67)   Post Evacuate Collection Set: 1.3ms
[2023-05-11T12:10:13.602+0000][2725.757s] GC(67)   Other: 3.0ms
[2023-05-11T12:10:13.603+0000][2725.758s] GC(67) Eden regions: 185->0(179)
[2023-05-11T12:10:13.605+0000][2725.760s] GC(67) Survivor regions: 20->20(26)
[2023-05-11T12:10:13.606+0000][2725.761s] GC(67) Old regions: 206->213
[2023-05-11T12:10:13.607+0000][2725.762s] GC(67) Archive regions: 2->2
[2023-05-11T12:10:13.608+0000][2725.763s] GC(67) Humongous regions: 16->16
[2023-05-11T12:10:13.609+0000][2725.764s] GC(67) Metaspace: 58158K(58688K)->58158K(58688K) NonClass: 51025K(51264K)->51025K(51264K) Class: 7132K(7424K)->7132K(7424K)
[2023-05-11T12:10:13.611+0000][2725.766s] GC(67) Pause Young (Normal) (G1 Evacuation Pause) 427M->249M(512M) 34.046ms
[2023-05-11T12:10:13.612+0000][2725.767s] GC(67) User=0.03s Sys=0.00s Real=0.04s
[2023-05-11T12:10:15.857+0000][2728.012s] GC(68) Pause Young (Concurrent Start) (G1 Evacuation Pause)
[2023-05-11T12:10:15.858+0000][2728.013s] GC(68) Using 2 workers of 2 for evacuation
[2023-05-11T12:10:15.875+0000][2728.030s] GC(68)   Pre Evacuate Collection Set: 0.7ms
[2023-05-11T12:10:15.877+0000][2728.032s] GC(68)   Merge Heap Roots: 0.3ms
[2023-05-11T12:10:15.878+0000][2728.033s] GC(68)   Evacuate Collection Set: 13.5ms
[2023-05-11T12:10:15.880+0000][2728.035s] GC(68)   Post Evacuate Collection Set: 1.3ms
[2023-05-11T12:10:15.885+0000][2728.040s] GC(68)   Other: 2.9ms
[2023-05-11T12:10:15.887+0000][2728.042s] GC(68) Eden regions: 179->0(174)
[2023-05-11T12:10:15.889+0000][2728.045s] GC(68) Survivor regions: 20->16(25)
[2023-05-11T12:10:15.893+0000][2728.048s] GC(68) Old regions: 213->224
[2023-05-11T12:10:15.895+0000][2728.050s] GC(68) Archive regions: 2->2
[2023-05-11T12:10:15.897+0000][2728.052s] GC(68) Humongous regions: 16->16
[2023-05-11T12:10:15.898+0000][2728.053s] GC(68) Metaspace: 58160K(58688K)->58160K(58688K) NonClass: 51027K(51264K)->51027K(51264K) Class: 7132K(7424K)->7132K(7424K)
[2023-05-11T12:10:15.901+0000][2728.056s] GC(68) Pause Young (Concurrent Start) (G1 Evacuation Pause) 428M->255M(512M) 44.163ms
[2023-05-11T12:10:15.903+0000][2728.058s] GC(68) User=0.02s Sys=0.01s Real=0.05s
[2023-05-11T12:10:15.904+0000][2728.059s] GC(69) Concurrent Mark Cycle
[2023-05-11T12:10:15.911+0000][2728.066s] GC(69) Concurrent Clear Claimed Marks
[2023-05-11T12:10:15.913+0000][2728.068s] GC(69) Concurrent Clear Claimed Marks 2.351ms
[2023-05-11T12:10:15.915+0000][2728.070s] GC(69) Concurrent Scan Root Regions
[2023-05-11T12:10:15.939+0000][2728.094s] GC(69) Concurrent Scan Root Regions 24.393ms
[2023-05-11T12:10:15.945+0000][2728.100s] GC(69) Concurrent Mark
[2023-05-11T12:10:15.948+0000][2728.103s] GC(69) Concurrent Mark From Roots
[2023-05-11T12:10:15.950+0000][2728.105s] GC(69) Using 1 workers of 1 for marking
[2023-05-11T12:10:16.439+0000][2728.594s] GC(69) Concurrent Mark From Roots 490.879ms
[2023-05-11T12:10:16.447+0000][2728.602s] GC(69) Concurrent Preclean
[2023-05-11T12:10:16.454+0000][2728.609s] GC(69) Concurrent Preclean 8.862ms
[2023-05-11T12:10:16.457+0000][2728.612s] GC(69) Pause Remark
[2023-05-11T12:10:16.484+0000][2728.639s] GC(69) Pause Remark 290M->193M(512M) 27.047ms
[2023-05-11T12:10:16.505+0000][2728.660s] GC(69) User=0.04s Sys=0.00s Real=0.05s
[2023-05-11T12:10:16.512+0000][2728.667s] GC(69) Concurrent Mark 566.836ms
[2023-05-11T12:10:16.526+0000][2728.681s] GC(69) Concurrent Rebuild Remembered Sets
[2023-05-11T12:10:16.779+0000][2728.934s] GC(69) Concurrent Rebuild Remembered Sets 253.217ms
[2023-05-11T12:10:16.784+0000][2728.939s] GC(69) Pause Cleanup
[2023-05-11T12:10:16.787+0000][2728.942s] GC(69) Pause Cleanup 233M->233M(512M) 2.721ms
[2023-05-11T12:10:16.789+0000][2728.944s] GC(69) User=0.00s Sys=0.00s Real=0.00s
[2023-05-11T12:10:16.792+0000][2728.947s] GC(69) Concurrent Cleanup for Next Mark
[2023-05-11T12:10:16.812+0000][2728.967s] GC(69) Concurrent Cleanup for Next Mark 20.410ms
[2023-05-11T12:10:16.830+0000][2728.985s] GC(69) Concurrent Mark Cycle 925.401ms
[2023-05-11T12:10:17.661+0000][2729.816s] GC(70) Pause Young (Prepare Mixed) (G1 Evacuation Pause)
[2023-05-11T12:10:17.663+0000][2729.818s] GC(70) Using 2 workers of 2 for evacuation
[2023-05-11T12:10:17.711+0000][2729.866s] GC(70)   Pre Evacuate Collection Set: 0.2ms
[2023-05-11T12:10:17.714+0000][2729.870s] GC(70)   Merge Heap Roots: 0.3ms
[2023-05-11T12:10:17.716+0000][2729.871s] GC(70)   Evacuate Collection Set: 43.8ms
[2023-05-11T12:10:17.717+0000][2729.872s] GC(70)   Post Evacuate Collection Set: 1.2ms
[2023-05-11T12:10:17.720+0000][2729.875s] GC(70)   Other: 5.8ms
[2023-05-11T12:10:17.721+0000][2729.876s] GC(70) Eden regions: 174->0(14)
[2023-05-11T12:10:17.723+0000][2729.878s] GC(70) Survivor regions: 16->11(24)
[2023-05-11T12:10:17.725+0000][2729.880s] GC(70) Old regions: 138->145
[2023-05-11T12:10:17.727+0000][2729.882s] GC(70) Archive regions: 2->2
[2023-05-11T12:10:17.728+0000][2729.883s] GC(70) Humongous regions: 5->5
[2023-05-11T12:10:17.729+0000][2729.884s] GC(70) Metaspace: 58160K(58688K)->58160K(58688K) NonClass: 51027K(51264K)->51027K(51264K) Class: 7132K(7424K)->7132K(7424K)
[2023-05-11T12:10:17.731+0000][2729.886s] GC(70) Pause Young (Prepare Mixed) (G1 Evacuation Pause) 332M->161M(512M) 70.164ms
[2023-05-11T12:10:17.732+0000][2729.887s] GC(70) User=0.07s Sys=0.01s Real=0.07s
[2023-05-11T12:10:17.972+0000][2730.127s] GC(71) Pause Young (Mixed) (G1 Evacuation Pause)
[2023-05-11T12:10:17.981+0000][2730.136s] GC(71) Using 2 workers of 2 for evacuation
[2023-05-11T12:10:18.013+0000][2730.168s] GC(71)   Pre Evacuate Collection Set: 0.4ms
[2023-05-11T12:10:18.016+0000][2730.171s] GC(71)   Merge Heap Roots: 0.1ms
[2023-05-11T12:10:18.018+0000][2730.173s] GC(71)   Evacuate Collection Set: 20.0ms
[2023-05-11T12:10:18.020+0000][2730.175s] GC(71)   Post Evacuate Collection Set: 9.9ms
[2023-05-11T12:10:18.023+0000][2730.178s] GC(71)   Other: 10.1ms
[2023-05-11T12:10:18.024+0000][2730.179s] GC(71) Eden regions: 14->0(305)
[2023-05-11T12:10:18.027+0000][2730.182s] GC(71) Survivor regions: 11->2(4)
[2023-05-11T12:10:18.030+0000][2730.185s] GC(71) Old regions: 145->109
[2023-05-11T12:10:18.031+0000][2730.186s] GC(71) Archive regions: 2->2
[2023-05-11T12:10:18.033+0000][2730.188s] GC(71) Humongous regions: 5->5
[2023-05-11T12:10:18.036+0000][2730.192s] GC(71) Metaspace: 58160K(58688K)->58160K(58688K) NonClass: 51027K(51264K)->51027K(51264K) Class: 7132K(7424K)->7132K(7424K)
[2023-05-11T12:10:18.055+0000][2730.210s] GC(71) Pause Young (Mixed) (G1 Evacuation Pause) 175M->116M(512M) 82.340ms
[2023-05-11T12:10:18.056+0000][2730.211s] GC(71) User=0.05s Sys=0.01s Real=0.08s
[2023-05-11T12:10:24.464+0000][2736.619s] GC(72) Pause Young (Normal) (G1 Evacuation Pause)
[2023-05-11T12:10:24.466+0000][2736.621s] GC(72) Using 2 workers of 2 for evacuation
[2023-05-11T12:10:24.509+0000][2736.664s] GC(72)   Pre Evacuate Collection Set: 0.3ms
[2023-05-11T12:10:24.511+0000][2736.666s] GC(72)   Merge Heap Roots: 0.3ms
[2023-05-11T12:10:24.513+0000][2736.668s] GC(72)   Evacuate Collection Set: 31.8ms
[2023-05-11T12:10:24.515+0000][2736.670s] GC(72)   Post Evacuate Collection Set: 2.2ms
[2023-05-11T12:10:24.516+0000][2736.672s] GC(72)   Other: 10.2ms
[2023-05-11T12:10:24.522+0000][2736.677s] GC(72) Eden regions: 305->0(296)
[2023-05-11T12:10:24.537+0000][2736.692s] GC(72) Survivor regions: 2->11(39)
[2023-05-11T12:10:24.549+0000][2736.704s] GC(72) Old regions: 109->109
[2023-05-11T12:10:24.566+0000][2736.721s] GC(72) Archive regions: 2->2
[2023-05-11T12:10:24.578+0000][2736.733s] GC(72) Humongous regions: 5->5
[2023-05-11T12:10:24.584+0000][2736.740s] GC(72) Metaspace: 58185K(58688K)->58185K(58688K) NonClass: 51052K(51264K)->51052K(51264K) Class: 7132K(7424K)->7132K(7424K)
[2023-05-11T12:10:24.588+0000][2736.743s] GC(72) Pause Young (Normal) (G1 Evacuation Pause) 421M->125M(512M) 123.792ms
[2023-05-11T12:10:24.600+0000][2736.755s] GC(72) User=0.06s Sys=0.01s Real=0.13s
[2023-05-11T12:10:31.396+0000][2743.551s] GC(73) Pause Young (Normal) (G1 Evacuation Pause)
[2023-05-11T12:10:31.398+0000][2743.553s] GC(73) Using 2 workers of 2 for evacuation
[2023-05-11T12:10:31.411+0000][2743.566s] GC(73)   Pre Evacuate Collection Set: 0.3ms
[2023-05-11T12:10:31.412+0000][2743.567s] GC(73)   Merge Heap Roots: 0.2ms
[2023-05-11T12:10:31.413+0000][2743.568s] GC(73)   Evacuate Collection Set: 8.9ms
[2023-05-11T12:10:31.415+0000][2743.570s] GC(73)   Post Evacuate Collection Set: 1.4ms
[2023-05-11T12:10:31.416+0000][2743.571s] GC(73)   Other: 3.8ms
[2023-05-11T12:10:31.417+0000][2743.572s] GC(73) Eden regions: 296->0(288)
[2023-05-11T12:10:31.418+0000][2743.573s] GC(73) Survivor regions: 11->19(39)
[2023-05-11T12:10:31.420+0000][2743.575s] GC(73) Old regions: 109->109
[2023-05-11T12:10:31.420+0000][2743.575s] GC(73) Archive regions: 2->2
[2023-05-11T12:10:31.421+0000][2743.576s] GC(73) Humongous regions: 5->5
[2023-05-11T12:10:31.422+0000][2743.577s] GC(73) Metaspace: 58206K(58752K)->58206K(58752K) NonClass: 51073K(51328K)->51073K(51328K) Class: 7132K(7424K)->7132K(7424K)
[2023-05-11T12:10:31.423+0000][2743.579s] GC(73) Pause Young (Normal) (G1 Evacuation Pause) 421M->133M(512M) 27.269ms
[2023-05-11T12:10:31.425+0000][2743.580s] GC(73) User=0.02s Sys=0.00s Real=0.03s
[2023-05-11T12:10:35.034+0000][2747.189s] GC(74) Pause Young (Normal) (G1 Evacuation Pause)
[2023-05-11T12:10:35.037+0000][2747.192s] GC(74) Using 2 workers of 2 for evacuation
[2023-05-11T12:10:35.058+0000][2747.213s] GC(74)   Pre Evacuate Collection Set: 0.2ms
[2023-05-11T12:10:35.060+0000][2747.215s] GC(74)   Merge Heap Roots: 0.4ms
[2023-05-11T12:10:35.064+0000][2747.219s] GC(74)   Evacuate Collection Set: 15.4ms
[2023-05-11T12:10:35.066+0000][2747.221s] GC(74)   Post Evacuate Collection Set: 1.5ms
[2023-05-11T12:10:35.068+0000][2747.223s] GC(74)   Other: 6.3ms
[2023-05-11T12:10:35.069+0000][2747.224s] GC(74) Eden regions: 288->0(286)
[2023-05-11T12:10:35.071+0000][2747.226s] GC(74) Survivor regions: 19->21(39)
[2023-05-11T12:10:35.072+0000][2747.227s] GC(74) Old regions: 109->109
[2023-05-11T12:10:35.073+0000][2747.228s] GC(74) Archive regions: 2->2
[2023-05-11T12:10:35.074+0000][2747.230s] GC(74) Humongous regions: 5->5
[2023-05-11T12:10:35.076+0000][2747.231s] GC(74) Metaspace: 58214K(58752K)->58214K(58752K) NonClass: 51081K(51328K)->51081K(51328K) Class: 7132K(7424K)->7132K(7424K)
[2023-05-11T12:10:35.077+0000][2747.232s] GC(74) Pause Young (Normal) (G1 Evacuation Pause) 421M->135M(512M) 42.798ms
[2023-05-11T12:10:35.079+0000][2747.234s] GC(74) User=0.02s Sys=0.00s Real=0.04s
[2023-05-11T12:10:38.546+0000][2750.698s] GC(75) Pause Young (Normal) (G1 Evacuation Pause)
[2023-05-11T12:10:38.548+0000][2750.700s] GC(75) Using 2 workers of 2 for evacuation
[2023-05-11T12:10:38.587+0000][2750.739s] GC(75)   Pre Evacuate Collection Set: 0.4ms
[2023-05-11T12:10:38.589+0000][2750.741s] GC(75)   Merge Heap Roots: 0.7ms
[2023-05-11T12:10:38.590+0000][2750.742s] GC(75)   Evacuate Collection Set: 34.4ms
[2023-05-11T12:10:38.594+0000][2750.746s] GC(75)   Post Evacuate Collection Set: 1.7ms
[2023-05-11T12:10:38.596+0000][2750.748s] GC(75)   Other: 4.7ms
[2023-05-11T12:10:38.598+0000][2750.750s] GC(75) Eden regions: 286->0(284)
[2023-05-11T12:10:38.609+0000][2750.762s] GC(75) Survivor regions: 21->23(39)
[2023-05-11T12:10:38.611+0000][2750.763s] GC(75) Old regions: 109->109
[2023-05-11T12:10:38.612+0000][2750.765s] GC(75) Archive regions: 2->2
[2023-05-11T12:10:38.615+0000][2750.768s] GC(75) Humongous regions: 5->5
[2023-05-11T12:10:38.617+0000][2750.769s] GC(75) Metaspace: 58345K(58816K)->58345K(58816K) NonClass: 51187K(51392K)->51187K(51392K) Class: 7158K(7424K)->7158K(7424K)
[2023-05-11T12:10:38.620+0000][2750.772s] GC(75) Pause Young (Normal) (G1 Evacuation Pause) 421M->137M(512M) 73.876ms
[2023-05-11T12:10:38.626+0000][2750.778s] GC(75) User=0.05s Sys=0.00s Real=0.08s
[2023-05-11T12:10:44.372+0000][2756.525s] GC(76) Pause Young (Normal) (G1 Evacuation Pause)
[2023-05-11T12:10:44.374+0000][2756.527s] GC(76) Using 2 workers of 2 for evacuation
[2023-05-11T12:10:44.410+0000][2756.562s] GC(76)   Pre Evacuate Collection Set: 0.4ms
[2023-05-11T12:10:44.412+0000][2756.564s] GC(76)   Merge Heap Roots: 0.2ms
[2023-05-11T12:10:44.413+0000][2756.565s] GC(76)   Evacuate Collection Set: 31.9ms
[2023-05-11T12:10:44.414+0000][2756.567s] GC(76)   Post Evacuate Collection Set: 1.3ms
[2023-05-11T12:10:44.416+0000][2756.568s] GC(76)   Other: 3.8ms
[2023-05-11T12:10:44.417+0000][2756.569s] GC(76) Eden regions: 284->0(275)
[2023-05-11T12:10:44.418+0000][2756.571s] GC(76) Survivor regions: 23->25(39)
[2023-05-11T12:10:44.420+0000][2756.572s] GC(76) Old regions: 109->118
[2023-05-11T12:10:44.422+0000][2756.574s] GC(76) Archive regions: 2->2
[2023-05-11T12:10:44.423+0000][2756.576s] GC(76) Humongous regions: 6->6
[2023-05-11T12:10:44.426+0000][2756.579s] GC(76) Metaspace: 58361K(58816K)->58361K(58816K) NonClass: 51200K(51392K)->51200K(51392K) Class: 7160K(7424K)->7160K(7424K)
[2023-05-11T12:10:44.428+0000][2756.580s] GC(76) Pause Young (Normal) (G1 Evacuation Pause) 422M->148M(512M) 55.747ms
[2023-05-11T12:10:44.429+0000][2756.582s] GC(76) User=0.04s Sys=0.00s Real=0.06s
[2023-05-11T12:10:50.325+0000][2762.477s] GC(77) Pause Young (Normal) (G1 Evacuation Pause)
[2023-05-11T12:10:50.327+0000][2762.479s] GC(77) Using 2 workers of 2 for evacuation
[2023-05-11T12:10:50.370+0000][2762.522s] GC(77)   Pre Evacuate Collection Set: 1.1ms
[2023-05-11T12:10:50.371+0000][2762.524s] GC(77)   Merge Heap Roots: 1.6ms
[2023-05-11T12:10:50.373+0000][2762.525s] GC(77)   Evacuate Collection Set: 36.8ms
[2023-05-11T12:10:50.374+0000][2762.526s] GC(77)   Post Evacuate Collection Set: 1.4ms
[2023-05-11T12:10:50.375+0000][2762.528s] GC(77)   Other: 3.9ms
[2023-05-11T12:10:50.377+0000][2762.529s] GC(77) Eden regions: 275->0(263)
[2023-05-11T12:10:50.379+0000][2762.531s] GC(77) Survivor regions: 25->24(38)
[2023-05-11T12:10:50.381+0000][2762.533s] GC(77) Old regions: 118->128
[2023-05-11T12:10:50.383+0000][2762.535s] GC(77) Archive regions: 2->2
[2023-05-11T12:10:50.385+0000][2762.538s] GC(77) Humongous regions: 6->6
[2023-05-11T12:10:50.387+0000][2762.540s] GC(77) Metaspace: 58364K(58880K)->58364K(58880K) NonClass: 51203K(51456K)->51203K(51456K) Class: 7160K(7424K)->7160K(7424K)
[2023-05-11T12:10:50.390+0000][2762.542s] GC(77) Pause Young (Normal) (G1 Evacuation Pause) 423M->158M(512M) 64.715ms
[2023-05-11T12:10:50.408+0000][2762.560s] GC(77) User=0.06s Sys=0.01s Real=0.08s
[2023-05-11T12:10:54.020+0000][2766.172s] GC(78) Pause Young (Normal) (G1 Evacuation Pause)
[2023-05-11T12:10:54.024+0000][2766.176s] GC(78) Using 2 workers of 2 for evacuation
[2023-05-11T12:10:54.065+0000][2766.217s] GC(78)   Pre Evacuate Collection Set: 0.2ms
[2023-05-11T12:10:54.067+0000][2766.219s] GC(78)   Merge Heap Roots: 0.2ms
[2023-05-11T12:10:54.069+0000][2766.221s] GC(78)   Evacuate Collection Set: 34.7ms
[2023-05-11T12:10:54.071+0000][2766.223s] GC(78)   Post Evacuate Collection Set: 1.9ms
[2023-05-11T12:10:54.072+0000][2766.225s] GC(78)   Other: 7.8ms
[2023-05-11T12:10:54.075+0000][2766.228s] GC(78) Eden regions: 263->0(261)
[2023-05-11T12:10:54.077+0000][2766.229s] GC(78) Survivor regions: 24->21(36)
[2023-05-11T12:10:54.079+0000][2766.232s] GC(78) Old regions: 128->137
[2023-05-11T12:10:54.081+0000][2766.233s] GC(78) Archive regions: 2->2
[2023-05-11T12:10:54.082+0000][2766.235s] GC(78) Humongous regions: 6->6
[2023-05-11T12:10:54.084+0000][2766.236s] GC(78) Metaspace: 58385K(58880K)->58385K(58880K) NonClass: 51223K(51456K)->51223K(51456K) Class: 7162K(7424K)->7162K(7424K)
[2023-05-11T12:10:54.086+0000][2766.238s] GC(78) Pause Young (Normal) (G1 Evacuation Pause) 421M->164M(512M) 65.671ms
[2023-05-11T12:10:54.089+0000][2766.242s] GC(78) User=0.07s Sys=0.00s Real=0.07s
[2023-05-11T12:11:01.107+0000][2773.259s] GC(79) Pause Young (Normal) (G1 Evacuation Pause)
[2023-05-11T12:11:01.109+0000][2773.261s] GC(79) Using 2 workers of 2 for evacuation
[2023-05-11T12:11:01.143+0000][2773.296s] GC(79)   Pre Evacuate Collection Set: 0.5ms
[2023-05-11T12:11:01.145+0000][2773.297s] GC(79)   Merge Heap Roots: 0.6ms
[2023-05-11T12:11:01.146+0000][2773.299s] GC(79)   Evacuate Collection Set: 29.7ms
[2023-05-11T12:11:01.148+0000][2773.300s] GC(79)   Post Evacuate Collection Set: 1.0ms
[2023-05-11T12:11:01.149+0000][2773.301s] GC(79)   Other: 4.8ms
[2023-05-11T12:11:01.150+0000][2773.303s] GC(79) Eden regions: 261->0(259)
[2023-05-11T12:11:01.153+0000][2773.305s] GC(79) Survivor regions: 21->12(36)
[2023-05-11T12:11:01.155+0000][2773.307s] GC(79) Old regions: 137->149
[2023-05-11T12:11:01.156+0000][2773.309s] GC(79) Archive regions: 2->2
[2023-05-11T12:11:01.158+0000][2773.310s] GC(79) Humongous regions: 6->6
[2023-05-11T12:11:01.160+0000][2773.313s] GC(79) Metaspace: 58527K(59072K)->58527K(59072K) NonClass: 51345K(51648K)->51345K(51648K) Class: 7181K(7424K)->7181K(7424K)
[2023-05-11T12:11:01.163+0000][2773.315s] GC(79) Pause Young (Normal) (G1 Evacuation Pause) 425M->167M(512M) 55.634ms
[2023-05-11T12:11:01.164+0000][2773.316s] GC(79) User=0.06s Sys=0.00s Real=0.06s
[2023-05-11T12:11:04.168+0000][2776.321s] GC(80) Pause Young (Normal) (G1 Evacuation Pause)
[2023-05-11T12:11:04.171+0000][2776.323s] GC(80) Using 2 workers of 2 for evacuation
[2023-05-11T12:11:04.186+0000][2776.339s] GC(80)   Pre Evacuate Collection Set: 0.8ms
[2023-05-11T12:11:04.189+0000][2776.341s] GC(80)   Merge Heap Roots: 0.1ms
[2023-05-11T12:11:04.190+0000][2776.343s] GC(80)   Evacuate Collection Set: 11.1ms
[2023-05-11T12:11:04.193+0000][2776.345s] GC(80)   Post Evacuate Collection Set: 1.5ms
[2023-05-11T12:11:04.195+0000][2776.347s] GC(80)   Other: 4.8ms
[2023-05-11T12:11:04.196+0000][2776.349s] GC(80) Eden regions: 259->0(257)
[2023-05-11T12:11:04.201+0000][2776.353s] GC(80) Survivor regions: 12->17(34)
[2023-05-11T12:11:04.209+0000][2776.362s] GC(80) Old regions: 149->149
[2023-05-11T12:11:04.212+0000][2776.364s] GC(80) Archive regions: 2->2
[2023-05-11T12:11:04.216+0000][2776.368s] GC(80) Humongous regions: 6->6
[2023-05-11T12:11:04.219+0000][2776.371s] GC(80) Metaspace: 58534K(59072K)->58534K(59072K) NonClass: 51352K(51648K)->51352K(51648K) Class: 7181K(7424K)->7181K(7424K)
[2023-05-11T12:11:04.221+0000][2776.373s] GC(80) Pause Young (Normal) (G1 Evacuation Pause) 426M->172M(512M) 52.812ms
[2023-05-11T12:11:04.222+0000][2776.375s] GC(80) User=0.02s Sys=0.00s Real=0.05s
[2023-05-11T12:11:07.644+0000][2779.798s] GC(81) Pause Young (Normal) (G1 Evacuation Pause)
[2023-05-11T12:11:07.653+0000][2779.807s] GC(81) Using 2 workers of 2 for evacuation
[2023-05-11T12:11:07.667+0000][2779.821s] GC(81)   Pre Evacuate Collection Set: 0.9ms
[2023-05-11T12:11:07.669+0000][2779.823s] GC(81)   Merge Heap Roots: 0.2ms
[2023-05-11T12:11:07.672+0000][2779.825s] GC(81)   Evacuate Collection Set: 10.2ms
[2023-05-11T12:11:07.674+0000][2779.828s] GC(81)   Post Evacuate Collection Set: 1.1ms
[2023-05-11T12:11:07.677+0000][2779.831s] GC(81)   Other: 10.8ms
[2023-05-11T12:11:07.679+0000][2779.832s] GC(81) Eden regions: 257->0(257)
[2023-05-11T12:11:07.680+0000][2779.834s] GC(81) Survivor regions: 17->20(35)
[2023-05-11T12:11:07.682+0000][2779.836s] GC(81) Old regions: 149->149
[2023-05-11T12:11:07.684+0000][2779.838s] GC(81) Archive regions: 2->2
[2023-05-11T12:11:07.685+0000][2779.839s] GC(81) Humongous regions: 6->6
[2023-05-11T12:11:07.687+0000][2779.841s] GC(81) Metaspace: 58583K(59072K)->58583K(59072K) NonClass: 51401K(51648K)->51401K(51648K) Class: 7181K(7424K)->7181K(7424K)
[2023-05-11T12:11:07.689+0000][2779.843s] GC(81) Pause Young (Normal) (G1 Evacuation Pause) 429M->175M(512M) 45.067ms
[2023-05-11T12:11:07.691+0000][2779.845s] GC(81) User=0.04s Sys=0.00s Real=0.04s
[2023-05-11T12:11:15.758+0000][2787.912s] GC(82) Pause Young (Normal) (G1 Evacuation Pause)
[2023-05-11T12:11:15.763+0000][2787.917s] GC(82) Using 2 workers of 2 for evacuation
[2023-05-11T12:11:15.795+0000][2787.948s] GC(82)   Pre Evacuate Collection Set: 0.8ms
[2023-05-11T12:11:15.797+0000][2787.951s] GC(82)   Merge Heap Roots: 0.4ms
[2023-05-11T12:11:15.799+0000][2787.953s] GC(82)   Evacuate Collection Set: 23.5ms
[2023-05-11T12:11:15.801+0000][2787.955s] GC(82)   Post Evacuate Collection Set: 4.4ms
[2023-05-11T12:11:15.803+0000][2787.957s] GC(82)   Other: 8.2ms
[2023-05-11T12:11:15.805+0000][2787.959s] GC(82) Eden regions: 257->0(255)
[2023-05-11T12:11:15.807+0000][2787.960s] GC(82) Survivor regions: 20->16(35)
[2023-05-11T12:11:15.809+0000][2787.962s] GC(82) Old regions: 149->154
[2023-05-11T12:11:15.811+0000][2787.965s] GC(82) Archive regions: 2->2
[2023-05-11T12:11:15.814+0000][2787.968s] GC(82) Humongous regions: 6->6
[2023-05-11T12:11:15.816+0000][2787.969s] GC(82) Metaspace: 58587K(59072K)->58587K(59072K) NonClass: 51405K(51648K)->51405K(51648K) Class: 7181K(7424K)->7181K(7424K)
[2023-05-11T12:11:15.817+0000][2787.971s] GC(82) Pause Young (Normal) (G1 Evacuation Pause) 432M->176M(512M) 59.124ms
[2023-05-11T12:11:15.819+0000][2787.972s] GC(82) User=0.05s Sys=0.00s Real=0.06s
[2023-05-11T12:11:19.342+0000][2791.496s] GC(83) Pause Young (Normal) (G1 Evacuation Pause)
[2023-05-11T12:11:19.344+0000][2791.498s] GC(83) Using 2 workers of 2 for evacuation
[2023-05-11T12:11:19.362+0000][2791.516s] GC(83)   Pre Evacuate Collection Set: 0.8ms
[2023-05-11T12:11:19.364+0000][2791.518s] GC(83)   Merge Heap Roots: 0.2ms
[2023-05-11T12:11:19.367+0000][2791.520s] GC(83)   Evacuate Collection Set: 9.9ms
[2023-05-11T12:11:19.368+0000][2791.522s] GC(83)   Post Evacuate Collection Set: 5.2ms
[2023-05-11T12:11:19.370+0000][2791.524s] GC(83)   Other: 4.1ms
[2023-05-11T12:11:19.372+0000][2791.525s] GC(83) Eden regions: 255->0(255)
[2023-05-11T12:11:19.374+0000][2791.527s] GC(83) Survivor regions: 16->16(34)
[2023-05-11T12:11:19.376+0000][2791.530s] GC(83) Old regions: 154->154
[2023-05-11T12:11:19.378+0000][2791.532s] GC(83) Archive regions: 2->2
[2023-05-11T12:11:19.380+0000][2791.533s] GC(83) Humongous regions: 6->6
[2023-05-11T12:11:19.381+0000][2791.535s] GC(83) Metaspace: 58590K(59072K)->58590K(59072K) NonClass: 51408K(51648K)->51408K(51648K) Class: 7181K(7424K)->7181K(7424K)
[2023-05-11T12:11:19.383+0000][2791.537s] GC(83) Pause Young (Normal) (G1 Evacuation Pause) 431M->175M(512M) 40.872ms
[2023-05-11T12:11:19.386+0000][2791.539s] GC(83) User=0.03s Sys=0.00s Real=0.04s
[2023-05-11T12:11:23.474+0000][2795.628s] GC(84) Pause Young (Normal) (G1 Evacuation Pause)
[2023-05-11T12:11:23.476+0000][2795.630s] GC(84) Using 2 workers of 2 for evacuation
[2023-05-11T12:11:23.508+0000][2795.662s] GC(84)   Pre Evacuate Collection Set: 0.3ms
[2023-05-11T12:11:23.511+0000][2795.665s] GC(84)   Merge Heap Roots: 0.1ms
[2023-05-11T12:11:23.514+0000][2795.667s] GC(84)   Evacuate Collection Set: 26.8ms
[2023-05-11T12:11:23.516+0000][2795.670s] GC(84)   Post Evacuate Collection Set: 1.3ms
[2023-05-11T12:11:23.521+0000][2795.674s] GC(84)   Other: 6.1ms
[2023-05-11T12:11:23.524+0000][2795.677s] GC(84) Eden regions: 255->0(252)
[2023-05-11T12:11:23.525+0000][2795.679s] GC(84) Survivor regions: 16->20(34)
[2023-05-11T12:11:23.527+0000][2795.681s] GC(84) Old regions: 154->154
[2023-05-11T12:11:23.529+0000][2795.683s] GC(84) Archive regions: 2->2
[2023-05-11T12:11:23.531+0000][2795.685s] GC(84) Humongous regions: 6->6
[2023-05-11T12:11:23.533+0000][2795.686s] GC(84) Metaspace: 58601K(59136K)->58601K(59136K) NonClass: 51419K(51712K)->51419K(51712K) Class: 7181K(7424K)->7181K(7424K)
[2023-05-11T12:11:23.535+0000][2795.688s] GC(84) Pause Young (Normal) (G1 Evacuation Pause) 430M->180M(512M) 60.567ms
[2023-05-11T12:11:23.537+0000][2795.690s] GC(84) User=0.08s Sys=0.00s Real=0.06s
[2023-05-11T12:11:30.372+0000][2802.526s] GC(85) Pause Young (Normal) (G1 Evacuation Pause)
[2023-05-11T12:11:30.376+0000][2802.529s] GC(85) Using 2 workers of 2 for evacuation
[2023-05-11T12:11:30.395+0000][2802.549s] GC(85)   Pre Evacuate Collection Set: 0.2ms
[2023-05-11T12:11:30.398+0000][2802.552s] GC(85)   Merge Heap Roots: 0.1ms
[2023-05-11T12:11:30.400+0000][2802.554s] GC(85)   Evacuate Collection Set: 11.3ms
[2023-05-11T12:11:30.402+0000][2802.555s] GC(85)   Post Evacuate Collection Set: 1.6ms
[2023-05-11T12:11:30.403+0000][2802.557s] GC(85)   Other: 9.4ms
[2023-05-11T12:11:30.406+0000][2802.559s] GC(85) Eden regions: 252->0(250)
[2023-05-11T12:11:30.408+0000][2802.561s] GC(85) Survivor regions: 20->17(34)
[2023-05-11T12:11:30.410+0000][2802.563s] GC(85) Old regions: 154->157
[2023-05-11T12:11:30.411+0000][2802.565s] GC(85) Archive regions: 2->2
[2023-05-11T12:11:30.413+0000][2802.567s] GC(85) Humongous regions: 6->6
[2023-05-11T12:11:30.416+0000][2802.569s] GC(85) Metaspace: 58720K(59200K)->58720K(59200K) NonClass: 51525K(51776K)->51525K(51776K) Class: 7195K(7424K)->7195K(7424K)
[2023-05-11T12:11:30.417+0000][2802.571s] GC(85) Pause Young (Normal) (G1 Evacuation Pause) 432M->180M(512M) 44.754ms
[2023-05-11T12:11:30.420+0000][2802.574s] GC(85) User=0.03s Sys=0.00s Real=0.04s
[2023-05-11T12:11:36.216+0000][2808.356s] GC(86) Pause Young (Normal) (G1 Evacuation Pause)
[2023-05-11T12:11:36.220+0000][2808.360s] GC(86) Using 2 workers of 2 for evacuation
[2023-05-11T12:11:36.241+0000][2808.380s] GC(86)   Pre Evacuate Collection Set: 0.2ms
[2023-05-11T12:11:36.242+0000][2808.382s] GC(86)   Merge Heap Roots: 0.1ms
[2023-05-11T12:11:36.244+0000][2808.383s] GC(86)   Evacuate Collection Set: 15.0ms
[2023-05-11T12:11:36.245+0000][2808.385s] GC(86)   Post Evacuate Collection Set: 1.3ms
[2023-05-11T12:11:36.247+0000][2808.387s] GC(86)   Other: 8.2ms
[2023-05-11T12:11:36.249+0000][2808.389s] GC(86) Eden regions: 250->0(250)
[2023-05-11T12:11:36.251+0000][2808.391s] GC(86) Survivor regions: 17->16(34)
[2023-05-11T12:11:36.252+0000][2808.392s] GC(86) Old regions: 157->157
[2023-05-11T12:11:36.254+0000][2808.394s] GC(86) Archive regions: 2->2
[2023-05-11T12:11:36.255+0000][2808.395s] GC(86) Humongous regions: 6->6
[2023-05-11T12:11:36.257+0000][2808.397s] GC(86) Metaspace: 58746K(59264K)->58746K(59264K) NonClass: 51550K(51840K)->51550K(51840K) Class: 7196K(7424K)->7196K(7424K)
[2023-05-11T12:11:36.258+0000][2808.398s] GC(86) Pause Young (Normal) (G1 Evacuation Pause) 430M->179M(512M) 42.531ms
[2023-05-11T12:11:36.260+0000][2808.400s] GC(86) User=0.02s Sys=0.00s Real=0.04s
[2023-05-11T12:11:39.281+0000][2811.421s] GC(87) Pause Young (Normal) (G1 Evacuation Pause)
[2023-05-11T12:11:39.283+0000][2811.423s] GC(87) Using 2 workers of 2 for evacuation
[2023-05-11T12:11:39.292+0000][2811.432s] GC(87)   Pre Evacuate Collection Set: 0.5ms
[2023-05-11T12:11:39.294+0000][2811.433s] GC(87)   Merge Heap Roots: 0.2ms
[2023-05-11T12:11:39.295+0000][2811.435s] GC(87)   Evacuate Collection Set: 6.2ms
[2023-05-11T12:11:39.296+0000][2811.436s] GC(87)   Post Evacuate Collection Set: 0.9ms
[2023-05-11T12:11:39.297+0000][2811.437s] GC(87)   Other: 3.0ms
[2023-05-11T12:11:39.298+0000][2811.438s] GC(87) Eden regions: 250->0(256)
[2023-05-11T12:11:39.299+0000][2811.439s] GC(87) Survivor regions: 16->12(34)
[2023-05-11T12:11:39.301+0000][2811.440s] GC(87) Old regions: 157->157
[2023-05-11T12:11:39.302+0000][2811.441s] GC(87) Archive regions: 2->2
[2023-05-11T12:11:39.303+0000][2811.442s] GC(87) Humongous regions: 6->6
[2023-05-11T12:11:39.304+0000][2811.443s] GC(87) Metaspace: 58843K(59328K)->58843K(59328K) NonClass: 51639K(51904K)->51639K(51904K) Class: 7204K(7424K)->7204K(7424K)
[2023-05-11T12:11:39.305+0000][2811.445s] GC(87) Pause Young (Normal) (G1 Evacuation Pause) 429M->175M(512M) 23.806ms
[2023-05-11T12:11:39.307+0000][2811.446s] GC(87) User=0.02s Sys=0.01s Real=0.03s
[2023-05-11T12:11:43.297+0000][2815.437s] GC(88) Pause Young (Normal) (G1 Evacuation Pause)
[2023-05-11T12:11:43.299+0000][2815.439s] GC(88) Using 2 workers of 2 for evacuation
[2023-05-11T12:11:43.321+0000][2815.461s] GC(88)   Pre Evacuate Collection Set: 0.2ms
[2023-05-11T12:11:43.323+0000][2815.463s] GC(88)   Merge Heap Roots: 0.1ms
[2023-05-11T12:11:43.327+0000][2815.467s] GC(88)   Evacuate Collection Set: 14.7ms
[2023-05-11T12:11:43.332+0000][2815.472s] GC(88)   Post Evacuate Collection Set: 3.5ms
[2023-05-11T12:11:43.334+0000][2815.473s] GC(88)   Other: 5.7ms
[2023-05-11T12:11:43.335+0000][2815.475s] GC(88) Eden regions: 256->0(256)
[2023-05-11T12:11:43.337+0000][2815.476s] GC(88) Survivor regions: 12->13(34)
[2023-05-11T12:11:43.338+0000][2815.478s] GC(88) Old regions: 157->157
[2023-05-11T12:11:43.340+0000][2815.480s] GC(88) Archive regions: 2->2
[2023-05-11T12:11:43.342+0000][2815.482s] GC(88) Humongous regions: 6->6
[2023-05-11T12:11:43.347+0000][2815.487s] GC(88) Metaspace: 58858K(59328K)->58858K(59328K) NonClass: 51654K(51904K)->51654K(51904K) Class: 7204K(7424K)->7204K(7424K)
[2023-05-11T12:11:43.349+0000][2815.489s] GC(88) Pause Young (Normal) (G1 Evacuation Pause) 431M->176M(512M) 52.024ms
[2023-05-11T12:11:43.351+0000][2815.490s] GC(88) User=0.03s Sys=0.00s Real=0.05s
[2023-05-11T12:11:45.729+0000][2817.868s] GC(89) Pause Young (Normal) (G1 Evacuation Pause)
[2023-05-11T12:11:45.730+0000][2817.870s] GC(89) Using 2 workers of 2 for evacuation
[2023-05-11T12:11:45.749+0000][2817.889s] GC(89)   Pre Evacuate Collection Set: 0.2ms
[2023-05-11T12:11:45.751+0000][2817.891s] GC(89)   Merge Heap Roots: 0.3ms
[2023-05-11T12:11:45.752+0000][2817.892s] GC(89)   Evacuate Collection Set: 15.6ms
[2023-05-11T12:11:45.755+0000][2817.895s] GC(89)   Post Evacuate Collection Set: 1.1ms
[2023-05-11T12:11:45.756+0000][2817.896s] GC(89)   Other: 3.4ms
[2023-05-11T12:11:45.758+0000][2817.897s] GC(89) Eden regions: 256->0(245)
[2023-05-11T12:11:45.759+0000][2817.899s] GC(89) Survivor regions: 13->21(34)
[2023-05-11T12:11:45.760+0000][2817.900s] GC(89) Old regions: 157->157
[2023-05-11T12:11:45.762+0000][2817.901s] GC(89) Archive regions: 2->2
[2023-05-11T12:11:45.763+0000][2817.902s] GC(89) Humongous regions: 6->6
[2023-05-11T12:11:45.764+0000][2817.903s] GC(89) Metaspace: 58861K(59328K)->58861K(59328K) NonClass: 51657K(51904K)->51657K(51904K) Class: 7204K(7424K)->7204K(7424K)
[2023-05-11T12:11:45.766+0000][2817.906s] GC(89) Pause Young (Normal) (G1 Evacuation Pause) 432M->184M(512M) 37.464ms
[2023-05-11T12:11:45.767+0000][2817.907s] GC(89) User=0.02s Sys=0.00s Real=0.04s
[2023-05-11T12:11:47.763+0000][2819.903s] GC(90) Pause Young (Normal) (G1 Evacuation Pause)
[2023-05-11T12:11:47.765+0000][2819.905s] GC(90) Using 2 workers of 2 for evacuation
[2023-05-11T12:11:47.784+0000][2819.924s] GC(90)   Pre Evacuate Collection Set: 0.1ms
[2023-05-11T12:11:47.786+0000][2819.925s] GC(90)   Merge Heap Roots: 0.1ms
[2023-05-11T12:11:47.787+0000][2819.927s] GC(90)   Evacuate Collection Set: 15.5ms
[2023-05-11T12:11:47.795+0000][2819.934s] GC(90)   Post Evacuate Collection Set: 1.9ms
[2023-05-11T12:11:47.796+0000][2819.936s] GC(90)   Other: 3.3ms
[2023-05-11T12:11:47.798+0000][2819.938s] GC(90) Eden regions: 245->0(233)
[2023-05-11T12:11:47.800+0000][2819.939s] GC(90) Survivor regions: 21->27(34)
[2023-05-11T12:11:47.801+0000][2819.941s] GC(90) Old regions: 157->160
[2023-05-11T12:11:47.804+0000][2819.944s] GC(90) Archive regions: 2->2
[2023-05-11T12:11:47.806+0000][2819.946s] GC(90) Humongous regions: 7->7
[2023-05-11T12:11:47.808+0000][2819.948s] GC(90) Metaspace: 58865K(59328K)->58865K(59328K) NonClass: 51661K(51904K)->51661K(51904K) Class: 7204K(7424K)->7204K(7424K)
[2023-05-11T12:11:47.810+0000][2819.949s] GC(90) Pause Young (Normal) (G1 Evacuation Pause) 430M->193M(512M) 46.436ms
[2023-05-11T12:11:47.811+0000][2819.951s] GC(90) User=0.03s Sys=0.01s Real=0.05s
[2023-05-11T12:11:50.281+0000][2822.420s] GC(91) Pause Young (Normal) (G1 Evacuation Pause)
[2023-05-11T12:11:50.282+0000][2822.421s] GC(91) Using 2 workers of 2 for evacuation
[2023-05-11T12:11:50.307+0000][2822.446s] GC(91)   Pre Evacuate Collection Set: 0.3ms
[2023-05-11T12:11:50.309+0000][2822.449s] GC(91)   Merge Heap Roots: 0.2ms
[2023-05-11T12:11:50.311+0000][2822.451s] GC(91)   Evacuate Collection Set: 21.8ms
[2023-05-11T12:11:50.313+0000][2822.453s] GC(91)   Post Evacuate Collection Set: 1.3ms
[2023-05-11T12:11:50.314+0000][2822.454s] GC(91)   Other: 2.7ms
[2023-05-11T12:11:50.317+0000][2822.457s] GC(91) Eden regions: 233->0(221)
[2023-05-11T12:11:50.319+0000][2822.458s] GC(91) Survivor regions: 27->22(33)
[2023-05-11T12:11:50.320+0000][2822.460s] GC(91) Old regions: 160->173
[2023-05-11T12:11:50.321+0000][2822.461s] GC(91) Archive regions: 2->2
[2023-05-11T12:11:50.324+0000][2822.463s] GC(91) Humongous regions: 8->8
[2023-05-11T12:11:50.326+0000][2822.466s] GC(91) Metaspace: 58872K(59328K)->58872K(59328K) NonClass: 51668K(51904K)->51668K(51904K) Class: 7204K(7424K)->7204K(7424K)
[2023-05-11T12:11:50.329+0000][2822.468s] GC(91) Pause Young (Normal) (G1 Evacuation Pause) 427M->203M(512M) 48.062ms
[2023-05-11T12:11:50.330+0000][2822.470s] GC(91) User=0.03s Sys=0.00s Real=0.05s
[2023-05-11T12:11:53.779+0000][2825.919s] GC(92) Pause Young (Normal) (G1 Evacuation Pause)
[2023-05-11T12:11:53.781+0000][2825.921s] GC(92) Using 2 workers of 2 for evacuation
[2023-05-11T12:11:53.807+0000][2825.947s] GC(92)   Pre Evacuate Collection Set: 0.6ms
[2023-05-11T12:11:53.809+0000][2825.948s] GC(92)   Merge Heap Roots: 0.4ms
[2023-05-11T12:11:53.810+0000][2825.949s] GC(92)   Evacuate Collection Set: 22.2ms
[2023-05-11T12:11:53.811+0000][2825.951s] GC(92)   Post Evacuate Collection Set: 1.4ms
[2023-05-11T12:11:53.813+0000][2825.952s] GC(92)   Other: 3.5ms
[2023-05-11T12:11:53.814+0000][2825.954s] GC(92) Eden regions: 221->0(217)
[2023-05-11T12:11:53.815+0000][2825.955s] GC(92) Survivor regions: 22->23(31)
[2023-05-11T12:11:53.816+0000][2825.956s] GC(92) Old regions: 173->180
[2023-05-11T12:11:53.817+0000][2825.957s] GC(92) Archive regions: 2->2
[2023-05-11T12:11:53.819+0000][2825.958s] GC(92) Humongous regions: 8->8
[2023-05-11T12:11:53.820+0000][2825.960s] GC(92) Metaspace: 58880K(59328K)->58880K(59328K) NonClass: 51676K(51904K)->51676K(51904K) Class: 7204K(7424K)->7204K(7424K)
[2023-05-11T12:11:53.822+0000][2825.961s] GC(92) Pause Young (Normal) (G1 Evacuation Pause) 424M->211M(512M) 42.615ms
[2023-05-11T12:11:53.823+0000][2825.963s] GC(92) User=0.04s Sys=0.00s Real=0.04s
[2023-05-11T12:11:55.070+0000][2827.210s] GC(93) Pause Young (Normal) (G1 Evacuation Pause)
[2023-05-11T12:11:55.072+0000][2827.212s] GC(93) Using 2 workers of 2 for evacuation
[2023-05-11T12:11:55.095+0000][2827.235s] GC(93)   Pre Evacuate Collection Set: 0.4ms
[2023-05-11T12:11:55.097+0000][2827.237s] GC(93)   Merge Heap Roots: 0.2ms
[2023-05-11T12:11:55.099+0000][2827.238s] GC(93)   Evacuate Collection Set: 18.4ms
[2023-05-11T12:11:55.101+0000][2827.241s] GC(93)   Post Evacuate Collection Set: 1.4ms
[2023-05-11T12:11:55.103+0000][2827.243s] GC(93)   Other: 4.3ms
[2023-05-11T12:11:55.105+0000][2827.245s] GC(93) Eden regions: 217->0(215)
[2023-05-11T12:11:55.107+0000][2827.247s] GC(93) Survivor regions: 23->13(30)
[2023-05-11T12:11:55.109+0000][2827.249s] GC(93) Old regions: 180->194
[2023-05-11T12:11:55.110+0000][2827.250s] GC(93) Archive regions: 2->2
[2023-05-11T12:11:55.117+0000][2827.256s] GC(93) Humongous regions: 8->8
[2023-05-11T12:11:55.120+0000][2827.259s] GC(93) Metaspace: 58893K(59328K)->58893K(59328K) NonClass: 51689K(51904K)->51689K(51904K) Class: 7204K(7424K)->7204K(7424K)
[2023-05-11T12:11:55.122+0000][2827.262s] GC(93) Pause Young (Normal) (G1 Evacuation Pause) 428M->215M(512M) 52.102ms
[2023-05-11T12:11:55.124+0000][2827.263s] GC(93) User=0.04s Sys=0.00s Real=0.05s
[2023-05-11T12:11:57.049+0000][2829.189s] GC(94) Pause Young (Normal) (G1 Evacuation Pause)
[2023-05-11T12:11:57.051+0000][2829.191s] GC(94) Using 2 workers of 2 for evacuation
[2023-05-11T12:11:57.070+0000][2829.209s] GC(94)   Pre Evacuate Collection Set: 0.2ms
[2023-05-11T12:11:57.072+0000][2829.212s] GC(94)   Merge Heap Roots: 0.1ms
[2023-05-11T12:11:57.074+0000][2829.213s] GC(94)   Evacuate Collection Set: 15.5ms
[2023-05-11T12:11:57.079+0000][2829.218s] GC(94)   Post Evacuate Collection Set: 1.3ms
[2023-05-11T12:11:57.082+0000][2829.221s] GC(94)   Other: 3.4ms
[2023-05-11T12:11:57.084+0000][2829.223s] GC(94) Eden regions: 215->0(211)
[2023-05-11T12:11:57.086+0000][2829.225s] GC(94) Survivor regions: 13->18(29)
[2023-05-11T12:11:57.088+0000][2829.228s] GC(94) Old regions: 194->194
[2023-05-11T12:11:57.091+0000][2829.231s] GC(94) Archive regions: 2->2
[2023-05-11T12:11:57.093+0000][2829.233s] GC(94) Humongous regions: 8->8
[2023-05-11T12:11:57.095+0000][2829.234s] GC(94) Metaspace: 58913K(59392K)->58913K(59392K) NonClass: 51709K(51968K)->51709K(51968K) Class: 7204K(7424K)->7204K(7424K)
[2023-05-11T12:11:57.096+0000][2829.236s] GC(94) Pause Young (Normal) (G1 Evacuation Pause) 430M->220M(512M) 47.161ms
[2023-05-11T12:11:57.098+0000][2829.238s] GC(94) User=0.02s Sys=0.01s Real=0.05s
[2023-05-11T12:12:00.400+0000][2832.540s] GC(95) Pause Young (Normal) (G1 Evacuation Pause)
[2023-05-11T12:12:00.403+0000][2832.543s] GC(95) Using 2 workers of 2 for evacuation
[2023-05-11T12:12:00.432+0000][2832.572s] GC(95)   Pre Evacuate Collection Set: 0.2ms
[2023-05-11T12:12:00.436+0000][2832.575s] GC(95)   Merge Heap Roots: 0.1ms
[2023-05-11T12:12:00.438+0000][2832.578s] GC(95)   Evacuate Collection Set: 22.5ms
[2023-05-11T12:12:00.441+0000][2832.580s] GC(95)   Post Evacuate Collection Set: 1.2ms
[2023-05-11T12:12:00.443+0000][2832.582s] GC(95)   Other: 8.0ms
[2023-05-11T12:12:00.445+0000][2832.585s] GC(95) Eden regions: 211->0(205)
[2023-05-11T12:12:00.447+0000][2832.586s] GC(95) Survivor regions: 18->18(29)
[2023-05-11T12:12:00.448+0000][2832.588s] GC(95) Old regions: 194->200
[2023-05-11T12:12:00.450+0000][2832.590s] GC(95) Archive regions: 2->2
[2023-05-11T12:12:00.453+0000][2832.593s] GC(95) Humongous regions: 8->8
[2023-05-11T12:12:00.455+0000][2832.595s] GC(95) Metaspace: 58914K(59392K)->58914K(59392K) NonClass: 51710K(51968K)->51710K(51968K) Class: 7204K(7424K)->7204K(7424K)
[2023-05-11T12:12:00.457+0000][2832.597s] GC(95) Pause Young (Normal) (G1 Evacuation Pause) 431M->226M(512M) 57.122ms
[2023-05-11T12:12:00.462+0000][2832.601s] GC(95) User=0.07s Sys=0.00s Real=0.06s
[2023-05-11T12:12:02.812+0000][2834.952s] GC(96) Pause Young (Normal) (G1 Evacuation Pause)
[2023-05-11T12:12:02.815+0000][2834.955s] GC(96) Using 2 workers of 2 for evacuation
[2023-05-11T12:12:02.847+0000][2834.987s] GC(96)   Pre Evacuate Collection Set: 0.4ms
[2023-05-11T12:12:02.850+0000][2834.990s] GC(96)   Merge Heap Roots: 0.4ms
[2023-05-11T12:12:02.853+0000][2834.993s] GC(96)   Evacuate Collection Set: 27.9ms
[2023-05-11T12:12:02.855+0000][2834.995s] GC(96)   Post Evacuate Collection Set: 2.0ms
[2023-05-11T12:12:02.858+0000][2834.998s] GC(96)   Other: 4.3ms
[2023-05-11T12:12:02.860+0000][2835.000s] GC(96) Eden regions: 205->0(201)
[2023-05-11T12:12:02.862+0000][2835.002s] GC(96) Survivor regions: 18->20(28)
[2023-05-11T12:12:02.865+0000][2835.005s] GC(96) Old regions: 200->203
[2023-05-11T12:12:02.870+0000][2835.010s] GC(96) Archive regions: 2->2
[2023-05-11T12:12:02.873+0000][2835.012s] GC(96) Humongous regions: 8->8
[2023-05-11T12:12:02.876+0000][2835.015s] GC(96) Metaspace: 58918K(59392K)->58918K(59392K) NonClass: 51714K(51968K)->51714K(51968K) Class: 7204K(7424K)->7204K(7424K)
[2023-05-11T12:12:02.879+0000][2835.019s] GC(96) Pause Young (Normal) (G1 Evacuation Pause) 431M->231M(512M) 66.636ms
[2023-05-11T12:12:02.882+0000][2835.021s] GC(96) User=0.04s Sys=0.01s Real=0.07s
[2023-05-11T12:12:04.781+0000][2836.921s] GC(97) Pause Young (Normal) (G1 Evacuation Pause)
[2023-05-11T12:12:04.783+0000][2836.922s] GC(97) Using 2 workers of 2 for evacuation
[2023-05-11T12:12:04.809+0000][2836.949s] GC(97)   Pre Evacuate Collection Set: 0.2ms
[2023-05-11T12:12:04.811+0000][2836.951s] GC(97)   Merge Heap Roots: 0.2ms
[2023-05-11T12:12:04.813+0000][2836.953s] GC(97)   Evacuate Collection Set: 23.4ms
[2023-05-11T12:12:04.814+0000][2836.954s] GC(97)   Post Evacuate Collection Set: 1.6ms
[2023-05-11T12:12:04.816+0000][2836.956s] GC(97)   Other: 3.1ms
[2023-05-11T12:12:04.817+0000][2836.957s] GC(97) Eden regions: 201->0(192)
[2023-05-11T12:12:04.819+0000][2836.959s] GC(97) Survivor regions: 20->22(28)
[2023-05-11T12:12:04.821+0000][2836.961s] GC(97) Old regions: 203->208
[2023-05-11T12:12:04.822+0000][2836.962s] GC(97) Archive regions: 2->2
[2023-05-11T12:12:04.823+0000][2836.963s] GC(97) Humongous regions: 8->8
[2023-05-11T12:12:04.826+0000][2836.966s] GC(97) Metaspace: 58919K(59392K)->58919K(59392K) NonClass: 51715K(51968K)->51715K(51968K) Class: 7204K(7424K)->7204K(7424K)
[2023-05-11T12:12:04.827+0000][2836.967s] GC(97) Pause Young (Normal) (G1 Evacuation Pause) 432M->238M(512M) 46.377ms
[2023-05-11T12:12:04.829+0000][2836.968s] GC(97) User=0.02s Sys=0.00s Real=0.05s
[2023-05-11T12:12:06.839+0000][2838.988s] GC(98) Pause Young (Normal) (G1 Evacuation Pause)
[2023-05-11T12:12:06.840+0000][2838.989s] GC(98) Using 2 workers of 2 for evacuation
[2023-05-11T12:12:06.858+0000][2839.007s] GC(98)   Pre Evacuate Collection Set: 0.6ms
[2023-05-11T12:12:06.860+0000][2839.009s] GC(98)   Merge Heap Roots: 0.5ms
[2023-05-11T12:12:06.861+0000][2839.011s] GC(98)   Evacuate Collection Set: 14.2ms
[2023-05-11T12:12:06.863+0000][2839.012s] GC(98)   Post Evacuate Collection Set: 1.5ms
[2023-05-11T12:12:06.864+0000][2839.013s] GC(98)   Other: 2.8ms
[2023-05-11T12:12:06.865+0000][2839.015s] GC(98) Eden regions: 192->0(185)
[2023-05-11T12:12:06.867+0000][2839.016s] GC(98) Survivor regions: 22->18(27)
[2023-05-11T12:12:06.869+0000][2839.018s] GC(98) Old regions: 208->219
[2023-05-11T12:12:06.870+0000][2839.019s] GC(98) Archive regions: 2->2
[2023-05-11T12:12:06.871+0000][2839.021s] GC(98) Humongous regions: 8->8
[2023-05-11T12:12:06.873+0000][2839.022s] GC(98) Metaspace: 58920K(59392K)->58920K(59392K) NonClass: 51716K(51968K)->51716K(51968K) Class: 7204K(7424K)->7204K(7424K)
[2023-05-11T12:12:06.875+0000][2839.024s] GC(98) Pause Young (Normal) (G1 Evacuation Pause) 430M->244M(512M) 36.033ms
[2023-05-11T12:12:06.876+0000][2839.026s] GC(98) User=0.03s Sys=0.00s Real=0.04s
[2023-05-11T12:12:08.446+0000][2840.595s] GC(99) Pause Young (Normal) (G1 Evacuation Pause)
[2023-05-11T12:12:08.448+0000][2840.597s] GC(99) Using 2 workers of 2 for evacuation
[2023-05-11T12:12:08.471+0000][2840.620s] GC(99)   Pre Evacuate Collection Set: 0.2ms
[2023-05-11T12:12:08.473+0000][2840.622s] GC(99)   Merge Heap Roots: 0.8ms
[2023-05-11T12:12:08.474+0000][2840.623s] GC(99)   Evacuate Collection Set: 18.4ms
[2023-05-11T12:12:08.475+0000][2840.625s] GC(99)   Post Evacuate Collection Set: 1.6ms
[2023-05-11T12:12:08.477+0000][2840.626s] GC(99)   Other: 4.1ms
[2023-05-11T12:12:08.478+0000][2840.627s] GC(99) Eden regions: 185->0(184)
[2023-05-11T12:12:08.479+0000][2840.628s] GC(99) Survivor regions: 18->14(26)
[2023-05-11T12:12:08.481+0000][2840.630s] GC(99) Old regions: 219->227
[2023-05-11T12:12:08.482+0000][2840.632s] GC(99) Archive regions: 2->2
[2023-05-11T12:12:08.484+0000][2840.633s] GC(99) Humongous regions: 8->8
[2023-05-11T12:12:08.485+0000][2840.635s] GC(99) Metaspace: 58921K(59392K)->58921K(59392K) NonClass: 51716K(51968K)->51716K(51968K) Class: 7204K(7424K)->7204K(7424K)
[2023-05-11T12:12:08.487+0000][2840.636s] GC(99) Pause Young (Normal) (G1 Evacuation Pause) 429M->248M(512M) 41.151ms
[2023-05-11T12:12:08.488+0000][2840.637s] GC(99) User=0.03s Sys=0.01s Real=0.05s
[2023-05-11T12:12:09.734+0000][2841.884s] GC(100) Pause Young (Concurrent Start) (G1 Evacuation Pause)
[2023-05-11T12:12:09.737+0000][2841.887s] GC(100) Using 2 workers of 2 for evacuation
[2023-05-11T12:12:09.754+0000][2841.904s] GC(100)   Pre Evacuate Collection Set: 0.6ms
[2023-05-11T12:12:09.757+0000][2841.906s] GC(100)   Merge Heap Roots: 0.4ms
[2023-05-11T12:12:09.758+0000][2841.908s] GC(100)   Evacuate Collection Set: 13.1ms
[2023-05-11T12:12:09.760+0000][2841.910s] GC(100)   Post Evacuate Collection Set: 1.1ms
[2023-05-11T12:12:09.762+0000][2841.911s] GC(100)   Other: 4.9ms
[2023-05-11T12:12:09.763+0000][2841.913s] GC(100) Eden regions: 184->0(181)
[2023-05-11T12:12:09.764+0000][2841.914s] GC(100) Survivor regions: 14->10(25)
[2023-05-11T12:12:09.765+0000][2841.915s] GC(100) Old regions: 227->235
[2023-05-11T12:12:09.766+0000][2841.916s] GC(100) Archive regions: 2->2
[2023-05-11T12:12:09.768+0000][2841.917s] GC(100) Humongous regions: 8->8
[2023-05-11T12:12:09.771+0000][2841.920s] GC(100) Metaspace: 58921K(59392K)->58921K(59392K) NonClass: 51717K(51968K)->51717K(51968K) Class: 7204K(7424K)->7204K(7424K)
[2023-05-11T12:12:09.776+0000][2841.925s] GC(100) Pause Young (Concurrent Start) (G1 Evacuation Pause) 432M->253M(512M) 41.241ms
[2023-05-11T12:12:09.778+0000][2841.927s] GC(100) User=0.02s Sys=0.01s Real=0.05s
[2023-05-11T12:12:09.780+0000][2841.929s] GC(101) Concurrent Mark Cycle
[2023-05-11T12:12:09.782+0000][2841.932s] GC(101) Concurrent Clear Claimed Marks
[2023-05-11T12:12:09.787+0000][2841.937s] GC(101) Concurrent Clear Claimed Marks 4.817ms
[2023-05-11T12:12:09.790+0000][2841.939s] GC(101) Concurrent Scan Root Regions
[2023-05-11T12:12:09.821+0000][2841.970s] GC(101) Concurrent Scan Root Regions 31.335ms
[2023-05-11T12:12:09.825+0000][2841.974s] GC(101) Concurrent Mark
[2023-05-11T12:12:09.826+0000][2841.976s] GC(101) Concurrent Mark From Roots
[2023-05-11T12:12:09.829+0000][2841.978s] GC(101) Using 1 workers of 1 for marking
[2023-05-11T12:12:10.471+0000][2842.620s] GC(101) Concurrent Mark From Roots 644.850ms
[2023-05-11T12:12:10.473+0000][2842.622s] GC(101) Concurrent Preclean
[2023-05-11T12:12:10.475+0000][2842.624s] GC(101) Concurrent Preclean 2.316ms
[2023-05-11T12:12:10.478+0000][2842.627s] GC(101) Pause Remark
[2023-05-11T12:12:10.515+0000][2842.664s] GC(101) Pause Remark 285M->195M(512M) 37.014ms
[2023-05-11T12:12:10.516+0000][2842.666s] GC(101) User=0.04s Sys=0.01s Real=0.04s
[2023-05-11T12:12:10.520+0000][2842.669s] GC(101) Concurrent Mark 695.276ms
[2023-05-11T12:12:10.523+0000][2842.672s] GC(101) Concurrent Rebuild Remembered Sets
[2023-05-11T12:12:10.730+0000][2842.879s] GC(101) Concurrent Rebuild Remembered Sets 207.319ms
[2023-05-11T12:12:10.732+0000][2842.881s] GC(101) Pause Cleanup
[2023-05-11T12:12:10.734+0000][2842.883s] GC(101) Pause Cleanup 202M->202M(512M) 2.111ms
[2023-05-11T12:12:10.735+0000][2842.885s] GC(101) User=0.00s Sys=0.00s Real=0.00s
[2023-05-11T12:12:10.737+0000][2842.886s] GC(101) Concurrent Cleanup for Next Mark
[2023-05-11T12:12:10.745+0000][2842.894s] GC(101) Concurrent Cleanup for Next Mark 7.878ms
[2023-05-11T12:12:10.747+0000][2842.896s] GC(101) Concurrent Mark Cycle 967.082ms
[2023-05-11T12:12:12.501+0000][2844.650s] GC(102) Pause Young (Prepare Mixed) (G1 Evacuation Pause)
[2023-05-11T12:12:12.503+0000][2844.653s] GC(102) Using 2 workers of 2 for evacuation
[2023-05-11T12:12:12.530+0000][2844.679s] GC(102)   Pre Evacuate Collection Set: 0.3ms
[2023-05-11T12:12:12.531+0000][2844.681s] GC(102)   Merge Heap Roots: 0.2ms
[2023-05-11T12:12:12.534+0000][2844.683s] GC(102)   Evacuate Collection Set: 22.8ms
[2023-05-11T12:12:12.536+0000][2844.685s] GC(102)   Post Evacuate Collection Set: 1.1ms
[2023-05-11T12:12:12.554+0000][2844.703s] GC(102)   Other: 4.0ms
[2023-05-11T12:12:12.567+0000][2844.716s] GC(102) Eden regions: 181->0(9)
[2023-05-11T12:12:12.569+0000][2844.718s] GC(102) Survivor regions: 10->16(24)
[2023-05-11T12:12:12.570+0000][2844.720s] GC(102) Old regions: 149->149
[2023-05-11T12:12:12.576+0000][2844.725s] GC(102) Archive regions: 2->2
[2023-05-11T12:12:12.578+0000][2844.727s] GC(102) Humongous regions: 4->4
[2023-05-11T12:12:12.580+0000][2844.729s] GC(102) Metaspace: 58925K(59392K)->58925K(59392K) NonClass: 51720K(51968K)->51720K(51968K) Class: 7204K(7424K)->7204K(7424K)
[2023-05-11T12:12:12.582+0000][2844.731s] GC(102) Pause Young (Prepare Mixed) (G1 Evacuation Pause) 344M->169M(512M) 80.848ms
[2023-05-11T12:12:12.584+0000][2844.733s] GC(102) User=0.04s Sys=0.00s Real=0.08s
[2023-05-11T12:12:12.716+0000][2844.866s] GC(103) Pause Young (Mixed) (G1 Evacuation Pause)
[2023-05-11T12:12:12.719+0000][2844.868s] GC(103) Using 2 workers of 2 for evacuation
[2023-05-11T12:12:12.771+0000][2844.920s] GC(103)   Pre Evacuate Collection Set: 0.8ms
[2023-05-11T12:12:12.773+0000][2844.923s] GC(103)   Merge Heap Roots: 0.4ms
[2023-05-11T12:12:12.775+0000][2844.924s] GC(103)   Evacuate Collection Set: 36.4ms
[2023-05-11T12:12:12.777+0000][2844.926s] GC(103)   Post Evacuate Collection Set: 8.9ms
[2023-05-11T12:12:12.781+0000][2844.930s] GC(103)   Other: 7.9ms
[2023-05-11T12:12:12.783+0000][2844.933s] GC(103) Eden regions: 9->0(24)
[2023-05-11T12:12:12.786+0000][2844.935s] GC(103) Survivor regions: 16->1(4)
[2023-05-11T12:12:12.788+0000][2844.938s] GC(103) Old regions: 149->113
[2023-05-11T12:12:12.790+0000][2844.939s] GC(103) Archive regions: 2->2
[2023-05-11T12:12:12.793+0000][2844.942s] GC(103) Humongous regions: 4->4
[2023-05-11T12:12:12.806+0000][2844.955s] GC(103) Metaspace: 58925K(59392K)->58925K(59392K) NonClass: 51720K(51968K)->51720K(51968K) Class: 7204K(7424K)->7204K(7424K)
[2023-05-11T12:12:12.808+0000][2844.957s] GC(103) Pause Young (Mixed) (G1 Evacuation Pause) 178M->118M(512M) 91.584ms
[2023-05-11T12:12:12.812+0000][2844.961s] GC(103) User=0.07s Sys=0.01s Real=0.09s
[2023-05-11T12:12:13.111+0000][2845.260s] GC(104) Pause Young (Mixed) (G1 Evacuation Pause)
[2023-05-11T12:12:13.112+0000][2845.261s] GC(104) Using 2 workers of 2 for evacuation
[2023-05-11T12:12:13.126+0000][2845.276s] GC(104)   Pre Evacuate Collection Set: 0.2ms
[2023-05-11T12:12:13.128+0000][2845.277s] GC(104)   Merge Heap Roots: 0.1ms
[2023-05-11T12:12:13.130+0000][2845.280s] GC(104)   Evacuate Collection Set: 10.8ms
[2023-05-11T12:12:13.135+0000][2845.284s] GC(104)   Post Evacuate Collection Set: 1.8ms
[2023-05-11T12:12:13.136+0000][2845.285s] GC(104)   Other: 3.1ms
[2023-05-11T12:12:13.138+0000][2845.287s] GC(104) Eden regions: 24->0(305)
[2023-05-11T12:12:13.140+0000][2845.290s] GC(104) Survivor regions: 1->2(4)
[2023-05-11T12:12:13.144+0000][2845.294s] GC(104) Old regions: 113->105
[2023-05-11T12:12:13.147+0000][2845.296s] GC(104) Archive regions: 2->2
[2023-05-11T12:12:13.151+0000][2845.300s] GC(104) Humongous regions: 4->4
[2023-05-11T12:12:13.154+0000][2845.303s] GC(104) Metaspace: 58925K(59392K)->58925K(59392K) NonClass: 51720K(51968K)->51720K(51968K) Class: 7204K(7424K)->7204K(7424K)
[2023-05-11T12:12:13.155+0000][2845.305s] GC(104) Pause Young (Mixed) (G1 Evacuation Pause) 142M->111M(512M) 44.715ms
[2023-05-11T12:12:13.157+0000][2845.307s] GC(104) User=0.04s Sys=0.00s Real=0.05s
[2023-05-11T12:12:16.990+0000][2849.139s] GC(105) Pause Young (Normal) (G1 Evacuation Pause)
[2023-05-11T12:12:16.991+0000][2849.141s] GC(105) Using 2 workers of 2 for evacuation
[2023-05-11T12:12:17.009+0000][2849.158s] GC(105)   Pre Evacuate Collection Set: 0.2ms
[2023-05-11T12:12:17.011+0000][2849.160s] GC(105)   Merge Heap Roots: 0.2ms
[2023-05-11T12:12:17.012+0000][2849.162s] GC(105)   Evacuate Collection Set: 12.6ms
[2023-05-11T12:12:17.014+0000][2849.164s] GC(105)   Post Evacuate Collection Set: 1.4ms
[2023-05-11T12:12:17.017+0000][2849.166s] GC(105)   Other: 5.2ms
[2023-05-11T12:12:17.019+0000][2849.168s] GC(105) Eden regions: 305->0(296)
[2023-05-11T12:12:17.021+0000][2849.170s] GC(105) Survivor regions: 2->11(39)
[2023-05-11T12:12:17.024+0000][2849.173s] GC(105) Old regions: 105->105
[2023-05-11T12:12:17.026+0000][2849.175s] GC(105) Archive regions: 2->2
[2023-05-11T12:12:17.027+0000][2849.176s] GC(105) Humongous regions: 4->4
[2023-05-11T12:12:17.029+0000][2849.178s] GC(105) Metaspace: 58960K(59456K)->58960K(59456K) NonClass: 51753K(52032K)->51753K(52032K) Class: 7207K(7424K)->7207K(7424K)
[2023-05-11T12:12:17.030+0000][2849.180s] GC(105) Pause Young (Normal) (G1 Evacuation Pause) 416M->120M(512M) 40.335ms
[2023-05-11T12:12:17.032+0000][2849.181s] GC(105) User=0.03s Sys=0.00s Real=0.04s
[2023-05-11T12:12:22.432+0000][2854.582s] GC(106) Pause Young (Normal) (G1 Evacuation Pause)
[2023-05-11T12:12:22.435+0000][2854.584s] GC(106) Using 2 workers of 2 for evacuation
[2023-05-11T12:12:22.464+0000][2854.613s] GC(106)   Pre Evacuate Collection Set: 0.6ms
[2023-05-11T12:12:22.466+0000][2854.615s] GC(106)   Merge Heap Roots: 0.4ms
[2023-05-11T12:12:22.467+0000][2854.617s] GC(106)   Evacuate Collection Set: 19.7ms
[2023-05-11T12:12:22.469+0000][2854.618s] GC(106)   Post Evacuate Collection Set: 1.5ms
[2023-05-11T12:12:22.471+0000][2854.620s] GC(106)   Other: 9.4ms
[2023-05-11T12:12:22.473+0000][2854.622s] GC(106) Eden regions: 296->0(284)
[2023-05-11T12:12:22.474+0000][2854.623s] GC(106) Survivor regions: 11->23(39)
[2023-05-11T12:12:22.476+0000][2854.625s] GC(106) Old regions: 105->105
[2023-05-11T12:12:22.477+0000][2854.626s] GC(106) Archive regions: 2->2
[2023-05-11T12:12:22.483+0000][2854.632s] GC(106) Humongous regions: 4->4
[2023-05-11T12:12:22.485+0000][2854.634s] GC(106) Metaspace: 58968K(59456K)->58968K(59456K) NonClass: 51760K(52032K)->51760K(52032K) Class: 7207K(7424K)->7207K(7424K)
[2023-05-11T12:12:22.486+0000][2854.636s] GC(106) Pause Young (Normal) (G1 Evacuation Pause) 416M->132M(512M) 53.996ms
[2023-05-11T12:12:22.488+0000][2854.637s] GC(106) User=0.04s Sys=0.01s Real=0.06s
[2023-05-11T12:12:26.760+0000][2858.910s] GC(107) Pause Young (Normal) (G1 Evacuation Pause)
[2023-05-11T12:12:26.763+0000][2858.912s] GC(107) Using 2 workers of 2 for evacuation
[2023-05-11T12:12:26.781+0000][2858.930s] GC(107)   Pre Evacuate Collection Set: 0.2ms
[2023-05-11T12:12:26.783+0000][2858.933s] GC(107)   Merge Heap Roots: 0.2ms
[2023-05-11T12:12:26.785+0000][2858.934s] GC(107)   Evacuate Collection Set: 14.8ms
[2023-05-11T12:12:26.786+0000][2858.935s] GC(107)   Post Evacuate Collection Set: 1.6ms
[2023-05-11T12:12:26.787+0000][2858.937s] GC(107)   Other: 4.2ms
[2023-05-11T12:12:26.789+0000][2858.938s] GC(107) Eden regions: 284->0(286)
[2023-05-11T12:12:26.790+0000][2858.939s] GC(107) Survivor regions: 23->20(39)
[2023-05-11T12:12:26.792+0000][2858.941s] GC(107) Old regions: 105->113
[2023-05-11T12:12:26.794+0000][2858.943s] GC(107) Archive regions: 2->2
[2023-05-11T12:12:26.795+0000][2858.945s] GC(107) Humongous regions: 4->4
[2023-05-11T12:12:26.797+0000][2858.946s] GC(107) Metaspace: 58976K(59456K)->58976K(59456K) NonClass: 51768K(52032K)->51768K(52032K) Class: 7207K(7424K)->7207K(7424K)
[2023-05-11T12:12:26.798+0000][2858.948s] GC(107) Pause Young (Normal) (G1 Evacuation Pause) 416M->137M(512M) 37.976ms
[2023-05-11T12:12:26.800+0000][2858.949s] GC(107) User=0.03s Sys=0.00s Real=0.04s
[2023-05-11T12:12:30.862+0000][2863.011s] GC(108) Pause Young (Normal) (G1 Evacuation Pause)
[2023-05-11T12:12:30.874+0000][2863.023s] GC(108) Using 2 workers of 2 for evacuation
[2023-05-11T12:12:30.956+0000][2863.106s] GC(108)   Pre Evacuate Collection Set: 7.1ms
[2023-05-11T12:12:30.982+0000][2863.132s] GC(108)   Merge Heap Roots: 0.4ms
[2023-05-11T12:12:30.991+0000][2863.140s] GC(108)   Evacuate Collection Set: 24.2ms
[2023-05-11T12:12:31.004+0000][2863.154s] GC(108)   Post Evacuate Collection Set: 38.9ms
[2023-05-11T12:12:31.014+0000][2863.163s] GC(108)   Other: 24.0ms
[2023-05-11T12:12:31.015+0000][2863.164s] GC(108) Eden regions: 286->0(289)
[2023-05-11T12:12:31.017+0000][2863.167s] GC(108) Survivor regions: 20->18(39)
[2023-05-11T12:12:31.021+0000][2863.170s] GC(108) Old regions: 113->113
[2023-05-11T12:12:31.022+0000][2863.172s] GC(108) Archive regions: 2->2
[2023-05-11T12:12:31.025+0000][2863.174s] GC(108) Humongous regions: 4->4
[2023-05-11T12:12:31.057+0000][2863.207s] GC(108) Metaspace: 58983K(59456K)->58983K(59456K) NonClass: 51775K(52032K)->51775K(52032K) Class: 7207K(7424K)->7207K(7424K)
[2023-05-11T12:12:31.062+0000][2863.211s] GC(108) Pause Young (Normal) (G1 Evacuation Pause) 423M->135M(512M) 199.725ms
[2023-05-11T12:12:31.065+0000][2863.214s] GC(108) User=0.08s Sys=0.01s Real=0.20s
[2023-05-11T12:12:34.263+0000][2866.412s] GC(109) Pause Young (Normal) (G1 Evacuation Pause)
[2023-05-11T12:12:34.264+0000][2866.414s] GC(109) Using 2 workers of 2 for evacuation
[2023-05-11T12:12:34.281+0000][2866.430s] GC(109)   Pre Evacuate Collection Set: 0.2ms
[2023-05-11T12:12:34.282+0000][2866.432s] GC(109)   Merge Heap Roots: 0.1ms
[2023-05-11T12:12:34.284+0000][2866.433s] GC(109)   Evacuate Collection Set: 13.3ms
[2023-05-11T12:12:34.285+0000][2866.434s] GC(109)   Post Evacuate Collection Set: 1.5ms
[2023-05-11T12:12:34.286+0000][2866.435s] GC(109)   Other: 2.8ms
[2023-05-11T12:12:34.287+0000][2866.437s] GC(109) Eden regions: 289->0(277)
[2023-05-11T12:12:34.289+0000][2866.438s] GC(109) Survivor regions: 18->30(39)
[2023-05-11T12:12:34.290+0000][2866.439s] GC(109) Old regions: 113->113
[2023-05-11T12:12:34.291+0000][2866.440s] GC(109) Archive regions: 2->2
[2023-05-11T12:12:34.292+0000][2866.441s] GC(109) Humongous regions: 4->4
[2023-05-11T12:12:34.293+0000][2866.443s] GC(109) Metaspace: 59005K(59456K)->59005K(59456K) NonClass: 51798K(52032K)->51798K(52032K) Class: 7207K(7424K)->7207K(7424K)
[2023-05-11T12:12:34.296+0000][2866.445s] GC(109) Pause Young (Normal) (G1 Evacuation Pause) 424M->146M(512M) 32.813ms
[2023-05-11T12:12:34.297+0000][2866.446s] GC(109) User=0.03s Sys=0.00s Real=0.04s
[2023-05-11T12:12:38.688+0000][2870.837s] GC(110) Pause Young (Normal) (G1 Evacuation Pause)
[2023-05-11T12:12:38.698+0000][2870.847s] GC(110) Using 2 workers of 2 for evacuation
[2023-05-11T12:12:38.740+0000][2870.889s] GC(110)   Pre Evacuate Collection Set: 0.4ms
[2023-05-11T12:12:38.743+0000][2870.892s] GC(110)   Merge Heap Roots: 0.2ms
[2023-05-11T12:12:38.746+0000][2870.894s] GC(110)   Evacuate Collection Set: 28.0ms
[2023-05-11T12:12:38.749+0000][2870.897s] GC(110)   Post Evacuate Collection Set: 1.3ms
[2023-05-11T12:12:38.751+0000][2870.900s] GC(110)   Other: 22.1ms
[2023-05-11T12:12:38.765+0000][2870.914s] GC(110) Eden regions: 277->0(269)
[2023-05-11T12:12:38.769+0000][2870.917s] GC(110) Survivor regions: 30->28(39)
[2023-05-11T12:12:38.771+0000][2870.919s] GC(110) Old regions: 113->122
[2023-05-11T12:12:38.772+0000][2870.921s] GC(110) Archive regions: 2->2
[2023-05-11T12:12:38.774+0000][2870.922s] GC(110) Humongous regions: 4->4
[2023-05-11T12:12:38.775+0000][2870.924s] GC(110) Metaspace: 59008K(59456K)->59008K(59456K) NonClass: 51800K(52032K)->51800K(52032K) Class: 7207K(7424K)->7207K(7424K)
[2023-05-11T12:12:38.778+0000][2870.926s] GC(110) Pause Young (Normal) (G1 Evacuation Pause) 423M->154M(512M) 89.256ms
[2023-05-11T12:12:38.779+0000][2870.928s] GC(110) User=0.05s Sys=0.00s Real=0.09s
[2023-05-11T12:12:40.839+0000][2872.988s] GC(111) Pause Young (Concurrent Start) (G1 Evacuation Pause)
[2023-05-11T12:12:40.851+0000][2872.999s] GC(111) Using 2 workers of 2 for evacuation
[2023-05-11T12:12:40.904+0000][2873.052s] GC(111)   Pre Evacuate Collection Set: 0.2ms
[2023-05-11T12:12:40.909+0000][2873.057s] GC(111)   Merge Heap Roots: 0.3ms
[2023-05-11T12:12:40.912+0000][2873.060s] GC(111)   Evacuate Collection Set: 43.8ms
[2023-05-11T12:12:40.913+0000][2873.062s] GC(111)   Post Evacuate Collection Set: 1.4ms
[2023-05-11T12:12:40.917+0000][2873.065s] GC(111)   Other: 18.9ms
[2023-05-11T12:12:40.922+0000][2873.070s] GC(111) Eden regions: 269->0(267)
[2023-05-11T12:12:40.924+0000][2873.072s] GC(111) Survivor regions: 28->18(38)
[2023-05-11T12:12:40.925+0000][2873.074s] GC(111) Old regions: 122->137
[2023-05-11T12:12:40.928+0000][2873.076s] GC(111) Archive regions: 2->2
[2023-05-11T12:12:40.930+0000][2873.079s] GC(111) Humongous regions: 4->4
[2023-05-11T12:12:40.933+0000][2873.081s] GC(111) Metaspace: 59009K(59456K)->59009K(59456K) NonClass: 51801K(52032K)->51801K(52032K) Class: 7207K(7424K)->7207K(7424K)
[2023-05-11T12:12:40.935+0000][2873.083s] GC(111) Pause Young (Concurrent Start) (G1 Evacuation Pause) 423M->159M(512M) 95.293ms
[2023-05-11T12:12:40.936+0000][2873.085s] GC(111) User=0.11s Sys=0.01s Real=0.09s
[2023-05-11T12:12:40.938+0000][2873.087s] GC(112) Concurrent Mark Cycle
[2023-05-11T12:12:40.944+0000][2873.092s] GC(112) Concurrent Clear Claimed Marks
[2023-05-11T12:12:40.946+0000][2873.094s] GC(112) Concurrent Clear Claimed Marks 1.733ms
[2023-05-11T12:12:40.948+0000][2873.096s] GC(112) Concurrent Scan Root Regions
[2023-05-11T12:12:40.994+0000][2873.142s] GC(112) Concurrent Scan Root Regions 45.865ms
[2023-05-11T12:12:40.997+0000][2873.145s] GC(112) Concurrent Mark
[2023-05-11T12:12:41.021+0000][2873.169s] GC(112) Concurrent Mark From Roots
[2023-05-11T12:12:41.034+0000][2873.182s] GC(112) Using 1 workers of 1 for marking
[2023-05-11T12:12:41.571+0000][2873.719s] GC(112) Concurrent Mark From Roots 549.671ms
[2023-05-11T12:12:41.574+0000][2873.722s] GC(112) Concurrent Preclean
[2023-05-11T12:12:41.579+0000][2873.728s] GC(112) Concurrent Preclean 5.410ms
[2023-05-11T12:12:41.583+0000][2873.731s] GC(112) Pause Remark
[2023-05-11T12:12:41.606+0000][2873.754s] GC(112) Pause Remark 237M->208M(512M) 23.370ms
[2023-05-11T12:12:41.609+0000][2873.757s] GC(112) User=0.03s Sys=0.00s Real=0.03s
[2023-05-11T12:12:41.614+0000][2873.763s] GC(112) Concurrent Mark 617.141ms
[2023-05-11T12:12:41.618+0000][2873.766s] GC(112) Concurrent Rebuild Remembered Sets
[2023-05-11T12:12:42.076+0000][2874.224s] GC(112) Concurrent Rebuild Remembered Sets 458.238ms
[2023-05-11T12:12:42.082+0000][2874.231s] GC(112) Pause Cleanup
[2023-05-11T12:12:42.084+0000][2874.233s] GC(112) Pause Cleanup 251M->251M(512M) 2.036ms
[2023-05-11T12:12:42.086+0000][2874.234s] GC(112) User=0.00s Sys=0.00s Real=0.00s
[2023-05-11T12:12:42.087+0000][2874.235s] GC(112) Concurrent Cleanup for Next Mark
[2023-05-11T12:12:42.091+0000][2874.240s] GC(112) Concurrent Cleanup for Next Mark 4.566ms
[2023-05-11T12:12:42.094+0000][2874.242s] GC(112) Concurrent Mark Cycle 1155.373ms
[2023-05-11T12:12:44.059+0000][2876.208s] GC(113) Pause Young (Prepare Mixed) (G1 Evacuation Pause)
[2023-05-11T12:12:44.061+0000][2876.209s] GC(113) Using 2 workers of 2 for evacuation
[2023-05-11T12:12:44.083+0000][2876.232s] GC(113)   Pre Evacuate Collection Set: 0.6ms
[2023-05-11T12:12:44.085+0000][2876.233s] GC(113)   Merge Heap Roots: 0.2ms
[2023-05-11T12:12:44.087+0000][2876.235s] GC(113)   Evacuate Collection Set: 18.5ms
[2023-05-11T12:12:44.088+0000][2876.237s] GC(113)   Post Evacuate Collection Set: 1.6ms
[2023-05-11T12:12:44.091+0000][2876.239s] GC(113)   Other: 3.5ms
[2023-05-11T12:12:44.092+0000][2876.241s] GC(113) Eden regions: 267->0(4)
[2023-05-11T12:12:44.096+0000][2876.244s] GC(113) Survivor regions: 18->21(36)
[2023-05-11T12:12:44.098+0000][2876.247s] GC(113) Old regions: 108->108
[2023-05-11T12:12:44.102+0000][2876.250s] GC(113) Archive regions: 2->2
[2023-05-11T12:12:44.104+0000][2876.252s] GC(113) Humongous regions: 4->4
[2023-05-11T12:12:44.105+0000][2876.254s] GC(113) Metaspace: 59016K(59456K)->59016K(59456K) NonClass: 51808K(52032K)->51808K(52032K) Class: 7208K(7424K)->7208K(7424K)
[2023-05-11T12:12:44.115+0000][2876.263s] GC(113) Pause Young (Prepare Mixed) (G1 Evacuation Pause) 397M->133M(512M) 55.625ms
[2023-05-11T12:12:44.121+0000][2876.269s] GC(113) User=0.03s Sys=0.00s Real=0.06s
[2023-05-11T12:12:44.164+0000][2876.312s] GC(114) Pause Young (Mixed) (G1 Evacuation Pause)
[2023-05-11T12:12:44.166+0000][2876.315s] GC(114) Using 2 workers of 2 for evacuation
[2023-05-11T12:12:44.186+0000][2876.334s] GC(114)   Pre Evacuate Collection Set: 0.5ms
[2023-05-11T12:12:44.189+0000][2876.337s] GC(114)   Merge Heap Roots: 0.1ms
[2023-05-11T12:12:44.190+0000][2876.339s] GC(114)   Evacuate Collection Set: 16.1ms
[2023-05-11T12:12:44.192+0000][2876.340s] GC(114)   Post Evacuate Collection Set: 1.5ms
[2023-05-11T12:12:44.193+0000][2876.342s] GC(114)   Other: 3.6ms
[2023-05-11T12:12:44.195+0000][2876.343s] GC(114) Eden regions: 4->0(306)
[2023-05-11T12:12:44.196+0000][2876.345s] GC(114) Survivor regions: 21->1(4)
[2023-05-11T12:12:44.198+0000][2876.346s] GC(114) Old regions: 108->100
[2023-05-11T12:12:44.199+0000][2876.347s] GC(114) Archive regions: 2->2
[2023-05-11T12:12:44.200+0000][2876.349s] GC(114) Humongous regions: 4->4
[2023-05-11T12:12:44.202+0000][2876.350s] GC(114) Metaspace: 59016K(59456K)->59016K(59456K) NonClass: 51808K(52032K)->51808K(52032K) Class: 7208K(7424K)->7208K(7424K)
[2023-05-11T12:12:44.203+0000][2876.352s] GC(114) Pause Young (Mixed) (G1 Evacuation Pause) 137M->105M(512M) 39.185ms
[2023-05-11T12:12:44.205+0000][2876.354s] GC(114) User=0.03s Sys=0.00s Real=0.04s
[2023-05-11T12:12:46.637+0000][2878.785s] GC(115) Pause Young (Normal) (G1 Evacuation Pause)
[2023-05-11T12:12:46.644+0000][2878.792s] GC(115) Using 2 workers of 2 for evacuation
[2023-05-11T12:12:46.662+0000][2878.811s] GC(115)   Pre Evacuate Collection Set: 0.2ms
[2023-05-11T12:12:46.664+0000][2878.812s] GC(115)   Merge Heap Roots: 0.2ms
[2023-05-11T12:12:46.667+0000][2878.815s] GC(115)   Evacuate Collection Set: 14.0ms
[2023-05-11T12:12:46.669+0000][2878.817s] GC(115)   Post Evacuate Collection Set: 1.3ms
[2023-05-11T12:12:46.671+0000][2878.819s] GC(115)   Other: 9.7ms
[2023-05-11T12:12:46.672+0000][2878.821s] GC(115) Eden regions: 306->0(301)
[2023-05-11T12:12:46.674+0000][2878.822s] GC(115) Survivor regions: 1->6(39)
[2023-05-11T12:12:46.678+0000][2878.826s] GC(115) Old regions: 100->100
[2023-05-11T12:12:46.679+0000][2878.827s] GC(115) Archive regions: 2->2
[2023-05-11T12:12:46.681+0000][2878.829s] GC(115) Humongous regions: 4->4
[2023-05-11T12:12:46.684+0000][2878.832s] GC(115) Metaspace: 59019K(59456K)->59019K(59456K) NonClass: 51811K(52032K)->51811K(52032K) Class: 7208K(7424K)->7208K(7424K)
[2023-05-11T12:12:46.687+0000][2878.835s] GC(115) Pause Young (Normal) (G1 Evacuation Pause) 411M->110M(512M) 49.532ms
[2023-05-11T12:12:46.689+0000][2878.837s] GC(115) User=0.03s Sys=0.01s Real=0.06s
[2023-05-11T12:12:49.089+0000][2881.238s] GC(116) Pause Young (Normal) (G1 Evacuation Pause)
[2023-05-11T12:12:49.091+0000][2881.239s] GC(116) Using 2 workers of 2 for evacuation
[2023-05-11T12:12:49.102+0000][2881.250s] GC(116)   Pre Evacuate Collection Set: 0.2ms
[2023-05-11T12:12:49.103+0000][2881.252s] GC(116)   Merge Heap Roots: 0.2ms
[2023-05-11T12:12:49.104+0000][2881.253s] GC(116)   Evacuate Collection Set: 7.7ms
[2023-05-11T12:12:49.105+0000][2881.254s] GC(116)   Post Evacuate Collection Set: 1.4ms
[2023-05-11T12:12:49.107+0000][2881.255s] GC(116)   Other: 2.7ms
[2023-05-11T12:12:49.108+0000][2881.256s] GC(116) Eden regions: 301->0(297)
[2023-05-11T12:12:49.109+0000][2881.258s] GC(116) Survivor regions: 6->10(39)
[2023-05-11T12:12:49.111+0000][2881.259s] GC(116) Old regions: 100->100
[2023-05-11T12:12:49.113+0000][2881.261s] GC(116) Archive regions: 2->2
[2023-05-11T12:12:49.114+0000][2881.262s] GC(116) Humongous regions: 4->4
[2023-05-11T12:12:49.115+0000][2881.263s] GC(116) Metaspace: 59029K(59456K)->59029K(59456K) NonClass: 51821K(52032K)->51821K(52032K) Class: 7208K(7424K)->7208K(7424K)
[2023-05-11T12:12:49.116+0000][2881.265s] GC(116) Pause Young (Normal) (G1 Evacuation Pause) 411M->113M(512M) 26.820ms
[2023-05-11T12:12:49.118+0000][2881.267s] GC(116) User=0.01s Sys=0.00s Real=0.03s
[2023-05-11T12:12:51.339+0000][2883.487s] GC(117) Pause Young (Normal) (G1 Evacuation Pause)
[2023-05-11T12:12:51.341+0000][2883.489s] GC(117) Using 2 workers of 2 for evacuation
[2023-05-11T12:12:51.357+0000][2883.505s] GC(117)   Pre Evacuate Collection Set: 0.4ms
[2023-05-11T12:12:51.359+0000][2883.507s] GC(117)   Merge Heap Roots: 0.6ms
[2023-05-11T12:12:51.360+0000][2883.509s] GC(117)   Evacuate Collection Set: 11.5ms
[2023-05-11T12:12:51.362+0000][2883.511s] GC(117)   Post Evacuate Collection Set: 1.7ms
[2023-05-11T12:12:51.364+0000][2883.513s] GC(117)   Other: 3.9ms
[2023-05-11T12:12:51.366+0000][2883.515s] GC(117) Eden regions: 297->0(292)
[2023-05-11T12:12:51.368+0000][2883.516s] GC(117) Survivor regions: 10->15(39)
[2023-05-11T12:12:51.370+0000][2883.518s] GC(117) Old regions: 100->100
[2023-05-11T12:12:51.372+0000][2883.520s] GC(117) Archive regions: 2->2
[2023-05-11T12:12:51.373+0000][2883.522s] GC(117) Humongous regions: 4->4
[2023-05-11T12:12:51.375+0000][2883.523s] GC(117) Metaspace: 59031K(59456K)->59031K(59456K) NonClass: 51823K(52032K)->51823K(52032K) Class: 7208K(7424K)->7208K(7424K)
[2023-05-11T12:12:51.377+0000][2883.526s] GC(117) Pause Young (Normal) (G1 Evacuation Pause) 410M->118M(512M) 38.145ms
[2023-05-11T12:12:51.379+0000][2883.527s] GC(117) User=0.02s Sys=0.00s Real=0.04s
[2023-05-11T12:12:55.480+0000][2887.629s] GC(118) Pause Young (Normal) (G1 Evacuation Pause)
[2023-05-11T12:12:55.482+0000][2887.631s] GC(118) Using 2 workers of 2 for evacuation
[2023-05-11T12:12:55.495+0000][2887.643s] GC(118)   Pre Evacuate Collection Set: 0.4ms
[2023-05-11T12:12:55.496+0000][2887.645s] GC(118)   Merge Heap Roots: 0.3ms
[2023-05-11T12:12:55.498+0000][2887.646s] GC(118)   Evacuate Collection Set: 9.2ms
[2023-05-11T12:12:55.500+0000][2887.648s] GC(118)   Post Evacuate Collection Set: 1.4ms
[2023-05-11T12:12:55.501+0000][2887.649s] GC(118)   Other: 3.6ms
[2023-05-11T12:12:55.502+0000][2887.650s] GC(118) Eden regions: 292->0(287)
[2023-05-11T12:12:55.504+0000][2887.652s] GC(118) Survivor regions: 15->20(39)
[2023-05-11T12:12:55.505+0000][2887.653s] GC(118) Old regions: 100->100
[2023-05-11T12:12:55.506+0000][2887.655s] GC(118) Archive regions: 2->2
[2023-05-11T12:12:55.509+0000][2887.657s] GC(118) Humongous regions: 4->4
[2023-05-11T12:12:55.510+0000][2887.659s] GC(118) Metaspace: 59043K(59520K)->59043K(59520K) NonClass: 51832K(52096K)->51832K(52096K) Class: 7210K(7424K)->7210K(7424K)
[2023-05-11T12:12:55.512+0000][2887.660s] GC(118) Pause Young (Normal) (G1 Evacuation Pause) 410M->124M(512M) 31.733ms
[2023-05-11T12:12:55.514+0000][2887.662s] GC(118) User=0.02s Sys=0.01s Real=0.03s
[2023-05-11T12:13:00.920+0000][2893.069s] GC(119) Pause Young (Normal) (G1 Evacuation Pause)
[2023-05-11T12:13:00.940+0000][2893.089s] GC(119) Using 2 workers of 2 for evacuation
[2023-05-11T12:13:00.962+0000][2893.111s] GC(119)   Pre Evacuate Collection Set: 0.4ms
[2023-05-11T12:13:00.964+0000][2893.113s] GC(119)   Merge Heap Roots: 0.7ms
[2023-05-11T12:13:00.967+0000][2893.115s] GC(119)   Evacuate Collection Set: 14.3ms
[2023-05-11T12:13:00.969+0000][2893.118s] GC(119)   Post Evacuate Collection Set: 1.7ms
[2023-05-11T12:13:00.972+0000][2893.120s] GC(119)   Other: 25.0ms
[2023-05-11T12:13:00.974+0000][2893.123s] GC(119) Eden regions: 287->0(281)
[2023-05-11T12:13:00.977+0000][2893.125s] GC(119) Survivor regions: 20->26(39)
[2023-05-11T12:13:00.979+0000][2893.127s] GC(119) Old regions: 100->100
[2023-05-11T12:13:00.980+0000][2893.129s] GC(119) Archive regions: 2->2
[2023-05-11T12:13:00.983+0000][2893.131s] GC(119) Humongous regions: 4->4
[2023-05-11T12:13:00.985+0000][2893.133s] GC(119) Metaspace: 59061K(59520K)->59061K(59520K) NonClass: 51850K(52096K)->51850K(52096K) Class: 7210K(7424K)->7210K(7424K)
[2023-05-11T12:13:00.986+0000][2893.135s] GC(119) Pause Young (Normal) (G1 Evacuation Pause) 411M->129M(512M) 65.935ms
[2023-05-11T12:13:00.988+0000][2893.137s] GC(119) User=0.03s Sys=0.00s Real=0.07s
[2023-05-11T12:13:07.220+0000][2899.368s] GC(120) Pause Young (Normal) (G1 Evacuation Pause)
[2023-05-11T12:13:07.222+0000][2899.370s] GC(120) Using 2 workers of 2 for evacuation
[2023-05-11T12:13:07.239+0000][2899.387s] GC(120)   Pre Evacuate Collection Set: 0.5ms
[2023-05-11T12:13:07.241+0000][2899.389s] GC(120)   Merge Heap Roots: 0.3ms
[2023-05-11T12:13:07.242+0000][2899.390s] GC(120)   Evacuate Collection Set: 12.7ms
[2023-05-11T12:13:07.244+0000][2899.392s] GC(120)   Post Evacuate Collection Set: 1.9ms
[2023-05-11T12:13:07.245+0000][2899.393s] GC(120)   Other: 4.5ms
[2023-05-11T12:13:07.247+0000][2899.395s] GC(120) Eden regions: 281->0(290)
[2023-05-11T12:13:07.248+0000][2899.397s] GC(120) Survivor regions: 26->17(39)
[2023-05-11T12:13:07.250+0000][2899.398s] GC(120) Old regions: 100->105
[2023-05-11T12:13:07.252+0000][2899.400s] GC(120) Archive regions: 2->2
[2023-05-11T12:13:07.254+0000][2899.402s] GC(120) Humongous regions: 4->4
[2023-05-11T12:13:07.256+0000][2899.404s] GC(120) Metaspace: 59068K(59520K)->59068K(59520K) NonClass: 51857K(52096K)->51857K(52096K) Class: 7210K(7424K)->7210K(7424K)
[2023-05-11T12:13:07.258+0000][2899.406s] GC(120) Pause Young (Normal) (G1 Evacuation Pause) 410M->126M(512M) 37.496ms
[2023-05-11T12:13:07.259+0000][2899.407s] GC(120) User=0.02s Sys=0.00s Real=0.04s
[2023-05-11T12:13:12.888+0000][2905.036s] GC(121) Pause Young (Normal) (G1 Evacuation Pause)
[2023-05-11T12:13:12.890+0000][2905.038s] GC(121) Using 2 workers of 2 for evacuation
[2023-05-11T12:13:12.945+0000][2905.093s] GC(121)   Pre Evacuate Collection Set: 0.4ms
[2023-05-11T12:13:12.948+0000][2905.096s] GC(121)   Merge Heap Roots: 0.5ms
[2023-05-11T12:13:12.954+0000][2905.102s] GC(121)   Evacuate Collection Set: 38.9ms
[2023-05-11T12:13:12.955+0000][2905.104s] GC(121)   Post Evacuate Collection Set: 12.1ms
[2023-05-11T12:13:12.958+0000][2905.107s] GC(121)   Other: 5.6ms
[2023-05-11T12:13:12.960+0000][2905.108s] GC(121) Eden regions: 290->0(285)
[2023-05-11T12:13:12.962+0000][2905.110s] GC(121) Survivor regions: 17->22(39)
[2023-05-11T12:13:12.963+0000][2905.111s] GC(121) Old regions: 105->105
[2023-05-11T12:13:12.964+0000][2905.112s] GC(121) Archive regions: 2->2
[2023-05-11T12:13:12.965+0000][2905.113s] GC(121) Humongous regions: 4->4
[2023-05-11T12:13:12.968+0000][2905.116s] GC(121) Metaspace: 59068K(59520K)->59068K(59520K) NonClass: 51857K(52096K)->51857K(52096K) Class: 7210K(7424K)->7210K(7424K)
[2023-05-11T12:13:12.969+0000][2905.117s] GC(121) Pause Young (Normal) (G1 Evacuation Pause) 416M->131M(512M) 81.301ms
[2023-05-11T12:13:12.971+0000][2905.119s] GC(121) User=0.06s Sys=0.00s Real=0.08s
[2023-05-11T12:13:19.311+0000][2911.459s] GC(122) Pause Young (Normal) (G1 Evacuation Pause)
[2023-05-11T12:13:19.315+0000][2911.463s] GC(122) Using 2 workers of 2 for evacuation
[2023-05-11T12:13:19.337+0000][2911.485s] GC(122)   Pre Evacuate Collection Set: 0.4ms
[2023-05-11T12:13:19.340+0000][2911.488s] GC(122)   Merge Heap Roots: 0.2ms
[2023-05-11T12:13:19.346+0000][2911.494s] GC(122)   Evacuate Collection Set: 17.5ms
[2023-05-11T12:13:19.353+0000][2911.501s] GC(122)   Post Evacuate Collection Set: 1.7ms
[2023-05-11T12:13:19.354+0000][2911.502s] GC(122)   Other: 7.2ms
[2023-05-11T12:13:19.367+0000][2911.515s] GC(122) Eden regions: 285->0(292)
[2023-05-11T12:13:19.370+0000][2911.518s] GC(122) Survivor regions: 22->15(39)
[2023-05-11T12:13:19.373+0000][2911.521s] GC(122) Old regions: 105->111
[2023-05-11T12:13:19.388+0000][2911.537s] GC(122) Archive regions: 2->2
[2023-05-11T12:13:19.392+0000][2911.540s] GC(122) Humongous regions: 4->4
[2023-05-11T12:13:19.405+0000][2911.553s] GC(122) Metaspace: 59091K(59584K)->59091K(59584K) NonClass: 51880K(52160K)->51880K(52160K) Class: 7210K(7424K)->7210K(7424K)
[2023-05-11T12:13:19.407+0000][2911.555s] GC(122) Pause Young (Normal) (G1 Evacuation Pause) 416M->130M(512M) 96.476ms
[2023-05-11T12:13:19.417+0000][2911.565s] GC(122) User=0.04s Sys=0.01s Real=0.11s
[2023-05-11T12:13:25.098+0000][2917.246s] GC(123) Pause Young (Normal) (G1 Evacuation Pause)
[2023-05-11T12:13:25.102+0000][2917.250s] GC(123) Using 2 workers of 2 for evacuation
[2023-05-11T12:13:25.120+0000][2917.268s] GC(123)   Pre Evacuate Collection Set: 0.8ms
[2023-05-11T12:13:25.121+0000][2917.269s] GC(123)   Merge Heap Roots: 0.1ms
[2023-05-11T12:13:25.123+0000][2917.271s] GC(123)   Evacuate Collection Set: 14.1ms
[2023-05-11T12:13:25.125+0000][2917.273s] GC(123)   Post Evacuate Collection Set: 1.5ms
[2023-05-11T12:13:25.126+0000][2917.274s] GC(123)   Other: 4.8ms
[2023-05-11T12:13:25.128+0000][2917.276s] GC(123) Eden regions: 292->0(291)
[2023-05-11T12:13:25.129+0000][2917.277s] GC(123) Survivor regions: 15->16(39)
[2023-05-11T12:13:25.130+0000][2917.278s] GC(123) Old regions: 111->111
[2023-05-11T12:13:25.131+0000][2917.279s] GC(123) Archive regions: 2->2
[2023-05-11T12:13:25.132+0000][2917.280s] GC(123) Humongous regions: 4->4
[2023-05-11T12:13:25.134+0000][2917.282s] GC(123) Metaspace: 59140K(59648K)->59140K(59648K) NonClass: 51926K(52224K)->51926K(52224K) Class: 7214K(7424K)->7214K(7424K)
[2023-05-11T12:13:25.135+0000][2917.283s] GC(123) Pause Young (Normal) (G1 Evacuation Pause) 422M->131M(512M) 36.932ms
[2023-05-11T12:13:25.137+0000][2917.285s] GC(123) User=0.01s Sys=0.00s Real=0.03s
[2023-05-11T12:13:30.616+0000][2922.764s] GC(124) Pause Young (Normal) (G1 Evacuation Pause)
[2023-05-11T12:13:30.620+0000][2922.768s] GC(124) Using 2 workers of 2 for evacuation
[2023-05-11T12:13:30.648+0000][2922.796s] GC(124)   Pre Evacuate Collection Set: 0.7ms
[2023-05-11T12:13:30.650+0000][2922.798s] GC(124)   Merge Heap Roots: 0.4ms
[2023-05-11T12:13:30.666+0000][2922.814s] GC(124)   Evacuate Collection Set: 22.4ms
[2023-05-11T12:13:30.669+0000][2922.817s] GC(124)   Post Evacuate Collection Set: 2.2ms
[2023-05-11T12:13:30.670+0000][2922.818s] GC(124)   Other: 5.6ms
[2023-05-11T12:13:30.672+0000][2922.820s] GC(124) Eden regions: 291->0(288)
[2023-05-11T12:13:30.677+0000][2922.825s] GC(124) Survivor regions: 16->19(39)
[2023-05-11T12:13:30.679+0000][2922.827s] GC(124) Old regions: 111->111
[2023-05-11T12:13:30.681+0000][2922.829s] GC(124) Archive regions: 2->2
[2023-05-11T12:13:30.683+0000][2922.831s] GC(124) Humongous regions: 4->4
[2023-05-11T12:13:30.704+0000][2922.852s] GC(124) Metaspace: 59156K(59648K)->59156K(59648K) NonClass: 51942K(52224K)->51942K(52224K) Class: 7214K(7424K)->7214K(7424K)
[2023-05-11T12:13:30.715+0000][2922.863s] GC(124) Pause Young (Normal) (G1 Evacuation Pause) 422M->134M(512M) 98.867ms
[2023-05-11T12:13:30.717+0000][2922.865s] GC(124) User=0.04s Sys=0.01s Real=0.10s
[2023-05-11T12:13:36.938+0000][2929.084s] GC(125) Pause Young (Normal) (G1 Evacuation Pause)
[2023-05-11T12:13:36.939+0000][2929.086s] GC(125) Using 2 workers of 2 for evacuation
[2023-05-11T12:13:36.962+0000][2929.108s] GC(125)   Pre Evacuate Collection Set: 0.3ms
[2023-05-11T12:13:36.964+0000][2929.110s] GC(125)   Merge Heap Roots: 0.2ms
[2023-05-11T12:13:36.965+0000][2929.112s] GC(125)   Evacuate Collection Set: 18.1ms
[2023-05-11T12:13:36.967+0000][2929.113s] GC(125)   Post Evacuate Collection Set: 1.9ms
[2023-05-11T12:13:36.968+0000][2929.114s] GC(125)   Other: 3.6ms
[2023-05-11T12:13:36.970+0000][2929.117s] GC(125) Eden regions: 288->0(290)
[2023-05-11T12:13:36.972+0000][2929.118s] GC(125) Survivor regions: 19->17(39)
[2023-05-11T12:13:36.974+0000][2929.120s] GC(125) Old regions: 111->111
[2023-05-11T12:13:36.975+0000][2929.122s] GC(125) Archive regions: 2->2
[2023-05-11T12:13:36.977+0000][2929.123s] GC(125) Humongous regions: 5->4
[2023-05-11T12:13:36.978+0000][2929.124s] GC(125) Metaspace: 59173K(59648K)->59173K(59648K) NonClass: 51959K(52224K)->51959K(52224K) Class: 7214K(7424K)->7214K(7424K)
[2023-05-11T12:13:36.980+0000][2929.126s] GC(125) Pause Young (Normal) (G1 Evacuation Pause) 423M->132M(512M) 41.979ms
[2023-05-11T12:13:36.981+0000][2929.127s] GC(125) User=0.02s Sys=0.00s Real=0.05s
[2023-05-11T12:13:42.261+0000][2934.407s] GC(126) Pause Young (Normal) (G1 Evacuation Pause)
[2023-05-11T12:13:42.267+0000][2934.413s] GC(126) Using 2 workers of 2 for evacuation
[2023-05-11T12:13:42.291+0000][2934.438s] GC(126)   Pre Evacuate Collection Set: 0.5ms
[2023-05-11T12:13:42.293+0000][2934.440s] GC(126)   Merge Heap Roots: 0.4ms
[2023-05-11T12:13:42.295+0000][2934.441s] GC(126)   Evacuate Collection Set: 20.4ms
[2023-05-11T12:13:42.296+0000][2934.442s] GC(126)   Post Evacuate Collection Set: 1.7ms
[2023-05-11T12:13:42.298+0000][2934.444s] GC(126)   Other: 7.3ms
[2023-05-11T12:13:42.299+0000][2934.446s] GC(126) Eden regions: 290->0(281)
[2023-05-11T12:13:42.301+0000][2934.447s] GC(126) Survivor regions: 17->26(39)
[2023-05-11T12:13:42.302+0000][2934.448s] GC(126) Old regions: 111->111
[2023-05-11T12:13:42.304+0000][2934.450s] GC(126) Archive regions: 2->2
[2023-05-11T12:13:42.305+0000][2934.451s] GC(126) Humongous regions: 4->4
[2023-05-11T12:13:42.306+0000][2934.453s] GC(126) Metaspace: 59179K(59648K)->59179K(59648K) NonClass: 51965K(52224K)->51965K(52224K) Class: 7214K(7424K)->7214K(7424K)
[2023-05-11T12:13:42.308+0000][2934.455s] GC(126) Pause Young (Normal) (G1 Evacuation Pause) 422M->141M(512M) 47.123ms
[2023-05-11T12:13:42.310+0000][2934.456s] GC(126) User=0.02s Sys=0.00s Real=0.05s
[2023-05-11T12:13:47.002+0000][2939.148s] GC(127) Pause Young (Normal) (G1 Evacuation Pause)
[2023-05-11T12:13:47.005+0000][2939.151s] GC(127) Using 2 workers of 2 for evacuation
[2023-05-11T12:13:47.025+0000][2939.171s] GC(127)   Pre Evacuate Collection Set: 0.2ms
[2023-05-11T12:13:47.027+0000][2939.173s] GC(127)   Merge Heap Roots: 0.2ms
[2023-05-11T12:13:47.029+0000][2939.175s] GC(127)   Evacuate Collection Set: 15.8ms
[2023-05-11T12:13:47.032+0000][2939.178s] GC(127)   Post Evacuate Collection Set: 1.7ms
[2023-05-11T12:13:47.034+0000][2939.180s] GC(127)   Other: 5.3ms
[2023-05-11T12:13:47.036+0000][2939.182s] GC(127) Eden regions: 281->0(287)
[2023-05-11T12:13:47.038+0000][2939.185s] GC(127) Survivor regions: 26->17(39)
[2023-05-11T12:13:47.040+0000][2939.187s] GC(127) Old regions: 111->115
[2023-05-11T12:13:47.042+0000][2939.188s] GC(127) Archive regions: 2->2
[2023-05-11T12:13:47.044+0000][2939.190s] GC(127) Humongous regions: 4->4
[2023-05-11T12:13:47.045+0000][2939.192s] GC(127) Metaspace: 59210K(59712K)->59210K(59712K) NonClass: 51996K(52288K)->51996K(52288K) Class: 7214K(7424K)->7214K(7424K)
[2023-05-11T12:13:47.047+0000][2939.193s] GC(127) Pause Young (Normal) (G1 Evacuation Pause) 422M->135M(512M) 45.412ms
[2023-05-11T12:13:47.053+0000][2939.199s] GC(127) User=0.03s Sys=0.00s Real=0.05s
[2023-05-11T12:13:51.544+0000][2943.690s] GC(128) Pause Young (Normal) (G1 Evacuation Pause)
[2023-05-11T12:13:51.547+0000][2943.693s] GC(128) Using 2 workers of 2 for evacuation
[2023-05-11T12:13:51.637+0000][2943.783s] GC(128)   Pre Evacuate Collection Set: 0.2ms
[2023-05-11T12:13:51.645+0000][2943.791s] GC(128)   Merge Heap Roots: 0.5ms
[2023-05-11T12:13:51.655+0000][2943.801s] GC(128)   Evacuate Collection Set: 81.0ms
[2023-05-11T12:13:51.659+0000][2943.805s] GC(128)   Post Evacuate Collection Set: 5.7ms
[2023-05-11T12:13:51.662+0000][2943.808s] GC(128)   Other: 5.7ms
[2023-05-11T12:13:51.664+0000][2943.811s] GC(128) Eden regions: 287->0(281)
[2023-05-11T12:13:51.667+0000][2943.813s] GC(128) Survivor regions: 17->25(38)
[2023-05-11T12:13:51.670+0000][2943.816s] GC(128) Old regions: 115->115
[2023-05-11T12:13:51.672+0000][2943.818s] GC(128) Archive regions: 2->2
[2023-05-11T12:13:51.674+0000][2943.820s] GC(128) Humongous regions: 4->4
[2023-05-11T12:13:51.676+0000][2943.823s] GC(128) Metaspace: 59210K(59712K)->59210K(59712K) NonClass: 51996K(52288K)->51996K(52288K) Class: 7214K(7424K)->7214K(7424K)
[2023-05-11T12:13:51.679+0000][2943.825s] GC(128) Pause Young (Normal) (G1 Evacuation Pause) 422M->143M(512M) 134.951ms
[2023-05-11T12:13:51.682+0000][2943.828s] GC(128) User=0.14s Sys=0.01s Real=0.14s
[2023-05-11T12:13:56.651+0000][2948.798s] GC(129) Pause Young (Normal) (G1 Evacuation Pause)
[2023-05-11T12:13:56.655+0000][2948.802s] GC(129) Using 2 workers of 2 for evacuation
[2023-05-11T12:13:56.669+0000][2948.815s] GC(129)   Pre Evacuate Collection Set: 0.3ms
[2023-05-11T12:13:56.670+0000][2948.817s] GC(129)   Merge Heap Roots: 0.3ms
[2023-05-11T12:13:56.671+0000][2948.818s] GC(129)   Evacuate Collection Set: 9.4ms
[2023-05-11T12:13:56.673+0000][2948.819s] GC(129)   Post Evacuate Collection Set: 1.5ms
[2023-05-11T12:13:56.674+0000][2948.821s] GC(129)   Other: 5.9ms
[2023-05-11T12:13:56.676+0000][2948.822s] GC(129) Eden regions: 281->0(281)
[2023-05-11T12:13:56.677+0000][2948.823s] GC(129) Survivor regions: 25->21(39)
[2023-05-11T12:13:56.678+0000][2948.825s] GC(129) Old regions: 115->117
[2023-05-11T12:13:56.679+0000][2948.826s] GC(129) Archive regions: 2->2
[2023-05-11T12:13:56.681+0000][2948.827s] GC(129) Humongous regions: 4->4
[2023-05-11T12:13:56.682+0000][2948.829s] GC(129) Metaspace: 59211K(59712K)->59211K(59712K) NonClass: 51997K(52288K)->51997K(52288K) Class: 7214K(7424K)->7214K(7424K)
[2023-05-11T12:13:56.684+0000][2948.831s] GC(129) Pause Young (Normal) (G1 Evacuation Pause) 424M->142M(512M) 33.258ms
[2023-05-11T12:13:56.686+0000][2948.832s] GC(129) User=0.02s Sys=0.00s Real=0.04s
[2023-05-11T12:14:00.507+0000][2952.654s] GC(130) Pause Young (Normal) (G1 Evacuation Pause)
[2023-05-11T12:14:00.533+0000][2952.679s] GC(130) Using 2 workers of 2 for evacuation
[2023-05-11T12:14:00.571+0000][2952.718s] GC(130)   Pre Evacuate Collection Set: 0.2ms
[2023-05-11T12:14:00.573+0000][2952.719s] GC(130)   Merge Heap Roots: 0.1ms
[2023-05-11T12:14:00.581+0000][2952.727s] GC(130)   Evacuate Collection Set: 24.7ms
[2023-05-11T12:14:00.583+0000][2952.729s] GC(130)   Post Evacuate Collection Set: 1.8ms
[2023-05-11T12:14:00.585+0000][2952.732s] GC(130)   Other: 51.6ms
[2023-05-11T12:14:00.587+0000][2952.733s] GC(130) Eden regions: 281->0(285)
[2023-05-11T12:14:00.588+0000][2952.735s] GC(130) Survivor regions: 21->16(38)
[2023-05-11T12:14:00.591+0000][2952.737s] GC(130) Old regions: 117->119
[2023-05-11T12:14:00.593+0000][2952.739s] GC(130) Archive regions: 2->2
[2023-05-11T12:14:00.595+0000][2952.742s] GC(130) Humongous regions: 4->4
[2023-05-11T12:14:00.597+0000][2952.744s] GC(130) Metaspace: 59216K(59712K)->59216K(59712K) NonClass: 52002K(52288K)->52002K(52288K) Class: 7214K(7424K)->7214K(7424K)
[2023-05-11T12:14:00.599+0000][2952.746s] GC(130) Pause Young (Normal) (G1 Evacuation Pause) 423M->139M(512M) 92.005ms
[2023-05-11T12:14:00.602+0000][2952.749s] GC(130) User=0.04s Sys=0.00s Real=0.11s
[2023-05-11T12:14:02.550+0000][2954.696s] GC(131) Pause Young (Normal) (G1 Evacuation Pause)
[2023-05-11T12:14:02.562+0000][2954.708s] GC(131) Using 2 workers of 2 for evacuation
[2023-05-11T12:14:02.585+0000][2954.731s] GC(131)   Pre Evacuate Collection Set: 0.7ms
[2023-05-11T12:14:02.587+0000][2954.733s] GC(131)   Merge Heap Roots: 0.3ms
[2023-05-11T12:14:02.589+0000][2954.735s] GC(131)   Evacuate Collection Set: 17.7ms
[2023-05-11T12:14:02.590+0000][2954.737s] GC(131)   Post Evacuate Collection Set: 1.1ms
[2023-05-11T12:14:02.592+0000][2954.738s] GC(131)   Other: 15.9ms
[2023-05-11T12:14:02.594+0000][2954.740s] GC(131) Eden regions: 285->0(286)
[2023-05-11T12:14:02.595+0000][2954.741s] GC(131) Survivor regions: 16->19(38)
[2023-05-11T12:14:02.597+0000][2954.743s] GC(131) Old regions: 119->119
[2023-05-11T12:14:02.599+0000][2954.745s] GC(131) Archive regions: 2->2
[2023-05-11T12:14:02.601+0000][2954.747s] GC(131) Humongous regions: 4->4
[2023-05-11T12:14:02.602+0000][2954.749s] GC(131) Metaspace: 59217K(59712K)->59217K(59712K) NonClass: 52003K(52288K)->52003K(52288K) Class: 7214K(7424K)->7214K(7424K)
[2023-05-11T12:14:02.604+0000][2954.751s] GC(131) Pause Young (Normal) (G1 Evacuation Pause) 424M->141M(512M) 55.132ms
[2023-05-11T12:14:02.606+0000][2954.752s] GC(131) User=0.02s Sys=0.01s Real=0.05s
[2023-05-11T12:14:06.871+0000][2959.015s] GC(132) Pause Young (Normal) (G1 Evacuation Pause)
[2023-05-11T12:14:06.873+0000][2959.018s] GC(132) Using 2 workers of 2 for evacuation
[2023-05-11T12:14:06.888+0000][2959.033s] GC(132)   Pre Evacuate Collection Set: 0.1ms
[2023-05-11T12:14:06.891+0000][2959.036s] GC(132)   Merge Heap Roots: 0.1ms
[2023-05-11T12:14:06.893+0000][2959.038s] GC(132)   Evacuate Collection Set: 9.3ms
[2023-05-11T12:14:06.896+0000][2959.041s] GC(132)   Post Evacuate Collection Set: 3.4ms
[2023-05-11T12:14:06.899+0000][2959.043s] GC(132)   Other: 4.7ms
[2023-05-11T12:14:06.901+0000][2959.045s] GC(132) Eden regions: 286->0(292)
[2023-05-11T12:14:06.903+0000][2959.047s] GC(132) Survivor regions: 19->14(39)
[2023-05-11T12:14:06.905+0000][2959.049s] GC(132) Old regions: 119->119
[2023-05-11T12:14:06.907+0000][2959.052s] GC(132) Archive regions: 2->2
[2023-05-11T12:14:06.909+0000][2959.054s] GC(132) Humongous regions: 4->4
[2023-05-11T12:14:06.912+0000][2959.056s] GC(132) Metaspace: 59231K(59712K)->59231K(59712K) NonClass: 52017K(52288K)->52017K(52288K) Class: 7214K(7424K)->7214K(7424K)
[2023-05-11T12:14:06.913+0000][2959.058s] GC(132) Pause Young (Normal) (G1 Evacuation Pause) 427M->137M(512M) 42.254ms
[2023-05-11T12:14:06.915+0000][2959.059s] GC(132) User=0.02s Sys=0.00s Real=0.05s
[2023-05-11T12:14:11.181+0000][2963.326s] GC(133) Pause Young (Normal) (G1 Evacuation Pause)
[2023-05-11T12:14:11.184+0000][2963.329s] GC(133) Using 2 workers of 2 for evacuation
[2023-05-11T12:14:11.202+0000][2963.347s] GC(133)   Pre Evacuate Collection Set: 0.6ms
[2023-05-11T12:14:11.204+0000][2963.348s] GC(133)   Merge Heap Roots: 0.4ms
[2023-05-11T12:14:11.206+0000][2963.350s] GC(133)   Evacuate Collection Set: 13.1ms
[2023-05-11T12:14:11.215+0000][2963.360s] GC(133)   Post Evacuate Collection Set: 1.9ms
[2023-05-11T12:14:11.217+0000][2963.362s] GC(133)   Other: 4.5ms
[2023-05-11T12:14:11.219+0000][2963.364s] GC(133) Eden regions: 292->0(285)
[2023-05-11T12:14:11.222+0000][2963.366s] GC(133) Survivor regions: 14->21(39)
[2023-05-11T12:14:11.224+0000][2963.368s] GC(133) Old regions: 119->119
[2023-05-11T12:14:11.225+0000][2963.370s] GC(133) Archive regions: 2->2
[2023-05-11T12:14:11.227+0000][2963.371s] GC(133) Humongous regions: 4->4
[2023-05-11T12:14:11.229+0000][2963.373s] GC(133) Metaspace: 59232K(59712K)->59232K(59712K) NonClass: 52018K(52288K)->52018K(52288K) Class: 7214K(7424K)->7214K(7424K)
[2023-05-11T12:14:11.231+0000][2963.375s] GC(133) Pause Young (Normal) (G1 Evacuation Pause) 429M->143M(512M) 49.113ms
[2023-05-11T12:14:11.232+0000][2963.377s] GC(133) User=0.03s Sys=0.00s Real=0.05s
[2023-05-11T12:14:14.394+0000][2966.539s] GC(134) Pause Young (Normal) (G1 Evacuation Pause)
[2023-05-11T12:14:14.397+0000][2966.541s] GC(134) Using 2 workers of 2 for evacuation
[2023-05-11T12:14:14.419+0000][2966.564s] GC(134)   Pre Evacuate Collection Set: 0.1ms
[2023-05-11T12:14:14.421+0000][2966.565s] GC(134)   Merge Heap Roots: 0.1ms
[2023-05-11T12:14:14.423+0000][2966.567s] GC(134)   Evacuate Collection Set: 17.8ms
[2023-05-11T12:14:14.424+0000][2966.569s] GC(134)   Post Evacuate Collection Set: 1.5ms
[2023-05-11T12:14:14.425+0000][2966.570s] GC(134)   Other: 5.6ms
[2023-05-11T12:14:14.427+0000][2966.572s] GC(134) Eden regions: 285->0(292)
[2023-05-11T12:14:14.429+0000][2966.573s] GC(134) Survivor regions: 21->14(39)
[2023-05-11T12:14:14.430+0000][2966.575s] GC(134) Old regions: 119->120
[2023-05-11T12:14:14.433+0000][2966.578s] GC(134) Archive regions: 2->2
[2023-05-11T12:14:14.436+0000][2966.580s] GC(134) Humongous regions: 4->4
[2023-05-11T12:14:14.438+0000][2966.582s] GC(134) Metaspace: 59232K(59712K)->59232K(59712K) NonClass: 52018K(52288K)->52018K(52288K) Class: 7214K(7424K)->7214K(7424K)
[2023-05-11T12:14:14.439+0000][2966.583s] GC(134) Pause Young (Normal) (G1 Evacuation Pause) 428M->138M(512M) 44.589ms
[2023-05-11T12:14:14.440+0000][2966.585s] GC(134) User=0.02s Sys=0.00s Real=0.04s
[2023-05-11T12:14:20.469+0000][2972.614s] GC(135) Pause Young (Normal) (G1 Evacuation Pause)
[2023-05-11T12:14:20.472+0000][2972.617s] GC(135) Using 2 workers of 2 for evacuation
[2023-05-11T12:14:20.480+0000][2972.625s] GC(135)   Pre Evacuate Collection Set: 0.4ms
[2023-05-11T12:14:20.482+0000][2972.626s] GC(135)   Merge Heap Roots: 0.1ms
[2023-05-11T12:14:20.483+0000][2972.628s] GC(135)   Evacuate Collection Set: 4.2ms
[2023-05-11T12:14:20.484+0000][2972.629s] GC(135)   Post Evacuate Collection Set: 2.0ms
[2023-05-11T12:14:20.486+0000][2972.630s] GC(135)   Other: 4.3ms
[2023-05-11T12:14:20.487+0000][2972.632s] GC(135) Eden regions: 292->0(298)
[2023-05-11T12:14:20.488+0000][2972.633s] GC(135) Survivor regions: 14->9(39)
[2023-05-11T12:14:20.489+0000][2972.634s] GC(135) Old regions: 120->120
[2023-05-11T12:14:20.491+0000][2972.635s] GC(135) Archive regions: 2->2
[2023-05-11T12:14:20.492+0000][2972.637s] GC(135) Humongous regions: 4->4
[2023-05-11T12:14:20.493+0000][2972.638s] GC(135) Metaspace: 59248K(59712K)->59248K(59712K) NonClass: 52034K(52288K)->52034K(52288K) Class: 7214K(7424K)->7214K(7424K)
[2023-05-11T12:14:20.495+0000][2972.639s] GC(135) Pause Young (Normal) (G1 Evacuation Pause) 430M->133M(512M) 25.525ms
[2023-05-11T12:14:20.496+0000][2972.641s] GC(135) User=0.00s Sys=0.01s Real=0.03s
[2023-05-11T12:14:23.145+0000][2975.290s] GC(136) Pause Young (Normal) (G1 Evacuation Pause)
[2023-05-11T12:14:23.147+0000][2975.291s] GC(136) Using 2 workers of 2 for evacuation
[2023-05-11T12:14:23.168+0000][2975.313s] GC(136)   Pre Evacuate Collection Set: 0.4ms
[2023-05-11T12:14:23.170+0000][2975.314s] GC(136)   Merge Heap Roots: 0.4ms
[2023-05-11T12:14:23.171+0000][2975.316s] GC(136)   Evacuate Collection Set: 18.4ms
[2023-05-11T12:14:23.173+0000][2975.317s] GC(136)   Post Evacuate Collection Set: 1.6ms
[2023-05-11T12:14:23.174+0000][2975.318s] GC(136)   Other: 2.4ms
[2023-05-11T12:14:23.175+0000][2975.320s] GC(136) Eden regions: 298->0(284)
[2023-05-11T12:14:23.176+0000][2975.321s] GC(136) Survivor regions: 9->20(39)
[2023-05-11T12:14:23.178+0000][2975.322s] GC(136) Old regions: 120->120
[2023-05-11T12:14:23.179+0000][2975.323s] GC(136) Archive regions: 2->2
[2023-05-11T12:14:23.180+0000][2975.325s] GC(136) Humongous regions: 4->4
[2023-05-11T12:14:23.182+0000][2975.326s] GC(136) Metaspace: 59251K(59712K)->59251K(59712K) NonClass: 52037K(52288K)->52037K(52288K) Class: 7214K(7424K)->7214K(7424K)
[2023-05-11T12:14:23.183+0000][2975.328s] GC(136) Pause Young (Normal) (G1 Evacuation Pause) 431M->144M(512M) 38.007ms
[2023-05-11T12:14:23.184+0000][2975.329s] GC(136) User=0.02s Sys=0.00s Real=0.04s
[2023-05-11T12:14:25.961+0000][2978.105s] GC(137) Pause Young (Normal) (G1 Evacuation Pause)
[2023-05-11T12:14:25.963+0000][2978.107s] GC(137) Using 2 workers of 2 for evacuation
[2023-05-11T12:14:26.026+0000][2978.171s] GC(137)   Pre Evacuate Collection Set: 0.6ms
[2023-05-11T12:14:26.028+0000][2978.173s] GC(137)   Merge Heap Roots: 0.3ms
[2023-05-11T12:14:26.035+0000][2978.179s] GC(137)   Evacuate Collection Set: 56.4ms
[2023-05-11T12:14:26.038+0000][2978.183s] GC(137)   Post Evacuate Collection Set: 4.1ms
[2023-05-11T12:14:26.040+0000][2978.185s] GC(137)   Other: 4.3ms
[2023-05-11T12:14:26.042+0000][2978.187s] GC(137) Eden regions: 284->0(272)
[2023-05-11T12:14:26.045+0000][2978.190s] GC(137) Survivor regions: 20->29(38)
[2023-05-11T12:14:26.048+0000][2978.192s] GC(137) Old regions: 120->120
[2023-05-11T12:14:26.051+0000][2978.196s] GC(137) Archive regions: 2->2
[2023-05-11T12:14:26.054+0000][2978.199s] GC(137) Humongous regions: 4->4
[2023-05-11T12:14:26.056+0000][2978.200s] GC(137) Metaspace: 59259K(59712K)->59259K(59712K) NonClass: 52045K(52288K)->52045K(52288K) Class: 7214K(7424K)->7214K(7424K)
[2023-05-11T12:14:26.058+0000][2978.202s] GC(137) Pause Young (Normal) (G1 Evacuation Pause) 428M->153M(512M) 97.372ms
[2023-05-11T12:14:26.060+0000][2978.205s] GC(137) User=0.08s Sys=0.01s Real=0.10s
[2023-05-11T12:14:29.046+0000][2981.191s] GC(138) Pause Young (Normal) (G1 Evacuation Pause)
[2023-05-11T12:14:29.048+0000][2981.192s] GC(138) Using 2 workers of 2 for evacuation
[2023-05-11T12:14:29.079+0000][2981.223s] GC(138)   Pre Evacuate Collection Set: 0.6ms
[2023-05-11T12:14:29.082+0000][2981.227s] GC(138)   Merge Heap Roots: 0.2ms
[2023-05-11T12:14:29.083+0000][2981.228s] GC(138)   Evacuate Collection Set: 21.7ms
[2023-05-11T12:14:29.085+0000][2981.229s] GC(138)   Post Evacuate Collection Set: 1.2ms
[2023-05-11T12:14:29.086+0000][2981.231s] GC(138)   Other: 9.2ms
[2023-05-11T12:14:29.088+0000][2981.232s] GC(138) Eden regions: 272->0(281)
[2023-05-11T12:14:29.093+0000][2981.238s] GC(138) Survivor regions: 29->16(38)
[2023-05-11T12:14:29.095+0000][2981.239s] GC(138) Old regions: 120->125
[2023-05-11T12:14:29.101+0000][2981.246s] GC(138) Archive regions: 2->2
[2023-05-11T12:14:29.102+0000][2981.247s] GC(138) Humongous regions: 4->4
[2023-05-11T12:14:29.104+0000][2981.248s] GC(138) Metaspace: 59259K(59712K)->59259K(59712K) NonClass: 52045K(52288K)->52045K(52288K) Class: 7214K(7424K)->7214K(7424K)
[2023-05-11T12:14:29.105+0000][2981.250s] GC(138) Pause Young (Normal) (G1 Evacuation Pause) 425M->145M(512M) 59.188ms
[2023-05-11T12:14:29.107+0000][2981.251s] GC(138) User=0.03s Sys=0.00s Real=0.06s
[2023-05-11T12:14:32.167+0000][2984.312s] GC(139) Pause Young (Normal) (G1 Evacuation Pause)
[2023-05-11T12:14:32.169+0000][2984.313s] GC(139) Using 2 workers of 2 for evacuation
[2023-05-11T12:14:32.181+0000][2984.326s] GC(139)   Pre Evacuate Collection Set: 0.1ms
[2023-05-11T12:14:32.184+0000][2984.328s] GC(139)   Merge Heap Roots: 0.1ms
[2023-05-11T12:14:32.186+0000][2984.331s] GC(139)   Evacuate Collection Set: 9.9ms
[2023-05-11T12:14:32.188+0000][2984.333s] GC(139)   Post Evacuate Collection Set: 1.4ms
[2023-05-11T12:14:32.190+0000][2984.334s] GC(139)   Other: 2.8ms
[2023-05-11T12:14:32.191+0000][2984.336s] GC(139) Eden regions: 281->0(286)
[2023-05-11T12:14:32.192+0000][2984.337s] GC(139) Survivor regions: 16->12(38)
[2023-05-11T12:14:32.194+0000][2984.339s] GC(139) Old regions: 125->125
[2023-05-11T12:14:32.196+0000][2984.340s] GC(139) Archive regions: 2->2
[2023-05-11T12:14:32.198+0000][2984.342s] GC(139) Humongous regions: 4->4
[2023-05-11T12:14:32.200+0000][2984.344s] GC(139) Metaspace: 59263K(59712K)->59263K(59712K) NonClass: 52049K(52288K)->52049K(52288K) Class: 7214K(7424K)->7214K(7424K)
[2023-05-11T12:14:32.202+0000][2984.347s] GC(139) Pause Young (Normal) (G1 Evacuation Pause) 426M->141M(512M) 35.080ms
[2023-05-11T12:14:32.204+0000][2984.348s] GC(139) User=0.02s Sys=0.00s Real=0.04s
[2023-05-11T12:14:35.398+0000][2987.542s] GC(140) Pause Young (Normal) (G1 Evacuation Pause)
[2023-05-11T12:14:35.399+0000][2987.544s] GC(140) Using 2 workers of 2 for evacuation
[2023-05-11T12:14:35.424+0000][2987.569s] GC(140)   Pre Evacuate Collection Set: 0.5ms
[2023-05-11T12:14:35.425+0000][2987.570s] GC(140)   Merge Heap Roots: 0.2ms
[2023-05-11T12:14:35.427+0000][2987.571s] GC(140)   Evacuate Collection Set: 20.7ms
[2023-05-11T12:14:35.428+0000][2987.573s] GC(140)   Post Evacuate Collection Set: 1.4ms
[2023-05-11T12:14:35.432+0000][2987.577s] GC(140)   Other: 3.6ms
[2023-05-11T12:14:35.434+0000][2987.579s] GC(140) Eden regions: 286->0(274)
[2023-05-11T12:14:35.436+0000][2987.581s] GC(140) Survivor regions: 12->22(38)
[2023-05-11T12:14:35.438+0000][2987.583s] GC(140) Old regions: 125->125
[2023-05-11T12:14:35.440+0000][2987.584s] GC(140) Archive regions: 2->2
[2023-05-11T12:14:35.441+0000][2987.586s] GC(140) Humongous regions: 4->4
[2023-05-11T12:14:35.443+0000][2987.588s] GC(140) Metaspace: 59277K(59776K)->59277K(59776K) NonClass: 52063K(52352K)->52063K(52352K) Class: 7214K(7424K)->7214K(7424K)
[2023-05-11T12:14:35.445+0000][2987.589s] GC(140) Pause Young (Normal) (G1 Evacuation Pause) 427M->151M(512M) 47.289ms
[2023-05-11T12:14:35.447+0000][2987.591s] GC(140) User=0.03s Sys=0.00s Real=0.05s
[2023-05-11T12:14:37.524+0000][2989.671s] GC(141) Pause Young (Normal) (G1 Evacuation Pause)
[2023-05-11T12:14:37.525+0000][2989.672s] GC(141) Using 2 workers of 2 for evacuation
[2023-05-11T12:14:37.551+0000][2989.698s] GC(141)   Pre Evacuate Collection Set: 0.5ms
[2023-05-11T12:14:37.554+0000][2989.701s] GC(141)   Merge Heap Roots: 0.4ms
[2023-05-11T12:14:37.556+0000][2989.703s] GC(141)   Evacuate Collection Set: 21.4ms
[2023-05-11T12:14:37.559+0000][2989.705s] GC(141)   Post Evacuate Collection Set: 1.8ms
[2023-05-11T12:14:37.563+0000][2989.710s] GC(141)   Other: 3.0ms
[2023-05-11T12:14:37.566+0000][2989.713s] GC(141) Eden regions: 274->0(262)
[2023-05-11T12:14:37.567+0000][2989.714s] GC(141) Survivor regions: 22->29(37)
[2023-05-11T12:14:37.569+0000][2989.716s] GC(141) Old regions: 125->128
[2023-05-11T12:14:37.571+0000][2989.718s] GC(141) Archive regions: 2->2
[2023-05-11T12:14:37.573+0000][2989.720s] GC(141) Humongous regions: 5->5
[2023-05-11T12:14:37.574+0000][2989.721s] GC(141) Metaspace: 59284K(59776K)->59284K(59776K) NonClass: 52070K(52352K)->52070K(52352K) Class: 7214K(7424K)->7214K(7424K)
[2023-05-11T12:14:37.576+0000][2989.723s] GC(141) Pause Young (Normal) (G1 Evacuation Pause) 426M->162M(512M) 51.742ms
[2023-05-11T12:14:37.577+0000][2989.724s] GC(141) User=0.05s Sys=0.01s Real=0.05s
[2023-05-11T12:14:41.840+0000][2993.987s] GC(142) Pause Young (Normal) (G1 Evacuation Pause)
[2023-05-11T12:14:41.842+0000][2993.989s] GC(142) Using 2 workers of 2 for evacuation
[2023-05-11T12:14:41.860+0000][2994.007s] GC(142)   Pre Evacuate Collection Set: 0.2ms
[2023-05-11T12:14:41.861+0000][2994.008s] GC(142)   Merge Heap Roots: 0.3ms
[2023-05-11T12:14:41.863+0000][2994.010s] GC(142)   Evacuate Collection Set: 13.8ms
[2023-05-11T12:14:41.864+0000][2994.011s] GC(142)   Post Evacuate Collection Set: 1.6ms
[2023-05-11T12:14:41.866+0000][2994.013s] GC(142)   Other: 4.0ms
[2023-05-11T12:14:41.868+0000][2994.015s] GC(142) Eden regions: 262->0(253)
[2023-05-11T12:14:41.870+0000][2994.016s] GC(142) Survivor regions: 29->22(37)
[2023-05-11T12:14:41.871+0000][2994.018s] GC(142) Old regions: 128->142
[2023-05-11T12:14:41.873+0000][2994.020s] GC(142) Archive regions: 2->2
[2023-05-11T12:14:41.874+0000][2994.021s] GC(142) Humongous regions: 5->5
[2023-05-11T12:14:41.876+0000][2994.023s] GC(142) Metaspace: 59286K(59776K)->59286K(59776K) NonClass: 52072K(52352K)->52072K(52352K) Class: 7214K(7424K)->7214K(7424K)
[2023-05-11T12:14:41.877+0000][2994.024s] GC(142) Pause Young (Normal) (G1 Evacuation Pause) 424M->169M(512M) 36.991ms
[2023-05-11T12:14:41.879+0000][2994.026s] GC(142) User=0.03s Sys=0.00s Real=0.04s
[2023-05-11T12:14:44.226+0000][2996.373s] GC(143) Pause Young (Concurrent Start) (G1 Evacuation Pause)
[2023-05-11T12:14:44.228+0000][2996.375s] GC(143) Using 2 workers of 2 for evacuation
[2023-05-11T12:14:44.248+0000][2996.395s] GC(143)   Pre Evacuate Collection Set: 0.8ms
[2023-05-11T12:14:44.251+0000][2996.398s] GC(143)   Merge Heap Roots: 0.1ms
[2023-05-11T12:14:44.253+0000][2996.400s] GC(143)   Evacuate Collection Set: 15.9ms
[2023-05-11T12:14:44.256+0000][2996.403s] GC(143)   Post Evacuate Collection Set: 1.5ms
[2023-05-11T12:14:44.257+0000][2996.404s] GC(143)   Other: 3.8ms
[2023-05-11T12:14:44.260+0000][2996.407s] GC(143) Eden regions: 253->0(253)
[2023-05-11T12:14:44.262+0000][2996.409s] GC(143) Survivor regions: 22->18(35)
[2023-05-11T12:14:44.264+0000][2996.411s] GC(143) Old regions: 142->150
[2023-05-11T12:14:44.265+0000][2996.412s] GC(143) Archive regions: 2->2
[2023-05-11T12:14:44.267+0000][2996.414s] GC(143) Humongous regions: 5->5
[2023-05-11T12:14:44.269+0000][2996.416s] GC(143) Metaspace: 59286K(59776K)->59286K(59776K) NonClass: 52072K(52352K)->52072K(52352K) Class: 7214K(7424K)->7214K(7424K)
[2023-05-11T12:14:44.273+0000][2996.420s] GC(143) Pause Young (Concurrent Start) (G1 Evacuation Pause) 422M->172M(512M) 47.236ms
[2023-05-11T12:14:44.275+0000][2996.422s] GC(143) User=0.03s Sys=0.00s Real=0.05s
[2023-05-11T12:14:44.277+0000][2996.424s] GC(144) Concurrent Mark Cycle
[2023-05-11T12:14:44.287+0000][2996.434s] GC(144) Concurrent Clear Claimed Marks
[2023-05-11T12:14:44.288+0000][2996.435s] GC(144) Concurrent Clear Claimed Marks 1.296ms
[2023-05-11T12:14:44.290+0000][2996.437s] GC(144) Concurrent Scan Root Regions
[2023-05-11T12:14:44.295+0000][2996.442s] GC(144) Concurrent Scan Root Regions 5.143ms
[2023-05-11T12:14:44.301+0000][2996.448s] GC(144) Concurrent Mark
[2023-05-11T12:14:44.305+0000][2996.452s] GC(144) Concurrent Mark From Roots
[2023-05-11T12:14:44.308+0000][2996.455s] GC(144) Using 1 workers of 1 for marking
[2023-05-11T12:14:44.656+0000][2996.803s] GC(144) Concurrent Mark From Roots 351.276ms
[2023-05-11T12:14:44.660+0000][2996.807s] GC(144) Concurrent Preclean
[2023-05-11T12:14:44.664+0000][2996.811s] GC(144) Concurrent Preclean 3.773ms
[2023-05-11T12:14:44.668+0000][2996.815s] GC(144) Pause Remark
[2023-05-11T12:14:44.695+0000][2996.842s] GC(144) Pause Remark 207M->169M(512M) 27.519ms
[2023-05-11T12:14:44.698+0000][2996.845s] GC(144) User=0.03s Sys=0.01s Real=0.03s
[2023-05-11T12:14:44.702+0000][2996.849s] GC(144) Concurrent Mark 401.277ms
[2023-05-11T12:14:44.706+0000][2996.853s] GC(144) Concurrent Rebuild Remembered Sets
[2023-05-11T12:14:44.829+0000][2996.976s] GC(144) Concurrent Rebuild Remembered Sets 122.367ms
[2023-05-11T12:14:44.833+0000][2996.980s] GC(144) Pause Cleanup
[2023-05-11T12:14:44.835+0000][2996.982s] GC(144) Pause Cleanup 180M->180M(512M) 2.054ms
[2023-05-11T12:14:44.837+0000][2996.984s] GC(144) User=0.00s Sys=0.00s Real=0.00s
[2023-05-11T12:14:44.840+0000][2996.987s] GC(144) Concurrent Cleanup for Next Mark
[2023-05-11T12:14:44.863+0000][2997.010s] GC(144) Concurrent Cleanup for Next Mark 23.846ms
[2023-05-11T12:14:44.865+0000][2997.012s] GC(144) Concurrent Mark Cycle 588.105ms
[2023-05-11T12:14:48.014+0000][3000.161s] GC(145) Pause Young (Prepare Mixed) (G1 Evacuation Pause)
[2023-05-11T12:14:48.015+0000][3000.162s] GC(145) Using 2 workers of 2 for evacuation
[2023-05-11T12:14:48.036+0000][3000.183s] GC(145)   Pre Evacuate Collection Set: 0.4ms
[2023-05-11T12:14:48.039+0000][3000.186s] GC(145)   Merge Heap Roots: 0.2ms
[2023-05-11T12:14:48.042+0000][3000.189s] GC(145)   Evacuate Collection Set: 14.1ms
[2023-05-11T12:14:48.045+0000][3000.192s] GC(145)   Post Evacuate Collection Set: 1.9ms
[2023-05-11T12:14:48.047+0000][3000.194s] GC(145)   Other: 6.1ms
[2023-05-11T12:14:48.051+0000][3000.198s] GC(145) Eden regions: 253->0(1)
[2023-05-11T12:14:48.053+0000][3000.200s] GC(145) Survivor regions: 18->25(34)
[2023-05-11T12:14:48.056+0000][3000.203s] GC(145) Old regions: 112->112
[2023-05-11T12:14:48.057+0000][3000.204s] GC(145) Archive regions: 2->2
[2023-05-11T12:14:48.059+0000][3000.206s] GC(145) Humongous regions: 5->5
[2023-05-11T12:14:48.060+0000][3000.207s] GC(145) Metaspace: 59295K(59776K)->59295K(59776K) NonClass: 52081K(52352K)->52081K(52352K) Class: 7214K(7424K)->7214K(7424K)
[2023-05-11T12:14:48.064+0000][3000.211s] GC(145) Pause Young (Prepare Mixed) (G1 Evacuation Pause) 387M->142M(512M) 50.580ms
[2023-05-11T12:14:48.066+0000][3000.213s] GC(145) User=0.02s Sys=0.00s Real=0.05s
[2023-05-11T12:14:48.097+0000][3000.244s] GC(146) Pause Young (Mixed) (G1 Evacuation Pause)
[2023-05-11T12:14:48.113+0000][3000.260s] GC(146) Using 2 workers of 2 for evacuation
[2023-05-11T12:14:48.144+0000][3000.291s] GC(146)   Pre Evacuate Collection Set: 0.2ms
[2023-05-11T12:14:48.146+0000][3000.293s] GC(146)   Merge Heap Roots: 0.3ms
[2023-05-11T12:14:48.147+0000][3000.294s] GC(146)   Evacuate Collection Set: 23.0ms
[2023-05-11T12:14:48.149+0000][3000.296s] GC(146)   Post Evacuate Collection Set: 1.1ms
[2023-05-11T12:14:48.151+0000][3000.298s] GC(146)   Other: 22.1ms
[2023-05-11T12:14:48.153+0000][3000.300s] GC(146) Eden regions: 1->0(306)
[2023-05-11T12:14:48.156+0000][3000.303s] GC(146) Survivor regions: 25->1(4)
[2023-05-11T12:14:48.158+0000][3000.305s] GC(146) Old regions: 112->109
[2023-05-11T12:14:48.160+0000][3000.307s] GC(146) Archive regions: 2->2
[2023-05-11T12:14:48.161+0000][3000.308s] GC(146) Humongous regions: 5->5
[2023-05-11T12:14:48.164+0000][3000.310s] GC(146) Metaspace: 59295K(59776K)->59295K(59776K) NonClass: 52081K(52352K)->52081K(52352K) Class: 7214K(7424K)->7214K(7424K)
[2023-05-11T12:14:48.166+0000][3000.313s] GC(146) Pause Young (Mixed) (G1 Evacuation Pause) 143M->115M(512M) 69.495ms
[2023-05-11T12:14:48.172+0000][3000.319s] GC(146) User=0.03s Sys=0.00s Real=0.08s
[2023-05-11T12:14:52.637+0000][3004.784s] GC(147) Pause Young (Normal) (G1 Evacuation Pause)
[2023-05-11T12:14:52.639+0000][3004.786s] GC(147) Using 2 workers of 2 for evacuation
[2023-05-11T12:14:52.658+0000][3004.805s] GC(147)   Pre Evacuate Collection Set: 0.2ms
[2023-05-11T12:14:52.659+0000][3004.806s] GC(147)   Merge Heap Roots: 0.2ms
[2023-05-11T12:14:52.661+0000][3004.808s] GC(147)   Evacuate Collection Set: 15.2ms
[2023-05-11T12:14:52.663+0000][3004.810s] GC(147)   Post Evacuate Collection Set: 1.6ms
[2023-05-11T12:14:52.664+0000][3004.811s] GC(147)   Other: 3.4ms
[2023-05-11T12:14:52.665+0000][3004.812s] GC(147) Eden regions: 306->0(294)
[2023-05-11T12:14:52.667+0000][3004.814s] GC(147) Survivor regions: 1->13(39)
[2023-05-11T12:14:52.668+0000][3004.815s] GC(147) Old regions: 109->109
[2023-05-11T12:14:52.670+0000][3004.817s] GC(147) Archive regions: 2->2
[2023-05-11T12:14:52.671+0000][3004.818s] GC(147) Humongous regions: 5->5
[2023-05-11T12:14:52.674+0000][3004.821s] GC(147) Metaspace: 59301K(59776K)->59301K(59776K) NonClass: 52087K(52352K)->52087K(52352K) Class: 7214K(7424K)->7214K(7424K)
[2023-05-11T12:14:52.676+0000][3004.823s] GC(147) Pause Young (Normal) (G1 Evacuation Pause) 421M->127M(512M) 38.861ms
[2023-05-11T12:14:52.678+0000][3004.825s] GC(147) User=0.03s Sys=0.00s Real=0.04s
[2023-05-11T12:14:56.064+0000][3008.211s] GC(148) Pause Young (Normal) (G1 Evacuation Pause)
[2023-05-11T12:14:56.066+0000][3008.213s] GC(148) Using 2 workers of 2 for evacuation
[2023-05-11T12:14:56.086+0000][3008.233s] GC(148)   Pre Evacuate Collection Set: 0.6ms
[2023-05-11T12:14:56.087+0000][3008.234s] GC(148)   Merge Heap Roots: 0.2ms
[2023-05-11T12:14:56.089+0000][3008.236s] GC(148)   Evacuate Collection Set: 15.2ms
[2023-05-11T12:14:56.090+0000][3008.237s] GC(148)   Post Evacuate Collection Set: 1.4ms
[2023-05-11T12:14:56.092+0000][3008.239s] GC(148)   Other: 4.0ms
[2023-05-11T12:14:56.093+0000][3008.240s] GC(148) Eden regions: 294->0(284)
[2023-05-11T12:14:56.094+0000][3008.241s] GC(148) Survivor regions: 13->23(39)
[2023-05-11T12:14:56.096+0000][3008.243s] GC(148) Old regions: 109->109
[2023-05-11T12:14:56.098+0000][3008.245s] GC(148) Archive regions: 2->2
[2023-05-11T12:14:56.099+0000][3008.246s] GC(148) Humongous regions: 5->5
[2023-05-11T12:14:56.101+0000][3008.248s] GC(148) Metaspace: 59304K(59776K)->59304K(59776K) NonClass: 52090K(52352K)->52090K(52352K) Class: 7214K(7424K)->7214K(7424K)
[2023-05-11T12:14:56.102+0000][3008.249s] GC(148) Pause Young (Normal) (G1 Evacuation Pause) 421M->137M(512M) 38.125ms
[2023-05-11T12:14:56.104+0000][3008.251s] GC(148) User=0.02s Sys=0.00s Real=0.04s
[2023-05-11T12:14:59.086+0000][3011.233s] GC(149) Pause Young (Normal) (G1 Evacuation Pause)
[2023-05-11T12:14:59.090+0000][3011.237s] GC(149) Using 2 workers of 2 for evacuation
[2023-05-11T12:14:59.107+0000][3011.254s] GC(149)   Pre Evacuate Collection Set: 0.2ms
[2023-05-11T12:14:59.108+0000][3011.255s] GC(149)   Merge Heap Roots: 1.2ms
[2023-05-11T12:14:59.112+0000][3011.259s] GC(149)   Evacuate Collection Set: 12.4ms
[2023-05-11T12:14:59.113+0000][3011.260s] GC(149)   Post Evacuate Collection Set: 1.7ms
[2023-05-11T12:14:59.115+0000][3011.262s] GC(149)   Other: 5.2ms
[2023-05-11T12:14:59.117+0000][3011.263s] GC(149) Eden regions: 284->0(280)
[2023-05-11T12:14:59.118+0000][3011.265s] GC(149) Survivor regions: 23->21(39)
[2023-05-11T12:14:59.121+0000][3011.267s] GC(149) Old regions: 109->117
[2023-05-11T12:14:59.122+0000][3011.269s] GC(149) Archive regions: 2->2
[2023-05-11T12:14:59.124+0000][3011.271s] GC(149) Humongous regions: 5->5
[2023-05-11T12:14:59.125+0000][3011.272s] GC(149) Metaspace: 59305K(59776K)->59305K(59776K) NonClass: 52091K(52352K)->52091K(52352K) Class: 7214K(7424K)->7214K(7424K)
[2023-05-11T12:14:59.127+0000][3011.274s] GC(149) Pause Young (Normal) (G1 Evacuation Pause) 421M->142M(512M) 40.778ms
[2023-05-11T12:14:59.129+0000][3011.276s] GC(149) User=0.02s Sys=0.00s Real=0.05s
[2023-05-11T12:15:03.656+0000][3015.803s] GC(150) Pause Young (Normal) (G1 Evacuation Pause)
[2023-05-11T12:15:03.658+0000][3015.805s] GC(150) Using 2 workers of 2 for evacuation
[2023-05-11T12:15:03.678+0000][3015.824s] GC(150)   Pre Evacuate Collection Set: 0.4ms
[2023-05-11T12:15:03.679+0000][3015.826s] GC(150)   Merge Heap Roots: 0.1ms
[2023-05-11T12:15:03.681+0000][3015.828s] GC(150)   Evacuate Collection Set: 15.8ms
[2023-05-11T12:15:03.683+0000][3015.829s] GC(150)   Post Evacuate Collection Set: 1.4ms
[2023-05-11T12:15:03.685+0000][3015.832s] GC(150)   Other: 3.8ms
[2023-05-11T12:15:03.688+0000][3015.835s] GC(150) Eden regions: 280->0(271)
[2023-05-11T12:15:03.690+0000][3015.836s] GC(150) Survivor regions: 21->18(38)
[2023-05-11T12:15:03.691+0000][3015.838s] GC(150) Old regions: 117->128
[2023-05-11T12:15:03.692+0000][3015.839s] GC(150) Archive regions: 2->2
[2023-05-11T12:15:03.694+0000][3015.841s] GC(150) Humongous regions: 5->5
[2023-05-11T12:15:03.696+0000][3015.843s] GC(150) Metaspace: 59305K(59776K)->59305K(59776K) NonClass: 52091K(52352K)->52091K(52352K) Class: 7214K(7424K)->7214K(7424K)
[2023-05-11T12:15:03.698+0000][3015.845s] GC(150) Pause Young (Normal) (G1 Evacuation Pause) 422M->151M(512M) 41.906ms
[2023-05-11T12:15:03.701+0000][3015.848s] GC(150) User=0.04s Sys=0.00s Real=0.05s
[2023-05-11T12:15:08.026+0000][3020.169s] GC(151) Pause Young (Concurrent Start) (G1 Evacuation Pause)
[2023-05-11T12:15:08.028+0000][3020.171s] GC(151) Using 2 workers of 2 for evacuation
[2023-05-11T12:15:08.055+0000][3020.199s] GC(151)   Pre Evacuate Collection Set: 0.6ms
[2023-05-11T12:15:08.057+0000][3020.200s] GC(151)   Merge Heap Roots: 0.4ms
[2023-05-11T12:15:08.058+0000][3020.202s] GC(151)   Evacuate Collection Set: 22.7ms
[2023-05-11T12:15:08.060+0000][3020.204s] GC(151)   Post Evacuate Collection Set: 1.3ms
[2023-05-11T12:15:08.062+0000][3020.206s] GC(151)   Other: 4.2ms
[2023-05-11T12:15:08.063+0000][3020.207s] GC(151) Eden regions: 271->0(265)
[2023-05-11T12:15:08.065+0000][3020.209s] GC(151) Survivor regions: 18->26(37)
[2023-05-11T12:15:08.067+0000][3020.211s] GC(151) Old regions: 128->128
[2023-05-11T12:15:08.068+0000][3020.212s] GC(151) Archive regions: 2->2
[2023-05-11T12:15:08.070+0000][3020.214s] GC(151) Humongous regions: 5->5
[2023-05-11T12:15:08.072+0000][3020.215s] GC(151) Metaspace: 59306K(59776K)->59306K(59776K) NonClass: 52092K(52352K)->52092K(52352K) Class: 7214K(7424K)->7214K(7424K)
[2023-05-11T12:15:08.073+0000][3020.217s] GC(151) Pause Young (Concurrent Start) (G1 Evacuation Pause) 422M->159M(512M) 47.703ms
[2023-05-11T12:15:08.075+0000][3020.218s] GC(151) User=0.03s Sys=0.00s Real=0.05s
[2023-05-11T12:15:08.076+0000][3020.220s] GC(152) Concurrent Mark Cycle
[2023-05-11T12:15:08.081+0000][3020.225s] GC(152) Concurrent Clear Claimed Marks
[2023-05-11T12:15:08.083+0000][3020.226s] GC(152) Concurrent Clear Claimed Marks 1.572ms
[2023-05-11T12:15:08.084+0000][3020.228s] GC(152) Concurrent Scan Root Regions
[2023-05-11T12:15:08.094+0000][3020.238s] GC(152) Concurrent Scan Root Regions 10.086ms
[2023-05-11T12:15:08.096+0000][3020.239s] GC(152) Concurrent Mark
[2023-05-11T12:15:08.099+0000][3020.243s] GC(152) Concurrent Mark From Roots
[2023-05-11T12:15:08.101+0000][3020.245s] GC(152) Using 1 workers of 1 for marking
[2023-05-11T12:15:08.373+0000][3020.516s] GC(152) Concurrent Mark From Roots 273.666ms
[2023-05-11T12:15:08.374+0000][3020.518s] GC(152) Concurrent Preclean
[2023-05-11T12:15:08.376+0000][3020.519s] GC(152) Concurrent Preclean 1.566ms
[2023-05-11T12:15:08.378+0000][3020.522s] GC(152) Pause Remark
[2023-05-11T12:15:08.392+0000][3020.536s] GC(152) Pause Remark 171M->125M(512M) 13.900ms
[2023-05-11T12:15:08.394+0000][3020.537s] GC(152) User=0.02s Sys=0.00s Real=0.02s
[2023-05-11T12:15:08.395+0000][3020.539s] GC(152) Concurrent Mark 299.198ms
[2023-05-11T12:15:08.396+0000][3020.540s] GC(152) Concurrent Rebuild Remembered Sets
[2023-05-11T12:15:08.489+0000][3020.633s] GC(152) Concurrent Rebuild Remembered Sets 93.138ms
[2023-05-11T12:15:08.496+0000][3020.640s] GC(152) Pause Cleanup
[2023-05-11T12:15:08.512+0000][3020.656s] GC(152) Pause Cleanup 134M->134M(512M) 15.803ms
[2023-05-11T12:15:08.514+0000][3020.658s] GC(152) User=0.00s Sys=0.00s Real=0.02s
[2023-05-11T12:15:08.517+0000][3020.660s] GC(152) Concurrent Cleanup for Next Mark
[2023-05-11T12:15:08.526+0000][3020.670s] GC(152) Concurrent Cleanup for Next Mark 9.699ms
[2023-05-11T12:15:08.528+0000][3020.672s] GC(152) Concurrent Mark Cycle 451.847ms
[2023-05-11T12:15:12.009+0000][3024.153s] GC(153) Pause Young (Prepare Mixed) (G1 Evacuation Pause)
[2023-05-11T12:15:12.012+0000][3024.156s] GC(153) Using 2 workers of 2 for evacuation
[2023-05-11T12:15:12.048+0000][3024.192s] GC(153)   Pre Evacuate Collection Set: 0.2ms
[2023-05-11T12:15:12.050+0000][3024.194s] GC(153)   Merge Heap Roots: 0.2ms
[2023-05-11T12:15:12.053+0000][3024.197s] GC(153)   Evacuate Collection Set: 32.3ms
[2023-05-11T12:15:12.058+0000][3024.202s] GC(153)   Post Evacuate Collection Set: 2.2ms
[2023-05-11T12:15:12.060+0000][3024.204s] GC(153)   Other: 4.1ms
[2023-05-11T12:15:12.063+0000][3024.207s] GC(153) Eden regions: 265->0(6)
[2023-05-11T12:15:12.066+0000][3024.209s] GC(153) Survivor regions: 26->19(37)
[2023-05-11T12:15:12.073+0000][3024.217s] GC(153) Old regions: 83->90
[2023-05-11T12:15:12.076+0000][3024.219s] GC(153) Archive regions: 2->2
[2023-05-11T12:15:12.078+0000][3024.221s] GC(153) Humongous regions: 4->4
[2023-05-11T12:15:12.080+0000][3024.224s] GC(153) Metaspace: 59317K(59776K)->59317K(59776K) NonClass: 52103K(52352K)->52103K(52352K) Class: 7214K(7424K)->7214K(7424K)
[2023-05-11T12:15:12.082+0000][3024.226s] GC(153) Pause Young (Prepare Mixed) (G1 Evacuation Pause) 378M->113M(512M) 72.403ms
[2023-05-11T12:15:12.086+0000][3024.229s] GC(153) User=0.06s Sys=0.01s Real=0.08s
[2023-05-11T12:15:12.186+0000][3024.329s] GC(154) Pause Young (Mixed) (G1 Evacuation Pause)
[2023-05-11T12:15:12.190+0000][3024.334s] GC(154) Using 2 workers of 2 for evacuation
[2023-05-11T12:15:12.218+0000][3024.362s] GC(154)   Pre Evacuate Collection Set: 0.9ms
[2023-05-11T12:15:12.221+0000][3024.364s] GC(154)   Merge Heap Roots: 0.5ms
[2023-05-11T12:15:12.223+0000][3024.367s] GC(154)   Evacuate Collection Set: 21.3ms
[2023-05-11T12:15:12.225+0000][3024.369s] GC(154)   Post Evacuate Collection Set: 1.6ms
[2023-05-11T12:15:12.227+0000][3024.371s] GC(154)   Other: 8.5ms
[2023-05-11T12:15:12.229+0000][3024.372s] GC(154) Eden regions: 6->0(305)
[2023-05-11T12:15:12.230+0000][3024.374s] GC(154) Survivor regions: 19->2(4)
[2023-05-11T12:15:12.237+0000][3024.381s] GC(154) Old regions: 90->91
[2023-05-11T12:15:12.239+0000][3024.383s] GC(154) Archive regions: 2->2
[2023-05-11T12:15:12.240+0000][3024.383s] GC(154) Humongous regions: 4->4
[2023-05-11T12:15:12.241+0000][3024.385s] GC(154) Metaspace: 59317K(59776K)->59317K(59776K) NonClass: 52103K(52352K)->52103K(52352K) Class: 7214K(7424K)->7214K(7424K)
[2023-05-11T12:15:12.243+0000][3024.386s] GC(154) Pause Young (Mixed) (G1 Evacuation Pause) 119M->97M(512M) 56.993ms
[2023-05-11T12:15:12.244+0000][3024.388s] GC(154) User=0.03s Sys=0.00s Real=0.06s
[2023-05-11T12:15:16.551+0000][3028.694s] GC(155) Pause Young (Normal) (G1 Evacuation Pause)
[2023-05-11T12:15:16.555+0000][3028.699s] GC(155) Using 2 workers of 2 for evacuation
[2023-05-11T12:15:16.568+0000][3028.712s] GC(155)   Pre Evacuate Collection Set: 0.2ms
[2023-05-11T12:15:16.570+0000][3028.714s] GC(155)   Merge Heap Roots: 0.2ms
[2023-05-11T12:15:16.571+0000][3028.715s] GC(155)   Evacuate Collection Set: 9.1ms
[2023-05-11T12:15:16.572+0000][3028.716s] GC(155)   Post Evacuate Collection Set: 1.5ms
[2023-05-11T12:15:16.574+0000][3028.718s] GC(155)   Other: 6.7ms
[2023-05-11T12:15:16.575+0000][3028.719s] GC(155) Eden regions: 305->0(294)
[2023-05-11T12:15:16.577+0000][3028.720s] GC(155) Survivor regions: 2->13(39)
[2023-05-11T12:15:16.578+0000][3028.722s] GC(155) Old regions: 91->91
[2023-05-11T12:15:16.579+0000][3028.723s] GC(155) Archive regions: 2->2
[2023-05-11T12:15:16.580+0000][3028.724s] GC(155) Humongous regions: 4->4
[2023-05-11T12:15:16.582+0000][3028.726s] GC(155) Metaspace: 59317K(59776K)->59317K(59776K) NonClass: 52103K(52352K)->52103K(52352K) Class: 7214K(7424K)->7214K(7424K)
[2023-05-11T12:15:16.589+0000][3028.733s] GC(155) Pause Young (Normal) (G1 Evacuation Pause) 402M->108M(512M) 38.415ms
[2023-05-11T12:15:16.592+0000][3028.735s] GC(155) User=0.01s Sys=0.00s Real=0.04s
[2023-05-11T12:15:20.605+0000][3032.749s] GC(156) Pause Young (Normal) (G1 Evacuation Pause)
[2023-05-11T12:15:20.607+0000][3032.750s] GC(156) Using 2 workers of 2 for evacuation
[2023-05-11T12:15:20.661+0000][3032.805s] GC(156)   Pre Evacuate Collection Set: 0.2ms
[2023-05-11T12:15:20.670+0000][3032.814s] GC(156)   Merge Heap Roots: 0.2ms
[2023-05-11T12:15:20.675+0000][3032.818s] GC(156)   Evacuate Collection Set: 41.8ms
[2023-05-11T12:15:20.680+0000][3032.823s] GC(156)   Post Evacuate Collection Set: 5.0ms
[2023-05-11T12:15:20.692+0000][3032.835s] GC(156)   Other: 9.3ms
[2023-05-11T12:15:20.695+0000][3032.838s] GC(156) Eden regions: 294->0(287)
[2023-05-11T12:15:20.699+0000][3032.843s] GC(156) Survivor regions: 13->20(39)
[2023-05-11T12:15:20.706+0000][3032.850s] GC(156) Old regions: 91->91
[2023-05-11T12:15:20.709+0000][3032.853s] GC(156) Archive regions: 2->2
[2023-05-11T12:15:20.713+0000][3032.857s] GC(156) Humongous regions: 4->4
[2023-05-11T12:15:20.720+0000][3032.864s] GC(156) Metaspace: 59321K(59776K)->59321K(59776K) NonClass: 52107K(52352K)->52107K(52352K) Class: 7214K(7424K)->7214K(7424K)
[2023-05-11T12:15:20.722+0000][3032.866s] GC(156) Pause Young (Normal) (G1 Evacuation Pause) 402M->115M(512M) 117.384ms
[2023-05-11T12:15:20.726+0000][3032.870s] GC(156) User=0.06s Sys=0.01s Real=0.12s
[2023-05-11T12:15:23.691+0000][3035.835s] GC(157) Pause Young (Normal) (G1 Evacuation Pause)
[2023-05-11T12:15:23.693+0000][3035.837s] GC(157) Using 2 workers of 2 for evacuation
[2023-05-11T12:15:23.714+0000][3035.858s] GC(157)   Pre Evacuate Collection Set: 0.6ms
[2023-05-11T12:15:23.716+0000][3035.859s] GC(157)   Merge Heap Roots: 0.4ms
[2023-05-11T12:15:23.717+0000][3035.861s] GC(157)   Evacuate Collection Set: 16.8ms
[2023-05-11T12:15:23.718+0000][3035.862s] GC(157)   Post Evacuate Collection Set: 1.3ms
[2023-05-11T12:15:23.720+0000][3035.863s] GC(157)   Other: 3.6ms
[2023-05-11T12:15:23.721+0000][3035.865s] GC(157) Eden regions: 287->0(279)
[2023-05-11T12:15:23.723+0000][3035.866s] GC(157) Survivor regions: 20->28(39)
[2023-05-11T12:15:23.724+0000][3035.868s] GC(157) Old regions: 91->91
[2023-05-11T12:15:23.726+0000][3035.870s] GC(157) Archive regions: 2->2
[2023-05-11T12:15:23.728+0000][3035.872s] GC(157) Humongous regions: 4->4
[2023-05-11T12:15:23.730+0000][3035.873s] GC(157) Metaspace: 59325K(59776K)->59325K(59776K) NonClass: 52111K(52352K)->52111K(52352K) Class: 7214K(7424K)->7214K(7424K)
[2023-05-11T12:15:23.731+0000][3035.875s] GC(157) Pause Young (Normal) (G1 Evacuation Pause) 402M->123M(512M) 39.938ms
[2023-05-11T12:15:23.733+0000][3035.877s] GC(157) User=0.02s Sys=0.00s Real=0.05s
[2023-05-11T12:15:26.543+0000][3038.687s] GC(158) Pause Young (Normal) (G1 Evacuation Pause)
[2023-05-11T12:15:26.545+0000][3038.688s] GC(158) Using 2 workers of 2 for evacuation
[2023-05-11T12:15:26.566+0000][3038.709s] GC(158)   Pre Evacuate Collection Set: 0.3ms
[2023-05-11T12:15:26.568+0000][3038.711s] GC(158)   Merge Heap Roots: 0.8ms
[2023-05-11T12:15:26.569+0000][3038.713s] GC(158)   Evacuate Collection Set: 14.7ms
[2023-05-11T12:15:26.571+0000][3038.715s] GC(158)   Post Evacuate Collection Set: 1.4ms
[2023-05-11T12:15:26.573+0000][3038.716s] GC(158)   Other: 5.5ms
[2023-05-11T12:15:26.574+0000][3038.717s] GC(158) Eden regions: 279->0(288)
[2023-05-11T12:15:26.575+0000][3038.719s] GC(158) Survivor regions: 28->19(39)
[2023-05-11T12:15:26.576+0000][3038.720s] GC(158) Old regions: 91->102
[2023-05-11T12:15:26.577+0000][3038.721s] GC(158) Archive regions: 2->2
[2023-05-11T12:15:26.578+0000][3038.722s] GC(158) Humongous regions: 4->4
[2023-05-11T12:15:26.579+0000][3038.723s] GC(158) Metaspace: 59326K(59776K)->59326K(59776K) NonClass: 52112K(52352K)->52112K(52352K) Class: 7214K(7424K)->7214K(7424K)
[2023-05-11T12:15:26.580+0000][3038.724s] GC(158) Pause Young (Normal) (G1 Evacuation Pause) 402M->125M(512M) 37.422ms
[2023-05-11T12:15:26.582+0000][3038.725s] GC(158) User=0.02s Sys=0.00s Real=0.04s
[2023-05-11T12:15:28.331+0000][3040.475s] GC(159) Pause Young (Normal) (G1 Evacuation Pause)
[2023-05-11T12:15:28.333+0000][3040.477s] GC(159) Using 2 workers of 2 for evacuation
[2023-05-11T12:15:28.351+0000][3040.494s] GC(159)   Pre Evacuate Collection Set: 0.5ms
[2023-05-11T12:15:28.352+0000][3040.496s] GC(159)   Merge Heap Roots: 0.2ms
[2023-05-11T12:15:28.354+0000][3040.498s] GC(159)   Evacuate Collection Set: 13.8ms
[2023-05-11T12:15:28.355+0000][3040.499s] GC(159)   Post Evacuate Collection Set: 1.7ms
[2023-05-11T12:15:28.357+0000][3040.501s] GC(159)   Other: 4.0ms
[2023-05-11T12:15:28.359+0000][3040.503s] GC(159) Eden regions: 288->0(286)
[2023-05-11T12:15:28.360+0000][3040.504s] GC(159) Survivor regions: 19->21(39)
[2023-05-11T12:15:28.362+0000][3040.506s] GC(159) Old regions: 102->102
[2023-05-11T12:15:28.363+0000][3040.507s] GC(159) Archive regions: 2->2
[2023-05-11T12:15:28.364+0000][3040.508s] GC(159) Humongous regions: 4->4
[2023-05-11T12:15:28.366+0000][3040.510s] GC(159) Metaspace: 59326K(59776K)->59326K(59776K) NonClass: 52112K(52352K)->52112K(52352K) Class: 7214K(7424K)->7214K(7424K)
[2023-05-11T12:15:28.368+0000][3040.511s] GC(159) Pause Young (Normal) (G1 Evacuation Pause) 413M->127M(512M) 36.857ms
[2023-05-11T12:15:28.369+0000][3040.513s] GC(159) User=0.02s Sys=0.00s Real=0.04s
[2023-05-11T12:15:32.081+0000][3044.224s] GC(160) Pause Young (Normal) (G1 Evacuation Pause)
[2023-05-11T12:15:32.083+0000][3044.227s] GC(160) Using 2 workers of 2 for evacuation
[2023-05-11T12:15:32.118+0000][3044.262s] GC(160)   Pre Evacuate Collection Set: 0.8ms
[2023-05-11T12:15:32.121+0000][3044.264s] GC(160)   Merge Heap Roots: 0.4ms
[2023-05-11T12:15:32.123+0000][3044.266s] GC(160)   Evacuate Collection Set: 31.0ms
[2023-05-11T12:15:32.125+0000][3044.269s] GC(160)   Post Evacuate Collection Set: 1.1ms
[2023-05-11T12:15:32.127+0000][3044.271s] GC(160)   Other: 4.3ms
[2023-05-11T12:15:32.128+0000][3044.272s] GC(160) Eden regions: 286->0(286)
[2023-05-11T12:15:32.132+0000][3044.276s] GC(160) Survivor regions: 21->21(39)
[2023-05-11T12:15:32.137+0000][3044.280s] GC(160) Old regions: 102->107
[2023-05-11T12:15:32.140+0000][3044.284s] GC(160) Archive regions: 2->2
[2023-05-11T12:15:32.142+0000][3044.285s] GC(160) Humongous regions: 4->4
[2023-05-11T12:15:32.144+0000][3044.287s] GC(160) Metaspace: 59326K(59776K)->59326K(59776K) NonClass: 52112K(52352K)->52112K(52352K) Class: 7214K(7424K)->7214K(7424K)
[2023-05-11T12:15:32.147+0000][3044.291s] GC(160) Pause Young (Normal) (G1 Evacuation Pause) 413M->132M(512M) 66.398ms
[2023-05-11T12:15:32.159+0000][3044.303s] GC(160) User=0.04s Sys=0.00s Real=0.08s
[2023-05-11T12:15:38.861+0000][3051.004s] GC(161) Pause Young (Normal) (G1 Evacuation Pause)
[2023-05-11T12:15:38.866+0000][3051.009s] GC(161) Using 2 workers of 2 for evacuation
[2023-05-11T12:15:38.884+0000][3051.028s] GC(161)   Pre Evacuate Collection Set: 0.3ms
[2023-05-11T12:15:38.886+0000][3051.029s] GC(161)   Merge Heap Roots: 0.2ms
[2023-05-11T12:15:38.890+0000][3051.033s] GC(161)   Evacuate Collection Set: 10.5ms
[2023-05-11T12:15:38.891+0000][3051.034s] GC(161)   Post Evacuate Collection Set: 1.6ms
[2023-05-11T12:15:38.892+0000][3051.036s] GC(161)   Other: 11.2ms
[2023-05-11T12:15:38.894+0000][3051.037s] GC(161) Eden regions: 286->0(293)
[2023-05-11T12:15:38.895+0000][3051.038s] GC(161) Survivor regions: 21->14(39)
[2023-05-11T12:15:38.896+0000][3051.039s] GC(161) Old regions: 107->114
[2023-05-11T12:15:38.898+0000][3051.041s] GC(161) Archive regions: 2->2
[2023-05-11T12:15:38.899+0000][3051.042s] GC(161) Humongous regions: 4->4
[2023-05-11T12:15:38.901+0000][3051.044s] GC(161) Metaspace: 59327K(59776K)->59327K(59776K) NonClass: 52113K(52352K)->52113K(52352K) Class: 7214K(7424K)->7214K(7424K)
[2023-05-11T12:15:38.902+0000][3051.046s] GC(161) Pause Young (Normal) (G1 Evacuation Pause) 418M->132M(512M) 41.461ms
[2023-05-11T12:15:38.904+0000][3051.047s] GC(161) User=0.02s Sys=0.00s Real=0.05s
[2023-05-11T12:15:43.515+0000][3055.658s] GC(162) Pause Young (Normal) (G1 Evacuation Pause)
[2023-05-11T12:15:43.517+0000][3055.661s] GC(162) Using 2 workers of 2 for evacuation
[2023-05-11T12:15:43.543+0000][3055.686s] GC(162)   Pre Evacuate Collection Set: 1.0ms
[2023-05-11T12:15:43.556+0000][3055.700s] GC(162)   Merge Heap Roots: 0.4ms
[2023-05-11T12:15:43.561+0000][3055.705s] GC(162)   Evacuate Collection Set: 18.9ms
[2023-05-11T12:15:43.563+0000][3055.706s] GC(162)   Post Evacuate Collection Set: 3.4ms
[2023-05-11T12:15:43.565+0000][3055.708s] GC(162)   Other: 4.6ms
[2023-05-11T12:15:43.567+0000][3055.711s] GC(162) Eden regions: 293->0(288)
[2023-05-11T12:15:43.569+0000][3055.712s] GC(162) Survivor regions: 14->19(39)
[2023-05-11T12:15:43.570+0000][3055.713s] GC(162) Old regions: 114->114
[2023-05-11T12:15:43.572+0000][3055.715s] GC(162) Archive regions: 2->2
[2023-05-11T12:15:43.573+0000][3055.716s] GC(162) Humongous regions: 4->4
[2023-05-11T12:15:43.575+0000][3055.718s] GC(162) Metaspace: 59327K(59776K)->59327K(59776K) NonClass: 52113K(52352K)->52113K(52352K) Class: 7214K(7424K)->7214K(7424K)
[2023-05-11T12:15:43.577+0000][3055.720s] GC(162) Pause Young (Normal) (G1 Evacuation Pause) 425M->137M(512M) 61.741ms
[2023-05-11T12:15:43.578+0000][3055.721s] GC(162) User=0.03s Sys=0.00s Real=0.06s
[2023-05-11T12:15:48.400+0000][3060.544s] GC(163) Pause Young (Normal) (G1 Evacuation Pause)
[2023-05-11T12:15:48.403+0000][3060.546s] GC(163) Using 2 workers of 2 for evacuation
[2023-05-11T12:15:48.433+0000][3060.576s] GC(163)   Pre Evacuate Collection Set: 0.7ms
[2023-05-11T12:15:48.436+0000][3060.580s] GC(163)   Merge Heap Roots: 0.4ms
[2023-05-11T12:15:48.439+0000][3060.582s] GC(163)   Evacuate Collection Set: 25.1ms
[2023-05-11T12:15:48.441+0000][3060.584s] GC(163)   Post Evacuate Collection Set: 1.2ms
[2023-05-11T12:15:48.460+0000][3060.603s] GC(163)   Other: 4.8ms
[2023-05-11T12:15:48.462+0000][3060.606s] GC(163) Eden regions: 288->0(279)
[2023-05-11T12:15:48.464+0000][3060.607s] GC(163) Survivor regions: 19->28(39)
[2023-05-11T12:15:48.468+0000][3060.612s] GC(163) Old regions: 114->114
[2023-05-11T12:15:48.470+0000][3060.613s] GC(163) Archive regions: 2->2
[2023-05-11T12:15:48.472+0000][3060.615s] GC(163) Humongous regions: 4->4
[2023-05-11T12:15:48.474+0000][3060.617s] GC(163) Metaspace: 59328K(59776K)->59328K(59776K) NonClass: 52114K(52352K)->52114K(52352K) Class: 7214K(7424K)->7214K(7424K)
[2023-05-11T12:15:48.476+0000][3060.619s] GC(163) Pause Young (Normal) (G1 Evacuation Pause) 425M->146M(512M) 75.393ms
[2023-05-11T12:15:48.478+0000][3060.621s] GC(163) User=0.04s Sys=0.00s Real=0.08s
[2023-05-11T12:15:58.466+0000][3070.609s] GC(164) Pause Young (Normal) (G1 Evacuation Pause)
[2023-05-11T12:15:58.469+0000][3070.612s] GC(164) Using 2 workers of 2 for evacuation
[2023-05-11T12:15:58.500+0000][3070.644s] GC(164)   Pre Evacuate Collection Set: 0.2ms
[2023-05-11T12:15:58.503+0000][3070.646s] GC(164)   Merge Heap Roots: 0.2ms
[2023-05-11T12:15:58.505+0000][3070.648s] GC(164)   Evacuate Collection Set: 28.2ms
[2023-05-11T12:15:58.507+0000][3070.650s] GC(164)   Post Evacuate Collection Set: 1.3ms
[2023-05-11T12:15:58.513+0000][3070.656s] GC(164)   Other: 4.8ms
[2023-05-11T12:15:58.515+0000][3070.658s] GC(164) Eden regions: 279->0(277)
[2023-05-11T12:15:58.517+0000][3070.660s] GC(164) Survivor regions: 28->26(39)
[2023-05-11T12:15:58.518+0000][3070.662s] GC(164) Old regions: 114->118
[2023-05-11T12:15:58.520+0000][3070.663s] GC(164) Archive regions: 2->2
[2023-05-11T12:15:58.522+0000][3070.665s] GC(164) Humongous regions: 4->4
[2023-05-11T12:15:58.524+0000][3070.667s] GC(164) Metaspace: 59334K(59840K)->59334K(59840K) NonClass: 52120K(52416K)->52120K(52416K) Class: 7214K(7424K)->7214K(7424K)
[2023-05-11T12:15:58.525+0000][3070.669s] GC(164) Pause Young (Normal) (G1 Evacuation Pause) 425M->148M(512M) 59.424ms
[2023-05-11T12:15:58.528+0000][3070.671s] GC(164) User=0.04s Sys=0.00s Real=0.06s
[2023-05-11T12:16:03.478+0000][3075.621s] GC(165) Pause Young (Normal) (G1 Evacuation Pause)
[2023-05-11T12:16:03.482+0000][3075.625s] GC(165) Using 2 workers of 2 for evacuation
[2023-05-11T12:16:03.498+0000][3075.641s] GC(165)   Pre Evacuate Collection Set: 0.8ms
[2023-05-11T12:16:03.500+0000][3075.643s] GC(165)   Merge Heap Roots: 0.6ms
[2023-05-11T12:16:03.503+0000][3075.646s] GC(165)   Evacuate Collection Set: 11.2ms
[2023-05-11T12:16:03.505+0000][3075.648s] GC(165)   Post Evacuate Collection Set: 1.5ms
[2023-05-11T12:16:03.507+0000][3075.651s] GC(165)   Other: 5.7ms
[2023-05-11T12:16:03.509+0000][3075.653s] GC(165) Eden regions: 277->0(286)
[2023-05-11T12:16:03.512+0000][3075.655s] GC(165) Survivor regions: 26->14(38)
[2023-05-11T12:16:03.513+0000][3075.657s] GC(165) Old regions: 118->121
[2023-05-11T12:16:03.515+0000][3075.658s] GC(165) Archive regions: 2->2
[2023-05-11T12:16:03.516+0000][3075.660s] GC(165) Humongous regions: 4->4
[2023-05-11T12:16:03.518+0000][3075.661s] GC(165) Metaspace: 59335K(59840K)->59335K(59840K) NonClass: 52121K(52416K)->52121K(52416K) Class: 7214K(7424K)->7214K(7424K)
[2023-05-11T12:16:03.519+0000][3075.663s] GC(165) Pause Young (Normal) (G1 Evacuation Pause) 425M->138M(512M) 41.239ms
[2023-05-11T12:16:03.521+0000][3075.664s] GC(165) User=0.01s Sys=0.00s Real=0.04s
[2023-05-11T12:16:10.126+0000][3082.268s] GC(166) Pause Young (Normal) (G1 Evacuation Pause)
[2023-05-11T12:16:10.127+0000][3082.269s] GC(166) Using 2 workers of 2 for evacuation
[2023-05-11T12:16:10.149+0000][3082.291s] GC(166)   Pre Evacuate Collection Set: 0.5ms
[2023-05-11T12:16:10.161+0000][3082.303s] GC(166)   Merge Heap Roots: 0.1ms
[2023-05-11T12:16:10.163+0000][3082.305s] GC(166)   Evacuate Collection Set: 15.0ms
[2023-05-11T12:16:10.165+0000][3082.307s] GC(166)   Post Evacuate Collection Set: 3.1ms
[2023-05-11T12:16:10.168+0000][3082.310s] GC(166)   Other: 4.5ms
[2023-05-11T12:16:10.170+0000][3082.312s] GC(166) Eden regions: 286->0(286)
[2023-05-11T12:16:10.171+0000][3082.313s] GC(166) Survivor regions: 14->14(38)
[2023-05-11T12:16:10.173+0000][3082.315s] GC(166) Old regions: 121->121
[2023-05-11T12:16:10.174+0000][3082.316s] GC(166) Archive regions: 2->2
[2023-05-11T12:16:10.177+0000][3082.319s] GC(166) Humongous regions: 4->4
[2023-05-11T12:16:10.180+0000][3082.322s] GC(166) Metaspace: 59348K(59840K)->59348K(59840K) NonClass: 52134K(52416K)->52134K(52416K) Class: 7214K(7424K)->7214K(7424K)
[2023-05-11T12:16:10.182+0000][3082.324s] GC(166) Pause Young (Normal) (G1 Evacuation Pause) 424M->138M(512M) 56.092ms
[2023-05-11T12:16:10.188+0000][3082.330s] GC(166) User=0.02s Sys=0.00s Real=0.06s
[2023-05-11T12:16:16.514+0000][3088.656s] GC(167) Pause Young (Normal) (G1 Evacuation Pause)
[2023-05-11T12:16:16.546+0000][3088.688s] GC(167) Using 2 workers of 2 for evacuation
[2023-05-11T12:16:16.656+0000][3088.798s] GC(167)   Pre Evacuate Collection Set: 0.4ms
[2023-05-11T12:16:16.670+0000][3088.812s] GC(167)   Merge Heap Roots: 0.7ms
[2023-05-11T12:16:16.686+0000][3088.828s] GC(167)   Evacuate Collection Set: 75.4ms
[2023-05-11T12:16:16.688+0000][3088.830s] GC(167)   Post Evacuate Collection Set: 13.7ms
[2023-05-11T12:16:16.691+0000][3088.833s] GC(167)   Other: 51.8ms
[2023-05-11T12:16:16.731+0000][3088.873s] GC(167) Eden regions: 286->0(277)
[2023-05-11T12:16:16.852+0000][3088.994s] GC(167) Survivor regions: 14->23(38)
[2023-05-11T12:16:16.855+0000][3088.997s] GC(167) Old regions: 121->121
[2023-05-11T12:16:16.867+0000][3089.009s] GC(167) Archive regions: 2->2
[2023-05-11T12:16:16.883+0000][3089.026s] GC(167) Humongous regions: 4->4
[2023-05-11T12:16:16.896+0000][3089.038s] GC(167) Metaspace: 59354K(59840K)->59354K(59840K) NonClass: 52140K(52416K)->52140K(52416K) Class: 7214K(7424K)->7214K(7424K)
[2023-05-11T12:16:16.909+0000][3089.052s] GC(167) Pause Young (Normal) (G1 Evacuation Pause) 424M->147M(512M) 395.584ms
[2023-05-11T12:16:16.911+0000][3089.053s] GC(167) User=0.16s Sys=0.01s Real=0.39s
[2023-05-11T12:16:22.036+0000][3094.178s] GC(168) Pause Young (Normal) (G1 Evacuation Pause)
[2023-05-11T12:16:22.037+0000][3094.179s] GC(168) Using 2 workers of 2 for evacuation
[2023-05-11T12:16:22.069+0000][3094.211s] GC(168)   Pre Evacuate Collection Set: 0.3ms
[2023-05-11T12:16:22.071+0000][3094.213s] GC(168)   Merge Heap Roots: 0.7ms
[2023-05-11T12:16:22.073+0000][3094.215s] GC(168)   Evacuate Collection Set: 28.0ms
[2023-05-11T12:16:22.076+0000][3094.219s] GC(168)   Post Evacuate Collection Set: 1.3ms
[2023-05-11T12:16:22.080+0000][3094.222s] GC(168)   Other: 3.5ms
[2023-05-11T12:16:22.082+0000][3094.224s] GC(168) Eden regions: 277->0(278)
[2023-05-11T12:16:22.084+0000][3094.226s] GC(168) Survivor regions: 23->19(38)
[2023-05-11T12:16:22.086+0000][3094.228s] GC(168) Old regions: 121->124
[2023-05-11T12:16:22.088+0000][3094.230s] GC(168) Archive regions: 2->2
[2023-05-11T12:16:22.090+0000][3094.232s] GC(168) Humongous regions: 4->4
[2023-05-11T12:16:22.091+0000][3094.233s] GC(168) Metaspace: 59377K(59840K)->59377K(59840K) NonClass: 52163K(52416K)->52163K(52416K) Class: 7214K(7424K)->7214K(7424K)
[2023-05-11T12:16:22.093+0000][3094.235s] GC(168) Pause Young (Normal) (G1 Evacuation Pause) 424M->147M(512M) 57.279ms
[2023-05-11T12:16:22.095+0000][3094.237s] GC(168) User=0.03s Sys=0.01s Real=0.06s
[2023-05-11T12:16:29.588+0000][3101.730s] GC(169) Pause Young (Normal) (G1 Evacuation Pause)
[2023-05-11T12:16:29.590+0000][3101.732s] GC(169) Using 2 workers of 2 for evacuation
[2023-05-11T12:16:29.616+0000][3101.758s] GC(169)   Pre Evacuate Collection Set: 0.3ms
[2023-05-11T12:16:29.618+0000][3101.760s] GC(169)   Merge Heap Roots: 0.5ms
[2023-05-11T12:16:29.620+0000][3101.763s] GC(169)   Evacuate Collection Set: 21.2ms
[2023-05-11T12:16:29.622+0000][3101.764s] GC(169)   Post Evacuate Collection Set: 2.6ms
[2023-05-11T12:16:29.624+0000][3101.766s] GC(169)   Other: 3.8ms
[2023-05-11T12:16:29.627+0000][3101.769s] GC(169) Eden regions: 278->0(272)
[2023-05-11T12:16:29.629+0000][3101.771s] GC(169) Survivor regions: 19->26(38)
[2023-05-11T12:16:29.630+0000][3101.772s] GC(169) Old regions: 124->124
[2023-05-11T12:16:29.632+0000][3101.774s] GC(169) Archive regions: 2->2
[2023-05-11T12:16:29.634+0000][3101.776s] GC(169) Humongous regions: 4->4
[2023-05-11T12:16:29.635+0000][3101.777s] GC(169) Metaspace: 59382K(59840K)->59382K(59840K) NonClass: 52168K(52416K)->52168K(52416K) Class: 7214K(7424K)->7214K(7424K)
[2023-05-11T12:16:29.637+0000][3101.779s] GC(169) Pause Young (Normal) (G1 Evacuation Pause) 425M->153M(512M) 49.186ms
[2023-05-11T12:16:29.638+0000][3101.780s] GC(169) User=0.04s Sys=0.00s Real=0.05s
[2023-05-11T12:16:32.766+0000][3104.909s] GC(170) Pause Young (Normal) (G1 Evacuation Pause)
[2023-05-11T12:16:32.769+0000][3104.911s] GC(170) Using 2 workers of 2 for evacuation
[2023-05-11T12:16:32.794+0000][3104.936s] GC(170)   Pre Evacuate Collection Set: 0.7ms
[2023-05-11T12:16:32.795+0000][3104.937s] GC(170)   Merge Heap Roots: 0.4ms
[2023-05-11T12:16:32.799+0000][3104.941s] GC(170)   Evacuate Collection Set: 16.8ms
[2023-05-11T12:16:32.801+0000][3104.943s] GC(170)   Post Evacuate Collection Set: 1.6ms
[2023-05-11T12:16:32.803+0000][3104.945s] GC(170)   Other: 7.9ms
[2023-05-11T12:16:32.807+0000][3104.949s] GC(170) Eden regions: 272->0(281)
[2023-05-11T12:16:32.808+0000][3104.951s] GC(170) Survivor regions: 26->15(38)
[2023-05-11T12:16:32.812+0000][3104.954s] GC(170) Old regions: 124->126
[2023-05-11T12:16:32.819+0000][3104.961s] GC(170) Archive regions: 2->2
[2023-05-11T12:16:32.821+0000][3104.963s] GC(170) Humongous regions: 4->4
[2023-05-11T12:16:32.824+0000][3104.966s] GC(170) Metaspace: 59382K(59840K)->59382K(59840K) NonClass: 52168K(52416K)->52168K(52416K) Class: 7214K(7424K)->7214K(7424K)
[2023-05-11T12:16:32.826+0000][3104.968s] GC(170) Pause Young (Normal) (G1 Evacuation Pause) 425M->145M(512M) 59.176ms
[2023-05-11T12:16:32.827+0000][3104.969s] GC(170) User=0.03s Sys=0.00s Real=0.06s
[2023-05-11T12:16:41.092+0000][3113.233s] GC(171) Pause Young (Normal) (G1 Evacuation Pause)
[2023-05-11T12:16:41.094+0000][3113.235s] GC(171) Using 2 workers of 2 for evacuation
[2023-05-11T12:16:41.119+0000][3113.260s] GC(171)   Pre Evacuate Collection Set: 0.7ms
[2023-05-11T12:16:41.120+0000][3113.261s] GC(171)   Merge Heap Roots: 0.8ms
[2023-05-11T12:16:41.122+0000][3113.263s] GC(171)   Evacuate Collection Set: 17.4ms
[2023-05-11T12:16:41.124+0000][3113.265s] GC(171)   Post Evacuate Collection Set: 4.1ms
[2023-05-11T12:16:41.125+0000][3113.267s] GC(171)   Other: 4.4ms
[2023-05-11T12:16:41.127+0000][3113.269s] GC(171) Eden regions: 281->0(284)
[2023-05-11T12:16:41.129+0000][3113.270s] GC(171) Survivor regions: 15->13(37)
[2023-05-11T12:16:41.130+0000][3113.271s] GC(171) Old regions: 126->126
[2023-05-11T12:16:41.132+0000][3113.273s] GC(171) Archive regions: 2->2
[2023-05-11T12:16:41.134+0000][3113.275s] GC(171) Humongous regions: 4->4
[2023-05-11T12:16:41.136+0000][3113.277s] GC(171) Metaspace: 59385K(59840K)->59385K(59840K) NonClass: 52171K(52416K)->52171K(52416K) Class: 7214K(7424K)->7214K(7424K)
[2023-05-11T12:16:41.137+0000][3113.279s] GC(171) Pause Young (Normal) (G1 Evacuation Pause) 426M->143M(512M) 45.781ms
[2023-05-11T12:16:41.139+0000][3113.280s] GC(171) User=0.04s Sys=0.00s Real=0.05s
[2023-05-11T12:16:43.653+0000][3115.795s] GC(172) Pause Young (Normal) (G1 Evacuation Pause)
[2023-05-11T12:16:43.656+0000][3115.797s] GC(172) Using 2 workers of 2 for evacuation
[2023-05-11T12:16:43.675+0000][3115.817s] GC(172)   Pre Evacuate Collection Set: 0.1ms
[2023-05-11T12:16:43.677+0000][3115.818s] GC(172)   Merge Heap Roots: 0.4ms
[2023-05-11T12:16:43.679+0000][3115.820s] GC(172)   Evacuate Collection Set: 15.0ms
[2023-05-11T12:16:43.681+0000][3115.822s] GC(172)   Post Evacuate Collection Set: 1.5ms
[2023-05-11T12:16:43.684+0000][3115.825s] GC(172)   Other: 5.1ms
[2023-05-11T12:16:43.685+0000][3115.826s] GC(172) Eden regions: 284->0(281)
[2023-05-11T12:16:43.687+0000][3115.828s] GC(172) Survivor regions: 13->18(38)
[2023-05-11T12:16:43.690+0000][3115.832s] GC(172) Old regions: 126->126
[2023-05-11T12:16:43.692+0000][3115.833s] GC(172) Archive regions: 2->2
[2023-05-11T12:16:43.694+0000][3115.835s] GC(172) Humongous regions: 4->4
[2023-05-11T12:16:43.696+0000][3115.837s] GC(172) Metaspace: 59396K(59840K)->59396K(59840K) NonClass: 52182K(52416K)->52182K(52416K) Class: 7214K(7424K)->7214K(7424K)
[2023-05-11T12:16:43.697+0000][3115.838s] GC(172) Pause Young (Normal) (G1 Evacuation Pause) 427M->148M(512M) 43.495ms
[2023-05-11T12:16:43.699+0000][3115.840s] GC(172) User=0.01s Sys=0.01s Real=0.05s
[2023-05-11T12:16:45.944+0000][3118.085s] GC(173) Pause Young (Normal) (G1 Evacuation Pause)
[2023-05-11T12:16:45.945+0000][3118.087s] GC(173) Using 2 workers of 2 for evacuation
[2023-05-11T12:16:45.972+0000][3118.113s] GC(173)   Pre Evacuate Collection Set: 0.5ms
[2023-05-11T12:16:45.975+0000][3118.116s] GC(173)   Merge Heap Roots: 0.4ms
[2023-05-11T12:16:45.977+0000][3118.118s] GC(173)   Evacuate Collection Set: 21.2ms
[2023-05-11T12:16:45.979+0000][3118.120s] GC(173)   Post Evacuate Collection Set: 1.6ms
[2023-05-11T12:16:45.980+0000][3118.121s] GC(173)   Other: 3.6ms
[2023-05-11T12:16:45.982+0000][3118.123s] GC(173) Eden regions: 281->0(279)
[2023-05-11T12:16:45.984+0000][3118.125s] GC(173) Survivor regions: 18->22(38)
[2023-05-11T12:16:45.987+0000][3118.128s] GC(173) Old regions: 126->126
[2023-05-11T12:16:46.009+0000][3118.150s] GC(173) Archive regions: 2->2
[2023-05-11T12:16:46.024+0000][3118.165s] GC(173) Humongous regions: 4->4
[2023-05-11T12:16:46.026+0000][3118.167s] GC(173) Metaspace: 59396K(59840K)->59396K(59840K) NonClass: 52182K(52416K)->52182K(52416K) Class: 7214K(7424K)->7214K(7424K)
[2023-05-11T12:16:46.027+0000][3118.169s] GC(173) Pause Young (Normal) (G1 Evacuation Pause) 429M->152M(512M) 83.065ms
[2023-05-11T12:16:46.029+0000][3118.170s] GC(173) User=0.03s Sys=0.00s Real=0.08s
[2023-05-11T12:16:49.522+0000][3121.663s] GC(174) Pause Young (Normal) (G1 Evacuation Pause)
[2023-05-11T12:16:49.523+0000][3121.664s] GC(174) Using 2 workers of 2 for evacuation
[2023-05-11T12:16:49.536+0000][3121.677s] GC(174)   Pre Evacuate Collection Set: 0.3ms
[2023-05-11T12:16:49.538+0000][3121.679s] GC(174)   Merge Heap Roots: 0.3ms
[2023-05-11T12:16:49.539+0000][3121.681s] GC(174)   Evacuate Collection Set: 9.7ms
[2023-05-11T12:16:49.541+0000][3121.682s] GC(174)   Post Evacuate Collection Set: 0.9ms
[2023-05-11T12:16:49.542+0000][3121.684s] GC(174)   Other: 3.1ms
[2023-05-11T12:16:49.544+0000][3121.685s] GC(174) Eden regions: 279->0(277)
[2023-05-11T12:16:49.545+0000][3121.687s] GC(174) Survivor regions: 22->20(38)
[2023-05-11T12:16:49.546+0000][3121.687s] GC(174) Old regions: 126->129
[2023-05-11T12:16:49.548+0000][3121.689s] GC(174) Archive regions: 2->2
[2023-05-11T12:16:49.549+0000][3121.690s] GC(174) Humongous regions: 4->4
[2023-05-11T12:16:49.551+0000][3121.692s] GC(174) Metaspace: 59398K(59840K)->59398K(59840K) NonClass: 52184K(52416K)->52184K(52416K) Class: 7214K(7424K)->7214K(7424K)
[2023-05-11T12:16:49.552+0000][3121.693s] GC(174) Pause Young (Normal) (G1 Evacuation Pause) 431M->152M(512M) 30.258ms
[2023-05-11T12:16:49.554+0000][3121.695s] GC(174) User=0.01s Sys=0.00s Real=0.03s
[2023-05-11T12:16:52.761+0000][3124.902s] GC(175) Pause Young (Concurrent Start) (G1 Evacuation Pause)
[2023-05-11T12:16:52.771+0000][3124.912s] GC(175) Using 2 workers of 2 for evacuation
[2023-05-11T12:16:52.805+0000][3124.947s] GC(175)   Pre Evacuate Collection Set: 6.9ms
[2023-05-11T12:16:52.807+0000][3124.948s] GC(175)   Merge Heap Roots: 0.6ms
[2023-05-11T12:16:52.808+0000][3124.950s] GC(175)   Evacuate Collection Set: 23.2ms
[2023-05-11T12:16:52.829+0000][3124.970s] GC(175)   Post Evacuate Collection Set: 2.3ms
[2023-05-11T12:16:52.831+0000][3124.972s] GC(175)   Other: 11.5ms
[2023-05-11T12:16:52.833+0000][3124.975s] GC(175) Eden regions: 277->0(285)
[2023-05-11T12:16:52.836+0000][3124.977s] GC(175) Survivor regions: 20->13(38)
[2023-05-11T12:16:52.837+0000][3124.979s] GC(175) Old regions: 129->129
[2023-05-11T12:16:52.839+0000][3124.980s] GC(175) Archive regions: 2->2
[2023-05-11T12:16:52.845+0000][3124.987s] GC(175) Humongous regions: 4->4
[2023-05-11T12:16:52.847+0000][3124.988s] GC(175) Metaspace: 59399K(59840K)->59399K(59840K) NonClass: 52185K(52416K)->52185K(52416K) Class: 7214K(7424K)->7214K(7424K)
[2023-05-11T12:16:52.849+0000][3124.990s] GC(175) Pause Young (Concurrent Start) (G1 Evacuation Pause) 429M->145M(512M) 87.659ms
[2023-05-11T12:16:52.851+0000][3124.992s] GC(175) User=0.04s Sys=0.00s Real=0.09s
[2023-05-11T12:16:52.872+0000][3125.013s] GC(176) Concurrent Mark Cycle
[2023-05-11T12:16:52.885+0000][3125.026s] GC(176) Concurrent Clear Claimed Marks
[2023-05-11T12:16:52.888+0000][3125.029s] GC(176) Concurrent Clear Claimed Marks 2.822ms
[2023-05-11T12:16:52.892+0000][3125.033s] GC(176) Concurrent Scan Root Regions
[2023-05-11T12:16:52.915+0000][3125.056s] GC(176) Concurrent Scan Root Regions 22.863ms
[2023-05-11T12:16:52.918+0000][3125.059s] GC(176) Concurrent Mark
[2023-05-11T12:16:52.921+0000][3125.063s] GC(176) Concurrent Mark From Roots
[2023-05-11T12:16:52.929+0000][3125.070s] GC(176) Using 1 workers of 1 for marking
[2023-05-11T12:16:53.346+0000][3125.487s] GC(176) Concurrent Mark From Roots 424.666ms
[2023-05-11T12:16:53.348+0000][3125.489s] GC(176) Concurrent Preclean
[2023-05-11T12:16:53.350+0000][3125.491s] GC(176) Concurrent Preclean 1.617ms
[2023-05-11T12:16:53.351+0000][3125.492s] GC(176) Pause Remark
[2023-05-11T12:16:53.547+0000][3125.688s] GC(176) Pause Remark 171M->138M(512M) 195.450ms
[2023-05-11T12:16:53.550+0000][3125.692s] GC(176) User=0.36s Sys=0.01s Real=0.20s
[2023-05-11T12:16:53.572+0000][3125.713s] GC(176) Concurrent Mark 653.774ms
[2023-05-11T12:16:53.574+0000][3125.715s] GC(176) Concurrent Rebuild Remembered Sets
[2023-05-11T12:16:53.777+0000][3125.918s] GC(176) Concurrent Rebuild Remembered Sets 203.176ms
[2023-05-11T12:16:53.781+0000][3125.923s] GC(176) Pause Cleanup
[2023-05-11T12:16:53.783+0000][3125.925s] GC(176) Pause Cleanup 146M->146M(512M) 2.014ms
[2023-05-11T12:16:53.785+0000][3125.926s] GC(176) User=0.00s Sys=0.00s Real=0.01s
[2023-05-11T12:16:53.789+0000][3125.930s] GC(176) Concurrent Cleanup for Next Mark
[2023-05-11T12:16:53.802+0000][3125.944s] GC(176) Concurrent Cleanup for Next Mark 13.591ms
[2023-05-11T12:16:53.805+0000][3125.946s] GC(176) Concurrent Mark Cycle 933.181ms
[2023-05-11T12:16:57.153+0000][3129.294s] GC(177) Pause Young (Prepare Mixed) (G1 Evacuation Pause)
[2023-05-11T12:16:57.155+0000][3129.297s] GC(177) Using 2 workers of 2 for evacuation
[2023-05-11T12:16:57.181+0000][3129.322s] GC(177)   Pre Evacuate Collection Set: 0.6ms
[2023-05-11T12:16:57.183+0000][3129.325s] GC(177)   Merge Heap Roots: 0.7ms
[2023-05-11T12:16:57.195+0000][3129.336s] GC(177)   Evacuate Collection Set: 19.7ms
[2023-05-11T12:16:57.199+0000][3129.340s] GC(177)   Post Evacuate Collection Set: 3.1ms
[2023-05-11T12:16:57.211+0000][3129.352s] GC(177)   Other: 4.2ms
[2023-05-11T12:16:57.216+0000][3129.357s] GC(177) Eden regions: 285->0(7)
[2023-05-11T12:16:57.220+0000][3129.362s] GC(177) Survivor regions: 13->18(38)
[2023-05-11T12:16:57.232+0000][3129.373s] GC(177) Old regions: 96->96
[2023-05-11T12:16:57.234+0000][3129.375s] GC(177) Archive regions: 2->2
[2023-05-11T12:16:57.235+0000][3129.377s] GC(177) Humongous regions: 4->4
[2023-05-11T12:16:57.245+0000][3129.386s] GC(177) Metaspace: 59388K(59840K)->59388K(59840K) NonClass: 52179K(52416K)->52179K(52416K) Class: 7208K(7424K)->7208K(7424K)
[2023-05-11T12:16:57.251+0000][3129.392s] GC(177) Pause Young (Prepare Mixed) (G1 Evacuation Pause) 397M->118M(512M) 97.977ms
[2023-05-11T12:16:57.254+0000][3129.395s] GC(177) User=0.04s Sys=0.00s Real=0.10s
[2023-05-11T12:16:57.643+0000][3129.784s] GC(178) Pause Young (Mixed) (G1 Evacuation Pause)
[2023-05-11T12:16:57.648+0000][3129.789s] GC(178) Using 2 workers of 2 for evacuation
[2023-05-11T12:16:57.676+0000][3129.817s] GC(178)   Pre Evacuate Collection Set: 0.5ms
[2023-05-11T12:16:57.678+0000][3129.819s] GC(178)   Merge Heap Roots: 0.4ms
[2023-05-11T12:16:57.680+0000][3129.821s] GC(178)   Evacuate Collection Set: 22.4ms
[2023-05-11T12:16:57.682+0000][3129.823s] GC(178)   Post Evacuate Collection Set: 1.7ms
[2023-05-11T12:16:57.685+0000][3129.826s] GC(178)   Other: 7.9ms
[2023-05-11T12:16:57.687+0000][3129.828s] GC(178) Eden regions: 7->0(306)
[2023-05-11T12:16:57.689+0000][3129.830s] GC(178) Survivor regions: 18->1(4)
[2023-05-11T12:16:57.691+0000][3129.832s] GC(178) Old regions: 96->80
[2023-05-11T12:16:57.692+0000][3129.833s] GC(178) Archive regions: 2->2
[2023-05-11T12:16:57.694+0000][3129.835s] GC(178) Humongous regions: 4->4
[2023-05-11T12:16:57.697+0000][3129.838s] GC(178) Metaspace: 59388K(59840K)->59388K(59840K) NonClass: 52179K(52416K)->52179K(52416K) Class: 7208K(7424K)->7208K(7424K)
[2023-05-11T12:16:57.700+0000][3129.841s] GC(178) Pause Young (Mixed) (G1 Evacuation Pause) 125M->85M(512M) 57.406ms
[2023-05-11T12:16:57.706+0000][3129.847s] GC(178) User=0.04s Sys=0.00s Real=0.07s
[2023-05-11T12:17:04.252+0000][3136.393s] GC(179) Pause Young (Normal) (G1 Evacuation Pause)
[2023-05-11T12:17:04.254+0000][3136.395s] GC(179) Using 2 workers of 2 for evacuation
[2023-05-11T12:17:04.272+0000][3136.414s] GC(179)   Pre Evacuate Collection Set: 0.7ms
[2023-05-11T12:17:04.274+0000][3136.416s] GC(179)   Merge Heap Roots: 0.3ms
[2023-05-11T12:17:04.276+0000][3136.418s] GC(179)   Evacuate Collection Set: 12.8ms
[2023-05-11T12:17:04.278+0000][3136.419s] GC(179)   Post Evacuate Collection Set: 2.2ms
[2023-05-11T12:17:04.279+0000][3136.420s] GC(179)   Other: 4.8ms
[2023-05-11T12:17:04.282+0000][3136.423s] GC(179) Eden regions: 306->0(297)
[2023-05-11T12:17:04.283+0000][3136.424s] GC(179) Survivor regions: 1->10(39)
[2023-05-11T12:17:04.285+0000][3136.426s] GC(179) Old regions: 80->80
[2023-05-11T12:17:04.286+0000][3136.427s] GC(179) Archive regions: 2->2
[2023-05-11T12:17:04.287+0000][3136.429s] GC(179) Humongous regions: 4->4
[2023-05-11T12:17:04.288+0000][3136.429s] GC(179) Metaspace: 59392K(59840K)->59392K(59840K) NonClass: 52183K(52416K)->52183K(52416K) Class: 7208K(7424K)->7208K(7424K)
[2023-05-11T12:17:04.289+0000][3136.431s] GC(179) Pause Young (Normal) (G1 Evacuation Pause) 391M->93M(512M) 37.878ms
[2023-05-11T12:17:04.291+0000][3136.432s] GC(179) User=0.01s Sys=0.00s Real=0.04s
[2023-05-11T12:17:09.085+0000][3141.226s] GC(180) Pause Young (Normal) (G1 Evacuation Pause)
[2023-05-11T12:17:09.092+0000][3141.232s] GC(180) Using 2 workers of 2 for evacuation
[2023-05-11T12:17:09.122+0000][3141.262s] GC(180)   Pre Evacuate Collection Set: 0.3ms
[2023-05-11T12:17:09.125+0000][3141.265s] GC(180)   Merge Heap Roots: 0.3ms
[2023-05-11T12:17:09.126+0000][3141.267s] GC(180)   Evacuate Collection Set: 24.0ms
[2023-05-11T12:17:09.129+0000][3141.269s] GC(180)   Post Evacuate Collection Set: 2.3ms
[2023-05-11T12:17:09.130+0000][3141.270s] GC(180)   Other: 9.5ms
[2023-05-11T12:17:09.133+0000][3141.273s] GC(180) Eden regions: 297->0(288)
[2023-05-11T12:17:09.136+0000][3141.276s] GC(180) Survivor regions: 10->19(39)
[2023-05-11T12:17:09.138+0000][3141.278s] GC(180) Old regions: 80->80
[2023-05-11T12:17:09.140+0000][3141.280s] GC(180) Archive regions: 2->2
[2023-05-11T12:17:09.142+0000][3141.283s] GC(180) Humongous regions: 4->4
[2023-05-11T12:17:09.145+0000][3141.286s] GC(180) Metaspace: 59406K(59840K)->59406K(59840K) NonClass: 52197K(52416K)->52197K(52416K) Class: 7208K(7424K)->7208K(7424K)
[2023-05-11T12:17:09.147+0000][3141.287s] GC(180) Pause Young (Normal) (G1 Evacuation Pause) 390M->103M(512M) 61.303ms
[2023-05-11T12:17:09.149+0000][3141.289s] GC(180) User=0.03s Sys=0.00s Real=0.06s
[2023-05-11T12:17:12.418+0000][3144.559s] GC(181) Pause Young (Normal) (G1 Evacuation Pause)
[2023-05-11T12:17:12.422+0000][3144.562s] GC(181) Using 2 workers of 2 for evacuation
[2023-05-11T12:17:12.474+0000][3144.614s] GC(181)   Pre Evacuate Collection Set: 0.6ms
[2023-05-11T12:17:12.476+0000][3144.616s] GC(181)   Merge Heap Roots: 0.6ms
[2023-05-11T12:17:12.481+0000][3144.621s] GC(181)   Evacuate Collection Set: 46.9ms
[2023-05-11T12:17:12.483+0000][3144.623s] GC(181)   Post Evacuate Collection Set: 1.5ms
[2023-05-11T12:17:12.485+0000][3144.626s] GC(181)   Other: 6.1ms
[2023-05-11T12:17:12.487+0000][3144.627s] GC(181) Eden regions: 288->0(279)
[2023-05-11T12:17:12.489+0000][3144.629s] GC(181) Survivor regions: 19->28(39)
[2023-05-11T12:17:12.491+0000][3144.631s] GC(181) Old regions: 80->80
[2023-05-11T12:17:12.493+0000][3144.633s] GC(181) Archive regions: 2->2
[2023-05-11T12:17:12.494+0000][3144.635s] GC(181) Humongous regions: 4->4
[2023-05-11T12:17:12.497+0000][3144.637s] GC(181) Metaspace: 59408K(59840K)->59408K(59840K) NonClass: 52199K(52416K)->52199K(52416K) Class: 7208K(7424K)->7208K(7424K)
[2023-05-11T12:17:12.499+0000][3144.640s] GC(181) Pause Young (Normal) (G1 Evacuation Pause) 391M->112M(512M) 80.946ms
[2023-05-11T12:17:12.501+0000][3144.641s] GC(181) User=0.06s Sys=0.01s Real=0.08s
[2023-05-11T12:17:17.165+0000][3149.305s] GC(182) Pause Young (Normal) (G1 Evacuation Pause)
[2023-05-11T12:17:17.167+0000][3149.307s] GC(182) Using 2 workers of 2 for evacuation
[2023-05-11T12:17:17.189+0000][3149.329s] GC(182)   Pre Evacuate Collection Set: 0.3ms
[2023-05-11T12:17:17.191+0000][3149.331s] GC(182)   Merge Heap Roots: 0.2ms
[2023-05-11T12:17:17.192+0000][3149.333s] GC(182)   Evacuate Collection Set: 17.9ms
[2023-05-11T12:17:17.194+0000][3149.334s] GC(182)   Post Evacuate Collection Set: 1.3ms
[2023-05-11T12:17:17.196+0000][3149.336s] GC(182)   Other: 3.9ms
[2023-05-11T12:17:17.198+0000][3149.338s] GC(182) Eden regions: 279->0(293)
[2023-05-11T12:17:17.200+0000][3149.340s] GC(182) Survivor regions: 28->14(39)
[2023-05-11T12:17:17.204+0000][3149.344s] GC(182) Old regions: 80->91
[2023-05-11T12:17:17.206+0000][3149.346s] GC(182) Archive regions: 2->2
[2023-05-11T12:17:17.208+0000][3149.348s] GC(182) Humongous regions: 4->4
[2023-05-11T12:17:17.210+0000][3149.350s] GC(182) Metaspace: 59408K(59840K)->59408K(59840K) NonClass: 52199K(52416K)->52199K(52416K) Class: 7208K(7424K)->7208K(7424K)
[2023-05-11T12:17:17.212+0000][3149.352s] GC(182) Pause Young (Normal) (G1 Evacuation Pause) 391M->109M(512M) 46.483ms
[2023-05-11T12:17:17.213+0000][3149.353s] GC(182) User=0.02s Sys=0.01s Real=0.05s
[2023-05-11T12:17:21.928+0000][3154.068s] GC(183) Pause Young (Normal) (G1 Evacuation Pause)
[2023-05-11T12:17:21.932+0000][3154.072s] GC(183) Using 2 workers of 2 for evacuation
[2023-05-11T12:17:21.948+0000][3154.088s] GC(183)   Pre Evacuate Collection Set: 0.5ms
[2023-05-11T12:17:21.949+0000][3154.089s] GC(183)   Merge Heap Roots: 0.1ms
[2023-05-11T12:17:21.950+0000][3154.091s] GC(183)   Evacuate Collection Set: 10.4ms
[2023-05-11T12:17:21.952+0000][3154.092s] GC(183)   Post Evacuate Collection Set: 1.3ms
[2023-05-11T12:17:21.953+0000][3154.093s] GC(183)   Other: 7.9ms
[2023-05-11T12:17:21.954+0000][3154.095s] GC(183) Eden regions: 293->0(283)
[2023-05-11T12:17:21.956+0000][3154.096s] GC(183) Survivor regions: 14->24(39)
[2023-05-11T12:17:21.957+0000][3154.097s] GC(183) Old regions: 91->91
[2023-05-11T12:17:21.959+0000][3154.099s] GC(183) Archive regions: 2->2
[2023-05-11T12:17:21.960+0000][3154.100s] GC(183) Humongous regions: 4->4
[2023-05-11T12:17:21.961+0000][3154.101s] GC(183) Metaspace: 59409K(59840K)->59409K(59840K) NonClass: 52200K(52416K)->52200K(52416K) Class: 7208K(7424K)->7208K(7424K)
[2023-05-11T12:17:21.962+0000][3154.102s] GC(183) Pause Young (Normal) (G1 Evacuation Pause) 402M->119M(512M) 34.717ms
[2023-05-11T12:17:21.964+0000][3154.104s] GC(183) User=0.02s Sys=0.00s Real=0.03s
[2023-05-11T12:17:49.380+0000][3181.520s] GC(184) Pause Young (Normal) (G1 Evacuation Pause)
[2023-05-11T12:17:49.382+0000][3181.522s] GC(184) Using 2 workers of 2 for evacuation
[2023-05-11T12:17:49.397+0000][3181.537s] GC(184)   Pre Evacuate Collection Set: 0.4ms
[2023-05-11T12:17:49.400+0000][3181.540s] GC(184)   Merge Heap Roots: 0.4ms
[2023-05-11T12:17:49.403+0000][3181.542s] GC(184)   Evacuate Collection Set: 10.3ms
[2023-05-11T12:17:49.411+0000][3181.551s] GC(184)   Post Evacuate Collection Set: 1.7ms
[2023-05-11T12:17:49.413+0000][3181.553s] GC(184)   Other: 4.3ms
[2023-05-11T12:17:49.415+0000][3181.554s] GC(184) Eden regions: 283->0(305)
[2023-05-11T12:17:49.416+0000][3181.556s] GC(184) Survivor regions: 24->2(39)
[2023-05-11T12:17:49.419+0000][3181.558s] GC(184) Old regions: 91->93
[2023-05-11T12:17:49.421+0000][3181.560s] GC(184) Archive regions: 2->2
[2023-05-11T12:17:49.422+0000][3181.562s] GC(184) Humongous regions: 4->4
[2023-05-11T12:17:49.424+0000][3181.564s] GC(184) Metaspace: 59458K(59968K)->59458K(59968K) NonClass: 52245K(52544K)->52245K(52544K) Class: 7212K(7424K)->7212K(7424K)
[2023-05-11T12:17:49.426+0000][3181.565s] GC(184) Pause Young (Normal) (G1 Evacuation Pause) 402M->98M(512M) 45.559ms
[2023-05-11T12:17:49.427+0000][3181.567s] GC(184) User=0.01s Sys=0.00s Real=0.05s
[2023-05-11T12:17:57.338+0000][3189.478s] GC(185) Pause Young (Normal) (G1 Evacuation Pause)
[2023-05-11T12:17:57.340+0000][3189.480s] GC(185) Using 2 workers of 2 for evacuation
[2023-05-11T12:17:57.355+0000][3189.495s] GC(185)   Pre Evacuate Collection Set: 0.4ms
[2023-05-11T12:17:57.359+0000][3189.499s] GC(185)   Merge Heap Roots: 2.3ms
[2023-05-11T12:17:57.367+0000][3189.507s] GC(185)   Evacuate Collection Set: 7.2ms
[2023-05-11T12:17:57.370+0000][3189.509s] GC(185)   Post Evacuate Collection Set: 2.8ms
[2023-05-11T12:17:57.372+0000][3189.511s] GC(185)   Other: 4.7ms
[2023-05-11T12:17:57.377+0000][3189.517s] GC(185) Eden regions: 305->0(305)
[2023-05-11T12:17:57.397+0000][3189.537s] GC(185) Survivor regions: 2->2(39)
[2023-05-11T12:17:57.403+0000][3189.543s] GC(185) Old regions: 93->93
[2023-05-11T12:17:57.409+0000][3189.549s] GC(185) Archive regions: 2->2
[2023-05-11T12:17:57.416+0000][3189.556s] GC(185) Humongous regions: 4->4
[2023-05-11T12:17:57.419+0000][3189.558s] GC(185) Metaspace: 59460K(59968K)->59460K(59968K) NonClass: 52248K(52544K)->52248K(52544K) Class: 7212K(7424K)->7212K(7424K)
[2023-05-11T12:17:57.421+0000][3189.560s] GC(185) Pause Young (Normal) (G1 Evacuation Pause) 403M->98M(512M) 82.585ms
[2023-05-11T12:17:57.423+0000][3189.563s] GC(185) User=0.02s Sys=0.00s Real=0.08s
[2023-05-11T12:19:25.473+0000][3277.610s] GC(186) Pause Young (Normal) (G1 Evacuation Pause)
[2023-05-11T12:19:25.475+0000][3277.612s] GC(186) Using 2 workers of 2 for evacuation
[2023-05-11T12:19:25.482+0000][3277.619s] GC(186)   Pre Evacuate Collection Set: 0.5ms
[2023-05-11T12:19:25.484+0000][3277.620s] GC(186)   Merge Heap Roots: 0.2ms
[2023-05-11T12:19:25.485+0000][3277.622s] GC(186)   Evacuate Collection Set: 2.8ms
[2023-05-11T12:19:25.487+0000][3277.623s] GC(186)   Post Evacuate Collection Set: 1.7ms
[2023-05-11T12:19:25.488+0000][3277.625s] GC(186)   Other: 4.0ms
[2023-05-11T12:19:25.489+0000][3277.626s] GC(186) Eden regions: 305->0(306)
[2023-05-11T12:19:25.490+0000][3277.627s] GC(186) Survivor regions: 2->1(39)
[2023-05-11T12:19:25.491+0000][3277.628s] GC(186) Old regions: 93->93
[2023-05-11T12:19:25.492+0000][3277.629s] GC(186) Archive regions: 2->2
[2023-05-11T12:19:25.493+0000][3277.630s] GC(186) Humongous regions: 4->4
[2023-05-11T12:19:25.495+0000][3277.631s] GC(186) Metaspace: 59524K(60032K)->59524K(60032K) NonClass: 52304K(52608K)->52304K(52608K) Class: 7220K(7424K)->7220K(7424K)
[2023-05-11T12:19:25.496+0000][3277.633s] GC(186) Pause Young (Normal) (G1 Evacuation Pause) 403M->97M(512M) 23.031ms
[2023-05-11T12:19:25.497+0000][3277.634s] GC(186) User=0.01s Sys=0.01s Real=0.02s
