[2023-05-11T21:04:59.407+0000][0.510s] Using G1
[2023-05-11T21:05:00.717+0000][1.820s] Version: 17.0.7+7 (release)
[2023-05-11T21:05:00.719+0000][1.822s] CPUs: 2 total, 2 available
[2023-05-11T21:05:00.720+0000][1.823s] Memory: 3933M
[2023-05-11T21:05:00.722+0000][1.825s] Large Page Support: Disabled
[2023-05-11T21:05:00.723+0000][1.826s] NUMA Support: Disabled
[2023-05-11T21:05:00.724+0000][1.827s] Compressed Oops: Enabled (32-bit)
[2023-05-11T21:05:00.726+0000][1.829s] Heap Region Size: 1M
[2023-05-11T21:05:00.727+0000][1.830s] Heap Min Capacity: 512M
[2023-05-11T21:05:00.728+0000][1.831s] Heap Initial Capacity: 512M
[2023-05-11T21:05:00.730+0000][1.832s] Heap Max Capacity: 512M
[2023-05-11T21:05:00.731+0000][1.833s] Pre-touch: Enabled
[2023-05-11T21:05:00.732+0000][1.835s] Parallel Workers: 2
[2023-05-11T21:05:00.734+0000][1.836s] Concurrent Workers: 1
[2023-05-11T21:05:00.736+0000][1.839s] Concurrent Refinement Workers: 2
[2023-05-11T21:05:00.737+0000][1.840s] Periodic GC: Disabled
[2023-05-11T21:05:00.739+0000][1.842s] CDS archive(s) mapped at: [0x0000000800000000-0x0000000800a7b000-0x0000000800a7b000), size 10989568, SharedBaseAddress: 0x0000000800000000, ArchiveRelocationMode: 0.
[2023-05-11T21:05:00.741+0000][1.843s] Compressed class space mapped at: 0x0000000801000000-0x0000000841000000, reserved size: 1073741824
[2023-05-11T21:05:00.742+0000][1.845s] Narrow klass base: 0x0000000800000000, Narrow klass shift: 0, Narrow klass range: 0x100000000
[2023-05-11T21:05:06.608+0000][7.711s] GC(0) Pause Young (Normal) (G1 Evacuation Pause)
[2023-05-11T21:05:06.609+0000][7.712s] GC(0) Using 2 workers of 2 for evacuation
[2023-05-11T21:05:06.618+0000][7.721s] GC(0)   Pre Evacuate Collection Set: 0.1ms
[2023-05-11T21:05:06.619+0000][7.722s] GC(0)   Merge Heap Roots: 0.1ms
[2023-05-11T21:05:06.621+0000][7.724s] GC(0)   Evacuate Collection Set: 6.1ms
[2023-05-11T21:05:06.622+0000][7.725s] GC(0)   Post Evacuate Collection Set: 1.0ms
[2023-05-11T21:05:06.624+0000][7.726s] GC(0)   Other: 2.6ms
[2023-05-11T21:05:06.625+0000][7.728s] GC(0) Eden regions: 25->0(21)
[2023-05-11T21:05:06.626+0000][7.729s] GC(0) Survivor regions: 0->4(4)
[2023-05-11T21:05:06.628+0000][7.731s] GC(0) Old regions: 0->0
[2023-05-11T21:05:06.629+0000][7.732s] GC(0) Archive regions: 2->2
[2023-05-11T21:05:06.630+0000][7.733s] GC(0) Humongous regions: 0->0
[2023-05-11T21:05:06.632+0000][7.735s] GC(0) Metaspace: 9158K(9408K)->9158K(9408K) NonClass: 8037K(8192K)->8037K(8192K) Class: 1121K(1216K)->1121K(1216K)
[2023-05-11T21:05:06.633+0000][7.736s] GC(0) Pause Young (Normal) (G1 Evacuation Pause) 25M->4M(512M) 25.291ms
[2023-05-11T21:05:06.635+0000][7.738s] GC(0) User=0.02s Sys=0.00s Real=0.03s
[2023-05-11T21:05:08.791+0000][9.893s] GC(1) Pause Young (Normal) (G1 Evacuation Pause)
[2023-05-11T21:05:08.793+0000][9.896s] GC(1) Using 2 workers of 2 for evacuation
[2023-05-11T21:05:08.821+0000][9.924s] GC(1)   Pre Evacuate Collection Set: 0.5ms
[2023-05-11T21:05:08.823+0000][9.925s] GC(1)   Merge Heap Roots: 0.2ms
[2023-05-11T21:05:08.824+0000][9.927s] GC(1)   Evacuate Collection Set: 24.0ms
[2023-05-11T21:05:08.825+0000][9.928s] GC(1)   Post Evacuate Collection Set: 1.3ms
[2023-05-11T21:05:08.827+0000][9.929s] GC(1)   Other: 4.5ms
[2023-05-11T21:05:08.829+0000][9.932s] GC(1) Eden regions: 21->0(21)
[2023-05-11T21:05:08.830+0000][9.933s] GC(1) Survivor regions: 4->4(4)
[2023-05-11T21:05:08.831+0000][9.934s] GC(1) Old regions: 0->9
[2023-05-11T21:05:08.833+0000][9.935s] GC(1) Archive regions: 2->2
[2023-05-11T21:05:08.834+0000][9.937s] GC(1) Humongous regions: 4->4
[2023-05-11T21:05:08.837+0000][9.939s] GC(1) Metaspace: 14888K(15168K)->14888K(15168K) NonClass: 13060K(13184K)->13060K(13184K) Class: 1828K(1984K)->1828K(1984K)
[2023-05-11T21:05:08.839+0000][9.942s] GC(1) Pause Young (Normal) (G1 Evacuation Pause) 29M->17M(512M) 48.196ms
[2023-05-11T21:05:08.841+0000][9.944s] GC(1) User=0.04s Sys=0.01s Real=0.05s
[2023-05-11T21:05:09.720+0000][10.823s] GC(2) Pause Young (Normal) (G1 Evacuation Pause)
[2023-05-11T21:05:09.727+0000][10.830s] GC(2) Using 2 workers of 2 for evacuation
[2023-05-11T21:05:09.773+0000][10.875s] GC(2)   Pre Evacuate Collection Set: 0.2ms
[2023-05-11T21:05:09.784+0000][10.886s] GC(2)   Merge Heap Roots: 0.1ms
[2023-05-11T21:05:09.786+0000][10.889s] GC(2)   Evacuate Collection Set: 20.2ms
[2023-05-11T21:05:09.789+0000][10.892s] GC(2)   Post Evacuate Collection Set: 1.3ms
[2023-05-11T21:05:09.791+0000][10.894s] GC(2)   Other: 30.7ms
[2023-05-11T21:05:09.793+0000][10.896s] GC(2) Eden regions: 21->0(31)
[2023-05-11T21:05:09.803+0000][10.906s] GC(2) Survivor regions: 4->2(4)
[2023-05-11T21:05:09.805+0000][10.908s] GC(2) Old regions: 9->12
[2023-05-11T21:05:09.807+0000][10.910s] GC(2) Archive regions: 2->2
[2023-05-11T21:05:09.810+0000][10.912s] GC(2) Humongous regions: 4->4
[2023-05-11T21:05:09.811+0000][10.914s] GC(2) Metaspace: 17587K(17856K)->17587K(17856K) NonClass: 15426K(15552K)->15426K(15552K) Class: 2161K(2304K)->2161K(2304K)
[2023-05-11T21:05:09.815+0000][10.918s] GC(2) Pause Young (Normal) (G1 Evacuation Pause) 38M->18M(512M) 94.643ms
[2023-05-11T21:05:09.816+0000][10.919s] GC(2) User=0.05s Sys=0.01s Real=0.10s
[2023-05-11T21:05:10.375+0000][11.478s] GC(3) Pause Young (Normal) (G1 Evacuation Pause)
[2023-05-11T21:05:10.377+0000][11.480s] GC(3) Using 2 workers of 2 for evacuation
[2023-05-11T21:05:10.390+0000][11.493s] GC(3)   Pre Evacuate Collection Set: 0.2ms
[2023-05-11T21:05:10.395+0000][11.498s] GC(3)   Merge Heap Roots: 0.2ms
[2023-05-11T21:05:10.397+0000][11.500s] GC(3)   Evacuate Collection Set: 8.5ms
[2023-05-11T21:05:10.399+0000][11.501s] GC(3)   Post Evacuate Collection Set: 2.1ms
[2023-05-11T21:05:10.401+0000][11.503s] GC(3)   Other: 4.2ms
[2023-05-11T21:05:10.403+0000][11.506s] GC(3) Eden regions: 31->0(41)
[2023-05-11T21:05:10.405+0000][11.508s] GC(3) Survivor regions: 2->5(5)
[2023-05-11T21:05:10.407+0000][11.510s] GC(3) Old regions: 12->13
[2023-05-11T21:05:10.409+0000][11.512s] GC(3) Archive regions: 2->2
[2023-05-11T21:05:10.411+0000][11.514s] GC(3) Humongous regions: 4->4
[2023-05-11T21:05:10.413+0000][11.516s] GC(3) Metaspace: 17855K(18112K)->17855K(18112K) NonClass: 15675K(15808K)->15675K(15808K) Class: 2179K(2304K)->2179K(2304K)
[2023-05-11T21:05:10.414+0000][11.517s] GC(3) Pause Young (Normal) (G1 Evacuation Pause) 49M->22M(512M) 38.884ms
[2023-05-11T21:05:10.417+0000][11.520s] GC(3) User=0.01s Sys=0.01s Real=0.04s
[2023-05-11T21:05:11.794+0000][12.897s] GC(4) Pause Young (Concurrent Start) (Metadata GC Threshold)
[2023-05-11T21:05:11.796+0000][12.899s] GC(4) Using 2 workers of 2 for evacuation
[2023-05-11T21:05:11.809+0000][12.912s] GC(4)   Pre Evacuate Collection Set: 0.2ms
[2023-05-11T21:05:11.812+0000][12.915s] GC(4)   Merge Heap Roots: 0.1ms
[2023-05-11T21:05:11.813+0000][12.916s] GC(4)   Evacuate Collection Set: 10.4ms
[2023-05-11T21:05:11.815+0000][12.918s] GC(4)   Post Evacuate Collection Set: 0.6ms
[2023-05-11T21:05:11.816+0000][12.919s] GC(4)   Other: 4.1ms
[2023-05-11T21:05:11.818+0000][12.921s] GC(4) Eden regions: 22->0(70)
[2023-05-11T21:05:11.820+0000][12.922s] GC(4) Survivor regions: 5->3(6)
[2023-05-11T21:05:11.821+0000][12.924s] GC(4) Old regions: 13->18
[2023-05-11T21:05:11.823+0000][12.926s] GC(4) Archive regions: 2->2
[2023-05-11T21:05:11.825+0000][12.928s] GC(4) Humongous regions: 5->4
[2023-05-11T21:05:11.827+0000][12.930s] GC(4) Metaspace: 21212K(21504K)->21212K(21504K) NonClass: 18638K(18752K)->18638K(18752K) Class: 2573K(2752K)->2573K(2752K)
[2023-05-11T21:05:11.829+0000][12.932s] GC(4) Pause Young (Concurrent Start) (Metadata GC Threshold) 45M->25M(512M) 35.005ms
[2023-05-11T21:05:11.831+0000][12.933s] GC(4) User=0.04s Sys=0.01s Real=0.03s
[2023-05-11T21:05:11.832+0000][12.935s] GC(5) Concurrent Mark Cycle
[2023-05-11T21:05:11.833+0000][12.936s] GC(5) Concurrent Clear Claimed Marks
[2023-05-11T21:05:11.836+0000][12.939s] GC(5) Concurrent Clear Claimed Marks 3.242ms
[2023-05-11T21:05:11.838+0000][12.941s] GC(5) Concurrent Scan Root Regions
[2023-05-11T21:05:11.849+0000][12.951s] GC(5) Concurrent Scan Root Regions 10.690ms
[2023-05-11T21:05:11.851+0000][12.954s] GC(5) Concurrent Mark
[2023-05-11T21:05:11.852+0000][12.955s] GC(5) Concurrent Mark From Roots
[2023-05-11T21:05:11.856+0000][12.958s] GC(5) Using 1 workers of 1 for marking
[2023-05-11T21:05:11.927+0000][13.030s] GC(5) Concurrent Mark From Roots 74.833ms
[2023-05-11T21:05:11.930+0000][13.032s] GC(5) Concurrent Preclean
[2023-05-11T21:05:11.933+0000][13.036s] GC(5) Concurrent Preclean 4.028ms
[2023-05-11T21:05:11.937+0000][13.040s] GC(5) Pause Remark
[2023-05-11T21:05:11.946+0000][13.049s] GC(5) Pause Remark 27M->27M(512M) 8.857ms
[2023-05-11T21:05:11.948+0000][13.051s] GC(5) User=0.01s Sys=0.00s Real=0.01s
[2023-05-11T21:05:11.951+0000][13.053s] GC(5) Concurrent Mark 99.796ms
[2023-05-11T21:05:11.953+0000][13.056s] GC(5) Concurrent Rebuild Remembered Sets
[2023-05-11T21:05:11.990+0000][13.092s] GC(5) Concurrent Rebuild Remembered Sets 36.523ms
[2023-05-11T21:05:11.994+0000][13.097s] GC(5) Pause Cleanup
[2023-05-11T21:05:11.997+0000][13.099s] GC(5) Pause Cleanup 28M->28M(512M) 2.710ms
[2023-05-11T21:05:11.999+0000][13.101s] GC(5) User=0.00s Sys=0.00s Real=0.00s
[2023-05-11T21:05:12.002+0000][13.104s] GC(5) Concurrent Cleanup for Next Mark
[2023-05-11T21:05:12.005+0000][13.108s] GC(5) Concurrent Cleanup for Next Mark 3.256ms
[2023-05-11T21:05:12.010+0000][13.113s] GC(5) Concurrent Mark Cycle 177.652ms
[2023-05-11T21:05:14.461+0000][15.563s] GC(6) Pause Young (Prepare Mixed) (G1 Evacuation Pause)
[2023-05-11T21:05:14.462+0000][15.565s] GC(6) Using 2 workers of 2 for evacuation
[2023-05-11T21:05:14.475+0000][15.578s] GC(6)   Pre Evacuate Collection Set: 0.4ms
[2023-05-11T21:05:14.477+0000][15.580s] GC(6)   Merge Heap Roots: 0.4ms
[2023-05-11T21:05:14.483+0000][15.586s] GC(6)   Evacuate Collection Set: 7.7ms
[2023-05-11T21:05:14.485+0000][15.588s] GC(6)   Post Evacuate Collection Set: 1.9ms
[2023-05-11T21:05:14.488+0000][15.591s] GC(6)   Other: 4.1ms
[2023-05-11T21:05:14.490+0000][15.593s] GC(6) Eden regions: 76->0(20)
[2023-05-11T21:05:14.492+0000][15.595s] GC(6) Survivor regions: 3->5(10)
[2023-05-11T21:05:14.494+0000][15.597s] GC(6) Old regions: 18->18
[2023-05-11T21:05:14.496+0000][15.598s] GC(6) Archive regions: 2->2
[2023-05-11T21:05:14.498+0000][15.601s] GC(6) Humongous regions: 4->4
[2023-05-11T21:05:14.500+0000][15.603s] GC(6) Metaspace: 30440K(30912K)->30440K(30912K) NonClass: 26714K(26944K)->26714K(26944K) Class: 3726K(3968K)->3726K(3968K)
[2023-05-11T21:05:14.502+0000][15.605s] GC(6) Pause Young (Prepare Mixed) (G1 Evacuation Pause) 101M->27M(512M) 41.356ms
[2023-05-11T21:05:14.504+0000][15.607s] GC(6) User=0.01s Sys=0.01s Real=0.05s
[2023-05-11T21:05:15.451+0000][16.554s] GC(7) Pause Young (Mixed) (G1 Evacuation Pause)
[2023-05-11T21:05:15.453+0000][16.556s] GC(7) Using 2 workers of 2 for evacuation
[2023-05-11T21:05:15.472+0000][16.575s] GC(7)   Pre Evacuate Collection Set: 0.8ms
[2023-05-11T21:05:15.473+0000][16.576s] GC(7)   Merge Heap Roots: 0.2ms
[2023-05-11T21:05:15.475+0000][16.578s] GC(7)   Evacuate Collection Set: 14.3ms
[2023-05-11T21:05:15.477+0000][16.580s] GC(7)   Post Evacuate Collection Set: 1.5ms
[2023-05-11T21:05:15.480+0000][16.583s] GC(7)   Other: 3.8ms
[2023-05-11T21:05:15.482+0000][16.585s] GC(7) Eden regions: 20->0(291)
[2023-05-11T21:05:15.484+0000][16.587s] GC(7) Survivor regions: 5->3(4)
[2023-05-11T21:05:15.486+0000][16.589s] GC(7) Old regions: 18->22
[2023-05-11T21:05:15.488+0000][16.591s] GC(7) Archive regions: 2->2
[2023-05-11T21:05:15.490+0000][16.592s] GC(7) Humongous regions: 4->4
[2023-05-11T21:05:15.491+0000][16.594s] GC(7) Metaspace: 34153K(34560K)->34153K(34560K) NonClass: 29929K(30144K)->29929K(30144K) Class: 4223K(4416K)->4223K(4416K)
[2023-05-11T21:05:15.493+0000][16.596s] GC(7) Pause Young (Mixed) (G1 Evacuation Pause) 47M->29M(512M) 41.746ms
[2023-05-11T21:05:15.494+0000][16.597s] GC(7) User=0.02s Sys=0.00s Real=0.05s
[2023-05-11T21:05:16.192+0000][17.294s] GC(8) Pause Young (Concurrent Start) (Metadata GC Threshold)
[2023-05-11T21:05:16.226+0000][17.329s] GC(8) Using 2 workers of 2 for evacuation
[2023-05-11T21:05:16.365+0000][17.468s] GC(8)   Pre Evacuate Collection Set: 52.3ms
[2023-05-11T21:05:16.376+0000][17.479s] GC(8)   Merge Heap Roots: 0.4ms
[2023-05-11T21:05:16.383+0000][17.486s] GC(8)   Evacuate Collection Set: 17.2ms
[2023-05-11T21:05:16.385+0000][17.488s] GC(8)   Post Evacuate Collection Set: 1.0ms
[2023-05-11T21:05:16.389+0000][17.491s] GC(8)   Other: 102.7ms
[2023-05-11T21:05:16.391+0000][17.494s] GC(8) Eden regions: 13->0(261)
[2023-05-11T21:05:16.395+0000][17.498s] GC(8) Survivor regions: 3->4(37)
[2023-05-11T21:05:16.398+0000][17.501s] GC(8) Old regions: 22->22
[2023-05-11T21:05:16.402+0000][17.505s] GC(8) Archive regions: 2->2
[2023-05-11T21:05:16.406+0000][17.509s] GC(8) Humongous regions: 4->4
[2023-05-11T21:05:16.408+0000][17.511s] GC(8) Metaspace: 36050K(36416K)->36050K(36416K) NonClass: 31587K(31744K)->31587K(31744K) Class: 4462K(4672K)->4462K(4672K)
[2023-05-11T21:05:16.410+0000][17.513s] GC(8) Pause Young (Concurrent Start) (Metadata GC Threshold) 42M->30M(512M) 218.640ms
[2023-05-11T21:05:16.412+0000][17.515s] GC(8) User=0.06s Sys=0.01s Real=0.22s
[2023-05-11T21:05:16.415+0000][17.518s] GC(9) Concurrent Mark Cycle
[2023-05-11T21:05:16.426+0000][17.529s] GC(9) Concurrent Clear Claimed Marks
[2023-05-11T21:05:16.433+0000][17.535s] GC(9) Concurrent Clear Claimed Marks 6.286ms
[2023-05-11T21:05:16.438+0000][17.541s] GC(9) Concurrent Scan Root Regions
[2023-05-11T21:05:16.462+0000][17.565s] GC(9) Concurrent Scan Root Regions 23.371ms
[2023-05-11T21:05:16.464+0000][17.567s] GC(9) Concurrent Mark
[2023-05-11T21:05:16.475+0000][17.577s] GC(9) Concurrent Mark From Roots
[2023-05-11T21:05:16.496+0000][17.598s] GC(9) Using 1 workers of 1 for marking
[2023-05-11T21:05:16.645+0000][17.748s] GC(9) Concurrent Mark From Roots 170.405ms
[2023-05-11T21:05:16.649+0000][17.752s] GC(9) Concurrent Preclean
[2023-05-11T21:05:16.652+0000][17.754s] GC(9) Concurrent Preclean 2.302ms
[2023-05-11T21:05:16.658+0000][17.761s] GC(9) Pause Remark
[2023-05-11T21:05:16.677+0000][17.780s] GC(9) Pause Remark 32M->32M(512M) 19.367ms
[2023-05-11T21:05:16.680+0000][17.783s] GC(9) User=0.01s Sys=0.00s Real=0.02s
[2023-05-11T21:05:16.681+0000][17.784s] GC(9) Concurrent Mark 217.147ms
[2023-05-11T21:05:16.682+0000][17.785s] GC(9) Concurrent Rebuild Remembered Sets
[2023-05-11T21:05:16.760+0000][17.862s] GC(9) Concurrent Rebuild Remembered Sets 77.454ms
[2023-05-11T21:05:16.764+0000][17.866s] GC(9) Pause Cleanup
[2023-05-11T21:05:16.766+0000][17.869s] GC(9) Pause Cleanup 33M->33M(512M) 2.743ms
[2023-05-11T21:05:16.770+0000][17.873s] GC(9) User=0.01s Sys=0.00s Real=0.00s
[2023-05-11T21:05:16.773+0000][17.875s] GC(9) Concurrent Cleanup for Next Mark
[2023-05-11T21:05:16.776+0000][17.879s] GC(9) Concurrent Cleanup for Next Mark 3.412ms
[2023-05-11T21:05:16.778+0000][17.880s] GC(9) Concurrent Mark Cycle 362.495ms
[2023-05-11T21:18:32.760+0000][813.802s] Heap
[2023-05-11T21:18:32.763+0000][813.806s]  garbage-first heap   total 524288K, used 203942K [0x00000000e0000000, 0x0000000100000000)
[2023-05-11T21:18:32.765+0000][813.807s]   region size 1024K, 173 young (177152K), 4 survivors (4096K)
[2023-05-11T21:18:32.766+0000][813.808s]  Metaspace       used 53324K, committed 53824K, reserved 1114112K
[2023-05-11T21:18:32.767+0000][813.810s]   class space    used 6869K, committed 7104K, reserved 1048576K
