[2023-05-11T20:43:33.131+0000][0.084s] Using G1
[2023-05-11T20:43:33.574+0000][0.527s] Version: 17.0.7+7 (release)
[2023-05-11T20:43:33.578+0000][0.531s] CPUs: 2 total, 2 available
[2023-05-11T20:43:33.581+0000][0.533s] Memory: 3933M
[2023-05-11T20:43:33.583+0000][0.535s] Large Page Support: Disabled
[2023-05-11T20:43:33.584+0000][0.537s] NUMA Support: Disabled
[2023-05-11T20:43:33.587+0000][0.540s] Compressed Oops: Enabled (32-bit)
[2023-05-11T20:43:33.590+0000][0.543s] Heap Region Size: 1M
[2023-05-11T20:43:33.592+0000][0.545s] Heap Min Capacity: 512M
[2023-05-11T20:43:33.595+0000][0.547s] Heap Initial Capacity: 512M
[2023-05-11T20:43:33.597+0000][0.549s] Heap Max Capacity: 512M
[2023-05-11T20:43:33.599+0000][0.551s] Pre-touch: Enabled
[2023-05-11T20:43:33.600+0000][0.553s] Parallel Workers: 2
[2023-05-11T20:43:33.602+0000][0.555s] Concurrent Workers: 1
[2023-05-11T20:43:33.605+0000][0.558s] Concurrent Refinement Workers: 2
[2023-05-11T20:43:33.607+0000][0.560s] Periodic GC: Disabled
[2023-05-11T20:43:33.611+0000][0.563s] CDS archive(s) mapped at: [0x0000000800000000-0x0000000800a7b000-0x0000000800a7b000), size 10989568, SharedBaseAddress: 0x0000000800000000, ArchiveRelocationMode: 0.
[2023-05-11T20:43:33.612+0000][0.565s] Compressed class space mapped at: 0x0000000801000000-0x0000000841000000, reserved size: 1073741824
[2023-05-11T20:43:33.613+0000][0.566s] Narrow klass base: 0x0000000800000000, Narrow klass shift: 0, Narrow klass range: 0x100000000
[2023-05-11T20:43:38.737+0000][5.690s] GC(0) Pause Young (Normal) (G1 Evacuation Pause)
[2023-05-11T20:43:38.741+0000][5.693s] GC(0) Using 2 workers of 2 for evacuation
[2023-05-11T20:43:38.759+0000][5.712s] GC(0)   Pre Evacuate Collection Set: 1.0ms
[2023-05-11T20:43:38.763+0000][5.716s] GC(0)   Merge Heap Roots: 0.9ms
[2023-05-11T20:43:38.766+0000][5.719s] GC(0)   Evacuate Collection Set: 12.4ms
[2023-05-11T20:43:38.769+0000][5.722s] GC(0)   Post Evacuate Collection Set: 1.2ms
[2023-05-11T20:43:38.772+0000][5.724s] GC(0)   Other: 6.5ms
[2023-05-11T20:43:38.774+0000][5.726s] GC(0) Eden regions: 25->0(21)
[2023-05-11T20:43:38.775+0000][5.728s] GC(0) Survivor regions: 0->4(4)
[2023-05-11T20:43:38.778+0000][5.730s] GC(0) Old regions: 0->0
[2023-05-11T20:43:38.780+0000][5.733s] GC(0) Archive regions: 2->2
[2023-05-11T20:43:38.783+0000][5.736s] GC(0) Humongous regions: 0->0
[2023-05-11T20:43:38.787+0000][5.740s] GC(0) Metaspace: 9158K(9408K)->9158K(9408K) NonClass: 8041K(8192K)->8041K(8192K) Class: 1117K(1216K)->1117K(1216K)
[2023-05-11T20:43:38.794+0000][5.747s] GC(0) Pause Young (Normal) (G1 Evacuation Pause) 25M->4M(512M) 56.922ms
[2023-05-11T20:43:38.805+0000][5.757s] GC(0) User=0.02s Sys=0.01s Real=0.07s
[2023-05-11T20:43:44.337+0000][11.290s] GC(1) Pause Young (Normal) (G1 Evacuation Pause)
[2023-05-11T20:43:44.339+0000][11.291s] GC(1) Using 2 workers of 2 for evacuation
[2023-05-11T20:43:44.400+0000][11.353s] GC(1)   Pre Evacuate Collection Set: 0.2ms
[2023-05-11T20:43:44.412+0000][11.365s] GC(1)   Merge Heap Roots: 0.1ms
[2023-05-11T20:43:44.433+0000][11.386s] GC(1)   Evacuate Collection Set: 37.6ms
[2023-05-11T20:43:44.438+0000][11.391s] GC(1)   Post Evacuate Collection Set: 18.0ms
[2023-05-11T20:43:44.443+0000][11.395s] GC(1)   Other: 6.7ms
[2023-05-11T20:43:44.445+0000][11.398s] GC(1) Eden regions: 21->0(21)
[2023-05-11T20:43:44.449+0000][11.401s] GC(1) Survivor regions: 4->4(4)
[2023-05-11T20:43:44.549+0000][11.501s] GC(1) Old regions: 0->9
[2023-05-11T20:43:44.551+0000][11.503s] GC(1) Archive regions: 2->2
[2023-05-11T20:43:44.553+0000][11.506s] GC(1) Humongous regions: 4->4
[2023-05-11T20:43:44.613+0000][11.565s] GC(1) Metaspace: 14856K(15168K)->14856K(15168K) NonClass: 13028K(13184K)->13028K(13184K) Class: 1828K(1984K)->1828K(1984K)
[2023-05-11T20:43:44.615+0000][11.568s] GC(1) Pause Young (Normal) (G1 Evacuation Pause) 29M->17M(512M) 277.796ms
[2023-05-11T20:43:44.621+0000][11.573s] GC(1) User=0.10s Sys=0.00s Real=0.28s
[2023-05-11T20:43:47.518+0000][14.471s] GC(2) Pause Young (Normal) (G1 Evacuation Pause)
[2023-05-11T20:43:47.530+0000][14.483s] GC(2) Using 2 workers of 2 for evacuation
[2023-05-11T20:43:47.581+0000][14.534s] GC(2)   Pre Evacuate Collection Set: 0.3ms
[2023-05-11T20:43:47.591+0000][14.544s] GC(2)   Merge Heap Roots: 0.3ms
[2023-05-11T20:43:47.600+0000][14.553s] GC(2)   Evacuate Collection Set: 25.3ms
[2023-05-11T20:43:47.618+0000][14.570s] GC(2)   Post Evacuate Collection Set: 1.0ms
[2023-05-11T20:43:47.621+0000][14.573s] GC(2)   Other: 37.3ms
[2023-05-11T20:43:47.623+0000][14.576s] GC(2) Eden regions: 21->0(29)
[2023-05-11T20:43:47.630+0000][14.583s] GC(2) Survivor regions: 4->2(4)
[2023-05-11T20:43:47.633+0000][14.585s] GC(2) Old regions: 9->13
[2023-05-11T20:43:47.635+0000][14.588s] GC(2) Archive regions: 2->2
[2023-05-11T20:43:47.647+0000][14.600s] GC(2) Humongous regions: 4->4
[2023-05-11T20:43:47.651+0000][14.604s] GC(2) Metaspace: 17662K(17920K)->17662K(17920K) NonClass: 15501K(15616K)->15501K(15616K) Class: 2161K(2304K)->2161K(2304K)
[2023-05-11T20:43:47.663+0000][14.616s] GC(2) Pause Young (Normal) (G1 Evacuation Pause) 38M->19M(512M) 144.999ms
[2023-05-11T20:43:47.668+0000][14.621s] GC(2) User=0.11s Sys=0.05s Real=0.15s
[2023-05-11T20:43:48.319+0000][15.272s] GC(3) Pause Young (Normal) (G1 Evacuation Pause)
[2023-05-11T20:43:48.322+0000][15.275s] GC(3) Using 2 workers of 2 for evacuation
[2023-05-11T20:43:48.341+0000][15.294s] GC(3)   Pre Evacuate Collection Set: 0.2ms
[2023-05-11T20:43:48.344+0000][15.296s] GC(3)   Merge Heap Roots: 0.3ms
[2023-05-11T20:43:48.348+0000][15.300s] GC(3)   Evacuate Collection Set: 11.5ms
[2023-05-11T20:43:48.350+0000][15.302s] GC(3)   Post Evacuate Collection Set: 1.0ms
[2023-05-11T20:43:48.352+0000][15.304s] GC(3)   Other: 8.7ms
[2023-05-11T20:43:48.356+0000][15.308s] GC(3) Eden regions: 29->0(39)
[2023-05-11T20:43:48.357+0000][15.310s] GC(3) Survivor regions: 2->4(4)
[2023-05-11T20:43:48.359+0000][15.312s] GC(3) Old regions: 13->14
[2023-05-11T20:43:48.365+0000][15.317s] GC(3) Archive regions: 2->2
[2023-05-11T20:43:48.367+0000][15.319s] GC(3) Humongous regions: 4->4
[2023-05-11T20:43:48.368+0000][15.321s] GC(3) Metaspace: 17797K(18112K)->17797K(18112K) NonClass: 15633K(15808K)->15633K(15808K) Class: 2163K(2304K)->2163K(2304K)
[2023-05-11T20:43:48.370+0000][15.323s] GC(3) Pause Young (Normal) (G1 Evacuation Pause) 48M->22M(512M) 50.754ms
[2023-05-11T20:43:48.372+0000][15.325s] GC(3) User=0.02s Sys=0.01s Real=0.06s
[2023-05-11T20:43:51.350+0000][18.302s] GC(4) Pause Young (Concurrent Start) (Metadata GC Threshold)
[2023-05-11T20:43:51.360+0000][18.313s] GC(4) Using 2 workers of 2 for evacuation
[2023-05-11T20:43:51.389+0000][18.341s] GC(4)   Pre Evacuate Collection Set: 0.4ms
[2023-05-11T20:43:51.391+0000][18.344s] GC(4)   Merge Heap Roots: 0.2ms
[2023-05-11T20:43:51.393+0000][18.346s] GC(4)   Evacuate Collection Set: 23.8ms
[2023-05-11T20:43:51.395+0000][18.347s] GC(4)   Post Evacuate Collection Set: 1.6ms
[2023-05-11T20:43:51.397+0000][18.350s] GC(4)   Other: 13.2ms
[2023-05-11T20:43:51.400+0000][18.353s] GC(4) Eden regions: 24->0(63)
[2023-05-11T20:43:51.402+0000][18.355s] GC(4) Survivor regions: 4->6(6)
[2023-05-11T20:43:51.406+0000][18.359s] GC(4) Old regions: 14->16
[2023-05-11T20:43:51.409+0000][18.362s] GC(4) Archive regions: 2->2
[2023-05-11T20:43:51.411+0000][18.364s] GC(4) Humongous regions: 5->4
[2023-05-11T20:43:51.414+0000][18.366s] GC(4) Metaspace: 21188K(21504K)->21188K(21504K) NonClass: 18623K(18752K)->18623K(18752K) Class: 2565K(2752K)->2565K(2752K)
[2023-05-11T20:43:51.417+0000][18.370s] GC(4) Pause Young (Concurrent Start) (Metadata GC Threshold) 47M->25M(512M) 67.332ms
[2023-05-11T20:43:51.421+0000][18.374s] GC(4) User=0.04s Sys=0.01s Real=0.07s
[2023-05-11T20:43:51.423+0000][18.375s] GC(5) Concurrent Mark Cycle
[2023-05-11T20:43:51.430+0000][18.382s] GC(5) Concurrent Clear Claimed Marks
[2023-05-11T20:43:51.432+0000][18.385s] GC(5) Concurrent Clear Claimed Marks 2.414ms
[2023-05-11T20:43:51.434+0000][18.386s] GC(5) Concurrent Scan Root Regions
[2023-05-11T20:43:51.461+0000][18.414s] GC(5) Concurrent Scan Root Regions 27.206ms
[2023-05-11T20:43:51.488+0000][18.441s] GC(5) Concurrent Mark
[2023-05-11T20:43:51.495+0000][18.447s] GC(5) Concurrent Mark From Roots
[2023-05-11T20:43:51.550+0000][18.502s] GC(5) Using 1 workers of 1 for marking
[2023-05-11T20:43:51.626+0000][18.578s] GC(5) Concurrent Mark From Roots 131.214ms
[2023-05-11T20:43:51.636+0000][18.588s] GC(5) Concurrent Preclean
[2023-05-11T20:43:51.638+0000][18.591s] GC(5) Concurrent Preclean 2.611ms
[2023-05-11T20:43:51.643+0000][18.596s] GC(5) Pause Remark
[2023-05-11T20:43:51.657+0000][18.609s] GC(5) Pause Remark 27M->27M(512M) 13.469ms
[2023-05-11T20:43:51.661+0000][18.614s] GC(5) User=0.02s Sys=0.00s Real=0.01s
[2023-05-11T20:43:51.663+0000][18.616s] GC(5) Concurrent Mark 175.224ms
[2023-05-11T20:43:51.665+0000][18.618s] GC(5) Concurrent Rebuild Remembered Sets
[2023-05-11T20:43:51.741+0000][18.694s] GC(5) Concurrent Rebuild Remembered Sets 75.805ms
[2023-05-11T20:43:51.745+0000][18.697s] GC(5) Pause Cleanup
[2023-05-11T20:43:51.762+0000][18.714s] GC(5) Pause Cleanup 27M->27M(512M) 16.760ms
[2023-05-11T20:43:51.787+0000][18.740s] GC(5) User=0.00s Sys=0.00s Real=0.04s
[2023-05-11T20:43:51.791+0000][18.743s] GC(5) Concurrent Cleanup for Next Mark
[2023-05-11T20:43:51.802+0000][18.754s] GC(5) Concurrent Cleanup for Next Mark 11.073ms
[2023-05-11T20:43:51.831+0000][18.784s] GC(5) Concurrent Mark Cycle 408.766ms
[2023-05-11T20:44:01.028+0000][27.980s] GC(6) Pause Young (Normal) (G1 Evacuation Pause)
[2023-05-11T20:44:01.036+0000][27.987s] GC(6) Using 2 workers of 2 for evacuation
[2023-05-11T20:44:01.055+0000][28.007s] GC(6)   Pre Evacuate Collection Set: 0.7ms
[2023-05-11T20:44:01.057+0000][28.009s] GC(6)   Merge Heap Roots: 0.4ms
[2023-05-11T20:44:01.059+0000][28.010s] GC(6)   Evacuate Collection Set: 12.5ms
[2023-05-11T20:44:01.060+0000][28.012s] GC(6)   Post Evacuate Collection Set: 2.0ms
[2023-05-11T20:44:01.062+0000][28.013s] GC(6)   Other: 11.5ms
[2023-05-11T20:44:01.066+0000][28.018s] GC(6) Eden regions: 69->0(181)
[2023-05-11T20:44:01.068+0000][28.019s] GC(6) Survivor regions: 6->9(10)
[2023-05-11T20:44:01.070+0000][28.021s] GC(6) Old regions: 16->16
[2023-05-11T20:44:01.072+0000][28.023s] GC(6) Archive regions: 2->2
[2023-05-11T20:44:01.073+0000][28.025s] GC(6) Humongous regions: 4->4
[2023-05-11T20:44:01.075+0000][28.026s] GC(6) Metaspace: 31740K(32128K)->31740K(32128K) NonClass: 27870K(28096K)->27870K(28096K) Class: 3869K(4032K)->3869K(4032K)
[2023-05-11T20:44:01.076+0000][28.027s] GC(6) Pause Young (Normal) (G1 Evacuation Pause) 94M->28M(512M) 47.724ms
[2023-05-11T20:44:01.077+0000][28.029s] GC(6) User=0.02s Sys=0.01s Real=0.05s
[2023-05-11T20:44:02.526+0000][29.477s] GC(7) Pause Young (Concurrent Start) (Metadata GC Threshold)
[2023-05-11T20:44:02.528+0000][29.479s] GC(7) Using 2 workers of 2 for evacuation
[2023-05-11T20:44:02.553+0000][29.505s] GC(7)   Pre Evacuate Collection Set: 2.9ms
[2023-05-11T20:44:02.555+0000][29.506s] GC(7)   Merge Heap Roots: 0.4ms
[2023-05-11T20:44:02.557+0000][29.508s] GC(7)   Evacuate Collection Set: 17.5ms
[2023-05-11T20:44:02.559+0000][29.510s] GC(7)   Post Evacuate Collection Set: 1.7ms
[2023-05-11T20:44:02.560+0000][29.512s] GC(7)   Other: 4.9ms
[2023-05-11T20:44:02.562+0000][29.513s] GC(7) Eden regions: 30->0(209)
[2023-05-11T20:44:02.566+0000][29.518s] GC(7) Survivor regions: 9->11(24)
[2023-05-11T20:44:02.569+0000][29.520s] GC(7) Old regions: 16->16
[2023-05-11T20:44:02.571+0000][29.522s] GC(7) Archive regions: 2->2
[2023-05-11T20:44:02.572+0000][29.524s] GC(7) Humongous regions: 4->4
[2023-05-11T20:44:02.574+0000][29.526s] GC(7) Metaspace: 35712K(36096K)->35712K(36096K) NonClass: 31311K(31488K)->31311K(31488K) Class: 4401K(4608K)->4401K(4608K)
[2023-05-11T20:44:02.576+0000][29.527s] GC(7) Pause Young (Concurrent Start) (Metadata GC Threshold) 57M->30M(512M) 49.685ms
[2023-05-11T20:44:02.577+0000][29.529s] GC(7) User=0.03s Sys=0.00s Real=0.05s
[2023-05-11T20:44:02.579+0000][29.530s] GC(8) Concurrent Mark Cycle
[2023-05-11T20:44:02.585+0000][29.536s] GC(8) Concurrent Clear Claimed Marks
[2023-05-11T20:44:02.588+0000][29.539s] GC(8) Concurrent Clear Claimed Marks 3.215ms
[2023-05-11T20:44:02.589+0000][29.540s] GC(8) Concurrent Scan Root Regions
[2023-05-11T20:44:02.606+0000][29.557s] GC(8) Concurrent Scan Root Regions 16.995ms
[2023-05-11T20:44:02.608+0000][29.559s] GC(8) Concurrent Mark
[2023-05-11T20:44:02.609+0000][29.561s] GC(8) Concurrent Mark From Roots
[2023-05-11T20:44:02.611+0000][29.562s] GC(8) Using 1 workers of 1 for marking
[2023-05-11T20:44:02.726+0000][29.677s] GC(8) Concurrent Mark From Roots 116.442ms
[2023-05-11T20:44:02.730+0000][29.681s] GC(8) Concurrent Preclean
[2023-05-11T20:44:02.739+0000][29.690s] GC(8) Concurrent Preclean 9.450ms
[2023-05-11T20:44:02.745+0000][29.696s] GC(8) Pause Remark
[2023-05-11T20:44:02.833+0000][29.785s] GC(8) Pause Remark 32M->32M(512M) 88.533ms
[2023-05-11T20:44:02.836+0000][29.788s] GC(8) User=0.14s Sys=0.01s Real=0.08s
[2023-05-11T20:44:02.843+0000][29.794s] GC(8) Concurrent Mark 235.007ms
[2023-05-11T20:44:02.846+0000][29.798s] GC(8) Concurrent Rebuild Remembered Sets
[2023-05-11T20:44:03.106+0000][30.057s] GC(8) Concurrent Rebuild Remembered Sets 260.195ms
[2023-05-11T20:44:03.124+0000][30.075s] GC(8) Pause Cleanup
[2023-05-11T20:44:03.145+0000][30.096s] GC(8) Pause Cleanup 33M->33M(512M) 6.927ms
[2023-05-11T20:44:03.161+0000][30.112s] GC(8) User=0.02s Sys=0.01s Real=0.04s
[2023-05-11T20:44:03.168+0000][30.119s] GC(8) Concurrent Cleanup for Next Mark
[2023-05-11T20:44:03.202+0000][30.154s] GC(8) Concurrent Cleanup for Next Mark 34.292ms
[2023-05-11T20:44:03.243+0000][30.194s] GC(8) Concurrent Mark Cycle 663.745ms
[2023-05-11T20:45:00.504+0000][87.454s] Heap
[2023-05-11T20:45:00.519+0000][87.469s]  garbage-first heap   total 524288K, used 261178K [0x00000000e0000000, 0x0000000100000000)
[2023-05-11T20:45:00.520+0000][87.470s]   region size 1024K, 236 young (241664K), 11 survivors (11264K)
[2023-05-11T20:45:00.522+0000][87.471s]  Metaspace       used 52937K, committed 53440K, reserved 1114112K
[2023-05-11T20:45:00.525+0000][87.475s]   class space    used 6762K, committed 6976K, reserved 1048576K
