[2023-05-10T05:45:13.642+0000][0.027s] Using G1
[2023-05-10T05:45:13.881+0000][0.268s] Version: 17.0.7+7 (release)
[2023-05-10T05:45:13.883+0000][0.269s] CPUs: 2 total, 2 available
[2023-05-10T05:45:13.884+0000][0.271s] Memory: 3933M
[2023-05-10T05:45:13.886+0000][0.272s] Large Page Support: Disabled
[2023-05-10T05:45:13.887+0000][0.274s] NUMA Support: Disabled
[2023-05-10T05:45:13.889+0000][0.275s] Compressed Oops: Enabled (32-bit)
[2023-05-10T05:45:13.890+0000][0.277s] Heap Region Size: 1M
[2023-05-10T05:45:13.892+0000][0.279s] Heap Min Capacity: 512M
[2023-05-10T05:45:13.893+0000][0.280s] Heap Initial Capacity: 512M
[2023-05-10T05:45:13.895+0000][0.281s] Heap Max Capacity: 512M
[2023-05-10T05:45:13.896+0000][0.283s] Pre-touch: Enabled
[2023-05-10T05:45:13.898+0000][0.284s] Parallel Workers: 2
[2023-05-10T05:45:13.899+0000][0.286s] Concurrent Workers: 1
[2023-05-10T05:45:13.901+0000][0.287s] Concurrent Refinement Workers: 2
[2023-05-10T05:45:13.902+0000][0.288s] Periodic GC: Disabled
[2023-05-10T05:45:13.904+0000][0.290s] CDS archive(s) mapped at: [0x0000000800000000-0x0000000800a7b000-0x0000000800a7b000), size 10989568, SharedBaseAddress: 0x0000000800000000, ArchiveRelocationMode: 0.
[2023-05-10T05:45:13.905+0000][0.291s] Compressed class space mapped at: 0x0000000801000000-0x0000000841000000, reserved size: 1073741824
[2023-05-10T05:45:13.906+0000][0.293s] Narrow klass base: 0x0000000800000000, Narrow klass shift: 0, Narrow klass range: 0x100000000
[2023-05-10T05:45:15.346+0000][1.733s] GC(0) Pause Young (Normal) (G1 Evacuation Pause)
[2023-05-10T05:45:15.351+0000][1.738s] GC(0) Using 2 workers of 2 for evacuation
[2023-05-10T05:45:15.386+0000][1.773s] GC(0)   Pre Evacuate Collection Set: 0.7ms
[2023-05-10T05:45:15.392+0000][1.778s] GC(0)   Merge Heap Roots: 0.1ms
[2023-05-10T05:45:15.394+0000][1.780s] GC(0)   Evacuate Collection Set: 27.3ms
[2023-05-10T05:45:15.395+0000][1.782s] GC(0)   Post Evacuate Collection Set: 1.7ms
[2023-05-10T05:45:15.398+0000][1.785s] GC(0)   Other: 10.3ms
[2023-05-10T05:45:15.408+0000][1.795s] GC(0) Eden regions: 25->0(21)
[2023-05-10T05:45:15.410+0000][1.796s] GC(0) Survivor regions: 0->4(4)
[2023-05-10T05:45:15.411+0000][1.797s] GC(0) Old regions: 0->0
[2023-05-10T05:45:15.412+0000][1.798s] GC(0) Archive regions: 2->2
[2023-05-10T05:45:15.425+0000][1.812s] GC(0) Humongous regions: 0->0
[2023-05-10T05:45:15.427+0000][1.813s] GC(0) Metaspace: 9137K(9408K)->9137K(9408K) NonClass: 8019K(8192K)->8019K(8192K) Class: 1117K(1216K)->1117K(1216K)
[2023-05-10T05:45:15.429+0000][1.815s] GC(0) Pause Young (Normal) (G1 Evacuation Pause) 25M->4M(512M) 82.660ms
[2023-05-10T05:45:15.436+0000][1.822s] GC(0) User=0.07s Sys=0.01s Real=0.09s
[2023-05-10T05:45:16.987+0000][3.373s] GC(1) Pause Young (Normal) (G1 Evacuation Pause)
[2023-05-10T05:45:16.988+0000][3.375s] GC(1) Using 2 workers of 2 for evacuation
[2023-05-10T05:45:17.023+0000][3.410s] GC(1)   Pre Evacuate Collection Set: 0.4ms
[2023-05-10T05:45:17.025+0000][3.411s] GC(1)   Merge Heap Roots: 0.1ms
[2023-05-10T05:45:17.027+0000][3.413s] GC(1)   Evacuate Collection Set: 32.0ms
[2023-05-10T05:45:17.029+0000][3.415s] GC(1)   Post Evacuate Collection Set: 1.4ms
[2023-05-10T05:45:17.030+0000][3.417s] GC(1)   Other: 2.7ms
[2023-05-10T05:45:17.032+0000][3.419s] GC(1) Eden regions: 21->0(21)
[2023-05-10T05:45:17.033+0000][3.420s] GC(1) Survivor regions: 4->4(4)
[2023-05-10T05:45:17.056+0000][3.442s] GC(1) Old regions: 0->9
[2023-05-10T05:45:17.067+0000][3.453s] GC(1) Archive regions: 2->2
[2023-05-10T05:45:17.092+0000][3.478s] GC(1) Humongous regions: 4->4
[2023-05-10T05:45:17.103+0000][3.490s] GC(1) Metaspace: 14897K(15232K)->14897K(15232K) NonClass: 13074K(13248K)->13074K(13248K) Class: 1823K(1984K)->1823K(1984K)
[2023-05-10T05:45:17.104+0000][3.491s] GC(1) Pause Young (Normal) (G1 Evacuation Pause) 29M->17M(512M) 117.530ms
[2023-05-10T05:45:17.108+0000][3.495s] GC(1) User=0.08s Sys=0.02s Real=0.12s
[2023-05-10T05:45:17.920+0000][4.306s] GC(2) Pause Young (Normal) (G1 Evacuation Pause)
[2023-05-10T05:45:17.936+0000][4.322s] GC(2) Using 2 workers of 2 for evacuation
[2023-05-10T05:45:17.976+0000][4.362s] GC(2)   Pre Evacuate Collection Set: 0.3ms
[2023-05-10T05:45:17.977+0000][4.364s] GC(2)   Merge Heap Roots: 0.3ms
[2023-05-10T05:45:17.979+0000][4.365s] GC(2)   Evacuate Collection Set: 33.5ms
[2023-05-10T05:45:17.981+0000][4.367s] GC(2)   Post Evacuate Collection Set: 1.3ms
[2023-05-10T05:45:17.982+0000][4.369s] GC(2)   Other: 20.8ms
[2023-05-10T05:45:17.984+0000][4.370s] GC(2) Eden regions: 21->0(29)
[2023-05-10T05:45:17.985+0000][4.372s] GC(2) Survivor regions: 4->2(4)
[2023-05-10T05:45:17.987+0000][4.373s] GC(2) Old regions: 9->12
[2023-05-10T05:45:17.988+0000][4.374s] GC(2) Archive regions: 2->2
[2023-05-10T05:45:17.989+0000][4.376s] GC(2) Humongous regions: 4->4
[2023-05-10T05:45:17.990+0000][4.377s] GC(2) Metaspace: 17613K(17920K)->17613K(17920K) NonClass: 15452K(15616K)->15452K(15616K) Class: 2161K(2304K)->2161K(2304K)
[2023-05-10T05:45:17.992+0000][4.379s] GC(2) Pause Young (Normal) (G1 Evacuation Pause) 38M->18M(512M) 72.438ms
[2023-05-10T05:45:17.994+0000][4.380s] GC(2) User=0.07s Sys=0.01s Real=0.08s
[2023-05-10T05:45:18.298+0000][4.684s] GC(3) Pause Young (Normal) (G1 Evacuation Pause)
[2023-05-10T05:45:18.299+0000][4.686s] GC(3) Using 2 workers of 2 for evacuation
[2023-05-10T05:45:18.309+0000][4.695s] GC(3)   Pre Evacuate Collection Set: 0.1ms
[2023-05-10T05:45:18.310+0000][4.696s] GC(3)   Merge Heap Roots: 0.3ms
[2023-05-10T05:45:18.311+0000][4.698s] GC(3)   Evacuate Collection Set: 6.7ms
[2023-05-10T05:45:18.313+0000][4.699s] GC(3)   Post Evacuate Collection Set: 0.8ms
[2023-05-10T05:45:18.314+0000][4.700s] GC(3)   Other: 3.0ms
[2023-05-10T05:45:18.316+0000][4.702s] GC(3) Eden regions: 29->0(39)
[2023-05-10T05:45:18.317+0000][4.703s] GC(3) Survivor regions: 2->4(4)
[2023-05-10T05:45:18.318+0000][4.705s] GC(3) Old regions: 12->14
[2023-05-10T05:45:18.320+0000][4.707s] GC(3) Archive regions: 2->2
[2023-05-10T05:45:18.322+0000][4.708s] GC(3) Humongous regions: 4->4
[2023-05-10T05:45:18.324+0000][4.710s] GC(3) Metaspace: 17737K(18048K)->17737K(18048K) NonClass: 15573K(15744K)->15573K(15744K) Class: 2163K(2304K)->2163K(2304K)
[2023-05-10T05:45:18.326+0000][4.712s] GC(3) Pause Young (Normal) (G1 Evacuation Pause) 47M->22M(512M) 27.817ms
[2023-05-10T05:45:18.327+0000][4.714s] GC(3) User=0.01s Sys=0.00s Real=0.03s
[2023-05-10T05:45:19.359+0000][5.746s] GC(4) Pause Young (Concurrent Start) (Metadata GC Threshold)
[2023-05-10T05:45:19.361+0000][5.748s] GC(4) Using 2 workers of 2 for evacuation
[2023-05-10T05:45:19.375+0000][5.762s] GC(4)   Pre Evacuate Collection Set: 0.7ms
[2023-05-10T05:45:19.377+0000][5.764s] GC(4)   Merge Heap Roots: 0.2ms
[2023-05-10T05:45:19.379+0000][5.765s] GC(4)   Evacuate Collection Set: 10.0ms
[2023-05-10T05:45:19.380+0000][5.767s] GC(4)   Post Evacuate Collection Set: 0.5ms
[2023-05-10T05:45:19.382+0000][5.769s] GC(4)   Other: 4.7ms
[2023-05-10T05:45:19.384+0000][5.770s] GC(4) Eden regions: 24->0(72)
[2023-05-10T05:45:19.386+0000][5.773s] GC(4) Survivor regions: 4->2(6)
[2023-05-10T05:45:19.388+0000][5.774s] GC(4) Old regions: 14->18
[2023-05-10T05:45:19.390+0000][5.776s] GC(4) Archive regions: 2->2
[2023-05-10T05:45:19.392+0000][5.778s] GC(4) Humongous regions: 5->4
[2023-05-10T05:45:19.395+0000][5.781s] GC(4) Metaspace: 21179K(21504K)->21179K(21504K) NonClass: 18614K(18752K)->18614K(18752K) Class: 2565K(2752K)->2565K(2752K)
[2023-05-10T05:45:19.396+0000][5.783s] GC(4) Pause Young (Concurrent Start) (Metadata GC Threshold) 47M->24M(512M) 36.946ms
[2023-05-10T05:45:19.400+0000][5.786s] GC(4) User=0.02s Sys=0.01s Real=0.04s
[2023-05-10T05:45:19.402+0000][5.788s] GC(5) Concurrent Mark Cycle
[2023-05-10T05:45:19.403+0000][5.790s] GC(5) Concurrent Clear Claimed Marks
[2023-05-10T05:45:19.407+0000][5.793s] GC(5) Concurrent Clear Claimed Marks 3.181ms
[2023-05-10T05:45:19.408+0000][5.795s] GC(5) Concurrent Scan Root Regions
[2023-05-10T05:45:19.414+0000][5.801s] GC(5) Concurrent Scan Root Regions 6.003ms
[2023-05-10T05:45:19.416+0000][5.803s] GC(5) Concurrent Mark
[2023-05-10T05:45:19.418+0000][5.805s] GC(5) Concurrent Mark From Roots
[2023-05-10T05:45:19.420+0000][5.806s] GC(5) Using 1 workers of 1 for marking
[2023-05-10T05:45:19.470+0000][5.857s] GC(5) Concurrent Mark From Roots 52.188ms
[2023-05-10T05:45:19.472+0000][5.859s] GC(5) Concurrent Preclean
[2023-05-10T05:45:19.474+0000][5.860s] GC(5) Concurrent Preclean 1.575ms
[2023-05-10T05:45:19.476+0000][5.863s] GC(5) Pause Remark
[2023-05-10T05:45:19.486+0000][5.872s] GC(5) Pause Remark 26M->26M(512M) 9.384ms
[2023-05-10T05:45:19.487+0000][5.874s] GC(5) User=0.02s Sys=0.00s Real=0.01s
[2023-05-10T05:45:19.490+0000][5.877s] GC(5) Concurrent Mark 74.178ms
[2023-05-10T05:45:19.492+0000][5.879s] GC(5) Concurrent Rebuild Remembered Sets
[2023-05-10T05:45:19.537+0000][5.923s] GC(5) Concurrent Rebuild Remembered Sets 44.780ms
[2023-05-10T05:45:19.539+0000][5.926s] GC(5) Pause Cleanup
[2023-05-10T05:45:19.542+0000][5.928s] GC(5) Pause Cleanup 26M->26M(512M) 2.437ms
[2023-05-10T05:45:19.546+0000][5.933s] GC(5) User=0.00s Sys=0.01s Real=0.01s
[2023-05-10T05:45:19.548+0000][5.934s] GC(5) Concurrent Cleanup for Next Mark
[2023-05-10T05:45:19.551+0000][5.937s] GC(5) Concurrent Cleanup for Next Mark 2.977ms
[2023-05-10T05:45:19.552+0000][5.939s] GC(5) Concurrent Mark Cycle 150.869ms
[2023-05-10T05:45:24.078+0000][10.465s] GC(6) Pause Young (Prepare Mixed) (G1 Evacuation Pause)
[2023-05-10T05:45:24.080+0000][10.467s] GC(6) Using 2 workers of 2 for evacuation
[2023-05-10T05:45:24.107+0000][10.493s] GC(6)   Pre Evacuate Collection Set: 0.6ms
[2023-05-10T05:45:24.108+0000][10.495s] GC(6)   Merge Heap Roots: 0.1ms
[2023-05-10T05:45:24.110+0000][10.496s] GC(6)   Evacuate Collection Set: 18.8ms
[2023-05-10T05:45:24.112+0000][10.499s] GC(6)   Post Evacuate Collection Set: 4.9ms
[2023-05-10T05:45:24.114+0000][10.500s] GC(6)   Other: 4.2ms
[2023-05-10T05:45:24.115+0000][10.502s] GC(6) Eden regions: 79->0(17)
[2023-05-10T05:45:24.117+0000][10.503s] GC(6) Survivor regions: 2->8(11)
[2023-05-10T05:45:24.119+0000][10.505s] GC(6) Old regions: 18->18
[2023-05-10T05:45:24.121+0000][10.508s] GC(6) Archive regions: 2->2
[2023-05-10T05:45:24.124+0000][10.511s] GC(6) Humongous regions: 4->4
[2023-05-10T05:45:24.126+0000][10.512s] GC(6) Metaspace: 34547K(34944K)->34547K(34944K) NonClass: 30273K(30464K)->30273K(30464K) Class: 4273K(4480K)->4273K(4480K)
[2023-05-10T05:45:24.128+0000][10.515s] GC(6) Pause Young (Prepare Mixed) (G1 Evacuation Pause) 103M->30M(512M) 50.025ms
[2023-05-10T05:45:24.132+0000][10.518s] GC(6) User=0.06s Sys=0.00s Real=0.05s
[2023-05-10T05:45:24.442+0000][10.828s] GC(7) Pause Young (Mixed) (Metadata GC Threshold)
[2023-05-10T05:45:24.444+0000][10.831s] GC(7) Using 2 workers of 2 for evacuation
[2023-05-10T05:45:24.467+0000][10.853s] GC(7)   Pre Evacuate Collection Set: 0.3ms
[2023-05-10T05:45:24.469+0000][10.855s] GC(7)   Merge Heap Roots: 0.2ms
[2023-05-10T05:45:24.472+0000][10.858s] GC(7)   Evacuate Collection Set: 18.2ms
[2023-05-10T05:45:24.473+0000][10.860s] GC(7)   Post Evacuate Collection Set: 1.6ms
[2023-05-10T05:45:24.475+0000][10.861s] GC(7)   Other: 4.6ms
[2023-05-10T05:45:24.476+0000][10.862s] GC(7) Eden regions: 8->0(306)
[2023-05-10T05:45:24.477+0000][10.864s] GC(7) Survivor regions: 8->1(4)
[2023-05-10T05:45:24.478+0000][10.865s] GC(7) Old regions: 18->25
[2023-05-10T05:45:24.482+0000][10.868s] GC(7) Archive regions: 2->2
[2023-05-10T05:45:24.485+0000][10.871s] GC(7) Humongous regions: 4->4
[2023-05-10T05:45:24.487+0000][10.874s] GC(7) Metaspace: 35810K(36160K)->35810K(36160K) NonClass: 31386K(31552K)->31386K(31552K) Class: 4423K(4608K)->4423K(4608K)
[2023-05-10T05:45:24.489+0000][10.876s] GC(7) Pause Young (Mixed) (Metadata GC Threshold) 37M->30M(512M) 47.334ms
[2023-05-10T05:45:24.490+0000][10.877s] GC(7) User=0.04s Sys=0.01s Real=0.05s
[2023-05-10T05:45:24.549+0000][10.936s] GC(8) Pause Young (Concurrent Start) (Metadata GC Threshold)
[2023-05-10T05:45:24.551+0000][10.938s] GC(8) Using 2 workers of 2 for evacuation
[2023-05-10T05:45:24.561+0000][10.948s] GC(8)   Pre Evacuate Collection Set: 0.8ms
[2023-05-10T05:45:24.564+0000][10.950s] GC(8)   Merge Heap Roots: 0.2ms
[2023-05-10T05:45:24.566+0000][10.953s] GC(8)   Evacuate Collection Set: 3.8ms
[2023-05-10T05:45:24.570+0000][10.956s] GC(8)   Post Evacuate Collection Set: 1.7ms
[2023-05-10T05:45:24.572+0000][10.958s] GC(8)   Other: 5.5ms
[2023-05-10T05:45:24.573+0000][10.960s] GC(8) Eden regions: 2->0(306)
[2023-05-10T05:45:24.574+0000][10.961s] GC(8) Survivor regions: 1->1(39)
[2023-05-10T05:45:24.576+0000][10.962s] GC(8) Old regions: 25->25
[2023-05-10T05:45:24.578+0000][10.965s] GC(8) Archive regions: 2->2
[2023-05-10T05:45:24.580+0000][10.966s] GC(8) Humongous regions: 4->4
[2023-05-10T05:45:24.581+0000][10.968s] GC(8) Metaspace: 36081K(36480K)->36081K(36480K) NonClass: 31619K(31808K)->31619K(31808K) Class: 4462K(4672K)->4462K(4672K)
[2023-05-10T05:45:24.583+0000][10.970s] GC(8) Pause Young (Concurrent Start) (Metadata GC Threshold) 32M->29M(512M) 33.769ms
[2023-05-10T05:45:24.585+0000][10.971s] GC(8) User=0.01s Sys=0.00s Real=0.04s
[2023-05-10T05:45:24.587+0000][10.973s] GC(9) Concurrent Mark Cycle
[2023-05-10T05:45:24.591+0000][10.978s] GC(9) Concurrent Clear Claimed Marks
[2023-05-10T05:45:24.593+0000][10.980s] GC(9) Concurrent Clear Claimed Marks 2.048ms
[2023-05-10T05:45:24.595+0000][10.981s] GC(9) Concurrent Scan Root Regions
[2023-05-10T05:45:24.599+0000][10.986s] GC(9) Concurrent Scan Root Regions 4.178ms
[2023-05-10T05:45:24.601+0000][10.987s] GC(9) Concurrent Mark
[2023-05-10T05:45:24.603+0000][10.989s] GC(9) Concurrent Mark From Roots
[2023-05-10T05:45:24.605+0000][10.992s] GC(9) Using 1 workers of 1 for marking
[2023-05-10T05:45:24.842+0000][11.228s] GC(9) Concurrent Mark From Roots 238.687ms
[2023-05-10T05:45:24.844+0000][11.230s] GC(9) Concurrent Preclean
[2023-05-10T05:45:24.846+0000][11.232s] GC(9) Concurrent Preclean 2.065ms
[2023-05-10T05:45:24.852+0000][11.238s] GC(9) Pause Remark
[2023-05-10T05:45:24.865+0000][11.252s] GC(9) Pause Remark 32M->32M(512M) 13.536ms
[2023-05-10T05:45:24.870+0000][11.256s] GC(9) User=0.01s Sys=0.00s Real=0.02s
[2023-05-10T05:45:24.873+0000][11.259s] GC(9) Concurrent Mark 271.978ms
[2023-05-10T05:45:24.874+0000][11.261s] GC(9) Concurrent Rebuild Remembered Sets
[2023-05-10T05:45:24.939+0000][11.326s] GC(9) Concurrent Rebuild Remembered Sets 65.311ms
[2023-05-10T05:45:24.942+0000][11.328s] GC(9) Pause Cleanup
[2023-05-10T05:45:24.943+0000][11.330s] GC(9) Pause Cleanup 33M->33M(512M) 1.662ms
[2023-05-10T05:45:24.945+0000][11.331s] GC(9) User=0.00s Sys=0.00s Real=0.01s
[2023-05-10T05:45:24.946+0000][11.332s] GC(9) Concurrent Cleanup for Next Mark
[2023-05-10T05:45:24.950+0000][11.336s] GC(9) Concurrent Cleanup for Next Mark 4.026ms
[2023-05-10T05:45:24.951+0000][11.338s] GC(9) Concurrent Mark Cycle 364.570ms
[2023-05-10T05:45:58.337+0000][44.725s] Heap
[2023-05-10T05:45:58.340+0000][44.727s]  garbage-first heap   total 524288K, used 189234K [0x00000000e0000000, 0x0000000100000000)
[2023-05-10T05:45:58.342+0000][44.729s]   region size 1024K, 157 young (160768K), 1 survivors (1024K)
[2023-05-10T05:45:58.343+0000][44.731s]  Metaspace       used 52523K, committed 52992K, reserved 1114112K
[2023-05-10T05:45:58.345+0000][44.732s]   class space    used 6756K, committed 6976K, reserved 1048576K
